Archive member included to satisfy reference by file (symbol)

g:/arm/10 2021.10/bin/../lib/gcc/arm-none-eabi/10.3.1/../../../../arm-none-eabi/lib/thumb/v7e-m+fp/hard\libc_nano.a(lib_a-errno.o)
                              build/sysmem.o (__errno)
g:/arm/10 2021.10/bin/../lib/gcc/arm-none-eabi/10.3.1/../../../../arm-none-eabi/lib/thumb/v7e-m+fp/hard\libc_nano.a(lib_a-exit.o)
                              g:/arm/10 2021.10/bin/../lib/gcc/arm-none-eabi/10.3.1/../../../../arm-none-eabi/lib/thumb/v7e-m+fp/hard/crt0.o (exit)
g:/arm/10 2021.10/bin/../lib/gcc/arm-none-eabi/10.3.1/../../../../arm-none-eabi/lib/thumb/v7e-m+fp/hard\libc_nano.a(lib_a-impure.o)
                              g:/arm/10 2021.10/bin/../lib/gcc/arm-none-eabi/10.3.1/../../../../arm-none-eabi/lib/thumb/v7e-m+fp/hard\libc_nano.a(lib_a-exit.o) (_global_impure_ptr)
g:/arm/10 2021.10/bin/../lib/gcc/arm-none-eabi/10.3.1/../../../../arm-none-eabi/lib/thumb/v7e-m+fp/hard\libc_nano.a(lib_a-init.o)
                              g:/arm/10 2021.10/bin/../lib/gcc/arm-none-eabi/10.3.1/../../../../arm-none-eabi/lib/thumb/v7e-m+fp/hard/crt0.o (__libc_init_array)
g:/arm/10 2021.10/bin/../lib/gcc/arm-none-eabi/10.3.1/../../../../arm-none-eabi/lib/thumb/v7e-m+fp/hard\libc_nano.a(lib_a-memcmp.o)
                              build/osal.o (memcmp)
g:/arm/10 2021.10/bin/../lib/gcc/arm-none-eabi/10.3.1/../../../../arm-none-eabi/lib/thumb/v7e-m+fp/hard\libc_nano.a(lib_a-memcpy-stub.o)
                              build/main.o (memcpy)
g:/arm/10 2021.10/bin/../lib/gcc/arm-none-eabi/10.3.1/../../../../arm-none-eabi/lib/thumb/v7e-m+fp/hard\libc_nano.a(lib_a-memset.o)
                              g:/arm/10 2021.10/bin/../lib/gcc/arm-none-eabi/10.3.1/../../../../arm-none-eabi/lib/thumb/v7e-m+fp/hard/crt0.o (memset)
g:/arm/10 2021.10/bin/../lib/gcc/arm-none-eabi/10.3.1/../../../../arm-none-eabi/lib/thumb/v7e-m+fp/hard\libc_nano.a(lib_a-printf.o)
                              build/dbg_trace.o (printf)
g:/arm/10 2021.10/bin/../lib/gcc/arm-none-eabi/10.3.1/../../../../arm-none-eabi/lib/thumb/v7e-m+fp/hard\libc_nano.a(lib_a-sprintf.o)
                              build/main.o (sprintf)
g:/arm/10 2021.10/bin/../lib/gcc/arm-none-eabi/10.3.1/../../../../arm-none-eabi/lib/thumb/v7e-m+fp/hard\libc_nano.a(lib_a-strrchr.o)
                              build/dbg_trace.o (strrchr)
g:/arm/10 2021.10/bin/../lib/gcc/arm-none-eabi/10.3.1/../../../../arm-none-eabi/lib/thumb/v7e-m+fp/hard\libc_nano.a(lib_a-vprintf.o)
                              build/dbg_trace.o (vprintf)
g:/arm/10 2021.10/bin/../lib/gcc/arm-none-eabi/10.3.1/../../../../arm-none-eabi/lib/thumb/v7e-m+fp/hard\libc_nano.a(lib_a-findfp.o)
                              g:/arm/10 2021.10/bin/../lib/gcc/arm-none-eabi/10.3.1/../../../../arm-none-eabi/lib/thumb/v7e-m+fp/hard\libc_nano.a(lib_a-printf.o) (__sinit)
g:/arm/10 2021.10/bin/../lib/gcc/arm-none-eabi/10.3.1/../../../../arm-none-eabi/lib/thumb/v7e-m+fp/hard\libc_nano.a(lib_a-fwalk.o)
                              g:/arm/10 2021.10/bin/../lib/gcc/arm-none-eabi/10.3.1/../../../../arm-none-eabi/lib/thumb/v7e-m+fp/hard\libc_nano.a(lib_a-findfp.o) (_fwalk)
g:/arm/10 2021.10/bin/../lib/gcc/arm-none-eabi/10.3.1/../../../../arm-none-eabi/lib/thumb/v7e-m+fp/hard\libc_nano.a(lib_a-lock.o)
                              g:/arm/10 2021.10/bin/../lib/gcc/arm-none-eabi/10.3.1/../../../../arm-none-eabi/lib/thumb/v7e-m+fp/hard\libc_nano.a(lib_a-findfp.o) (__retarget_lock_init_recursive)
g:/arm/10 2021.10/bin/../lib/gcc/arm-none-eabi/10.3.1/../../../../arm-none-eabi/lib/thumb/v7e-m+fp/hard\libc_nano.a(lib_a-nano-mallocr.o)
                              g:/arm/10 2021.10/bin/../lib/gcc/arm-none-eabi/10.3.1/../../../../arm-none-eabi/lib/thumb/v7e-m+fp/hard\libc_nano.a(lib_a-findfp.o) (_malloc_r)
g:/arm/10 2021.10/bin/../lib/gcc/arm-none-eabi/10.3.1/../../../../arm-none-eabi/lib/thumb/v7e-m+fp/hard\libc_nano.a(lib_a-nano-svfprintf.o)
                              g:/arm/10 2021.10/bin/../lib/gcc/arm-none-eabi/10.3.1/../../../../arm-none-eabi/lib/thumb/v7e-m+fp/hard\libc_nano.a(lib_a-sprintf.o) (_svfprintf_r)
g:/arm/10 2021.10/bin/../lib/gcc/arm-none-eabi/10.3.1/../../../../arm-none-eabi/lib/thumb/v7e-m+fp/hard\libc_nano.a(lib_a-nano-vfprintf.o)
                              g:/arm/10 2021.10/bin/../lib/gcc/arm-none-eabi/10.3.1/../../../../arm-none-eabi/lib/thumb/v7e-m+fp/hard\libc_nano.a(lib_a-printf.o) (_vfprintf_r)
g:/arm/10 2021.10/bin/../lib/gcc/arm-none-eabi/10.3.1/../../../../arm-none-eabi/lib/thumb/v7e-m+fp/hard\libc_nano.a(lib_a-nano-vfprintf_i.o)
                              g:/arm/10 2021.10/bin/../lib/gcc/arm-none-eabi/10.3.1/../../../../arm-none-eabi/lib/thumb/v7e-m+fp/hard\libc_nano.a(lib_a-nano-svfprintf.o) (_printf_i)
g:/arm/10 2021.10/bin/../lib/gcc/arm-none-eabi/10.3.1/../../../../arm-none-eabi/lib/thumb/v7e-m+fp/hard\libc_nano.a(lib_a-sbrkr.o)
[...]
Memory Configuration

Name             Origin             Length             Attributes
FLASH            0x08000000         0x00080000         xr
RAM1             0x20000008         0x0002fff8         xrw
RAM_SHARED       0x20030000         0x00002800         xrw
*default*        0x00000000         0xffffffff

Linker script and memory map

LOAD g:/arm/10 2021.10/bin/../lib/gcc/arm-none-eabi/10.3.1/thumb/v7e-m+fp/hard/crti.o
LOAD g:/arm/10 2021.10/bin/../lib/gcc/arm-none-eabi/10.3.1/thumb/v7e-m+fp/hard/crtbegin.o
LOAD g:/arm/10 2021.10/bin/../lib/gcc/arm-none-eabi/10.3.1/../../../../arm-none-eabi/lib/thumb/v7e-m+fp/hard/crt0.o
LOAD build/sht41.o
LOAD build/main.o
LOAD build/gpio.o
LOAD build/ipcc.o
LOAD build/rf.o
LOAD build/rtc.o
LOAD build/app_entry.o
LOAD build/app_debug.o
LOAD build/hw_timerserver.o
LOAD build/stm32_lpm_if.o
LOAD build/stm32wbxx_it.o
LOAD build/stm32wbxx_hal_msp.o
LOAD build/app_ble.o
LOAD build/p2p_server_app.o
LOAD build/hw_ipcc.o
LOAD build/stm32wbxx_hal_rcc.o
LOAD build/stm32wbxx_ll_rcc.o
LOAD build/stm32wbxx_hal_rcc_ex.o
LOAD build/stm32wbxx_hal_flash.o
LOAD build/stm32wbxx_hal_flash_ex.o
LOAD build/stm32wbxx_hal_gpio.o
LOAD build/stm32wbxx_hal_hsem.o
LOAD build/stm32wbxx_hal_dma.o
LOAD build/stm32wbxx_hal_dma_ex.o
LOAD build/stm32wbxx_hal_pwr.o
LOAD build/stm32wbxx_hal_pwr_ex.o
LOAD build/stm32wbxx_hal_cortex.o
LOAD build/stm32wbxx_hal.o
LOAD build/stm32wbxx_hal_exti.o
LOAD build/stm32wbxx_hal_ipcc.o
LOAD build/stm32wbxx_hal_rtc.o
LOAD build/stm32wbxx_hal_rtc_ex.o
LOAD build/stm32wbxx_hal_tim.o
LOAD build/stm32wbxx_hal_tim_ex.o
LOAD build/system_stm32wbxx.o
LOAD build/tl_mbox.o
LOAD build/shci.o
LOAD build/dbg_trace.o
LOAD build/otp.o
LOAD build/stm_list.o
LOAD build/stm_queue.o
LOAD build/osal.o
LOAD build/ble_gap_aci.o
LOAD build/ble_gatt_aci.o
LOAD build/ble_hal_aci.o
LOAD build/ble_hci_le.o
LOAD build/ble_l2cap_aci.o
LOAD build/p2p_stm.o
LOAD build/hci_tl.o
LOAD build/hci_tl_if.o
LOAD build/shci_tl.o
LOAD build/shci_tl_if.o
LOAD build/svc_ctl.o
LOAD build/stm32_lpm.o
LOAD build/stm32_seq.o
LOAD build/sysmem.o
LOAD build/syscalls.o
LOAD build/i2c.o
LOAD build/stm32wbxx_hal_i2c.o
LOAD build/stm32wbxx_hal_i2c_ex.o
LOAD build/startup_stm32wb55xx_cm4.o
LOAD g:/arm/10 2021.10/bin/../lib/gcc/arm-none-eabi/10.3.1/../../../../arm-none-eabi/lib/thumb/v7e-m+fp/hard\libc_nano.a
LOAD g:/arm/10 2021.10/bin/../lib/gcc/arm-none-eabi/10.3.1/../../../../arm-none-eabi/lib/thumb/v7e-m+fp/hard\libm.a
LOAD g:/arm/10 2021.10/bin/../lib/gcc/arm-none-eabi/10.3.1/../../../../arm-none-eabi/lib/thumb/v7e-m+fp/hard\libnosys.a
START GROUP
LOAD g:/arm/10 2021.10/bin/../lib/gcc/arm-none-eabi/10.3.1/thumb/v7e-m+fp/hard\libgcc.a
LOAD g:/arm/10 2021.10/bin/../lib/gcc/arm-none-eabi/10.3.1/../../../../arm-none-eabi/lib/thumb/v7e-m+fp/hard\libc_nano.a
END GROUP
START GROUP
LOAD g:/arm/10 2021.10/bin/../lib/gcc/arm-none-eabi/10.3.1/thumb/v7e-m+fp/hard\libgcc.a
LOAD g:/arm/10 2021.10/bin/../lib/gcc/arm-none-eabi/10.3.1/../../../../arm-none-eabi/lib/thumb/v7e-m+fp/hard\libc_nano.a
END GROUP
LOAD g:/arm/10 2021.10/bin/../lib/gcc/arm-none-eabi/10.3.1/thumb/v7e-m+fp/hard/crtend.o
LOAD g:/arm/10 2021.10/bin/../lib/gcc/arm-none-eabi/10.3.1/thumb/v7e-m+fp/hard/crtn.o
                0x20030000                _estack = 0x20030000
                0x00000400                _Min_Heap_Size = 0x400
                0x00001000                _Min_Stack_Size = 0x1000

.isr_vector     0x08000000      0x13c
                0x08000000                . = ALIGN (0x4)
 *(.isr_vector)
 .isr_vector    0x08000000      0x13c build/startup_stm32wb55xx_cm4.o
                0x08000000                g_pfnVectors
                0x0800013c                . = ALIGN (0x4)

.text           0x08000140     0x63dc
                0x08000140                . = ALIGN (0x4)
 *(.text)
 .text          0x08000140       0x40 g:/arm/10 2021.10/bin/../lib/gcc/arm-none-eabi/10.3.1/thumb/v7e-m+fp/hard/crtbegin.o
 .text          0x08000180       0xa0 g:/arm/10 2021.10/bin/../lib/gcc/arm-none-eabi/10.3.1/../../../../arm-none-eabi/lib/thumb/v7e-m+fp/hard\libc_nano.a(lib_a-memchr.o)
                0x08000180                memchr
 *(.text*)
 .text.SHT41_Crc8
                0x08000220       0x34 build/sht41.o
 .text.SHT41_Reset
                0x08000254       0x2c build/sht41.o
                0x08000254                SHT41_Reset
 .text.SHT41_Init
                0x08000280        0x8 build/sht41.o
                0x08000280                SHT41_Init
 .text.SHT41_ReadRaw
                0x08000288       0x8e build/sht41.o
                0x08000288                SHT41_ReadRaw
 *fill*         0x08000316        0x2 
 .text.SHT41_ConvertTemperature
                0x08000318       0x30 build/sht41.o
                0x08000318                SHT41_ConvertTemperature
 .text.SHT41_ConvertHumidity
                0x08000348       0x2c build/sht41.o
                0x08000348                SHT41_ConvertHumidity
 .text.SHT41_Read
                0x08000374       0x38 build/sht41.o
                0x08000374                SHT41_Read
 .text.APP_SaveDeviceName
                0x080003ac       0x5a build/main.o
                0x080003ac                APP_SaveDeviceName
 .text.Error_Handler
                0x08000406        0x4 build/main.o
                0x08000406                Error_Handler
 .text.SystemClock_Config
                0x0800040a       0xbe build/main.o
                0x0800040a                SystemClock_Config
 .text.PeriphCommonClock_Config
                0x080004c8       0x34 build/main.o
                0x080004c8                PeriphCommonClock_Config
 .text.main     0x080004fc      0x230 build/main.o
                0x080004fc                main
 .text.MX_GPIO_Init
                0x0800072c       0x74 build/gpio.o
                0x0800072c                MX_GPIO_Init
 .text.MX_IPCC_Init
                0x080007a0       0x20 build/ipcc.o
                0x080007a0                MX_IPCC_Init
 .text.HAL_IPCC_MspInit
                0x080007c0       0x50 build/ipcc.o
                0x080007c0                HAL_IPCC_MspInit
 .text.MX_RF_Init
                0x08000810        0x2 build/rf.o
                0x08000810                MX_RF_Init
 *fill*         0x08000812        0x2 
 .text.MX_RTC_Init
                0x08000814       0xa8 build/rtc.o
                0x08000814                MX_RTC_Init
 .text.HAL_RTC_MspInit
                0x080008bc       0x70 build/rtc.o
                0x080008bc                HAL_RTC_MspInit
 .text.Init_Rtc
                0x0800092c       0x1c build/app_entry.o
 .text.APPE_SysStatusNot
                0x08000948        0x2 build/app_entry.o
 *fill*         0x0800094a        0x2 
 .text.Config_HSE
                0x0800094c       0x2c build/app_entry.o
 .text.SystemPower_Config
                0x08000978       0x2c build/app_entry.o
 .text.appe_Tl_Init
                0x080009a4       0x58 build/app_entry.o
 .text.APPE_SysEvtReadyProcessing
                0x080009fc       0x60 build/app_entry.o
 .text.APPE_SysUserEvtRx
                0x08000a5c       0x24 build/app_entry.o
 .text.MX_APPE_Config
                0x08000a80       0x14 build/app_entry.o
                0x08000a80                MX_APPE_Config
 .text.Init_Exti
                0x08000a94       0x14 build/app_entry.o
                0x08000a94                Init_Exti
 .text.System_Init
                0x08000aa8        0xc build/app_entry.o
 .text.MX_APPE_Init
                0x08000ab4       0x20 build/app_entry.o
                0x08000ab4                MX_APPE_Init
 .text.HAL_Delay
                0x08000ad4       0x34 build/app_entry.o
                0x08000ad4                HAL_Delay
 .text.MX_APPE_Process
                0x08000b08        0xc build/app_entry.o
                0x08000b08                MX_APPE_Process
 .text.UTIL_SEQ_Idle
                0x08000b14        0x8 build/app_entry.o
                0x08000b14                UTIL_SEQ_Idle
 .text.UTIL_SEQ_EvtIdle
                0x08000b1c        0xc build/app_entry.o
                0x08000b1c                UTIL_SEQ_EvtIdle
 .text.shci_notify_asynch_evt
                0x08000b28        0xc build/app_entry.o
                0x08000b28                shci_notify_asynch_evt
 .text.shci_cmd_resp_release
                0x08000b34        0xa build/app_entry.o
                0x08000b34                shci_cmd_resp_release
 .text.shci_cmd_resp_wait
                0x08000b3e        0xa build/app_entry.o
                0x08000b3e                shci_cmd_resp_wait
 .text.APPD_SetCPU2GpioConfig
                0x08000b48      0x15c build/app_debug.o
 .text.APPD_Init
                0x08000ca4       0x24 build/app_debug.o
                0x08000ca4                APPD_Init
 .text.APPD_EnableCPU2
                0x08000cc8       0x34 build/app_debug.o
                0x08000cc8                APPD_EnableCPU2
 .text.ReadRtcSsrValue
                0x08000cfc       0x20 build/hw_timerserver.o
 .text.LinkTimerAfter
                0x08000d1c       0x48 build/hw_timerserver.o
 .text.LinkTimerBefore
                0x08000d64       0x68 build/hw_timerserver.o
 .text.UnlinkTimer
                0x08000dcc       0xa0 build/hw_timerserver.o
 .text.ReturnTimeElapsed
                0x08000e6c       0x54 build/hw_timerserver.o
 .text.linkTimer
                0x08000ec0       0xdc build/hw_timerserver.o
 .text.RestartWakeupCounter
                0x08000f9c       0x88 build/hw_timerserver.o
 .text.RescheduleTimerList
                0x08001024       0xd8 build/hw_timerserver.o
 .text.HW_TS_Init
                0x080010fc      0x150 build/hw_timerserver.o
                0x080010fc                HW_TS_Init
 .text.HW_TS_Create
                0x0800124c       0x70 build/hw_timerserver.o
                0x0800124c                HW_TS_Create
 .text.HW_TS_Stop
                0x080012bc       0xc0 build/hw_timerserver.o
                0x080012bc                HW_TS_Stop
 .text.HW_TS_Start
                0x0800137c       0xa0 build/hw_timerserver.o
                0x0800137c                HW_TS_Start
 .text.HW_TS_RTC_Int_AppNot
                0x0800141c        0x6 build/hw_timerserver.o
                0x0800141c                HW_TS_RTC_Int_AppNot
 *fill*         0x08001422        0x2 
 .text.HW_TS_RTC_Wakeup_Handler
                0x08001424       0xe4 build/hw_timerserver.o
                0x08001424                HW_TS_RTC_Wakeup_Handler
 .text.Switch_On_HSI
                0x08001508       0x40 build/stm32_lpm_if.o
 .text.EnterLowPower
                0x08001548       0x74 build/stm32_lpm_if.o
 .text.PWR_EnterOffMode
                0x080015bc       0x34 build/stm32_lpm_if.o
                0x080015bc                PWR_EnterOffMode
 .text.PWR_EnterStopMode
                0x080015f0       0x30 build/stm32_lpm_if.o
                0x080015f0                PWR_EnterStopMode
 .text.PWR_EnterSleepMode
                0x08001620       0x18 build/stm32_lpm_if.o
                0x08001620                PWR_EnterSleepMode
 .text.PWR_ExitOffMode
                0x08001638        0x8 build/stm32_lpm_if.o
                0x08001638                PWR_ExitOffMode
 .text.PWR_ExitSleepMode
                0x08001640        0x8 build/stm32_lpm_if.o
                0x08001640                PWR_ExitSleepMode
 .text.ExitLowPower
                0x08001648       0xbc build/stm32_lpm_if.o
 .text.PWR_ExitStopMode
                0x08001704        0xc build/stm32_lpm_if.o
                0x08001704                PWR_ExitStopMode
 .text.NMI_Handler
                0x08001710        0x2 build/stm32wbxx_it.o
                0x08001710                NMI_Handler
 .text.HardFault_Handler
                0x08001712        0x2 build/stm32wbxx_it.o
                0x08001712                HardFault_Handler
 .text.MemManage_Handler
                0x08001714        0x2 build/stm32wbxx_it.o
                0x08001714                MemManage_Handler
 .text.BusFault_Handler
                0x08001716        0x2 build/stm32wbxx_it.o
                0x08001716                BusFault_Handler
 .text.UsageFault_Handler
                0x08001718        0x2 build/stm32wbxx_it.o
                0x08001718                UsageFault_Handler
 .text.SVC_Handler
                0x0800171a        0x2 build/stm32wbxx_it.o
                0x0800171a                SVC_Handler
 .text.DebugMon_Handler
                0x0800171c        0x2 build/stm32wbxx_it.o
                0x0800171c                DebugMon_Handler
 .text.PendSV_Handler
                0x0800171e        0x2 build/stm32wbxx_it.o
                0x0800171e                PendSV_Handler
 .text.SysTick_Handler
                0x08001720        0x8 build/stm32wbxx_it.o
                0x08001720                SysTick_Handler
 .text.RTC_WKUP_IRQHandler
                0x08001728        0x8 build/stm32wbxx_it.o
                0x08001728                RTC_WKUP_IRQHandler
 .text.IPCC_C1_RX_IRQHandler
                0x08001730        0x8 build/stm32wbxx_it.o
                0x08001730                IPCC_C1_RX_IRQHandler
 .text.IPCC_C1_TX_IRQHandler
                0x08001738        0x8 build/stm32wbxx_it.o
                0x08001738                IPCC_C1_TX_IRQHandler
 .text.HSEM_IRQHandler
                0x08001740        0x8 build/stm32wbxx_it.o
                0x08001740                HSEM_IRQHandler
 .text.HAL_MspInit
                0x08001748       0x30 build/stm32wbxx_hal_msp.o
                0x08001748                HAL_MspInit
 .text.Switch_OFF_GPIO
                0x08001778        0x2 build/app_ble.o
 .text.Adv_Cancel_Req
                0x0800177a        0xc build/app_ble.o
 *fill*         0x08001786        0x2 
 .text.Adv_Cancel
                0x08001788       0x20 build/app_ble.o
 .text.Ble_Tl_Init
                0x080017a8       0x28 build/app_ble.o
 .text.BLE_UserEvtRx
                0x080017d0       0x1a build/app_ble.o
 .text.BLE_StatusNot
                0x080017ea       0x1a build/app_ble.o
 .text.BleGetBdAddress
                0x08001804       0x4c build/app_ble.o
 .text.Ble_Hci_Gap_Gatt_Init
                0x08001850       0xfc build/app_ble.o
 .text.Adv_Request
                0x0800194c       0xa0 build/app_ble.o
 .text.APP_BLE_Init
                0x080019ec       0xcc build/app_ble.o
                0x080019ec                APP_BLE_Init
 .text.SVCCTL_App_Notification
                0x08001ab8      0x10c build/app_ble.o
                0x08001ab8                SVCCTL_App_Notification
 .text.APP_BLE_RenameDevice
                0x08001bc4       0x3c build/app_ble.o
                0x08001bc4                APP_BLE_RenameDevice
 .text.hci_notify_asynch_evt
                0x08001c00        0xc build/app_ble.o
                0x08001c00                hci_notify_asynch_evt
 .text.hci_cmd_resp_release
                0x08001c0c        0xa build/app_ble.o
                0x08001c0c                hci_cmd_resp_release
 .text.hci_cmd_resp_wait
                0x08001c16        0xa build/app_ble.o
                0x08001c16                hci_cmd_resp_wait
 .text.P2PS_STM_App_Notification
                0x08001c20       0x54 build/p2p_server_app.o
                0x08001c20                P2PS_STM_App_Notification
 .text.P2PS_APP_Notification
                0x08001c74        0x2 build/p2p_server_app.o
                0x08001c74                P2PS_APP_Notification
 .text.P2PS_APP_Init
                0x08001c76        0x2 build/p2p_server_app.o
                0x08001c76                P2PS_APP_Init
 .text.HW_IPCC_MM_FreeBufHandler
                0x08001c78       0x24 build/hw_ipcc.o
 .text.HW_IPCC_Enable
                0x08001c9c       0x50 build/hw_ipcc.o
                0x08001c9c                HW_IPCC_Enable
 .text.HW_IPCC_Init
                0x08001cec       0x44 build/hw_ipcc.o
                0x08001cec                HW_IPCC_Init
 .text.HW_IPCC_BLE_Init
                0x08001d30       0x10 build/hw_ipcc.o
                0x08001d30                HW_IPCC_BLE_Init
 .text.HW_IPCC_BLE_SendCmd
                0x08001d40       0x10 build/hw_ipcc.o
                0x08001d40                HW_IPCC_BLE_SendCmd
 .text.HW_IPCC_BLE_AclDataEvtHandler
                0x08001d50       0x18 build/hw_ipcc.o
 .text.HW_IPCC_BLE_EvtHandler
                0x08001d68       0x14 build/hw_ipcc.o
 .text.HW_IPCC_SYS_Init
                0x08001d7c       0x10 build/hw_ipcc.o
                0x08001d7c                HW_IPCC_SYS_Init
 .text.HW_IPCC_SYS_SendCmd
                0x08001d8c       0x18 build/hw_ipcc.o
                0x08001d8c                HW_IPCC_SYS_SendCmd
 .text.HW_IPCC_SYS_CmdEvtHandler
                0x08001da4       0x18 build/hw_ipcc.o
 .text.HW_IPCC_Tx_Handler
                0x08001dbc       0x58 build/hw_ipcc.o
                0x08001dbc                HW_IPCC_Tx_Handler
 .text.HW_IPCC_SYS_EvtHandler
                0x08001e14       0x14 build/hw_ipcc.o
 .text.HW_IPCC_MM_SendFreeBuf
                0x08001e28       0x30 build/hw_ipcc.o
                0x08001e28                HW_IPCC_MM_SendFreeBuf
 .text.HW_IPCC_TRACES_Init
                0x08001e58       0x10 build/hw_ipcc.o
                0x08001e58                HW_IPCC_TRACES_Init
 .text.HW_IPCC_TRACES_EvtHandler
                0x08001e68       0x14 build/hw_ipcc.o
 .text.HW_IPCC_Rx_Handler
                0x08001e7c       0x58 build/hw_ipcc.o
                0x08001e7c                HW_IPCC_Rx_Handler
 .text.RCC_SetFlashLatency
                0x08001ed4       0xc0 build/stm32wbxx_hal_rcc.o
 .text.RCC_SetFlashLatencyFromMSIRange
                0x08001f94       0x4c build/stm32wbxx_hal_rcc.o
 .text.HAL_RCC_GetSysClockFreq
                0x08001fe0       0xc0 build/stm32wbxx_hal_rcc.o
                0x08001fe0                HAL_RCC_GetSysClockFreq
 .text.HAL_RCC_GetHCLKFreq
                0x080020a0       0x20 build/stm32wbxx_hal_rcc.o
                0x080020a0                HAL_RCC_GetHCLKFreq
 .text.HAL_RCC_OscConfig
                0x080020c0      0x718 build/stm32wbxx_hal_rcc.o
                0x080020c0                HAL_RCC_OscConfig
 .text.HAL_RCC_ClockConfig
                0x080027d8      0x264 build/stm32wbxx_hal_rcc.o
                0x080027d8                HAL_RCC_ClockConfig
 .text.RCCEx_PLLSAI1_ConfigNP
                0x08002a3c       0x8e build/stm32wbxx_hal_rcc_ex.o
 .text.RCCEx_PLLSAI1_ConfigNQ
                0x08002aca       0x8e build/stm32wbxx_hal_rcc_ex.o
 .text.RCCEx_PLLSAI1_ConfigNR
                0x08002b58       0x8e build/stm32wbxx_hal_rcc_ex.o
 .text.HAL_RCCEx_PeriphCLKConfig
                0x08002be6      0x326 build/stm32wbxx_hal_rcc_ex.o
                0x08002be6                HAL_RCCEx_PeriphCLKConfig
 .text.FLASH_Program_DoubleWord
                0x08002f0c       0x20 build/stm32wbxx_hal_flash.o
 .text.HAL_FLASH_Unlock
                0x08002f2c       0x30 build/stm32wbxx_hal_flash.o
                0x08002f2c                HAL_FLASH_Unlock
 .text.HAL_FLASH_Lock
                0x08002f5c       0x1c build/stm32wbxx_hal_flash.o
                0x08002f5c                HAL_FLASH_Lock
 .text.FLASH_WaitForLastOperation
                0x08002f78       0x80 build/stm32wbxx_hal_flash.o
                0x08002f78                FLASH_WaitForLastOperation
 .text.HAL_FLASH_Program
                0x08002ff8       0x64 build/stm32wbxx_hal_flash.o
                0x08002ff8                HAL_FLASH_Program
 .text.FLASH_FlushCaches
                0x0800305c       0x60 build/stm32wbxx_hal_flash_ex.o
 .text.FLASH_AcknowledgePageErase
                0x080030bc       0x14 build/stm32wbxx_hal_flash_ex.o
 .text.FLASH_PageErase
                0x080030d0       0x1c build/stm32wbxx_hal_flash_ex.o
                0x080030d0                FLASH_PageErase
 .text.HAL_FLASHEx_Erase
                0x080030ec       0x74 build/stm32wbxx_hal_flash_ex.o
                0x080030ec                HAL_FLASHEx_Erase
 .text.HAL_GPIO_Init
                0x08003160      0x1b4 build/stm32wbxx_hal_gpio.o
                0x08003160                HAL_GPIO_Init
 .text.HAL_GPIO_WritePin
                0x08003314        0xa build/stm32wbxx_hal_gpio.o
                0x08003314                HAL_GPIO_WritePin
 .text.HAL_HSEM_FreeCallback
                0x0800331e        0x2 build/stm32wbxx_hal_hsem.o
                0x0800331e                HAL_HSEM_FreeCallback
 .text.HAL_HSEM_IRQHandler
                0x08003320       0x1c build/stm32wbxx_hal_hsem.o
                0x08003320                HAL_HSEM_IRQHandler
 .text.HAL_PWR_EnableBkUpAccess
                0x0800333c       0x10 build/stm32wbxx_hal_pwr.o
                0x0800333c                HAL_PWR_EnableBkUpAccess
 .text.HAL_PWREx_GetVoltageRange
                0x0800334c       0x10 build/stm32wbxx_hal_pwr_ex.o
                0x0800334c                HAL_PWREx_GetVoltageRange
 .text.HAL_NVIC_SetPriorityGrouping
                0x0800335c       0x24 build/stm32wbxx_hal_cortex.o
                0x0800335c                HAL_NVIC_SetPriorityGrouping
 .text.HAL_NVIC_SetPriority
                0x08003380       0x70 build/stm32wbxx_hal_cortex.o
                0x08003380                HAL_NVIC_SetPriority
 .text.HAL_NVIC_EnableIRQ
                0x080033f0       0x1c build/stm32wbxx_hal_cortex.o
                0x080033f0                HAL_NVIC_EnableIRQ
 .text.HAL_NVIC_DisableIRQ
                0x0800340c       0x24 build/stm32wbxx_hal_cortex.o
                0x0800340c                HAL_NVIC_DisableIRQ
 .text.HAL_SYSTICK_Config
                0x08003430       0x28 build/stm32wbxx_hal_cortex.o
                0x08003430                HAL_SYSTICK_Config
 .text.HAL_NVIC_SetPendingIRQ
                0x08003458       0x1c build/stm32wbxx_hal_cortex.o
                0x08003458                HAL_NVIC_SetPendingIRQ
 .text.HAL_NVIC_ClearPendingIRQ
                0x08003474       0x1c build/stm32wbxx_hal_cortex.o
                0x08003474                HAL_NVIC_ClearPendingIRQ
 .text.HAL_InitTick
                0x08003490       0x50 build/stm32wbxx_hal.o
                0x08003490                HAL_InitTick
 .text.HAL_Init
                0x080034e0       0x2c build/stm32wbxx_hal.o
                0x080034e0                HAL_Init
 .text.HAL_IncTick
                0x0800350c       0x18 build/stm32wbxx_hal.o
                0x0800350c                HAL_IncTick
 .text.HAL_GetTick
                0x08003524        0xc build/stm32wbxx_hal.o
                0x08003524                HAL_GetTick
 .text.HAL_GetTickPrio
                0x08003530        0xc build/stm32wbxx_hal.o
                0x08003530                HAL_GetTickPrio
 .text.HAL_GetTickFreq
                0x0800353c        0xc build/stm32wbxx_hal.o
                0x0800353c                HAL_GetTickFreq
 .text.HAL_SuspendTick
                0x08003548        0xe build/stm32wbxx_hal.o
                0x08003548                HAL_SuspendTick
 .text.HAL_ResumeTick
                0x08003556        0xe build/stm32wbxx_hal.o
                0x08003556                HAL_ResumeTick
 .text.HAL_DBGMCU_EnableDBGSleepMode
                0x08003564       0x10 build/stm32wbxx_hal.o
                0x08003564                HAL_DBGMCU_EnableDBGSleepMode
 .text.HAL_DBGMCU_EnableDBGStopMode
                0x08003574       0x10 build/stm32wbxx_hal.o
                0x08003574                HAL_DBGMCU_EnableDBGStopMode
 .text.HAL_IPCC_RxCallback
                0x08003584        0x2 build/stm32wbxx_hal_ipcc.o
                0x08003584                HAL_IPCC_RxCallback
 .text.HAL_IPCC_TxCallback
                0x08003586        0x2 build/stm32wbxx_hal_ipcc.o
                0x08003586                HAL_IPCC_TxCallback
 .text.IPCC_SetDefaultCallbacks
                0x08003588       0x28 build/stm32wbxx_hal_ipcc.o
                0x08003588                IPCC_SetDefaultCallbacks
 .text.IPCC_Reset_Register
                0x080035b0       0x10 build/stm32wbxx_hal_ipcc.o
                0x080035b0                IPCC_Reset_Register
 .text.HAL_IPCC_Init
                0x080035c0       0x3c build/stm32wbxx_hal_ipcc.o
                0x080035c0                HAL_IPCC_Init
 .text.HAL_RTC_WaitForSynchro
                0x080035fc       0x32 build/stm32wbxx_hal_rtc.o
                0x080035fc                HAL_RTC_WaitForSynchro
 .text.RTC_EnterInitMode
                0x0800362e       0x3c build/stm32wbxx_hal_rtc.o
                0x0800362e                RTC_EnterInitMode
 *fill*         0x0800366a        0x2 
 .text.HAL_RTC_Init
                0x0800366c       0xe4 build/stm32wbxx_hal_rtc.o
                0x0800366c                HAL_RTC_Init
 .text.RTC_ByteToBcd2
                0x08003750       0x16 build/stm32wbxx_hal_rtc.o
                0x08003750                RTC_ByteToBcd2
 .text.HAL_RTC_SetTime
                0x08003766      0x112 build/stm32wbxx_hal_rtc.o
                0x08003766                HAL_RTC_SetTime
 .text.HAL_RTC_SetDate
                0x08003878       0xec build/stm32wbxx_hal_rtc.o
                0x08003878                HAL_RTC_SetDate
 .text.RTC_Bcd2ToByte
                0x08003964       0x12 build/stm32wbxx_hal_rtc.o
                0x08003964                RTC_Bcd2ToByte
 .text.HAL_RTC_GetTime
                0x08003976       0x50 build/stm32wbxx_hal_rtc.o
                0x08003976                HAL_RTC_GetTime
 .text.HAL_RTC_GetDate
                0x080039c6       0x3c build/stm32wbxx_hal_rtc.o
                0x080039c6                HAL_RTC_GetDate
 *fill*         0x08003a02        0x2 
 .text.HAL_RTCEx_SetWakeUpTimer_IT
                0x08003a04      0x104 build/stm32wbxx_hal_rtc_ex.o
                0x08003a04                HAL_RTCEx_SetWakeUpTimer_IT
 .text.SystemInit
                0x08003b08       0x64 build/system_stm32wbxx.o
                0x08003b08                SystemInit
 .text.SystemCoreClockUpdate
                0x08003b6c       0xc4 build/system_stm32wbxx.o
                0x08003b6c                SystemCoreClockUpdate
 .text.SendFreeBuf
                0x08003c30       0x34 build/tl_mbox.o
 .text.TL_Enable
                0x08003c64        0x8 build/tl_mbox.o
                0x08003c64                TL_Enable
 .text.TL_Init  0x08003c6c       0x4c build/tl_mbox.o
                0x08003c6c                TL_Init
 .text.TL_BLE_Init
                0x08003cb8       0x48 build/tl_mbox.o
                0x08003cb8                TL_BLE_Init
 .text.TL_BLE_SendCmd
                0x08003d00       0x1c build/tl_mbox.o
                0x08003d00                TL_BLE_SendCmd
 .text.HW_IPCC_BLE_RxEvtNot
                0x08003d1c       0x30 build/tl_mbox.o
                0x08003d1c                HW_IPCC_BLE_RxEvtNot
 .text.HW_IPCC_BLE_AclDataAckNot
                0x08003d4c       0x10 build/tl_mbox.o
                0x08003d4c                HW_IPCC_BLE_AclDataAckNot
 .text.TL_SYS_Init
                0x08003d5c       0x3c build/tl_mbox.o
                0x08003d5c                TL_SYS_Init
 .text.TL_SYS_SendCmd
                0x08003d98       0x1c build/tl_mbox.o
                0x08003d98                TL_SYS_SendCmd
 .text.HW_IPCC_SYS_CmdEvtNot
                0x08003db4       0x1c build/tl_mbox.o
                0x08003db4                HW_IPCC_SYS_CmdEvtNot
 .text.HW_IPCC_SYS_EvtNot
                0x08003dd0       0x30 build/tl_mbox.o
                0x08003dd0                HW_IPCC_SYS_EvtNot
 .text.TL_MM_Init
                0x08003e00       0x48 build/tl_mbox.o
                0x08003e00                TL_MM_Init
 .text.TL_MM_EvtDone
                0x08003e48       0x1c build/tl_mbox.o
                0x08003e48                TL_MM_EvtDone
 .text.TL_TRACES_Init
                0x08003e64       0x20 build/tl_mbox.o
                0x08003e64                TL_TRACES_Init
 .text.TL_TRACES_EvtReceived
                0x08003e84        0x2 build/tl_mbox.o
                0x08003e84                TL_TRACES_EvtReceived
 *fill*         0x08003e86        0x2 
 .text.HW_IPCC_TRACES_EvtNot
                0x08003e88       0x28 build/tl_mbox.o
                0x08003e88                HW_IPCC_TRACES_EvtNot
 .text.SHCI_C2_BLE_Init
                0x08003eb0       0x1e build/shci.o
                0x08003eb0                SHCI_C2_BLE_Init
 .text.SHCI_C2_DEBUG_Init
                0x08003ece       0x1e build/shci.o
                0x08003ece                SHCI_C2_DEBUG_Init
 .text.SHCI_C2_Config
                0x08003eec       0x1c build/shci.o
                0x08003eec                SHCI_C2_Config
 .text.SHCI_GetWirelessFwInfo
                0x08003f08       0x90 build/shci.o
                0x08003f08                SHCI_GetWirelessFwInfo
 .text.OTP_Read
                0x08003f98       0x28 build/otp.o
                0x08003f98                OTP_Read
 .text.LST_init_head
                0x08003fc0        0x6 build/stm_list.o
                0x08003fc0                LST_init_head
 .text.LST_is_empty
                0x08003fc6       0x18 build/stm_list.o
                0x08003fc6                LST_is_empty
 .text.LST_insert_head
                0x08003fde       0x18 build/stm_list.o
                0x08003fde                LST_insert_head
 .text.LST_insert_tail
                0x08003ff6       0x18 build/stm_list.o
                0x08003ff6                LST_insert_tail
 .text.LST_remove_node
                0x0800400e       0x18 build/stm_list.o
                0x0800400e                LST_remove_node
 .text.LST_remove_head
                0x08004026       0x18 build/stm_list.o
                0x08004026                LST_remove_head
 .text.Osal_MemCpy
                0x0800403e        0x8 build/osal.o
                0x0800403e                Osal_MemCpy
 .text.Osal_MemSet
                0x08004046        0x8 build/osal.o
                0x08004046                Osal_MemSet
 .text.aci_gap_set_non_discoverable
                0x0800404e       0x42 build/ble_gap_aci.o
                0x0800404e                aci_gap_set_non_discoverable
 .text.aci_gap_set_discoverable
                0x08004090       0xb4 build/ble_gap_aci.o
                0x08004090                aci_gap_set_discoverable
 .text.aci_gap_set_io_capability
                0x08004144       0x4c build/ble_gap_aci.o
                0x08004144                aci_gap_set_io_capability
 .text.aci_gap_set_authentication_requirement
                0x08004190       0x80 build/ble_gap_aci.o
                0x08004190                aci_gap_set_authentication_requirement
 .text.aci_gap_init
                0x08004210       0x7e build/ble_gap_aci.o
                0x08004210                aci_gap_init
 .text.aci_gap_update_adv_data
                0x0800428e       0x5a build/ble_gap_aci.o
                0x0800428e                aci_gap_update_adv_data
 .text.aci_gap_configure_filter_accept_list
                0x080042e8       0x42 build/ble_gap_aci.o
                0x080042e8                aci_gap_configure_filter_accept_list
 .text.aci_gatt_init
                0x0800432a       0x44 build/ble_gatt_aci.o
                0x0800432a                aci_gatt_init
 .text.aci_gatt_add_service
                0x0800436e       0xa0 build/ble_gatt_aci.o
                0x0800436e                aci_gatt_add_service
 .text.aci_gatt_add_char
                0x0800440e       0xc0 build/ble_gatt_aci.o
                0x0800440e                aci_gatt_add_char
 .text.aci_gatt_update_char_value
                0x080044ce       0x6a build/ble_gatt_aci.o
                0x080044ce                aci_gatt_update_char_value
 .text.aci_gatt_exchange_config
                0x08004538       0x54 build/ble_gatt_aci.o
                0x08004538                aci_gatt_exchange_config
 .text.aci_gatt_confirm_indication
                0x0800458c       0x50 build/ble_gatt_aci.o
                0x0800458c                aci_gatt_confirm_indication
 .text.aci_hal_write_config_data
                0x080045dc       0x60 build/ble_hal_aci.o
                0x080045dc                aci_hal_write_config_data
 .text.aci_hal_set_tx_power_level
                0x0800463c       0x52 build/ble_hal_aci.o
                0x0800463c                aci_hal_set_tx_power_level
 .text.aci_hal_set_radio_activity_mask
                0x0800468e       0x4e build/ble_hal_aci.o
                0x0800468e                aci_hal_set_radio_activity_mask
 .text.hci_reset
                0x080046dc       0x40 build/ble_hci_le.o
                0x080046dc                hci_reset
 .text.hci_le_set_data_length
                0x0800471c       0x66 build/ble_hci_le.o
                0x0800471c                hci_le_set_data_length
 .text.hci_le_read_phy
                0x08004782       0x64 build/ble_hci_le.o
                0x08004782                hci_le_read_phy
 .text.hci_le_set_default_phy
                0x080047e6       0x56 build/ble_hci_le.o
                0x080047e6                hci_le_set_default_phy
 .text.PeerToPeer_Event_Handler
                0x0800483c       0x84 build/p2p_stm.o
 .text.P2PS_STM_Init
                0x080048c0      0x198 build/p2p_stm.o
                0x080048c0                P2PS_STM_Init
 .text.P2PS_STM_App_Update_Char
                0x08004a58       0x2c build/p2p_stm.o
                0x08004a58                P2PS_STM_App_Update_Char
 .text.NotifyCmdStatus
                0x08004a84       0x20 build/hci_tl.o
 .text.TlInit   0x08004aa4       0x40 build/hci_tl.o
 .text.SendCmd  0x08004ae4       0x30 build/hci_tl.o
 .text.hci_init
                0x08004b14       0x24 build/hci_tl.o
                0x08004b14                hci_init
 .text.hci_user_evt_proc
                0x08004b38       0x80 build/hci_tl.o
                0x08004b38                hci_user_evt_proc
 .text.hci_send_req
                0x08004bb8       0xb0 build/hci_tl.o
                0x08004bb8                hci_send_req
 .text.TlEvtReceived
                0x08004c68       0x34 build/hci_tl.o
 .text.hci_register_io_bus
                0x08004c9c       0x14 build/hci_tl_if.o
                0x08004c9c                hci_register_io_bus
 .text.Cmd_SetStatus
                0x08004cb0       0x30 build/shci_tl.o
 .text.TlInit   0x08004ce0       0x44 build/shci_tl.o
 .text.TlUserEvtReceived
                0x08004d24       0x18 build/shci_tl.o
 .text.shci_init
                0x08004d3c       0x24 build/shci_tl.o
                0x08004d3c                shci_init
 .text.shci_user_evt_proc
                0x08004d60       0x80 build/shci_tl.o
                0x08004d60                shci_user_evt_proc
 .text.shci_send
                0x08004de0       0x68 build/shci_tl.o
                0x08004de0                shci_send
 .text.TlCmdEvtReceived
                0x08004e48        0xa build/shci_tl.o
 *fill*         0x08004e52        0x2 
 .text.shci_register_io_bus
                0x08004e54       0x14 build/shci_tl_if.o
                0x08004e54                shci_register_io_bus
 .text.BAS_Init
                0x08004e68        0x2 build/svc_ctl.o
                0x08004e68                BAS_Init
 .text.BLS_Init
                0x08004e6a        0x2 build/svc_ctl.o
                0x08004e6a                BLS_Init
 .text.CRS_STM_Init
                0x08004e6c        0x2 build/svc_ctl.o
                0x08004e6c                CRS_STM_Init
 .text.DIS_Init
                0x08004e6e        0x2 build/svc_ctl.o
                0x08004e6e                DIS_Init
 .text.EDS_STM_Init
                0x08004e70        0x2 build/svc_ctl.o
                0x08004e70                EDS_STM_Init
 .text.HIDS_Init
                0x08004e72        0x2 build/svc_ctl.o
                0x08004e72                HIDS_Init
 .text.HRS_Init
                0x08004e74        0x2 build/svc_ctl.o
                0x08004e74                HRS_Init
 .text.HTS_Init
                0x08004e76        0x2 build/svc_ctl.o
                0x08004e76                HTS_Init
 .text.IAS_Init
                0x08004e78        0x2 build/svc_ctl.o
                0x08004e78                IAS_Init
 .text.LLS_Init
                0x08004e7a        0x2 build/svc_ctl.o
                0x08004e7a                LLS_Init
 .text.TPS_Init
                0x08004e7c        0x2 build/svc_ctl.o
                0x08004e7c                TPS_Init
 .text.MOTENV_STM_Init
                0x08004e7e        0x2 build/svc_ctl.o
                0x08004e7e                MOTENV_STM_Init
 .text.ZDD_STM_Init
                0x08004e80        0x2 build/svc_ctl.o
                0x08004e80                ZDD_STM_Init
 .text.OTAS_STM_Init
                0x08004e82        0x2 build/svc_ctl.o
                0x08004e82                OTAS_STM_Init
 .text.MESH_Init
                0x08004e84        0x2 build/svc_ctl.o
                0x08004e84                MESH_Init
 .text.BVOPUS_STM_Init
                0x08004e86        0x2 build/svc_ctl.o
                0x08004e86                BVOPUS_STM_Init
 .text.SVCCTL_InitCustomSvc
                0x08004e88        0x2 build/svc_ctl.o
                0x08004e88                SVCCTL_InitCustomSvc
 .text.SVCCTL_SvcInit
                0x08004e8a       0x4c build/svc_ctl.o
                0x08004e8a                SVCCTL_SvcInit
 *fill*         0x08004ed6        0x2 
 .text.SVCCTL_Init
                0x08004ed8       0x18 build/svc_ctl.o
                0x08004ed8                SVCCTL_Init
 .text.SVCCTL_RegisterSvcHandler
                0x08004ef0       0x14 build/svc_ctl.o
                0x08004ef0                SVCCTL_RegisterSvcHandler
 .text.SVCCTL_UserEvtRx
                0x08004f04       0x54 build/svc_ctl.o
                0x08004f04                SVCCTL_UserEvtRx
 .text.UTIL_LPM_Init
                0x08004f58       0x14 build/stm32_lpm.o
                0x08004f58                UTIL_LPM_Init
 .text.UTIL_LPM_SetOffMode
                0x08004f6c       0x2c build/stm32_lpm.o
                0x08004f6c                UTIL_LPM_SetOffMode
 .text.UTIL_LPM_EnterLowPower
                0x08004f98       0x48 build/stm32_lpm.o
                0x08004f98                UTIL_LPM_EnterLowPower
 .text.UTIL_SEQ_SetTask
                0x08004fe0       0x28 build/stm32_seq.o
                0x08004fe0                UTIL_SEQ_SetTask
 .text.UTIL_SEQ_PauseTask
                0x08005008       0x1c build/stm32_seq.o
                0x08005008                UTIL_SEQ_PauseTask
 .text.UTIL_SEQ_ResumeTask
                0x08005024       0x18 build/stm32_seq.o
                0x08005024                UTIL_SEQ_ResumeTask
 .text.UTIL_SEQ_SetEvt
                0x0800503c       0x18 build/stm32_seq.o
                0x0800503c                UTIL_SEQ_SetEvt
 .text.UTIL_SEQ_PreIdle
                0x08005054        0x2 build/stm32_seq.o
                0x08005054                UTIL_SEQ_PreIdle
 .text.UTIL_SEQ_PostIdle
                0x08005056        0x2 build/stm32_seq.o
                0x08005056                UTIL_SEQ_PostIdle
 .text.SEQ_BitPosition
                0x08005058       0x3c build/stm32_seq.o
                0x08005058                SEQ_BitPosition
 .text.UTIL_SEQ_Run
                0x08005094      0x124 build/stm32_seq.o
                0x08005094                UTIL_SEQ_Run
 .text.UTIL_SEQ_WaitEvt
                0x080051b8       0x58 build/stm32_seq.o
                0x080051b8                UTIL_SEQ_WaitEvt
 .text.UTIL_SEQ_RegTask
                0x08005210       0x20 build/stm32_seq.o
                0x08005210                UTIL_SEQ_RegTask
 .text._sbrk    0x08005230       0x48 build/sysmem.o
                0x08005230                _sbrk
 .text.MX_I2C1_Init
                0x08005278       0x58 build/i2c.o
                0x08005278                MX_I2C1_Init
 .text.HAL_I2C_MspInit
                0x080052d0       0x8c build/i2c.o
                0x080052d0                HAL_I2C_MspInit
 .text.I2C_Flush_TXDR
                0x0800535c       0x22 build/stm32wbxx_hal_i2c.o
 .text.I2C_TransferConfig
                0x0800537e       0x3c build/stm32wbxx_hal_i2c.o
 .text.I2C_IsErrorOccurred
                0x080053ba      0x114 build/stm32wbxx_hal_i2c.o
 .text.I2C_WaitOnTXISFlagUntilTimeout
                0x080054ce       0x60 build/stm32wbxx_hal_i2c.o
 .text.I2C_WaitOnFlagUntilTimeout
                0x0800552e       0x7c build/stm32wbxx_hal_i2c.o
 .text.I2C_WaitOnSTOPFlagUntilTimeout
                0x080055aa       0x5e build/stm32wbxx_hal_i2c.o
 .text.I2C_WaitOnRXNEFlagUntilTimeout
                0x08005608       0xaa build/stm32wbxx_hal_i2c.o
 .text.HAL_I2C_Init
                0x080056b2       0xc8 build/stm32wbxx_hal_i2c.o
                0x080056b2                HAL_I2C_Init
 *fill*         0x0800577a        0x2 
 .text.HAL_I2C_Master_Transmit
                0x0800577c      0x1a4 build/stm32wbxx_hal_i2c.o
                0x0800577c                HAL_I2C_Master_Transmit
 .text.HAL_I2C_Master_Receive
                0x08005920      0x17c build/stm32wbxx_hal_i2c.o
                0x08005920                HAL_I2C_Master_Receive
 .text.HAL_I2CEx_ConfigAnalogFilter
                0x08005a9c       0x5c build/stm32wbxx_hal_i2c_ex.o
                0x08005a9c                HAL_I2CEx_ConfigAnalogFilter
 .text.HAL_I2CEx_ConfigDigitalFilter
                0x08005af8       0x58 build/stm32wbxx_hal_i2c_ex.o
                0x08005af8                HAL_I2CEx_ConfigDigitalFilter
 .text.data_initializers
                0x08005b50       0x18 build/startup_stm32wb55xx_cm4.o
 .text.Reset_Handler
                0x08005b68       0x58 build/startup_stm32wb55xx_cm4.o
                0x08005b68                Reset_Handler
 .text.Default_Handler
                0x08005bc0        0x2 build/startup_stm32wb55xx_cm4.o
                0x08005bc0                RTC_Alarm_IRQHandler
                0x08005bc0                EXTI2_IRQHandler
                0x08005bc0                TIM1_CC_IRQHandler
                0x08005bc0                TSC_IRQHandler
                0x08005bc0                USB_HP_IRQHandler
                0x08005bc0                EXTI3_IRQHandler
                0x08005bc0                LPTIM2_IRQHandler
                0x08005bc0                I2C3_ER_IRQHandler
                0x08005bc0                EXTI0_IRQHandler
                0x08005bc0                FPU_IRQHandler
                0x08005bc0                TIM1_UP_TIM16_IRQHandler
                0x08005bc0                AES1_IRQHandler
                0x08005bc0                SPI1_IRQHandler
                0x08005bc0                PWR_SOTF_BLEACT_802ACT_RFPHASE_IRQHandler
                0x08005bc0                DMA2_Channel2_IRQHandler
                0x08005bc0                DMA1_Channel4_IRQHandler
                0x08005bc0                ADC1_IRQHandler
                0x08005bc0                PKA_IRQHandler
                0x08005bc0                DMA1_Channel7_IRQHandler
                0x08005bc0                LCD_IRQHandler
                0x08005bc0                DMA2_Channel1_IRQHandler
                0x08005bc0                QUADSPI_IRQHandler
                0x08005bc0                I2C1_EV_IRQHandler
                0x08005bc0                DMAMUX1_OVR_IRQHandler
                0x08005bc0                DMA1_Channel6_IRQHandler
                0x08005bc0                DMA2_Channel4_IRQHandler
                0x08005bc0                RCC_IRQHandler
                0x08005bc0                DMA1_Channel1_IRQHandler
                0x08005bc0                Default_Handler
                0x08005bc0                DMA2_Channel7_IRQHandler
                0x08005bc0                EXTI15_10_IRQHandler
                0x08005bc0                C2SEV_PWR_C2H_IRQHandler
                0x08005bc0                AES2_IRQHandler
                0x08005bc0                I2C3_EV_IRQHandler
                0x08005bc0                EXTI9_5_IRQHandler
                0x08005bc0                PVD_PVM_IRQHandler
                0x08005bc0                SPI2_IRQHandler
                0x08005bc0                DMA2_Channel5_IRQHandler
                0x08005bc0                CRS_IRQHandler
                0x08005bc0                DMA1_Channel5_IRQHandler
                0x08005bc0                USB_LP_IRQHandler
                0x08005bc0                EXTI4_IRQHandler
                0x08005bc0                RNG_IRQHandler
                0x08005bc0                TIM1_TRG_COM_TIM17_IRQHandler
                0x08005bc0                TAMP_STAMP_LSECSS_IRQHandler
                0x08005bc0                DMA1_Channel3_IRQHandler
                0x08005bc0                COMP_IRQHandler
                0x08005bc0                WWDG_IRQHandler
                0x08005bc0                LPUART1_IRQHandler
                0x08005bc0                DMA2_Channel6_IRQHandler
                0x08005bc0                TIM2_IRQHandler
                0x08005bc0                TIM1_BRK_IRQHandler
                0x08005bc0                EXTI1_IRQHandler
                0x08005bc0                DMA1_Channel2_IRQHandler
                0x08005bc0                FLASH_IRQHandler
                0x08005bc0                USART1_IRQHandler
                0x08005bc0                I2C1_ER_IRQHandler
                0x08005bc0                LPTIM1_IRQHandler
                0x08005bc0                SAI1_IRQHandler
                0x08005bc0                DMA2_Channel3_IRQHandler
 *fill*         0x08005bc2        0x2 
 .text.__errno  0x08005bc4        0xc g:/arm/10 2021.10/bin/../lib/gcc/arm-none-eabi/10.3.1/../../../../arm-none-eabi/lib/thumb/v7e-m+fp/hard\libc_nano.a(lib_a-errno.o)
                0x08005bc4                __errno
 .text.__libc_init_array
                0x08005bd0       0x48 g:/arm/10 2021.10/bin/../lib/gcc/arm-none-eabi/10.3.1/../../../../arm-none-eabi/lib/thumb/v7e-m+fp/hard\libc_nano.a(lib_a-init.o)
                0x08005bd0                __libc_init_array
 .text.memcpy   0x08005c18       0x1c g:/arm/10 2021.10/bin/../lib/gcc/arm-none-eabi/10.3.1/../../../../arm-none-eabi/lib/thumb/v7e-m+fp/hard\libc_nano.a(lib_a-memcpy-stub.o)
                0x08005c18                memcpy
 .text.memset   0x08005c34       0x10 g:/arm/10 2021.10/bin/../lib/gcc/arm-none-eabi/10.3.1/../../../../arm-none-eabi/lib/thumb/v7e-m+fp/hard\libc_nano.a(lib_a-memset.o)
                0x08005c34                memset
 .text.sprintf  0x08005c44       0x40 g:/arm/10 2021.10/bin/../lib/gcc/arm-none-eabi/10.3.1/../../../../arm-none-eabi/lib/thumb/v7e-m+fp/hard\libc_nano.a(lib_a-sprintf.o)
                0x08005c44                siprintf
                0x08005c44                sprintf
 .text.__retarget_lock_acquire_recursive
                0x08005c84        0x2 g:/arm/10 2021.10/bin/../lib/gcc/arm-none-eabi/10.3.1/../../../../arm-none-eabi/lib/thumb/v7e-m+fp/hard\libc_nano.a(lib_a-lock.o)
                0x08005c84                __retarget_lock_acquire_recursive
 .text.__retarget_lock_release_recursive
                0x08005c86        0x2 g:/arm/10 2021.10/bin/../lib/gcc/arm-none-eabi/10.3.1/../../../../arm-none-eabi/lib/thumb/v7e-m+fp/hard\libc_nano.a(lib_a-lock.o)
                0x08005c86                __retarget_lock_release_recursive
 .text.sbrk_aligned
                0x08005c88       0x40 g:/arm/10 2021.10/bin/../lib/gcc/arm-none-eabi/10.3.1/../../../../arm-none-eabi/lib/thumb/v7e-m+fp/hard\libc_nano.a(lib_a-nano-mallocr.o)
 .text._malloc_r
                0x08005cc8       0xe8 g:/arm/10 2021.10/bin/../lib/gcc/arm-none-eabi/10.3.1/../../../../arm-none-eabi/lib/thumb/v7e-m+fp/hard\libc_nano.a(lib_a-nano-mallocr.o)
                0x08005cc8                _malloc_r
 .text.__ssputs_r
                0x08005db0       0xb6 g:/arm/10 2021.10/bin/../lib/gcc/arm-none-eabi/10.3.1/../../../../arm-none-eabi/lib/thumb/v7e-m+fp/hard\libc_nano.a(lib_a-nano-svfprintf.o)
                0x08005db0                __ssputs_r
 *fill*         0x08005e66        0x2 
 .text._svfprintf_r
                0x08005e68      0x200 g:/arm/10 2021.10/bin/../lib/gcc/arm-none-eabi/10.3.1/../../../../arm-none-eabi/lib/thumb/v7e-m+fp/hard\libc_nano.a(lib_a-nano-svfprintf.o)
                0x08005e68                _svfiprintf_r
                0x08005e68                _svfprintf_r
 .text._printf_common
                0x08006068       0xda g:/arm/10 2021.10/bin/../lib/gcc/arm-none-eabi/10.3.1/../../../../arm-none-eabi/lib/thumb/v7e-m+fp/hard\libc_nano.a(lib_a-nano-vfprintf_i.o)
                0x08006068                _printf_common
 *fill*         0x08006142        0x2 
 .text._printf_i
                0x08006144      0x24c g:/arm/10 2021.10/bin/../lib/gcc/arm-none-eabi/10.3.1/../../../../arm-none-eabi/lib/thumb/v7e-m+fp/hard\libc_nano.a(lib_a-nano-vfprintf_i.o)
                0x08006144                _printf_i
 .text._sbrk_r  0x08006390       0x20 g:/arm/10 2021.10/bin/../lib/gcc/arm-none-eabi/10.3.1/../../../../arm-none-eabi/lib/thumb/v7e-m+fp/hard\libc_nano.a(lib_a-sbrkr.o)
                0x08006390                _sbrk_r
 .text.memmove  0x080063b0       0x34 g:/arm/10 2021.10/bin/../lib/gcc/arm-none-eabi/10.3.1/../../../../arm-none-eabi/lib/thumb/v7e-m+fp/hard\libc_nano.a(lib_a-memmove.o)
                0x080063b0                memmove
 .text.__malloc_lock
                0x080063e4        0xc g:/arm/10 2021.10/bin/../lib/gcc/arm-none-eabi/10.3.1/../../../../arm-none-eabi/lib/thumb/v7e-m+fp/hard\libc_nano.a(lib_a-mlock.o)
                0x080063e4                __malloc_lock
 .text.__malloc_unlock
                0x080063f0        0xc g:/arm/10 2021.10/bin/../lib/gcc/arm-none-eabi/10.3.1/../../../../arm-none-eabi/lib/thumb/v7e-m+fp/hard\libc_nano.a(lib_a-mlock.o)
                0x080063f0                __malloc_unlock
 .text._free_r  0x080063fc       0x98 g:/arm/10 2021.10/bin/../lib/gcc/arm-none-eabi/10.3.1/../../../../arm-none-eabi/lib/thumb/v7e-m+fp/hard\libc_nano.a(lib_a-nano-freer.o)
                0x080063fc                _free_r
 .text._realloc_r
                0x08006494       0x5e g:/arm/10 2021.10/bin/../lib/gcc/arm-none-eabi/10.3.1/../../../../arm-none-eabi/lib/thumb/v7e-m+fp/hard\libc_nano.a(lib_a-nano-reallocr.o)
                0x08006494                _realloc_r
 .text._malloc_usable_size_r
                0x080064f2       0x10 g:/arm/10 2021.10/bin/../lib/gcc/arm-none-eabi/10.3.1/../../../../arm-none-eabi/lib/thumb/v7e-m+fp/hard\libc_nano.a(lib_a-nano-msizer.o)
                0x080064f2                _malloc_usable_size_r
 *(.glue_7)
 .glue_7        0x08006502        0x0 linker stubs
 *(.glue_7t)
 .glue_7t       0x08006502        0x0 linker stubs
 *(.eh_frame)
 *fill*         0x08006502        0x2 
 .eh_frame      0x08006504        0x0 g:/arm/10 2021.10/bin/../lib/gcc/arm-none-eabi/10.3.1/thumb/v7e-m+fp/hard/crtbegin.o
 *(.init)
 .init          0x08006504        0x4 g:/arm/10 2021.10/bin/../lib/gcc/arm-none-eabi/10.3.1/thumb/v7e-m+fp/hard/crti.o
                0x08006504                _init
 .init          0x08006508        0x8 g:/arm/10 2021.10/bin/../lib/gcc/arm-none-eabi/10.3.1/thumb/v7e-m+fp/hard/crtn.o
 *(.fini)
 .fini          0x08006510        0x4 g:/arm/10 2021.10/bin/../lib/gcc/arm-none-eabi/10.3.1/thumb/v7e-m+fp/hard/crti.o
                0x08006510                _fini
 .fini          0x08006514        0x8 g:/arm/10 2021.10/bin/../lib/gcc/arm-none-eabi/10.3.1/thumb/v7e-m+fp/hard/crtn.o
                0x0800651c                . = ALIGN (0x4)
                0x0800651c                _etext = .

.vfp11_veneer   0x0800651c        0x0
 .vfp11_veneer  0x0800651c        0x0 linker stubs

.v4_bx          0x0800651c        0x0
 .v4_bx         0x0800651c        0x0 linker stubs

.iplt           0x0800651c        0x0
 .iplt          0x0800651c        0x0 g:/arm/10 2021.10/bin/../lib/gcc/arm-none-eabi/10.3.1/thumb/v7e-m+fp/hard/crtbegin.o

.RamFunc        0x0800651c       0x38
 .RamFunc       0x0800651c       0x38 build/stm32wbxx_hal_flash.o

.rodata         0x08006554      0x36c
                0x08006554                . = ALIGN (0x4)
 *(.rodata)
 .rodata        0x08006554       0x1b build/app_debug.o
 *fill*         0x0800656f        0x1 
 .rodata        0x08006570       0x3a build/app_ble.o
 *fill*         0x080065aa        0x2 
 .rodata        0x080065ac       0x2c build/stm32wbxx_hal_rcc.o
 *(.rodata*)
 .rodata.main.str1.4
                0x080065d8       0x43 build/main.o
 *fill*         0x0800661b        0x1 
 .rodata.aGpioConfigList
                0x0800661c      0x130 build/app_debug.o
 .rodata.UTIL_PowerDriver
                0x0800674c       0x18 build/stm32_lpm_if.o
                0x0800674c                UTIL_PowerDriver
 .rodata.Ble_Hci_Gap_Gatt_Init.str1.4
                0x08006764        0x8 build/app_ble.o
 .rodata.a_BLE_CfgErValue
                0x0800676c       0x10 build/app_ble.o
 .rodata.a_BLE_CfgIrValue
                0x0800677c       0x10 build/app_ble.o
 .rodata.a_LocalName
                0x0800678c        0x8 build/app_ble.o
 .rodata.a_MBdAddr
                0x08006794        0x6 build/app_ble.o
 *fill*         0x0800679a        0x2 
 .rodata.AHBPrescTable
                0x0800679c       0x40 build/system_stm32wbxx.o
                0x0800679c                AHBPrescTable
 .rodata.MSIRangeTable
                0x080067dc       0x40 build/system_stm32wbxx.o
                0x080067dc                MSIRangeTable
 .rodata.SEQ_clz_table_4bit
                0x0800681c       0x10 build/stm32_seq.o
                0x0800681c                SEQ_clz_table_4bit
 .rodata.__sf_fake_stderr
                0x0800682c       0x20 g:/arm/10 2021.10/bin/../lib/gcc/arm-none-eabi/10.3.1/../../../../arm-none-eabi/lib/thumb/v7e-m+fp/hard\libc_nano.a(lib_a-findfp.o)
                0x0800682c                __sf_fake_stderr
 .rodata.__sf_fake_stdin
                0x0800684c       0x20 g:/arm/10 2021.10/bin/../lib/gcc/arm-none-eabi/10.3.1/../../../../arm-none-eabi/lib/thumb/v7e-m+fp/hard\libc_nano.a(lib_a-findfp.o)
                0x0800684c                __sf_fake_stdin
 .rodata.__sf_fake_stdout
                0x0800686c       0x20 g:/arm/10 2021.10/bin/../lib/gcc/arm-none-eabi/10.3.1/../../../../arm-none-eabi/lib/thumb/v7e-m+fp/hard\libc_nano.a(lib_a-findfp.o)
                0x0800686c                __sf_fake_stdout
 .rodata._svfprintf_r.str1.1
                0x0800688c       0x11 g:/arm/10 2021.10/bin/../lib/gcc/arm-none-eabi/10.3.1/../../../../arm-none-eabi/lib/thumb/v7e-m+fp/hard\libc_nano.a(lib_a-nano-svfprintf.o)
 .rodata._printf_i.str1.1
                0x0800689d       0x22 g:/arm/10 2021.10/bin/../lib/gcc/arm-none-eabi/10.3.1/../../../../arm-none-eabi/lib/thumb/v7e-m+fp/hard\libc_nano.a(lib_a-nano-vfprintf_i.o)
                0x080068c0                . = ALIGN (0x4)
 *fill*         0x080068bf        0x1 

.rel.dyn        0x080068c0        0x0
 .rel.iplt      0x080068c0        0x0 g:/arm/10 2021.10/bin/../lib/gcc/arm-none-eabi/10.3.1/thumb/v7e-m+fp/hard/crtbegin.o

.ARM.extab
 *(.ARM.extab* .gnu.linkonce.armextab.*)

.ARM            0x080068c0        0x0
                0x080068c0                __exidx_start = .
 *(.ARM.exidx*)
                0x080068c0                __exidx_end = .

.preinit_array  0x080068c0        0x0
                0x080068c0                PROVIDE (__preinit_array_start = .)
 *(.preinit_array*)
                0x080068c0                PROVIDE (__preinit_array_end = .)

.init_array     0x080068c0        0x4
                0x080068c0                PROVIDE (__init_array_start = .)
 *(SORT_BY_NAME(.init_array.*))
 *(.init_array*)
 .init_array    0x080068c0        0x4 g:/arm/10 2021.10/bin/../lib/gcc/arm-none-eabi/10.3.1/thumb/v7e-m+fp/hard/crtbegin.o
                0x080068c4                PROVIDE (__init_array_end = .)

.fini_array     0x080068c4        0x4
                [!provide]                PROVIDE (__fini_array_start = .)
 *(SORT_BY_NAME(.fini_array.*))
 *(.fini_array*)
 .fini_array    0x080068c4        0x4 g:/arm/10 2021.10/bin/../lib/gcc/arm-none-eabi/10.3.1/thumb/v7e-m+fp/hard/crtbegin.o
                [!provide]                PROVIDE (__fini_array_end = .)
                0x080068c8                _sidata = LOADADDR (.data)

.data           0x20000008       0x84 load address 0x080068c8
                0x20000008                . = ALIGN (0x4)
                0x20000008                _sdata = .
 *(.data)
 *(.data*)
 .data.a_ManufData
                0x20000008        0xe build/app_ble.o
                0x20000008                a_ManufData
 .data.led_blink_en
                0x20000016        0x1 build/p2p_server_app.o
                0x20000016                led_blink_en
 .data.uwTickFreq
                0x20000017        0x1 build/stm32wbxx_hal.o
                0x20000017                uwTickFreq
 .data.uwTickPrio
                0x20000018        0x4 build/stm32wbxx_hal.o
                0x20000018                uwTickPrio
 .data.SystemCoreClock
                0x2000001c        0x4 build/system_stm32wbxx.o
                0x2000001c                SystemCoreClock
 .data.SuperMask
                0x20000020        0x4 build/stm32_seq.o
 .data.TaskMask
                0x20000024        0x4 build/stm32_seq.o
 .data._impure_ptr
                0x20000028        0x4 g:/arm/10 2021.10/bin/../lib/gcc/arm-none-eabi/10.3.1/../../../../arm-none-eabi/lib/thumb/v7e-m+fp/hard\libc_nano.a(lib_a-impure.o)
                0x20000028                _impure_ptr
 .data.impure_data
                0x2000002c       0x60 g:/arm/10 2021.10/bin/../lib/gcc/arm-none-eabi/10.3.1/../../../../arm-none-eabi/lib/thumb/v7e-m+fp/hard\libc_nano.a(lib_a-impure.o)
                0x2000008c                . = ALIGN (0x4)

.igot.plt       0x2000008c        0x0 load address 0x0800694c
 .igot.plt      0x2000008c        0x0 g:/arm/10 2021.10/bin/../lib/gcc/arm-none-eabi/10.3.1/thumb/v7e-m+fp/hard/crtbegin.o

BLE_DRIVER_CONTEXT
                0x2000008c       0x39 load address 0x0800694c
 BLE_DRIVER_CONTEXT
                0x2000008c        0x6 build/p2p_stm.o
 *fill*         0x20000092        0x2 
 BLE_DRIVER_CONTEXT
                0x20000094        0xe build/hci_tl.o
                0x200000a0                UserEventFlow
 *fill*         0x200000a2        0x2 
 BLE_DRIVER_CONTEXT
                0x200000a4       0x21 build/svc_ctl.o
                0x200000a4                SVCCTL_EvtHandler
                0x200000c4                SVCCTL_CltHandler

SYSTEM_DRIVER_CONTEXT
                0x200000c8       0x11 load address 0x08006985
 SYSTEM_DRIVER_CONTEXT
                0x200000c8       0x11 build/shci_tl.o
                0x200000d8                SHCI_TL_UserEventFlow

.tdata          0x200000dc        0x0 load address 0x08006998
 *(.tdata .tdata.* .gnu.linkonce.td.*)
                0x200000dc                . = ALIGN (0x4)
                0x200000dc                _edata = .
                [!provide]                PROVIDE (__data_end = .)
                [!provide]                PROVIDE (__tdata_end = .)
                [!provide]                PROVIDE (__tdata_start = ADDR (.tdata))
                [!provide]                PROVIDE (__tdata_size = (__tdata_end - __tdata_start))
                [!provide]                PROVIDE (__data_start = ADDR (.data))
                [!provide]                PROVIDE (__data_size = (__data_end - __data_start))
                [!provide]                PROVIDE (__tdata_source = LOADADDR (.tdata))
                [!provide]                PROVIDE (__tdata_source_end = (LOADADDR (.tdata) + SIZEOF (.tdata)))
                [!provide]                PROVIDE (__tdata_source_size = (__tdata_source_end - __tdata_source))
                [!provide]                PROVIDE (__data_source = LOADADDR (.data))
                [!provide]                PROVIDE (__data_source_end = __tdata_source_end)
                [!provide]                PROVIDE (__data_source_size = (__data_source_end - __data_source))

.tbss           0x200000dc        0x0 load address 0x08006998
                0x200000dc                _sbss = .
                0x200000dc                __bss_start__ = _sbss
 *(.tbss .tbss.*)
                0x200000dc                . = ALIGN (0x4)
                [!provide]                PROVIDE (__tbss_end = .)
                [!provide]                PROVIDE (__tbss_start = ADDR (.tbss))
                [!provide]                PROVIDE (__tbss_size = (__tbss_end - __tbss_start))
                [!provide]                PROVIDE (__tbss_offset = (ADDR (.tbss) - ADDR (.tdata)))
                [!provide]                PROVIDE (__tls_base = __tdata_start)
                [!provide]                PROVIDE (__tls_end = __tbss_end)
                [!provide]                PROVIDE (__tls_size = (__tls_end - __tls_base))
                [!provide]                PROVIDE (__tls_align = MAX (ALIGNOF (.tdata), ALIGNOF (.tbss)))
                [!provide]                PROVIDE (__tls_size_align = (((__tls_size + __tls_align) - 0x1) & ~ ((__tls_align - 0x1))))
                [!provide]                PROVIDE (__arm32_tls_tcb_offset = MAX (0x8, __tls_align))
                [!provide]                PROVIDE (__arm64_tls_tcb_offset = MAX (0x10, __tls_align))

.bss            0x200000dc      0x37c load address 0x08006998
 *(.bss)
 .bss           0x200000dc       0x1c g:/arm/10 2021.10/bin/../lib/gcc/arm-none-eabi/10.3.1/thumb/v7e-m+fp/hard/crtbegin.o
 *(.bss*)
 .bss.force_measure_now
                0x200000f8        0x1 build/main.o
                0x200000f8                force_measure_now
 *fill*         0x200000f9        0x3 
 .bss.sdatestructureget
                0x200000fc        0x4 build/main.o
                0x200000fc                sdatestructureget
 .bss.stimestructureget
                0x20000100       0x14 build/main.o
                0x20000100                stimestructureget
 .bss.hipcc     0x20000114       0x3c build/ipcc.o
                0x20000114                hipcc
 .bss.hrtc      0x20000150       0x24 build/rtc.o
                0x20000150                hrtc
 .bss.AsynchPrescalerUserConfig
                0x20000174        0x1 build/hw_timerserver.o
 .bss.CurrentRunningTimerID
                0x20000175        0x1 build/hw_timerserver.o
 .bss.MaxWakeupTimerSetup
                0x20000176        0x2 build/hw_timerserver.o
 .bss.PreviousRunningTimerID
                0x20000178        0x1 build/hw_timerserver.o
 *fill*         0x20000179        0x3 
 .bss.SSRValueOnLastSetup
                0x2000017c        0x4 build/hw_timerserver.o
 .bss.SynchPrescalerUserConfig
                0x20000180        0x2 build/hw_timerserver.o
 .bss.WakeupTimerDivider
                0x20000182        0x1 build/hw_timerserver.o
 .bss.WakeupTimerLimitation
                0x20000183        0x1 build/hw_timerserver.o
 .bss.aTimerContext
                0x20000184       0x90 build/hw_timerserver.o
 .bss.AdvIntervalMax
                0x20000214        0x2 build/app_ble.o
 .bss.AdvIntervalMin
                0x20000216        0x2 build/app_ble.o
 .bss.BleApplicationContext
                0x20000218       0x84 build/app_ble.o
 .bss.HandleNotification
                0x2000029c        0x4 build/app_ble.o
                0x2000029c                HandleNotification
 .bss.a_BdAddrUdn
                0x200002a0        0x6 build/app_ble.o
 *fill*         0x200002a6        0x2 
 .bss.s_device_name
                0x200002a8        0x9 build/app_ble.o
 .bss.Notification_Status
                0x200002b1        0x1 build/p2p_server_app.o
                0x200002b1                Notification_Status
 *fill*         0x200002b2        0x2 
 .bss.FreeBufCb
                0x200002b4        0x4 build/hw_ipcc.o
 .bss.pFlash    0x200002b8       0x18 build/stm32wbxx_hal_flash.o
                0x200002b8                pFlash
 .bss.uwTick    0x200002d0        0x4 build/stm32wbxx_hal.o
                0x200002d0                uwTick
 .bss.BLE_IoBusAclDataTxAck
                0x200002d4        0x4 build/tl_mbox.o
 .bss.BLE_IoBusEvtCallBackFunction
                0x200002d8        0x4 build/tl_mbox.o
 .bss.LocalFreeBufQueue
                0x200002dc        0x8 build/tl_mbox.o
 .bss.SYS_CMD_IoBusCallBackFunction
                0x200002e4        0x4 build/tl_mbox.o
 .bss.SYS_EVT_IoBusCallBackFunction
                0x200002e8        0x4 build/tl_mbox.o
 .bss.p_mem_manager_table.0
                0x200002ec        0x4 build/tl_mbox.o
 .bss.CmdRspStatusFlag
                0x200002f0        0x1 build/hci_tl.o
 *fill*         0x200002f1        0x3 
 .bss.HciCmdEventQueue
                0x200002f4        0x8 build/hci_tl.o
 .bss.StatusNotCallBackFunction
                0x200002fc        0x4 build/hci_tl.o
 .bss.hciContext
                0x20000300       0x20 build/hci_tl.o
 .bss.CmdRspStatusFlag
                0x20000320        0x1 build/shci_tl.o
 *fill*         0x20000321        0x3 
 .bss.StatusNotCallBackFunction
                0x20000324        0x4 build/shci_tl.o
 .bss.shciContext
                0x20000328       0x20 build/shci_tl.o
 .bss.OffModeDisable
                0x20000348        0x4 build/stm32_lpm.o
 .bss.StopModeDisable
                0x2000034c        0x4 build/stm32_lpm.o
 .bss.CurrentTaskIdx
                0x20000350        0x4 build/stm32_seq.o
 .bss.EvtSet    0x20000354        0x4 build/stm32_seq.o
 .bss.EvtWaited
                0x20000358        0x4 build/stm32_seq.o
 .bss.TaskCb    0x2000035c       0x80 build/stm32_seq.o
 .bss.TaskPrio  0x200003dc       0x10 build/stm32_seq.o
 .bss.TaskSet   0x200003ec        0x4 build/stm32_seq.o
 .bss.__sbrk_heap_end
                0x200003f0        0x4 build/sysmem.o
 .bss.hi2c1     0x200003f4       0x54 build/i2c.o
                0x200003f4                hi2c1
 .bss.__lock___malloc_recursive_mutex
                0x20000448        0x1 g:/arm/10 2021.10/bin/../lib/gcc/arm-none-eabi/10.3.1/../../../../arm-none-eabi/lib/thumb/v7e-m+fp/hard\libc_nano.a(lib_a-lock.o)
                0x20000448                __lock___malloc_recursive_mutex
 *fill*         0x20000449        0x3 
 .bss.__malloc_free_list
                0x2000044c        0x4 g:/arm/10 2021.10/bin/../lib/gcc/arm-none-eabi/10.3.1/../../../../arm-none-eabi/lib/thumb/v7e-m+fp/hard\libc_nano.a(lib_a-nano-mallocr.o)
                0x2000044c                __malloc_free_list
 .bss.__malloc_sbrk_start
                0x20000450        0x4 g:/arm/10 2021.10/bin/../lib/gcc/arm-none-eabi/10.3.1/../../../../arm-none-eabi/lib/thumb/v7e-m+fp/hard\libc_nano.a(lib_a-nano-mallocr.o)
                0x20000450                __malloc_sbrk_start
 .bss.errno     0x20000454        0x4 g:/arm/10 2021.10/bin/../lib/gcc/arm-none-eabi/10.3.1/../../../../arm-none-eabi/lib/thumb/v7e-m+fp/hard\libc_nano.a(lib_a-reent.o)
                0x20000454                errno
 *(COMMON)
                0x20000458                . = ALIGN (0x4)
                0x20000458                _ebss = .
                0x20000458                __bss_end__ = _ebss
                [!provide]                PROVIDE (__bss_end = .)
                [!provide]                PROVIDE (__non_tls_bss_start = ADDR (.bss))
                [!provide]                PROVIDE (__bss_start = __tbss_start)
                [!provide]                PROVIDE (__bss_size = (__bss_end - __bss_start))

._user_heap_stack
                0x20000458     0x1400 load address 0x08006996
                0x20000458                . = ALIGN (0x8)
                [!provide]                PROVIDE (end = .)
                0x20000458                PROVIDE (_end = .)
                0x20000858                . = (. + _Min_Heap_Size)
 *fill*         0x20000458      0x400 
                0x20001858                . = (. + _Min_Stack_Size)
 *fill*         0x20000858     0x1000 
                0x20001858                . = ALIGN (0x8)

/DISCARD/
 libc.a:*(*)
 libm.a:*(*)
 libgcc.a:*(*)

.ARM.attributes
                0x00000000       0x30
 *(.ARM.attributes)
 .ARM.attributes
                0x00000000       0x1e g:/arm/10 2021.10/bin/../lib/gcc/arm-none-eabi/10.3.1/thumb/v7e-m+fp/hard/crti.o
 .ARM.attributes
                0x0000001e       0x34 g:/arm/10 2021.10/bin/../lib/gcc/arm-none-eabi/10.3.1/thumb/v7e-m+fp/hard/crtbegin.o
 .ARM.attributes
                0x00000052       0x34 build/sht41.o
 .ARM.attributes
                0x00000086       0x34 build/main.o
 .ARM.attributes
                0x000000ba       0x34 build/gpio.o
 .ARM.attributes
                0x000000ee       0x34 build/ipcc.o
 .ARM.attributes
                0x00000122       0x34 build/rf.o
 .ARM.attributes
                0x00000156       0x34 build/rtc.o
 .ARM.attributes
                0x0000018a       0x34 build/app_entry.o
 .ARM.attributes
                0x000001be       0x34 build/app_debug.o
 .ARM.attributes
                0x000001f2       0x34 build/hw_timerserver.o
 .ARM.attributes
                0x00000226       0x34 build/stm32_lpm_if.o
 .ARM.attributes
                0x0000025a       0x34 build/stm32wbxx_it.o
 .ARM.attributes
                0x0000028e       0x34 build/stm32wbxx_hal_msp.o
 .ARM.attributes
                0x000002c2       0x34 build/app_ble.o
 .ARM.attributes
                0x000002f6       0x34 build/p2p_server_app.o
 .ARM.attributes
                0x0000032a       0x34 build/hw_ipcc.o
 .ARM.attributes
                0x0000035e       0x34 build/stm32wbxx_hal_rcc.o
 .ARM.attributes
                0x00000392       0x34 build/stm32wbxx_hal_rcc_ex.o
 .ARM.attributes
                0x000003c6       0x34 build/stm32wbxx_hal_flash.o
 .ARM.attributes
                0x000003fa       0x34 build/stm32wbxx_hal_flash_ex.o
 .ARM.attributes
                0x0000042e       0x34 build/stm32wbxx_hal_gpio.o
 .ARM.attributes
                0x00000462       0x34 build/stm32wbxx_hal_hsem.o
 .ARM.attributes
                0x00000496       0x34 build/stm32wbxx_hal_pwr.o
 .ARM.attributes
                0x000004ca       0x34 build/stm32wbxx_hal_pwr_ex.o
 .ARM.attributes
                0x000004fe       0x34 build/stm32wbxx_hal_cortex.o
 .ARM.attributes
                0x00000532       0x34 build/stm32wbxx_hal.o
 .ARM.attributes
                0x00000566       0x34 build/stm32wbxx_hal_ipcc.o
 .ARM.attributes
                0x0000059a       0x34 build/stm32wbxx_hal_rtc.o
 .ARM.attributes
                0x000005ce       0x34 build/stm32wbxx_hal_rtc_ex.o
 .ARM.attributes
                0x00000602       0x34 build/system_stm32wbxx.o
 .ARM.attributes
                0x00000636       0x34 build/tl_mbox.o
 .ARM.attributes
                0x0000066a       0x34 build/shci.o
 .ARM.attributes
                0x0000069e       0x34 build/otp.o
 .ARM.attributes
                0x000006d2       0x34 build/stm_list.o
 .ARM.attributes
                0x00000706       0x34 build/osal.o
 .ARM.attributes
                0x0000073a       0x34 build/ble_gap_aci.o
 .ARM.attributes
                0x0000076e       0x34 build/ble_gatt_aci.o
 .ARM.attributes
                0x000007a2       0x34 build/ble_hal_aci.o
 .ARM.attributes
                0x000007d6       0x34 build/ble_hci_le.o
 .ARM.attributes
                0x0000080a       0x34 build/p2p_stm.o
 .ARM.attributes
                0x0000083e       0x34 build/hci_tl.o
 .ARM.attributes
                0x00000872       0x34 build/hci_tl_if.o
 .ARM.attributes
                0x000008a6       0x34 build/shci_tl.o
 .ARM.attributes
                0x000008da       0x34 build/shci_tl_if.o
 .ARM.attributes
                0x0000090e       0x34 build/svc_ctl.o
 .ARM.attributes
                0x00000942       0x34 build/stm32_lpm.o
 .ARM.attributes
                0x00000976       0x34 build/stm32_seq.o
 .ARM.attributes
                0x000009aa       0x34 build/sysmem.o
 .ARM.attributes
                0x000009de       0x34 build/i2c.o
 .ARM.attributes
                0x00000a12       0x34 build/stm32wbxx_hal_i2c.o
 .ARM.attributes
                0x00000a46       0x34 build/stm32wbxx_hal_i2c_ex.o
 .ARM.attributes
                0x00000a7a       0x21 build/startup_stm32wb55xx_cm4.o
 .ARM.attributes
                0x00000a9b       0x34 g:/arm/10 2021.10/bin/../lib/gcc/arm-none-eabi/10.3.1/../../../../arm-none-eabi/lib/thumb/v7e-m+fp/hard\libc_nano.a(lib_a-errno.o)
 .ARM.attributes
                0x00000acf       0x34 g:/arm/10 2021.10/bin/../lib/gcc/arm-none-eabi/10.3.1/../../../../arm-none-eabi/lib/thumb/v7e-m+fp/hard\libc_nano.a(lib_a-impure.o)
 .ARM.attributes
                0x00000b03       0x34 g:/arm/10 2021.10/bin/../lib/gcc/arm-none-eabi/10.3.1/../../../../arm-none-eabi/lib/thumb/v7e-m+fp/hard\libc_nano.a(lib_a-init.o)
 .ARM.attributes
                0x00000b37       0x34 g:/arm/10 2021.10/bin/../lib/gcc/arm-none-eabi/10.3.1/../../../../arm-none-eabi/lib/thumb/v7e-m+fp/hard\libc_nano.a(lib_a-memcpy-stub.o)
 .ARM.attributes
                0x00000b6b       0x34 g:/arm/10 2021.10/bin/../lib/gcc/arm-none-eabi/10.3.1/../../../../arm-none-eabi/lib/thumb/v7e-m+fp/hard\libc_nano.a(lib_a-memset.o)
 .ARM.attributes
                0x00000b9f       0x34 g:/arm/10 2021.10/bin/../lib/gcc/arm-none-eabi/10.3.1/../../../../arm-none-eabi/lib/thumb/v7e-m+fp/hard\libc_nano.a(lib_a-sprintf.o)
 .ARM.attributes
                0x00000bd3       0x34 g:/arm/10 2021.10/bin/../lib/gcc/arm-none-eabi/10.3.1/../../../../arm-none-eabi/lib/thumb/v7e-m+fp/hard\libc_nano.a(lib_a-findfp.o)
 .ARM.attributes
                0x00000c07       0x34 g:/arm/10 2021.10/bin/../lib/gcc/arm-none-eabi/10.3.1/../../../../arm-none-eabi/lib/thumb/v7e-m+fp/hard\libc_nano.a(lib_a-lock.o)
 .ARM.attributes
                0x00000c3b       0x34 g:/arm/10 2021.10/bin/../lib/gcc/arm-none-eabi/10.3.1/../../../../arm-none-eabi/lib/thumb/v7e-m+fp/hard\libc_nano.a(lib_a-nano-mallocr.o)
 .ARM.attributes
                0x00000c6f       0x34 g:/arm/10 2021.10/bin/../lib/gcc/arm-none-eabi/10.3.1/../../../../arm-none-eabi/lib/thumb/v7e-m+fp/hard\libc_nano.a(lib_a-nano-svfprintf.o)
 .ARM.attributes
                0x00000ca3       0x34 g:/arm/10 2021.10/bin/../lib/gcc/arm-none-eabi/10.3.1/../../../../arm-none-eabi/lib/thumb/v7e-m+fp/hard\libc_nano.a(lib_a-nano-vfprintf_i.o)
 .ARM.attributes
                0x00000cd7       0x34 g:/arm/10 2021.10/bin/../lib/gcc/arm-none-eabi/10.3.1/../../../../arm-none-eabi/lib/thumb/v7e-m+fp/hard\libc_nano.a(lib_a-sbrkr.o)
 .ARM.attributes
                0x00000d0b       0x1c g:/arm/10 2021.10/bin/../lib/gcc/arm-none-eabi/10.3.1/../../../../arm-none-eabi/lib/thumb/v7e-m+fp/hard\libc_nano.a(lib_a-memchr.o)
 .ARM.attributes
                0x00000d27       0x34 g:/arm/10 2021.10/bin/../lib/gcc/arm-none-eabi/10.3.1/../../../../arm-none-eabi/lib/thumb/v7e-m+fp/hard\libc_nano.a(lib_a-memmove.o)
 .ARM.attributes
                0x00000d5b       0x34 g:/arm/10 2021.10/bin/../lib/gcc/arm-none-eabi/10.3.1/../../../../arm-none-eabi/lib/thumb/v7e-m+fp/hard\libc_nano.a(lib_a-mlock.o)
 .ARM.attributes
                0x00000d8f       0x34 g:/arm/10 2021.10/bin/../lib/gcc/arm-none-eabi/10.3.1/../../../../arm-none-eabi/lib/thumb/v7e-m+fp/hard\libc_nano.a(lib_a-nano-freer.o)
 .ARM.attributes
                0x00000dc3       0x34 g:/arm/10 2021.10/bin/../lib/gcc/arm-none-eabi/10.3.1/../../../../arm-none-eabi/lib/thumb/v7e-m+fp/hard\libc_nano.a(lib_a-nano-reallocr.o)
 .ARM.attributes
                0x00000df7       0x34 g:/arm/10 2021.10/bin/../lib/gcc/arm-none-eabi/10.3.1/../../../../arm-none-eabi/lib/thumb/v7e-m+fp/hard\libc_nano.a(lib_a-reent.o)
 .ARM.attributes
                0x00000e2b       0x34 g:/arm/10 2021.10/bin/../lib/gcc/arm-none-eabi/10.3.1/../../../../arm-none-eabi/lib/thumb/v7e-m+fp/hard\libc_nano.a(lib_a-nano-msizer.o)
 .ARM.attributes
                0x00000e5f       0x1e g:/arm/10 2021.10/bin/../lib/gcc/arm-none-eabi/10.3.1/thumb/v7e-m+fp/hard/crtn.o

MAPPING_TABLE   0x20030000       0x28
 *(MAPPING_TABLE)
 MAPPING_TABLE  0x20030000       0x28 build/tl_mbox.o

MB_MEM1         0x20030028      0x1bc
 *(MB_MEM1)
 MB_MEM1        0x20030028      0x10b build/app_ble.o
 *fill*         0x20030133        0x1 
 MB_MEM1        0x20030134       0xb0 build/tl_mbox.o
                0x08006996                _siMB_MEM2 = LOADADDR (.MB_MEM2)

.MB_MEM2        0x200301e4      0x883 load address 0x08006996
                0x200301e4                _sMB_MEM2 = .
 *(MB_MEM2)
 MB_MEM2        0x200301e4      0x860 build/app_entry.o
 MB_MEM2        0x20030a44       0x14 build/app_debug.o
 MB_MEM2        0x20030a58        0xf build/tl_mbox.o
                0x20030a67                _eMB_MEM2 = .
OUTPUT(build/01-BLE_Test.elf elf32-littlearm)
LOAD linker stubs

.debug_info     0x00000000    0x3e454
 .debug_info    0x00000000      0xc42 build/sht41.o
 .debug_info    0x00000c42     0x234b build/main.o
 .debug_info    0x00002f8d      0x738 build/gpio.o
 .debug_info    0x000036c5      0xa5c build/ipcc.o
 .debug_info    0x00004121       0x94 build/rf.o
 .debug_info    0x000041b5     0x1050 build/rtc.o
 .debug_info    0x00005205     0x2110 build/app_entry.o
 .debug_info    0x00007315      0xe5d build/app_debug.o
 .debug_info    0x00008172     0x1799 build/hw_timerserver.o
 .debug_info    0x0000990b     0x12a8 build/stm32_lpm_if.o
 .debug_info    0x0000abb3      0x22e build/stm32wbxx_it.o
 .debug_info    0x0000ade1      0x71e build/stm32wbxx_hal_msp.o
 .debug_info    0x0000b4ff     0x1b09 build/app_ble.o
 .debug_info    0x0000d008      0x2da build/p2p_server_app.o
 .debug_info    0x0000d2e2     0x15ca build/hw_ipcc.o
 .debug_info    0x0000e8ac     0x24a6 build/stm32wbxx_hal_rcc.o
 .debug_info    0x00010d52     0x34e1 build/stm32wbxx_hal_rcc_ex.o
 .debug_info    0x00014233      0x8df build/stm32wbxx_hal_flash.o
 .debug_info    0x00014b12      0xd4c build/stm32wbxx_hal_flash_ex.o
 .debug_info    0x0001585e      0x824 build/stm32wbxx_hal_gpio.o
 .debug_info    0x00016082      0x45b build/stm32wbxx_hal_hsem.o
 .debug_info    0x000164dd      0xb2a build/stm32wbxx_hal_pwr.o
 .debug_info    0x00017007     0x15fb build/stm32wbxx_hal_pwr_ex.o
 .debug_info    0x00018602     0x10cd build/stm32wbxx_hal_cortex.o
 .debug_info    0x000196cf     0x1923 build/stm32wbxx_hal.o
 .debug_info    0x0001aff2      0xa18 build/stm32wbxx_hal_ipcc.o
 .debug_info    0x0001ba0a     0x12b1 build/stm32wbxx_hal_rtc.o
 .debug_info    0x0001ccbb     0x1570 build/stm32wbxx_hal_rtc_ex.o
 .debug_info    0x0001e22b      0x81b build/system_stm32wbxx.o
 .debug_info    0x0001ea46     0x110f build/tl_mbox.o
 .debug_info    0x0001fb55     0x2225 build/shci.o
 .debug_info    0x00021d7a       0xde build/otp.o
 .debug_info    0x00021e58      0x911 build/stm_list.o
 .debug_info    0x00022769      0x21f build/osal.o
 .debug_info    0x00022988     0x54ef build/ble_gap_aci.o
 .debug_info    0x00027e77     0x49ea build/ble_gatt_aci.o
 .debug_info    0x0002c861     0x1848 build/ble_hal_aci.o
 .debug_info    0x0002e0a9     0x657c build/ble_hci_le.o
 .debug_info    0x00034625      0x69a build/p2p_stm.o
 .debug_info    0x00034cbf      0xc66 build/hci_tl.o
 .debug_info    0x00035925      0x1da build/hci_tl_if.o
 .debug_info    0x00035aff      0xa2c build/shci_tl.o
 .debug_info    0x0003652b      0x1da build/shci_tl_if.o
 .debug_info    0x00036705      0x629 build/svc_ctl.o
 .debug_info    0x00036d2e      0x4ec build/stm32_lpm.o
 .debug_info    0x0003721a      0xc97 build/stm32_seq.o
 .debug_info    0x00037eb1      0x185 build/sysmem.o
 .debug_info    0x00038036     0x11dd build/i2c.o
 .debug_info    0x00039213     0x47b8 build/stm32wbxx_hal_i2c.o
 .debug_info    0x0003d9cb      0xa67 build/stm32wbxx_hal_i2c_ex.o
 .debug_info    0x0003e432       0x22 build/startup_stm32wb55xx_cm4.o

.debug_abbrev   0x00000000     0x7073
 .debug_abbrev  0x00000000      0x235 build/sht41.o
 .debug_abbrev  0x00000235      0x3aa build/main.o
 .debug_abbrev  0x000005df      0x1b3 build/gpio.o
 .debug_abbrev  0x00000792      0x21d build/ipcc.o
 .debug_abbrev  0x000009af       0x46 build/rf.o
 .debug_abbrev  0x000009f5      0x255 build/rtc.o
 .debug_abbrev  0x00000c4a      0x3d6 build/app_entry.o
 .debug_abbrev  0x00001020      0x25e build/app_debug.o
 .debug_abbrev  0x0000127e      0x3a3 build/hw_timerserver.o
 .debug_abbrev  0x00001621      0x282 build/stm32_lpm_if.o
 .debug_abbrev  0x000018a3       0x95 build/stm32wbxx_it.o
 .debug_abbrev  0x00001938      0x16b build/stm32wbxx_hal_msp.o
 .debug_abbrev  0x00001aa3      0x339 build/app_ble.o
 .debug_abbrev  0x00001ddc      0x173 build/p2p_server_app.o
 .debug_abbrev  0x00001f4f      0x350 build/hw_ipcc.o
 .debug_abbrev  0x0000229f      0x331 build/stm32wbxx_hal_rcc.o
 .debug_abbrev  0x000025d0      0x449 build/stm32wbxx_hal_rcc_ex.o
 .debug_abbrev  0x00002a19      0x359 build/stm32wbxx_hal_flash.o
 .debug_abbrev  0x00002d72      0x2f6 build/stm32wbxx_hal_flash_ex.o
 .debug_abbrev  0x00003068      0x217 build/stm32wbxx_hal_gpio.o
 .debug_abbrev  0x0000327f      0x1e0 build/stm32wbxx_hal_hsem.o
 .debug_abbrev  0x0000345f      0x202 build/stm32wbxx_hal_pwr.o
 .debug_abbrev  0x00003661      0x395 build/stm32wbxx_hal_pwr_ex.o
 .debug_abbrev  0x000039f6      0x379 build/stm32wbxx_hal_cortex.o
 .debug_abbrev  0x00003d6f      0x37f build/stm32wbxx_hal.o
 .debug_abbrev  0x000040ee      0x2c3 build/stm32wbxx_hal_ipcc.o
 .debug_abbrev  0x000043b1      0x223 build/stm32wbxx_hal_rtc.o
 .debug_abbrev  0x000045d4      0x223 build/stm32wbxx_hal_rtc_ex.o
 .debug_abbrev  0x000047f7      0x12a build/system_stm32wbxx.o
 .debug_abbrev  0x00004921      0x2b2 build/tl_mbox.o
 .debug_abbrev  0x00004bd3      0x1ea build/shci.o
 .debug_abbrev  0x00004dbd       0x88 build/otp.o
 .debug_abbrev  0x00004e45      0x1b3 build/stm_list.o
 .debug_abbrev  0x00004ff8       0xc4 build/osal.o
 .debug_abbrev  0x000050bc      0x205 build/ble_gap_aci.o
 .debug_abbrev  0x000052c1      0x23b build/ble_gatt_aci.o
 .debug_abbrev  0x000054fc      0x21b build/ble_hal_aci.o
 .debug_abbrev  0x00005717      0x22a build/ble_hci_le.o
 .debug_abbrev  0x00005941      0x267 build/p2p_stm.o
 .debug_abbrev  0x00005ba8      0x2a1 build/hci_tl.o
 .debug_abbrev  0x00005e49       0xb3 build/hci_tl_if.o
 .debug_abbrev  0x00005efc      0x227 build/shci_tl.o
 .debug_abbrev  0x00006123       0xb3 build/shci_tl_if.o
 .debug_abbrev  0x000061d6      0x1fb build/svc_ctl.o
 .debug_abbrev  0x000063d1      0x20b build/stm32_lpm.o
 .debug_abbrev  0x000065dc      0x2d8 build/stm32_seq.o
 .debug_abbrev  0x000068b4       0xea build/sysmem.o
 .debug_abbrev  0x0000699e      0x269 build/i2c.o
 .debug_abbrev  0x00006c07      0x2b0 build/stm32wbxx_hal_i2c.o
 .debug_abbrev  0x00006eb7      0x1aa build/stm32wbxx_hal_i2c_ex.o
 .debug_abbrev  0x00007061       0x12 build/startup_stm32wb55xx_cm4.o

.debug_loc      0x00000000    0x24657
 .debug_loc     0x00000000      0x35d build/sht41.o
 .debug_loc     0x0000035d      0x3ae build/main.o
 .debug_loc     0x0000070b       0x7a build/gpio.o
 .debug_loc     0x00000785      0x10f build/ipcc.o
 .debug_loc     0x00000894      0x13e build/rtc.o
 .debug_loc     0x000009d2      0x613 build/app_entry.o
 .debug_loc     0x00000fe5      0x1ed build/app_debug.o
 .debug_loc     0x000011d2      0xb73 build/hw_timerserver.o
 .debug_loc     0x00001d45      0x32c build/stm32_lpm_if.o
 .debug_loc     0x00002071       0xa0 build/stm32wbxx_it.o
 .debug_loc     0x00002111       0x50 build/stm32wbxx_hal_msp.o
 .debug_loc     0x00002161      0x9c3 build/app_ble.o
 .debug_loc     0x00002b24       0x77 build/p2p_server_app.o
 .debug_loc     0x00002b9b      0x69e build/hw_ipcc.o
 .debug_loc     0x00003239     0x104a build/stm32wbxx_hal_rcc.o
 .debug_loc     0x00004283     0x1ef2 build/stm32wbxx_hal_rcc_ex.o
 .debug_loc     0x00006175      0x56e build/stm32wbxx_hal_flash.o
 .debug_loc     0x000066e3      0x985 build/stm32wbxx_hal_flash_ex.o
 .debug_loc     0x00007068      0x491 build/stm32wbxx_hal_gpio.o
 .debug_loc     0x000074f9      0x15c build/stm32wbxx_hal_hsem.o
 .debug_loc     0x00007655      0x299 build/stm32wbxx_hal_pwr.o
 .debug_loc     0x000078ee      0xdce build/stm32wbxx_hal_pwr_ex.o
 .debug_loc     0x000086bc      0x74c build/stm32wbxx_hal_cortex.o
 .debug_loc     0x00008e08      0x572 build/stm32wbxx_hal.o
 .debug_loc     0x0000937a      0xa32 build/stm32wbxx_hal_ipcc.o
 .debug_loc     0x00009dac      0xdb7 build/stm32wbxx_hal_rtc.o
 .debug_loc     0x0000ab63     0x11d8 build/stm32wbxx_hal_rtc_ex.o
 .debug_loc     0x0000bd3b       0xe6 build/system_stm32wbxx.o
 .debug_loc     0x0000be21      0x494 build/tl_mbox.o
 .debug_loc     0x0000c2b5     0x13d3 build/shci.o
 .debug_loc     0x0000d688       0x67 build/otp.o
 .debug_loc     0x0000d6ef      0x43a build/stm_list.o
 .debug_loc     0x0000db29      0x1ad build/osal.o
 .debug_loc     0x0000dcd6     0x4ae9 build/ble_gap_aci.o
 .debug_loc     0x000127bf     0x48bf build/ble_gatt_aci.o
 .debug_loc     0x0001707e      0xf03 build/ble_hal_aci.o
 .debug_loc     0x00017f81     0x4c09 build/ble_hci_le.o
 .debug_loc     0x0001cb8a      0x538 build/p2p_stm.o
 .debug_loc     0x0001d0c2      0x44c build/hci_tl.o
 .debug_loc     0x0001d50e      0x332 build/shci_tl.o
 .debug_loc     0x0001d840      0x197 build/svc_ctl.o
 .debug_loc     0x0001d9d7      0x239 build/stm32_lpm.o
 .debug_loc     0x0001dc10      0x886 build/stm32_seq.o
 .debug_loc     0x0001e496       0x84 build/sysmem.o
 .debug_loc     0x0001e51a      0x14d build/i2c.o
 .debug_loc     0x0001e667     0x5dee build/stm32wbxx_hal_i2c.o
 .debug_loc     0x00024455      0x202 build/stm32wbxx_hal_i2c_ex.o

.debug_aranges  0x00000000     0x2040
 .debug_aranges
                0x00000000       0x50 build/sht41.o
 .debug_aranges
                0x00000050       0x50 build/main.o
 .debug_aranges
                0x000000a0       0x20 build/gpio.o
 .debug_aranges
                0x000000c0       0x30 build/ipcc.o
 .debug_aranges
                0x000000f0       0x20 build/rf.o
 .debug_aranges
                0x00000110       0x30 build/rtc.o
 .debug_aranges
                0x00000140       0xb0 build/app_entry.o
 .debug_aranges
                0x000001f0       0x30 build/app_debug.o
 .debug_aranges
                0x00000220       0x98 build/hw_timerserver.o
 .debug_aranges
                0x000002b8       0x60 build/stm32_lpm_if.o
 .debug_aranges
                0x00000318       0x80 build/stm32wbxx_it.o
 .debug_aranges
                0x00000398       0x20 build/stm32wbxx_hal_msp.o
 .debug_aranges
                0x000003b8       0xa0 build/app_ble.o
 .debug_aranges
                0x00000458       0x30 build/p2p_server_app.o
 .debug_aranges
                0x00000488       0xc8 build/hw_ipcc.o
 .debug_aranges
                0x00000550       0xa8 build/stm32wbxx_hal_rcc.o
 .debug_aranges
                0x000005f8      0x130 build/stm32wbxx_hal_rcc_ex.o
 .debug_aranges
                0x00000728       0x88 build/stm32wbxx_hal_flash.o
 .debug_aranges
                0x000007b0       0xe8 build/stm32wbxx_hal_flash_ex.o
 .debug_aranges
                0x00000898       0x60 build/stm32wbxx_hal_gpio.o
 .debug_aranges
                0x000008f8       0x70 build/stm32wbxx_hal_hsem.o
 .debug_aranges
                0x00000968       0x98 build/stm32wbxx_hal_pwr.o
 .debug_aranges
                0x00000a00      0x1b8 build/stm32wbxx_hal_pwr_ex.o
 .debug_aranges
                0x00000bb8       0xb0 build/stm32wbxx_hal_cortex.o
 .debug_aranges
                0x00000c68      0x158 build/stm32wbxx_hal.o
 .debug_aranges
                0x00000dc0       0xa0 build/stm32wbxx_hal_ipcc.o
 .debug_aranges
                0x00000e60       0xe0 build/stm32wbxx_hal_rtc.o
 .debug_aranges
                0x00000f40      0x140 build/stm32wbxx_hal_rtc_ex.o
 .debug_aranges
                0x00001080       0x28 build/system_stm32wbxx.o
 .debug_aranges
                0x000010a8       0xa0 build/tl_mbox.o
 .debug_aranges
                0x00001148      0x118 build/shci.o
 .debug_aranges
                0x00001260       0x20 build/otp.o
 .debug_aranges
                0x00001280       0x78 build/stm_list.o
 .debug_aranges
                0x000012f8       0x30 build/osal.o
 .debug_aranges
                0x00001328      0x1c8 build/ble_gap_aci.o
 .debug_aranges
                0x000014f0      0x198 build/ble_gatt_aci.o
 .debug_aranges
                0x00001688       0xc0 build/ble_hal_aci.o
 .debug_aranges
                0x00001748      0x290 build/ble_hci_le.o
 .debug_aranges
                0x000019d8       0x30 build/p2p_stm.o
 .debug_aranges
                0x00001a08       0x68 build/hci_tl.o
 .debug_aranges
                0x00001a70       0x20 build/hci_tl_if.o
 .debug_aranges
                0x00001a90       0x68 build/shci_tl.o
 .debug_aranges
                0x00001af8       0x20 build/shci_tl_if.o
 .debug_aranges
                0x00001b18       0xd0 build/svc_ctl.o
 .debug_aranges
                0x00001be8       0x48 build/stm32_lpm.o
 .debug_aranges
                0x00001c30       0xa8 build/stm32_seq.o
 .debug_aranges
                0x00001cd8       0x20 build/sysmem.o
 .debug_aranges
                0x00001cf8       0x30 build/i2c.o
 .debug_aranges
                0x00001d28      0x2a0 build/stm32wbxx_hal_i2c.o
 .debug_aranges
                0x00001fc8       0x48 build/stm32wbxx_hal_i2c_ex.o
 .debug_aranges
                0x00002010       0x30 build/startup_stm32wb55xx_cm4.o

.debug_ranges   0x00000000     0x2288
 .debug_ranges  0x00000000       0x70 build/sht41.o
 .debug_ranges  0x00000070       0x40 build/main.o
 .debug_ranges  0x000000b0       0x10 build/gpio.o
 .debug_ranges  0x000000c0       0x20 build/ipcc.o
 .debug_ranges  0x000000e0       0x10 build/rf.o
 .debug_ranges  0x000000f0       0x20 build/rtc.o
 .debug_ranges  0x00000110       0xa0 build/app_entry.o
 .debug_ranges  0x000001b0       0x20 build/app_debug.o
 .debug_ranges  0x000001d0       0xa0 build/hw_timerserver.o
 .debug_ranges  0x00000270       0x50 build/stm32_lpm_if.o
 .debug_ranges  0x000002c0       0x70 build/stm32wbxx_it.o
 .debug_ranges  0x00000330       0x10 build/stm32wbxx_hal_msp.o
 .debug_ranges  0x00000340       0x90 build/app_ble.o
 .debug_ranges  0x000003d0       0x38 build/p2p_server_app.o
 .debug_ranges  0x00000408       0xb8 build/hw_ipcc.o
 .debug_ranges  0x000004c0      0x1a0 build/stm32wbxx_hal_rcc.o
 .debug_ranges  0x00000660      0x420 build/stm32wbxx_hal_rcc_ex.o
 .debug_ranges  0x00000a80       0x78 build/stm32wbxx_hal_flash.o
 .debug_ranges  0x00000af8       0xd8 build/stm32wbxx_hal_flash_ex.o
 .debug_ranges  0x00000bd0       0x50 build/stm32wbxx_hal_gpio.o
 .debug_ranges  0x00000c20       0x60 build/stm32wbxx_hal_hsem.o
 .debug_ranges  0x00000c80       0x88 build/stm32wbxx_hal_pwr.o
 .debug_ranges  0x00000d08      0x1d8 build/stm32wbxx_hal_pwr_ex.o
 .debug_ranges  0x00000ee0      0x100 build/stm32wbxx_hal_cortex.o
 .debug_ranges  0x00000fe0      0x160 build/stm32wbxx_hal.o
 .debug_ranges  0x00001140       0xa8 build/stm32wbxx_hal_ipcc.o
 .debug_ranges  0x000011e8       0xd0 build/stm32wbxx_hal_rtc.o
 .debug_ranges  0x000012b8      0x130 build/stm32wbxx_hal_rtc_ex.o
 .debug_ranges  0x000013e8       0x18 build/system_stm32wbxx.o
 .debug_ranges  0x00001400       0x90 build/tl_mbox.o
 .debug_ranges  0x00001490      0x108 build/shci.o
 .debug_ranges  0x00001598       0x10 build/otp.o
 .debug_ranges  0x000015a8       0x68 build/stm_list.o
 .debug_ranges  0x00001610       0x20 build/osal.o
 .debug_ranges  0x00001630      0x1b8 build/ble_gap_aci.o
 .debug_ranges  0x000017e8      0x1d0 build/ble_gatt_aci.o
 .debug_ranges  0x000019b8       0xb0 build/ble_hal_aci.o
 .debug_ranges  0x00001a68      0x280 build/ble_hci_le.o
 .debug_ranges  0x00001ce8       0x20 build/p2p_stm.o
 .debug_ranges  0x00001d08       0x58 build/hci_tl.o
 .debug_ranges  0x00001d60       0x10 build/hci_tl_if.o
 .debug_ranges  0x00001d70       0x58 build/shci_tl.o
 .debug_ranges  0x00001dc8       0x10 build/shci_tl_if.o
 .debug_ranges  0x00001dd8       0xc0 build/svc_ctl.o
 .debug_ranges  0x00001e98       0x38 build/stm32_lpm.o
 .debug_ranges  0x00001ed0       0x98 build/stm32_seq.o
 .debug_ranges  0x00001f68       0x10 build/sysmem.o
 .debug_ranges  0x00001f78       0x20 build/i2c.o
 .debug_ranges  0x00001f98      0x290 build/stm32wbxx_hal_i2c.o
 .debug_ranges  0x00002228       0x38 build/stm32wbxx_hal_i2c_ex.o
 .debug_ranges  0x00002260       0x28 build/startup_stm32wb55xx_cm4.o

.debug_line     0x00000000    0x1f65b
 .debug_line    0x00000000      0x3b0 build/sht41.o
 .debug_line    0x000003b0      0x726 build/main.o
 .debug_line    0x00000ad6      0x1db build/gpio.o
 .debug_line    0x00000cb1      0x25c build/ipcc.o
 .debug_line    0x00000f0d       0x42 build/rf.o
 .debug_line    0x00000f4f      0x3c1 build/rtc.o
 .debug_line    0x00001310      0x770 build/app_entry.o
 .debug_line    0x00001a80      0x420 build/app_debug.o
 .debug_line    0x00001ea0      0xbc7 build/hw_timerserver.o
 .debug_line    0x00002a67      0x668 build/stm32_lpm_if.o
 .debug_line    0x000030cf      0x249 build/stm32wbxx_it.o
 .debug_line    0x00003318      0x181 build/stm32wbxx_hal_msp.o
 .debug_line    0x00003499      0x983 build/app_ble.o
 .debug_line    0x00003e1c      0x1e2 build/p2p_server_app.o
 .debug_line    0x00003ffe      0x69b build/hw_ipcc.o
 .debug_line    0x00004699     0x18dd build/stm32wbxx_hal_rcc.o
 .debug_line    0x00005f76     0x24ff build/stm32wbxx_hal_rcc_ex.o
 .debug_line    0x00008475      0x755 build/stm32wbxx_hal_flash.o
 .debug_line    0x00008bca      0x97a build/stm32wbxx_hal_flash_ex.o
 .debug_line    0x00009544      0x653 build/stm32wbxx_hal_gpio.o
 .debug_line    0x00009b97      0x2c3 build/stm32wbxx_hal_hsem.o
 .debug_line    0x00009e5a      0x47c build/stm32wbxx_hal_pwr.o
 .debug_line    0x0000a2d6      0xd71 build/stm32wbxx_hal_pwr_ex.o
 .debug_line    0x0000b047      0x711 build/stm32wbxx_hal_cortex.o
 .debug_line    0x0000b758      0x9a7 build/stm32wbxx_hal.o
 .debug_line    0x0000c0ff      0x692 build/stm32wbxx_hal_ipcc.o
 .debug_line    0x0000c791     0x10e8 build/stm32wbxx_hal_rtc.o
 .debug_line    0x0000d879     0x177a build/stm32wbxx_hal_rtc_ex.o
 .debug_line    0x0000eff3      0x27e build/system_stm32wbxx.o
 .debug_line    0x0000f271      0x53c build/tl_mbox.o
 .debug_line    0x0000f7ad      0x7c6 build/shci.o
 .debug_line    0x0000ff73      0x113 build/otp.o
 .debug_line    0x00010086      0x5d0 build/stm_list.o
 .debug_line    0x00010656       0xef build/osal.o
 .debug_line    0x00010745     0x2075 build/ble_gap_aci.o
 .debug_line    0x000127ba     0x2253 build/ble_gatt_aci.o
 .debug_line    0x00014a0d      0xaa7 build/ble_hal_aci.o
 .debug_line    0x000154b4     0x280f build/ble_hci_le.o
 .debug_line    0x00017cc3      0x33d build/p2p_stm.o
 .debug_line    0x00018000      0x4b1 build/hci_tl.o
 .debug_line    0x000184b1      0x118 build/hci_tl_if.o
 .debug_line    0x000185c9      0x3b2 build/shci_tl.o
 .debug_line    0x0001897b      0x11a build/shci_tl_if.o