Archive member included to satisfy reference by file (symbol)

g:/arm/10 2021.10/bin/../lib/gcc/arm-none-eabi/10.3.1/../../../../arm-none-eabi/lib/thumb/v7e-m+fp/hard\libc_nano.a(lib_a-errno.o)
                              build/sysmem.o (__errno)
g:/arm/10 2021.10/bin/../lib/gcc/arm-none-eabi/10.3.1/../../../../arm-none-eabi/lib/thumb/v7e-m+fp/hard\libc_nano.a(lib_a-exit.o)
                              g:/arm/10 2021.10/bin/../lib/gcc/arm-none-eabi/10.3.1/../../../../arm-none-eabi/lib/thumb/v7e-m+fp/hard/crt0.o (exit)
g:/arm/10 2021.10/bin/../lib/gcc/arm-none-eabi/10.3.1/../../../../arm-none-eabi/lib/thumb/v7e-m+fp/hard\libc_nano.a(lib_a-impure.o)
                              g:/arm/10 2021.10/bin/../lib/gcc/arm-none-eabi/10.3.1/../../../../arm-none-eabi/lib/thumb/v7e-m+fp/hard\libc_nano.a(lib_a-exit.o) (_global_impure_ptr)
g:/arm/10 2021.10/bin/../lib/gcc/arm-none-eabi/10.3.1/../../../../arm-none-eabi/lib/thumb/v7e-m+fp/hard\libc_nano.a(lib_a-init.o)
                              g:/arm/10 2021.10/bin/../lib/gcc/arm-none-eabi/10.3.1/../../../../arm-none-eabi/lib/thumb/v7e-m+fp/hard/crt0.o (__libc_init_array)
g:/arm/10 2021.10/bin/../lib/gcc/arm-none-eabi/10.3.1/../../../../arm-none-eabi/lib/thumb/v7e-m+fp/hard\libc_nano.a(lib_a-memcmp.o)
                              build/osal.o (memcmp)
g:/arm/10 2021.10/bin/../lib/gcc/arm-none-eabi/10.3.1/../../../../arm-none-eabi/lib/thumb/v7e-m+fp/hard\libc_nano.a(lib_a-memcpy-stub.o)
                              build/stm_queue.o (memcpy)
g:/arm/10 2021.10/bin/../lib/gcc/arm-none-eabi/10.3.1/../../../../arm-none-eabi/lib/thumb/v7e-m+fp/hard\libc_nano.a(lib_a-memset.o)
                              g:/arm/10 2021.10/bin/../lib/gcc/arm-none-eabi/10.3.1/../../../../arm-none-eabi/lib/thumb/v7e-m+fp/hard/crt0.o (memset)
g:/arm/10 2021.10/bin/../lib/gcc/arm-none-eabi/10.3.1/../../../../arm-none-eabi/lib/thumb/v7e-m+fp/hard\libc_nano.a(lib_a-printf.o)
                              build/dbg_trace.o (printf)
g:/arm/10 2021.10/bin/../lib/gcc/arm-none-eabi/10.3.1/../../../../arm-none-eabi/lib/thumb/v7e-m+fp/hard\libc_nano.a(lib_a-puts.o)
                              build/main.o (puts)
g:/arm/10 2021.10/bin/../lib/gcc/arm-none-eabi/10.3.1/../../../../arm-none-eabi/lib/thumb/v7e-m+fp/hard\libc_nano.a(lib_a-sprintf.o)
                              build/main.o (sprintf)
g:/arm/10 2021.10/bin/../lib/gcc/arm-none-eabi/10.3.1/../../../../arm-none-eabi/lib/thumb/v7e-m+fp/hard\libc_nano.a(lib_a-strrchr.o)
                              build/dbg_trace.o (strrchr)
g:/arm/10 2021.10/bin/../lib/gcc/arm-none-eabi/10.3.1/../../../../arm-none-eabi/lib/thumb/v7e-m+fp/hard\libc_nano.a(lib_a-vprintf.o)
                              build/dbg_trace.o (vprintf)
g:/arm/10 2021.10/bin/../lib/gcc/arm-none-eabi/10.3.1/../../../../arm-none-eabi/lib/thumb/v7e-m+fp/hard\libc_nano.a(lib_a-vsnprintf.o)
                              build/main.o (vsnprintf)
g:/arm/10 2021.10/bin/../lib/gcc/arm-none-eabi/10.3.1/../../../../arm-none-eabi/lib/thumb/v7e-m+fp/hard\libc_nano.a(lib_a-wbuf.o)
                              g:/arm/10 2021.10/bin/../lib/gcc/arm-none-eabi/10.3.1/../../../../arm-none-eabi/lib/thumb/v7e-m+fp/hard\libc_nano.a(lib_a-puts.o) (__swbuf_r)
g:/arm/10 2021.10/bin/../lib/gcc/arm-none-eabi/10.3.1/../../../../arm-none-eabi/lib/thumb/v7e-m+fp/hard\libc_nano.a(lib_a-wsetup.o)
                              g:/arm/10 2021.10/bin/../lib/gcc/arm-none-eabi/10.3.1/../../../../arm-none-eabi/lib/thumb/v7e-m+fp/hard\libc_nano.a(lib_a-puts.o) (__swsetup_r)
g:/arm/10 2021.10/bin/../lib/gcc/arm-none-eabi/10.3.1/../../../../arm-none-eabi/lib/thumb/v7e-m+fp/hard\libc_nano.a(lib_a-fflush.o)
                              g:/arm/10 2021.10/bin/../lib/gcc/arm-none-eabi/10.3.1/../../../../arm-none-eabi/lib/thumb/v7e-m+fp/hard\libc_nano.a(lib_a-wbuf.o) (_fflush_r)
g:/arm/10 2021.10/bin/../lib/gcc/arm-none-eabi/10.3.1/../../../../arm-none-eabi/lib/thumb/v7e-m+fp/hard\libc_nano.a(lib_a-findfp.o)
                              g:/arm/10 2021.10/bin/../lib/gcc/arm-none-eabi/10.3.1/../../../../arm-none-eabi/lib/thumb/v7e-m+fp/hard\libc_nano.a(lib_a-printf.o) (__sinit)
g:/arm/10 2021.10/bin/../lib/gcc/arm-none-eabi/10.3.1/../../../../arm-none-eabi/lib/thumb/v7e-m+fp/hard\libc_nano.a(lib_a-fwalk.o)
                              g:/arm/10 2021.10/bin/../lib/gcc/arm-none-eabi/10.3.1/../../../../arm-none-eabi/lib/thumb/v7e-m+fp/hard\libc_nano.a(lib_a-findfp.o) (_fwalk)
g:/arm/10 2021.10/bin/../lib/gcc/arm-none-eabi/10.3.1/../../../../arm-none-eabi/lib/thumb/v7e-m+fp/hard\libc_nano.a(lib_a-lock.o)
                              g:/arm/10 2021.10/bin/../lib/gcc/arm-none-eabi/10.3.1/../../../../arm-none-eabi/lib/thumb/v7e-m+fp/hard\libc_nano.a(lib_a-findfp.o) (__retarget_lock_init_recursive)
g:/arm/10 2021.10/bin/../lib/gcc/arm-none-eabi/10.3.1/../../../../arm-none-eabi/lib/thumb/v7e-m+fp/hard\libc_nano.a(lib_a-makebuf.o)
[...]
Memory Configuration

Name             Origin             Length             Attributes
FLASH            0x08000000         0x00080000         xr
RAM1             0x20000008         0x0002fff8         xrw
RAM_SHARED       0x20030000         0x00002800         xrw
*default*        0x00000000         0xffffffff

Linker script and memory map

LOAD g:/arm/10 2021.10/bin/../lib/gcc/arm-none-eabi/10.3.1/thumb/v7e-m+fp/hard/crti.o
LOAD g:/arm/10 2021.10/bin/../lib/gcc/arm-none-eabi/10.3.1/thumb/v7e-m+fp/hard/crtbegin.o
LOAD g:/arm/10 2021.10/bin/../lib/gcc/arm-none-eabi/10.3.1/../../../../arm-none-eabi/lib/thumb/v7e-m+fp/hard/crt0.o
LOAD build/sht41.o
LOAD build/main.o
LOAD build/gpio.o
LOAD build/ipcc.o
LOAD build/rf.o
LOAD build/rtc.o
LOAD build/app_entry.o
LOAD build/app_debug.o
LOAD build/hw_timerserver.o
LOAD build/stm32_lpm_if.o
LOAD build/stm32wbxx_it.o
LOAD build/stm32wbxx_hal_msp.o
LOAD build/usbd_conf.o
LOAD build/usb_device.o
LOAD build/usbd_desc.o
LOAD build/usbd_cdc_if.o
LOAD build/app_ble.o
LOAD build/p2p_server_app.o
LOAD build/hw_ipcc.o
LOAD build/stm32wbxx_hal_pcd.o
LOAD build/stm32wbxx_hal_pcd_ex.o
LOAD build/stm32wbxx_ll_usb.o
LOAD build/stm32wbxx_hal_rcc.o
LOAD build/stm32wbxx_ll_rcc.o
LOAD build/stm32wbxx_hal_rcc_ex.o
LOAD build/stm32wbxx_hal_flash.o
LOAD build/stm32wbxx_hal_flash_ex.o
LOAD build/stm32wbxx_hal_gpio.o
LOAD build/stm32wbxx_hal_hsem.o
LOAD build/stm32wbxx_hal_dma.o
LOAD build/stm32wbxx_hal_dma_ex.o
LOAD build/stm32wbxx_hal_pwr.o
LOAD build/stm32wbxx_hal_pwr_ex.o
LOAD build/stm32wbxx_hal_cortex.o
LOAD build/stm32wbxx_hal.o
LOAD build/stm32wbxx_hal_exti.o
LOAD build/stm32wbxx_hal_ipcc.o
LOAD build/stm32wbxx_hal_rtc.o
LOAD build/stm32wbxx_hal_rtc_ex.o
LOAD build/stm32wbxx_hal_tim.o
LOAD build/stm32wbxx_hal_tim_ex.o
LOAD build/system_stm32wbxx.o
LOAD build/tl_mbox.o
LOAD build/shci.o
LOAD build/dbg_trace.o
LOAD build/otp.o
LOAD build/stm_list.o
LOAD build/stm_queue.o
LOAD build/osal.o
LOAD build/ble_gap_aci.o
LOAD build/ble_gatt_aci.o
LOAD build/ble_hal_aci.o
LOAD build/ble_hci_le.o
LOAD build/ble_l2cap_aci.o
LOAD build/p2p_stm.o
LOAD build/hci_tl.o
LOAD build/hci_tl_if.o
LOAD build/shci_tl.o
LOAD build/shci_tl_if.o
LOAD build/svc_ctl.o
LOAD build/usbd_core.o
LOAD build/usbd_ctlreq.o
LOAD build/usbd_ioreq.o
LOAD build/usbd_cdc.o
LOAD build/stm32_lpm.o
LOAD build/stm32_seq.o
LOAD build/sysmem.o
LOAD build/syscalls.o
LOAD build/i2c.o
LOAD build/stm32wbxx_hal_i2c.o
LOAD build/stm32wbxx_hal_i2c_ex.o
LOAD build/startup_stm32wb55xx_cm4.o
LOAD g:/arm/10 2021.10/bin/../lib/gcc/arm-none-eabi/10.3.1/../../../../arm-none-eabi/lib/thumb/v7e-m+fp/hard\libc_nano.a
LOAD g:/arm/10 2021.10/bin/../lib/gcc/arm-none-eabi/10.3.1/../../../../arm-none-eabi/lib/thumb/v7e-m+fp/hard\libm.a
LOAD g:/arm/10 2021.10/bin/../lib/gcc/arm-none-eabi/10.3.1/../../../../arm-none-eabi/lib/thumb/v7e-m+fp/hard\libnosys.a
START GROUP
LOAD g:/arm/10 2021.10/bin/../lib/gcc/arm-none-eabi/10.3.1/thumb/v7e-m+fp/hard\libgcc.a
LOAD g:/arm/10 2021.10/bin/../lib/gcc/arm-none-eabi/10.3.1/../../../../arm-none-eabi/lib/thumb/v7e-m+fp/hard\libc_nano.a
END GROUP
START GROUP
LOAD g:/arm/10 2021.10/bin/../lib/gcc/arm-none-eabi/10.3.1/thumb/v7e-m+fp/hard\libgcc.a
LOAD g:/arm/10 2021.10/bin/../lib/gcc/arm-none-eabi/10.3.1/../../../../arm-none-eabi/lib/thumb/v7e-m+fp/hard\libc_nano.a
END GROUP
LOAD g:/arm/10 2021.10/bin/../lib/gcc/arm-none-eabi/10.3.1/thumb/v7e-m+fp/hard/crtend.o
LOAD g:/arm/10 2021.10/bin/../lib/gcc/arm-none-eabi/10.3.1/thumb/v7e-m+fp/hard/crtn.o
                0x20030000                _estack = 0x20030000
                0x00000400                _Min_Heap_Size = 0x400
                0x00001000                _Min_Stack_Size = 0x1000

.isr_vector     0x08000000      0x13c
                0x08000000                . = ALIGN (0x4)
 *(.isr_vector)
 .isr_vector    0x08000000      0x13c build/startup_stm32wb55xx_cm4.o
                0x08000000                g_pfnVectors
                0x0800013c                . = ALIGN (0x4)

.text           0x08000140     0x9ab8
                0x08000140                . = ALIGN (0x4)
 *(.text)
 .text          0x08000140       0x40 g:/arm/10 2021.10/bin/../lib/gcc/arm-none-eabi/10.3.1/thumb/v7e-m+fp/hard/crtbegin.o
 .text          0x08000180       0xa0 g:/arm/10 2021.10/bin/../lib/gcc/arm-none-eabi/10.3.1/../../../../arm-none-eabi/lib/thumb/v7e-m+fp/hard\libc_nano.a(lib_a-memchr.o)
                0x08000180                memchr
 *(.text*)
 .text.SHT41_Crc8
                0x08000220       0x34 build/sht41.o
 .text.SHT41_Reset
                0x08000254       0x2c build/sht41.o
                0x08000254                SHT41_Reset
 .text.SHT41_Init
                0x08000280        0x8 build/sht41.o
                0x08000280                SHT41_Init
 .text.SHT41_ReadRaw
                0x08000288       0x8e build/sht41.o
                0x08000288                SHT41_ReadRaw
 *fill*         0x08000316        0x2 
 .text.SHT41_ConvertTemperature
                0x08000318       0x30 build/sht41.o
                0x08000318                SHT41_ConvertTemperature
 .text.SHT41_ConvertHumidity
                0x08000348       0x2c build/sht41.o
                0x08000348                SHT41_ConvertHumidity
 .text.SHT41_Read
                0x08000374       0x38 build/sht41.o
                0x08000374                SHT41_Read
 .text.Dbg_Print
                0x080003ac       0x44 build/main.o
                0x080003ac                Dbg_Print
 .text.Error_Handler
                0x080003f0        0x4 build/main.o
                0x080003f0                Error_Handler
 .text.SystemClock_Config
                0x080003f4       0xc0 build/main.o
                0x080003f4                SystemClock_Config
 .text.PeriphCommonClock_Config
                0x080004b4       0x34 build/main.o
                0x080004b4                PeriphCommonClock_Config
 .text.main     0x080004e8      0x1a8 build/main.o
                0x080004e8                main
 .text.MX_GPIO_Init
                0x08000690       0x74 build/gpio.o
                0x08000690                MX_GPIO_Init
 .text.MX_IPCC_Init
                0x08000704       0x20 build/ipcc.o
                0x08000704                MX_IPCC_Init
 .text.HAL_IPCC_MspInit
                0x08000724       0x50 build/ipcc.o
                0x08000724                HAL_IPCC_MspInit
 .text.MX_RF_Init
                0x08000774        0x2 build/rf.o
                0x08000774                MX_RF_Init
 *fill*         0x08000776        0x2 
 .text.MX_RTC_Init
                0x08000778       0xa8 build/rtc.o
                0x08000778                MX_RTC_Init
 .text.HAL_RTC_MspInit
                0x08000820       0x70 build/rtc.o
                0x08000820                HAL_RTC_MspInit
 .text.Init_Rtc
                0x08000890       0x1c build/app_entry.o
 .text.APPE_SysStatusNot
                0x080008ac        0x2 build/app_entry.o
 *fill*         0x080008ae        0x2 
 .text.Config_HSE
                0x080008b0       0x2c build/app_entry.o
 .text.SystemPower_Config
                0x080008dc       0x2c build/app_entry.o
 .text.appe_Tl_Init
                0x08000908       0x58 build/app_entry.o
 .text.APPE_SysEvtReadyProcessing
                0x08000960       0x60 build/app_entry.o
 .text.APPE_SysUserEvtRx
                0x080009c0       0x24 build/app_entry.o
 .text.MX_APPE_Config
                0x080009e4       0x14 build/app_entry.o
                0x080009e4                MX_APPE_Config
 .text.Init_Exti
                0x080009f8       0x14 build/app_entry.o
                0x080009f8                Init_Exti
 .text.System_Init
                0x08000a0c        0xc build/app_entry.o
 .text.MX_APPE_Init
                0x08000a18       0x20 build/app_entry.o
                0x08000a18                MX_APPE_Init
 .text.HAL_Delay
                0x08000a38       0x34 build/app_entry.o
                0x08000a38                HAL_Delay
 .text.MX_APPE_Process
                0x08000a6c        0xc build/app_entry.o
                0x08000a6c                MX_APPE_Process
 .text.UTIL_SEQ_Idle
                0x08000a78        0x2 build/app_entry.o
                0x08000a78                UTIL_SEQ_Idle
 .text.UTIL_SEQ_EvtIdle
                0x08000a7a        0xc build/app_entry.o
                0x08000a7a                UTIL_SEQ_EvtIdle
 .text.shci_notify_asynch_evt
                0x08000a86        0xc build/app_entry.o
                0x08000a86                shci_notify_asynch_evt
 .text.shci_cmd_resp_release
                0x08000a92        0xa build/app_entry.o
                0x08000a92                shci_cmd_resp_release
 .text.shci_cmd_resp_wait
                0x08000a9c        0xa build/app_entry.o
                0x08000a9c                shci_cmd_resp_wait
 *fill*         0x08000aa6        0x2 
 .text.APPD_SetCPU2GpioConfig
                0x08000aa8      0x15c build/app_debug.o
 .text.APPD_Init
                0x08000c04       0x24 build/app_debug.o
                0x08000c04                APPD_Init
 .text.APPD_EnableCPU2
                0x08000c28       0x34 build/app_debug.o
                0x08000c28                APPD_EnableCPU2
 .text.ReadRtcSsrValue
                0x08000c5c       0x20 build/hw_timerserver.o
 .text.LinkTimerAfter
                0x08000c7c       0x48 build/hw_timerserver.o
 .text.LinkTimerBefore
                0x08000cc4       0x68 build/hw_timerserver.o
 .text.UnlinkTimer
                0x08000d2c       0xa0 build/hw_timerserver.o
 .text.ReturnTimeElapsed
                0x08000dcc       0x54 build/hw_timerserver.o
 .text.linkTimer
                0x08000e20       0xdc build/hw_timerserver.o
 .text.RestartWakeupCounter
                0x08000efc       0x88 build/hw_timerserver.o
 .text.RescheduleTimerList
                0x08000f84       0xd8 build/hw_timerserver.o
 .text.HW_TS_Init
                0x0800105c      0x150 build/hw_timerserver.o
                0x0800105c                HW_TS_Init
 .text.HW_TS_Create
                0x080011ac       0x70 build/hw_timerserver.o
                0x080011ac                HW_TS_Create
 .text.HW_TS_Stop
                0x0800121c       0xc0 build/hw_timerserver.o
                0x0800121c                HW_TS_Stop
 .text.HW_TS_Start
                0x080012dc       0xa0 build/hw_timerserver.o
                0x080012dc                HW_TS_Start
 .text.HW_TS_RTC_Int_AppNot
                0x0800137c        0x6 build/hw_timerserver.o
                0x0800137c                HW_TS_RTC_Int_AppNot
 *fill*         0x08001382        0x2 
 .text.HW_TS_RTC_Wakeup_Handler
                0x08001384       0xe4 build/hw_timerserver.o
                0x08001384                HW_TS_RTC_Wakeup_Handler
 .text.NMI_Handler
                0x08001468        0x2 build/stm32wbxx_it.o
                0x08001468                NMI_Handler
 .text.HardFault_Handler
                0x0800146a        0x2 build/stm32wbxx_it.o
                0x0800146a                HardFault_Handler
 .text.MemManage_Handler
                0x0800146c        0x2 build/stm32wbxx_it.o
                0x0800146c                MemManage_Handler
 .text.BusFault_Handler
                0x0800146e        0x2 build/stm32wbxx_it.o
                0x0800146e                BusFault_Handler
 .text.UsageFault_Handler
                0x08001470        0x2 build/stm32wbxx_it.o
                0x08001470                UsageFault_Handler
 .text.SVC_Handler
                0x08001472        0x2 build/stm32wbxx_it.o
                0x08001472                SVC_Handler
 .text.DebugMon_Handler
                0x08001474        0x2 build/stm32wbxx_it.o
                0x08001474                DebugMon_Handler
 .text.PendSV_Handler
                0x08001476        0x2 build/stm32wbxx_it.o
                0x08001476                PendSV_Handler
 .text.SysTick_Handler
                0x08001478        0x8 build/stm32wbxx_it.o
                0x08001478                SysTick_Handler
 .text.RTC_WKUP_IRQHandler
                0x08001480        0x8 build/stm32wbxx_it.o
                0x08001480                RTC_WKUP_IRQHandler
 .text.USB_LP_IRQHandler
                0x08001488       0x10 build/stm32wbxx_it.o
                0x08001488                USB_LP_IRQHandler
 .text.IPCC_C1_RX_IRQHandler
                0x08001498        0x8 build/stm32wbxx_it.o
                0x08001498                IPCC_C1_RX_IRQHandler
 .text.IPCC_C1_TX_IRQHandler
                0x080014a0        0x8 build/stm32wbxx_it.o
                0x080014a0                IPCC_C1_TX_IRQHandler
 .text.HSEM_IRQHandler
                0x080014a8        0x8 build/stm32wbxx_it.o
                0x080014a8                HSEM_IRQHandler
 .text.HAL_MspInit
                0x080014b0       0x30 build/stm32wbxx_hal_msp.o
                0x080014b0                HAL_MspInit
 .text.USBD_Get_USB_Status
                0x080014e0       0x14 build/usbd_conf.o
 .text.SystemClockConfig_Resume
                0x080014f4        0x8 build/usbd_conf.o
 .text.HAL_PCD_MspInit
                0x080014fc       0x98 build/usbd_conf.o
                0x080014fc                HAL_PCD_MspInit
 .text.HAL_PCD_SetupStageCallback
                0x08001594       0x10 build/usbd_conf.o
                0x08001594                HAL_PCD_SetupStageCallback
 .text.HAL_PCD_DataOutStageCallback
                0x080015a4       0x18 build/usbd_conf.o
                0x080015a4                HAL_PCD_DataOutStageCallback
 .text.HAL_PCD_DataInStageCallback
                0x080015bc       0x16 build/usbd_conf.o
                0x080015bc                HAL_PCD_DataInStageCallback
 .text.HAL_PCD_SOFCallback
                0x080015d2        0xc build/usbd_conf.o
                0x080015d2                HAL_PCD_SOFCallback
 .text.HAL_PCD_ResetCallback
                0x080015de       0x24 build/usbd_conf.o
                0x080015de                HAL_PCD_ResetCallback
 *fill*         0x08001602        0x2 
 .text.HAL_PCD_SuspendCallback
                0x08001604       0x20 build/usbd_conf.o
                0x08001604                HAL_PCD_SuspendCallback
 .text.HAL_PCD_ResumeCallback
                0x08001624       0x28 build/usbd_conf.o
                0x08001624                HAL_PCD_ResumeCallback
 .text.USBD_LL_Init
                0x0800164c       0x90 build/usbd_conf.o
                0x0800164c                USBD_LL_Init
 .text.USBD_LL_Start
                0x080016dc       0x10 build/usbd_conf.o
                0x080016dc                USBD_LL_Start
 .text.USBD_LL_OpenEP
                0x080016ec       0x16 build/usbd_conf.o
                0x080016ec                USBD_LL_OpenEP
 .text.USBD_LL_CloseEP
                0x08001702       0x10 build/usbd_conf.o
                0x08001702                USBD_LL_CloseEP
 .text.USBD_LL_StallEP
                0x08001712       0x10 build/usbd_conf.o
                0x08001712                USBD_LL_StallEP
 .text.USBD_LL_ClearStallEP
                0x08001722       0x10 build/usbd_conf.o
                0x08001722                USBD_LL_ClearStallEP
 .text.USBD_LL_IsStallEP
                0x08001732       0x2c build/usbd_conf.o
                0x08001732                USBD_LL_IsStallEP
 .text.USBD_LL_SetUSBAddress
                0x0800175e       0x10 build/usbd_conf.o
                0x0800175e                USBD_LL_SetUSBAddress
 .text.USBD_LL_Transmit
                0x0800176e       0x10 build/usbd_conf.o
                0x0800176e                USBD_LL_Transmit
 .text.USBD_LL_PrepareReceive
                0x0800177e       0x10 build/usbd_conf.o
                0x0800177e                USBD_LL_PrepareReceive
 .text.USBD_LL_GetRxDataSize
                0x0800178e        0xc build/usbd_conf.o
                0x0800178e                USBD_LL_GetRxDataSize
 *fill*         0x0800179a        0x2 
 .text.HAL_PCDEx_LPM_Callback
                0x0800179c       0x48 build/usbd_conf.o
                0x0800179c                HAL_PCDEx_LPM_Callback
 .text.USBD_static_malloc
                0x080017e4        0x8 build/usbd_conf.o
                0x080017e4                USBD_static_malloc
 .text.USBD_static_free
                0x080017ec        0x2 build/usbd_conf.o
                0x080017ec                USBD_static_free
 *fill*         0x080017ee        0x2 
 .text.MX_USB_Device_Init
                0x080017f0       0x54 build/usb_device.o
                0x080017f0                MX_USB_Device_Init
 .text.USBD_CDC_DeviceDescriptor
                0x08001844        0xc build/usbd_desc.o
                0x08001844                USBD_CDC_DeviceDescriptor
 .text.USBD_CDC_LangIDStrDescriptor
                0x08001850        0xc build/usbd_desc.o
                0x08001850                USBD_CDC_LangIDStrDescriptor
 .text.IntToUnicode
                0x0800185c       0x46 build/usbd_desc.o
 *fill*         0x080018a2        0x2 
 .text.Get_SerialNum
                0x080018a4       0x38 build/usbd_desc.o
 .text.USBD_CDC_SerialStrDescriptor
                0x080018dc       0x14 build/usbd_desc.o
                0x080018dc                USBD_CDC_SerialStrDescriptor
 .text.USBD_CDC_ProductStrDescriptor
                0x080018f0       0x24 build/usbd_desc.o
                0x080018f0                USBD_CDC_ProductStrDescriptor
 .text.USBD_CDC_ManufacturerStrDescriptor
                0x08001914       0x1c build/usbd_desc.o
                0x08001914                USBD_CDC_ManufacturerStrDescriptor
 .text.USBD_CDC_ConfigStrDescriptor
                0x08001930       0x24 build/usbd_desc.o
                0x08001930                USBD_CDC_ConfigStrDescriptor
 .text.USBD_CDC_InterfaceStrDescriptor
                0x08001954       0x24 build/usbd_desc.o
                0x08001954                USBD_CDC_InterfaceStrDescriptor
 .text.CDC_DeInit_FS
                0x08001978        0x4 build/usbd_cdc_if.o
 .text.CDC_Control_FS
                0x0800197c        0x4 build/usbd_cdc_if.o
 .text.CDC_TransmitCplt_FS
                0x08001980        0x4 build/usbd_cdc_if.o
 .text.CDC_Receive_FS
                0x08001984       0x1c build/usbd_cdc_if.o
 .text.CDC_Init_FS
                0x080019a0       0x28 build/usbd_cdc_if.o
 .text.CDC_Transmit_FS
                0x080019c8       0x2c build/usbd_cdc_if.o
                0x080019c8                CDC_Transmit_FS
 .text.Switch_OFF_GPIO
                0x080019f4        0x2 build/app_ble.o
 .text.Adv_Cancel_Req
                0x080019f6        0xc build/app_ble.o
 *fill*         0x08001a02        0x2 
 .text.Adv_Cancel
                0x08001a04       0x20 build/app_ble.o
 .text.Ble_Tl_Init
                0x08001a24       0x28 build/app_ble.o
 .text.BLE_UserEvtRx
                0x08001a4c       0x1a build/app_ble.o
 .text.BLE_StatusNot
                0x08001a66       0x1a build/app_ble.o
 .text.BleGetBdAddress
                0x08001a80       0x4c build/app_ble.o
 .text.Ble_Hci_Gap_Gatt_Init
                0x08001acc       0xfc build/app_ble.o
 .text.Adv_Request
                0x08001bc8       0xa0 build/app_ble.o
 .text.APP_BLE_Init
                0x08001c68       0xcc build/app_ble.o
                0x08001c68                APP_BLE_Init
 .text.SVCCTL_App_Notification
                0x08001d34       0xd0 build/app_ble.o
                0x08001d34                SVCCTL_App_Notification
 .text.hci_notify_asynch_evt
                0x08001e04        0xc build/app_ble.o
                0x08001e04                hci_notify_asynch_evt
 .text.hci_cmd_resp_release
                0x08001e10        0xa build/app_ble.o
                0x08001e10                hci_cmd_resp_release
 .text.hci_cmd_resp_wait
                0x08001e1a        0xa build/app_ble.o
                0x08001e1a                hci_cmd_resp_wait
 .text.P2PS_STM_App_Notification
                0x08001e24       0x48 build/p2p_server_app.o
                0x08001e24                P2PS_STM_App_Notification
 .text.P2PS_APP_Notification
                0x08001e6c        0x2 build/p2p_server_app.o
                0x08001e6c                P2PS_APP_Notification
 .text.P2PS_APP_Init
                0x08001e6e        0x2 build/p2p_server_app.o
                0x08001e6e                P2PS_APP_Init
 .text.HW_IPCC_MM_FreeBufHandler
                0x08001e70       0x24 build/hw_ipcc.o
 .text.HW_IPCC_Enable
                0x08001e94       0x50 build/hw_ipcc.o
                0x08001e94                HW_IPCC_Enable
 .text.HW_IPCC_Init
                0x08001ee4       0x44 build/hw_ipcc.o
                0x08001ee4                HW_IPCC_Init
 .text.HW_IPCC_BLE_Init
                0x08001f28       0x10 build/hw_ipcc.o
                0x08001f28                HW_IPCC_BLE_Init
 .text.HW_IPCC_BLE_SendCmd
                0x08001f38       0x10 build/hw_ipcc.o
                0x08001f38                HW_IPCC_BLE_SendCmd
 .text.HW_IPCC_BLE_AclDataEvtHandler
                0x08001f48       0x18 build/hw_ipcc.o
 .text.HW_IPCC_BLE_EvtHandler
                0x08001f60       0x14 build/hw_ipcc.o
 .text.HW_IPCC_SYS_Init
                0x08001f74       0x10 build/hw_ipcc.o
                0x08001f74                HW_IPCC_SYS_Init
 .text.HW_IPCC_SYS_SendCmd
                0x08001f84       0x18 build/hw_ipcc.o
                0x08001f84                HW_IPCC_SYS_SendCmd
 .text.HW_IPCC_SYS_CmdEvtHandler
                0x08001f9c       0x18 build/hw_ipcc.o
 .text.HW_IPCC_Tx_Handler
                0x08001fb4       0x58 build/hw_ipcc.o
                0x08001fb4                HW_IPCC_Tx_Handler
 .text.HW_IPCC_SYS_EvtHandler
                0x0800200c       0x14 build/hw_ipcc.o
 .text.HW_IPCC_MM_SendFreeBuf
                0x08002020       0x30 build/hw_ipcc.o
                0x08002020                HW_IPCC_MM_SendFreeBuf
 .text.HW_IPCC_TRACES_Init
                0x08002050       0x10 build/hw_ipcc.o
                0x08002050                HW_IPCC_TRACES_Init
 .text.HW_IPCC_TRACES_EvtHandler
                0x08002060       0x14 build/hw_ipcc.o
 .text.HW_IPCC_Rx_Handler
                0x08002074       0x58 build/hw_ipcc.o
                0x08002074                HW_IPCC_Rx_Handler
 .text.HAL_PCD_EP_DB_Receive
                0x080020cc      0x118 build/stm32wbxx_hal_pcd.o
 .text.HAL_PCD_Init
                0x080021e4       0xb6 build/stm32wbxx_hal_pcd.o
                0x080021e4                HAL_PCD_Init
 .text.HAL_PCD_Start
                0x0800229a       0x2a build/stm32wbxx_hal_pcd.o
                0x0800229a                HAL_PCD_Start
 .text.HAL_PCD_EP_DB_Transmit
                0x080022c4      0x414 build/stm32wbxx_hal_pcd.o
 .text.PCD_EP_ISR_Handler
                0x080026d8      0x52e build/stm32wbxx_hal_pcd.o
 .text.HAL_PCD_SetAddress
                0x08002c06       0x26 build/stm32wbxx_hal_pcd.o
                0x08002c06                HAL_PCD_SetAddress
 .text.HAL_PCD_IRQHandler
                0x08002c2c      0x1b2 build/stm32wbxx_hal_pcd.o
                0x08002c2c                HAL_PCD_IRQHandler
 .text.HAL_PCD_EP_Open
                0x08002dde       0x84 build/stm32wbxx_hal_pcd.o
                0x08002dde                HAL_PCD_EP_Open
 .text.HAL_PCD_EP_Close
                0x08002e62       0x6c build/stm32wbxx_hal_pcd.o
                0x08002e62                HAL_PCD_EP_Close
 .text.HAL_PCD_EP_Receive
                0x08002ece       0x3a build/stm32wbxx_hal_pcd.o
                0x08002ece                HAL_PCD_EP_Receive
 .text.HAL_PCD_EP_GetRxCount
                0x08002f08       0x12 build/stm32wbxx_hal_pcd.o
                0x08002f08                HAL_PCD_EP_GetRxCount
 .text.HAL_PCD_EP_Transmit
                0x08002f1a       0x4c build/stm32wbxx_hal_pcd.o
                0x08002f1a                HAL_PCD_EP_Transmit
 .text.HAL_PCD_EP_SetStall
                0x08002f66       0x72 build/stm32wbxx_hal_pcd.o
                0x08002f66                HAL_PCD_EP_SetStall
 .text.HAL_PCD_EP_ClrStall
                0x08002fd8       0x7e build/stm32wbxx_hal_pcd.o
                0x08002fd8                HAL_PCD_EP_ClrStall
 .text.HAL_PCDEx_PMAConfig
                0x08003056       0x38 build/stm32wbxx_hal_pcd_ex.o
                0x08003056                HAL_PCDEx_PMAConfig
 .text.HAL_PCDEx_ActivateLPM
                0x0800308e       0x2c build/stm32wbxx_hal_pcd_ex.o
                0x0800308e                HAL_PCDEx_ActivateLPM
 .text.USB_EnableGlobalInt
                0x080030ba       0x12 build/stm32wbxx_ll_usb.o
                0x080030ba                USB_EnableGlobalInt
 .text.USB_DisableGlobalInt
                0x080030cc       0x14 build/stm32wbxx_ll_usb.o
                0x080030cc                USB_DisableGlobalInt
 .text.USB_DevInit
                0x080030e0       0x22 build/stm32wbxx_ll_usb.o
                0x080030e0                USB_DevInit
 .text.USB_ActivateEndpoint
                0x08003102      0x3ce build/stm32wbxx_ll_usb.o
                0x08003102                USB_ActivateEndpoint
 .text.USB_DeactivateEndpoint
                0x080034d0      0x1d6 build/stm32wbxx_ll_usb.o
                0x080034d0                USB_DeactivateEndpoint
 .text.USB_EPSetStall
                0x080036a6       0x4a build/stm32wbxx_ll_usb.o
                0x080036a6                USB_EPSetStall
 .text.USB_EPClearStall
                0x080036f0       0xa2 build/stm32wbxx_ll_usb.o
                0x080036f0                USB_EPClearStall
 .text.USB_SetDevAddress
                0x08003792        0xc build/stm32wbxx_ll_usb.o
                0x08003792                USB_SetDevAddress
 .text.USB_DevConnect
                0x0800379e       0x16 build/stm32wbxx_ll_usb.o
                0x0800379e                USB_DevConnect
 .text.USB_ReadInterrupts
                0x080037b4        0x8 build/stm32wbxx_ll_usb.o
                0x080037b4                USB_ReadInterrupts
 .text.USB_WritePMA
                0x080037bc       0x28 build/stm32wbxx_ll_usb.o
                0x080037bc                USB_WritePMA
 .text.USB_EPStartXfer
                0x080037e4      0x7ce build/stm32wbxx_ll_usb.o
                0x080037e4                USB_EPStartXfer
 .text.USB_ReadPMA
                0x08003fb2       0x30 build/stm32wbxx_ll_usb.o
                0x08003fb2                USB_ReadPMA
 *fill*         0x08003fe2        0x2 
 .text.RCC_SetFlashLatency
                0x08003fe4       0xc0 build/stm32wbxx_hal_rcc.o
 .text.RCC_SetFlashLatencyFromMSIRange
                0x080040a4       0x4c build/stm32wbxx_hal_rcc.o
 .text.HAL_RCC_GetSysClockFreq
                0x080040f0       0xc0 build/stm32wbxx_hal_rcc.o
                0x080040f0                HAL_RCC_GetSysClockFreq
 .text.HAL_RCC_GetHCLKFreq
                0x080041b0       0x20 build/stm32wbxx_hal_rcc.o
                0x080041b0                HAL_RCC_GetHCLKFreq
 .text.HAL_RCC_OscConfig
                0x080041d0      0x718 build/stm32wbxx_hal_rcc.o
                0x080041d0                HAL_RCC_OscConfig
 .text.HAL_RCC_ClockConfig
                0x080048e8      0x264 build/stm32wbxx_hal_rcc.o
                0x080048e8                HAL_RCC_ClockConfig
 .text.RCCEx_PLLSAI1_ConfigNP
                0x08004b4c       0x8e build/stm32wbxx_hal_rcc_ex.o
 .text.RCCEx_PLLSAI1_ConfigNQ
                0x08004bda       0x8e build/stm32wbxx_hal_rcc_ex.o
 .text.RCCEx_PLLSAI1_ConfigNR
                0x08004c68       0x8e build/stm32wbxx_hal_rcc_ex.o
 .text.HAL_RCCEx_PeriphCLKConfig
                0x08004cf6      0x326 build/stm32wbxx_hal_rcc_ex.o
                0x08004cf6                HAL_RCCEx_PeriphCLKConfig
 .text.HAL_GPIO_Init
                0x0800501c      0x1b4 build/stm32wbxx_hal_gpio.o
                0x0800501c                HAL_GPIO_Init
 .text.HAL_GPIO_WritePin
                0x080051d0        0xa build/stm32wbxx_hal_gpio.o
                0x080051d0                HAL_GPIO_WritePin
 .text.HAL_HSEM_FreeCallback
                0x080051da        0x2 build/stm32wbxx_hal_hsem.o
                0x080051da                HAL_HSEM_FreeCallback
 .text.HAL_HSEM_IRQHandler
                0x080051dc       0x1c build/stm32wbxx_hal_hsem.o
                0x080051dc                HAL_HSEM_IRQHandler
 .text.HAL_PWR_EnableBkUpAccess
                0x080051f8       0x10 build/stm32wbxx_hal_pwr.o
                0x080051f8                HAL_PWR_EnableBkUpAccess
 .text.HAL_PWREx_GetVoltageRange
                0x08005208       0x10 build/stm32wbxx_hal_pwr_ex.o
                0x08005208                HAL_PWREx_GetVoltageRange
 .text.HAL_PWREx_EnableVddUSB
                0x08005218       0x10 build/stm32wbxx_hal_pwr_ex.o
                0x08005218                HAL_PWREx_EnableVddUSB
 .text.HAL_NVIC_SetPriorityGrouping
                0x08005228       0x24 build/stm32wbxx_hal_cortex.o
                0x08005228                HAL_NVIC_SetPriorityGrouping
 .text.HAL_NVIC_SetPriority
                0x0800524c       0x70 build/stm32wbxx_hal_cortex.o
                0x0800524c                HAL_NVIC_SetPriority
 .text.HAL_NVIC_EnableIRQ
                0x080052bc       0x1c build/stm32wbxx_hal_cortex.o
                0x080052bc                HAL_NVIC_EnableIRQ
 .text.HAL_NVIC_DisableIRQ
                0x080052d8       0x24 build/stm32wbxx_hal_cortex.o
                0x080052d8                HAL_NVIC_DisableIRQ
 .text.HAL_SYSTICK_Config
                0x080052fc       0x28 build/stm32wbxx_hal_cortex.o
                0x080052fc                HAL_SYSTICK_Config
 .text.HAL_NVIC_SetPendingIRQ
                0x08005324       0x1c build/stm32wbxx_hal_cortex.o
                0x08005324                HAL_NVIC_SetPendingIRQ
 .text.HAL_NVIC_ClearPendingIRQ
                0x08005340       0x1c build/stm32wbxx_hal_cortex.o
                0x08005340                HAL_NVIC_ClearPendingIRQ
 .text.HAL_InitTick
                0x0800535c       0x50 build/stm32wbxx_hal.o
                0x0800535c                HAL_InitTick
 .text.HAL_Init
                0x080053ac       0x2c build/stm32wbxx_hal.o
                0x080053ac                HAL_Init
 .text.HAL_IncTick
                0x080053d8       0x18 build/stm32wbxx_hal.o
                0x080053d8                HAL_IncTick
 .text.HAL_GetTick
                0x080053f0        0xc build/stm32wbxx_hal.o
                0x080053f0                HAL_GetTick
 .text.HAL_GetTickPrio
                0x080053fc        0xc build/stm32wbxx_hal.o
                0x080053fc                HAL_GetTickPrio
 .text.HAL_GetTickFreq
                0x08005408        0xc build/stm32wbxx_hal.o
                0x08005408                HAL_GetTickFreq
 .text.HAL_DBGMCU_EnableDBGSleepMode
                0x08005414       0x10 build/stm32wbxx_hal.o
                0x08005414                HAL_DBGMCU_EnableDBGSleepMode
 .text.HAL_DBGMCU_EnableDBGStopMode
                0x08005424       0x10 build/stm32wbxx_hal.o
                0x08005424                HAL_DBGMCU_EnableDBGStopMode
 .text.HAL_IPCC_RxCallback
                0x08005434        0x2 build/stm32wbxx_hal_ipcc.o
                0x08005434                HAL_IPCC_RxCallback
 .text.HAL_IPCC_TxCallback
                0x08005436        0x2 build/stm32wbxx_hal_ipcc.o
                0x08005436                HAL_IPCC_TxCallback
 .text.IPCC_SetDefaultCallbacks
                0x08005438       0x28 build/stm32wbxx_hal_ipcc.o
                0x08005438                IPCC_SetDefaultCallbacks
 .text.IPCC_Reset_Register
                0x08005460       0x10 build/stm32wbxx_hal_ipcc.o
                0x08005460                IPCC_Reset_Register
 .text.HAL_IPCC_Init
                0x08005470       0x3c build/stm32wbxx_hal_ipcc.o
                0x08005470                HAL_IPCC_Init
 .text.HAL_RTC_WaitForSynchro
                0x080054ac       0x32 build/stm32wbxx_hal_rtc.o
                0x080054ac                HAL_RTC_WaitForSynchro
 .text.RTC_EnterInitMode
                0x080054de       0x3c build/stm32wbxx_hal_rtc.o
                0x080054de                RTC_EnterInitMode
 *fill*         0x0800551a        0x2 
 .text.HAL_RTC_Init
                0x0800551c       0xe4 build/stm32wbxx_hal_rtc.o
                0x0800551c                HAL_RTC_Init
 .text.RTC_ByteToBcd2
                0x08005600       0x16 build/stm32wbxx_hal_rtc.o
                0x08005600                RTC_ByteToBcd2
 .text.HAL_RTC_SetTime
                0x08005616      0x112 build/stm32wbxx_hal_rtc.o
                0x08005616                HAL_RTC_SetTime
 .text.HAL_RTC_SetDate
                0x08005728       0xec build/stm32wbxx_hal_rtc.o
                0x08005728                HAL_RTC_SetDate
 .text.RTC_Bcd2ToByte
                0x08005814       0x12 build/stm32wbxx_hal_rtc.o
                0x08005814                RTC_Bcd2ToByte
 .text.HAL_RTC_GetTime
                0x08005826       0x50 build/stm32wbxx_hal_rtc.o
                0x08005826                HAL_RTC_GetTime
 .text.HAL_RTC_GetDate
                0x08005876       0x3c build/stm32wbxx_hal_rtc.o
                0x08005876                HAL_RTC_GetDate
 *fill*         0x080058b2        0x2 
 .text.HAL_RTCEx_SetWakeUpTimer_IT
                0x080058b4      0x104 build/stm32wbxx_hal_rtc_ex.o
                0x080058b4                HAL_RTCEx_SetWakeUpTimer_IT
 .text.SystemInit
                0x080059b8       0x64 build/system_stm32wbxx.o
                0x080059b8                SystemInit
 .text.SendFreeBuf
                0x08005a1c       0x34 build/tl_mbox.o
 .text.TL_Enable
                0x08005a50        0x8 build/tl_mbox.o
                0x08005a50                TL_Enable
 .text.TL_Init  0x08005a58       0x4c build/tl_mbox.o
                0x08005a58                TL_Init
 .text.TL_BLE_Init
                0x08005aa4       0x48 build/tl_mbox.o
                0x08005aa4                TL_BLE_Init
 .text.TL_BLE_SendCmd
                0x08005aec       0x1c build/tl_mbox.o
                0x08005aec                TL_BLE_SendCmd
 .text.HW_IPCC_BLE_RxEvtNot
                0x08005b08       0x30 build/tl_mbox.o
                0x08005b08                HW_IPCC_BLE_RxEvtNot
 .text.HW_IPCC_BLE_AclDataAckNot
                0x08005b38       0x10 build/tl_mbox.o
                0x08005b38                HW_IPCC_BLE_AclDataAckNot
 .text.TL_SYS_Init
                0x08005b48       0x3c build/tl_mbox.o
                0x08005b48                TL_SYS_Init
 .text.TL_SYS_SendCmd
                0x08005b84       0x1c build/tl_mbox.o
                0x08005b84                TL_SYS_SendCmd
 .text.HW_IPCC_SYS_CmdEvtNot
                0x08005ba0       0x1c build/tl_mbox.o
                0x08005ba0                HW_IPCC_SYS_CmdEvtNot
 .text.HW_IPCC_SYS_EvtNot
                0x08005bbc       0x30 build/tl_mbox.o
                0x08005bbc                HW_IPCC_SYS_EvtNot
 .text.TL_MM_Init
                0x08005bec       0x48 build/tl_mbox.o
                0x08005bec                TL_MM_Init
 .text.TL_MM_EvtDone
                0x08005c34       0x1c build/tl_mbox.o
                0x08005c34                TL_MM_EvtDone
 .text.TL_TRACES_Init
                0x08005c50       0x20 build/tl_mbox.o
                0x08005c50                TL_TRACES_Init
 .text.TL_TRACES_EvtReceived
                0x08005c70        0x2 build/tl_mbox.o
                0x08005c70                TL_TRACES_EvtReceived
 *fill*         0x08005c72        0x2 
 .text.HW_IPCC_TRACES_EvtNot
                0x08005c74       0x28 build/tl_mbox.o
                0x08005c74                HW_IPCC_TRACES_EvtNot
 .text.SHCI_C2_BLE_Init
                0x08005c9c       0x1e build/shci.o
                0x08005c9c                SHCI_C2_BLE_Init
 .text.SHCI_C2_DEBUG_Init
                0x08005cba       0x1e build/shci.o
                0x08005cba                SHCI_C2_DEBUG_Init
 .text.SHCI_C2_Config
                0x08005cd8       0x1c build/shci.o
                0x08005cd8                SHCI_C2_Config
 .text.SHCI_GetWirelessFwInfo
                0x08005cf4       0x90 build/shci.o
                0x08005cf4                SHCI_GetWirelessFwInfo
 .text.OTP_Read
                0x08005d84       0x28 build/otp.o
                0x08005d84                OTP_Read
 .text.LST_init_head
                0x08005dac        0x6 build/stm_list.o
                0x08005dac                LST_init_head
 .text.LST_is_empty
                0x08005db2       0x18 build/stm_list.o
                0x08005db2                LST_is_empty
 .text.LST_insert_head
                0x08005dca       0x18 build/stm_list.o
                0x08005dca                LST_insert_head
 .text.LST_insert_tail
                0x08005de2       0x18 build/stm_list.o
                0x08005de2                LST_insert_tail
 .text.LST_remove_node
                0x08005dfa       0x18 build/stm_list.o
                0x08005dfa                LST_remove_node
 .text.LST_remove_head
                0x08005e12       0x18 build/stm_list.o
                0x08005e12                LST_remove_head
 .text.Osal_MemCpy
                0x08005e2a        0x8 build/osal.o
                0x08005e2a                Osal_MemCpy
 .text.Osal_MemSet
                0x08005e32        0x8 build/osal.o
                0x08005e32                Osal_MemSet
 .text.aci_gap_set_non_discoverable
                0x08005e3a       0x42 build/ble_gap_aci.o
                0x08005e3a                aci_gap_set_non_discoverable
 .text.aci_gap_set_discoverable
                0x08005e7c       0xb4 build/ble_gap_aci.o
                0x08005e7c                aci_gap_set_discoverable
 .text.aci_gap_set_io_capability
                0x08005f30       0x4c build/ble_gap_aci.o
                0x08005f30                aci_gap_set_io_capability
 .text.aci_gap_set_authentication_requirement
                0x08005f7c       0x80 build/ble_gap_aci.o
                0x08005f7c                aci_gap_set_authentication_requirement
 .text.aci_gap_init
                0x08005ffc       0x7e build/ble_gap_aci.o
                0x08005ffc                aci_gap_init
 .text.aci_gap_update_adv_data
                0x0800607a       0x5a build/ble_gap_aci.o
                0x0800607a                aci_gap_update_adv_data
 .text.aci_gap_configure_filter_accept_list
                0x080060d4       0x42 build/ble_gap_aci.o
                0x080060d4                aci_gap_configure_filter_accept_list
 .text.aci_gatt_init
                0x08006116       0x44 build/ble_gatt_aci.o
                0x08006116                aci_gatt_init
 .text.aci_gatt_add_service
                0x0800615a       0xa0 build/ble_gatt_aci.o
                0x0800615a                aci_gatt_add_service
 .text.aci_gatt_add_char
                0x080061fa       0xc0 build/ble_gatt_aci.o
                0x080061fa                aci_gatt_add_char
 .text.aci_gatt_update_char_value
                0x080062ba       0x6a build/ble_gatt_aci.o
                0x080062ba                aci_gatt_update_char_value
 .text.aci_gatt_exchange_config
                0x08006324       0x54 build/ble_gatt_aci.o
                0x08006324                aci_gatt_exchange_config
 .text.aci_gatt_confirm_indication
                0x08006378       0x50 build/ble_gatt_aci.o
                0x08006378                aci_gatt_confirm_indication
 .text.aci_hal_write_config_data
                0x080063c8       0x60 build/ble_hal_aci.o
                0x080063c8                aci_hal_write_config_data
 .text.aci_hal_set_tx_power_level
                0x08006428       0x52 build/ble_hal_aci.o
                0x08006428                aci_hal_set_tx_power_level
 .text.aci_hal_set_radio_activity_mask
                0x0800647a       0x4e build/ble_hal_aci.o
                0x0800647a                aci_hal_set_radio_activity_mask
 .text.hci_reset
                0x080064c8       0x40 build/ble_hci_le.o
                0x080064c8                hci_reset
 .text.hci_le_set_data_length
                0x08006508       0x66 build/ble_hci_le.o
                0x08006508                hci_le_set_data_length
 .text.hci_le_read_phy
                0x0800656e       0x64 build/ble_hci_le.o
                0x0800656e                hci_le_read_phy
 .text.hci_le_set_default_phy
                0x080065d2       0x56 build/ble_hci_le.o
                0x080065d2                hci_le_set_default_phy
 .text.PeerToPeer_Event_Handler
                0x08006628       0x84 build/p2p_stm.o
 .text.P2PS_STM_Init
                0x080066ac      0x198 build/p2p_stm.o
                0x080066ac                P2PS_STM_Init
 .text.P2PS_STM_App_Update_Char
                0x08006844       0x2c build/p2p_stm.o
                0x08006844                P2PS_STM_App_Update_Char
 .text.NotifyCmdStatus
                0x08006870       0x20 build/hci_tl.o
 .text.TlInit   0x08006890       0x40 build/hci_tl.o
 .text.SendCmd  0x080068d0       0x30 build/hci_tl.o
 .text.hci_init
                0x08006900       0x24 build/hci_tl.o
                0x08006900                hci_init
 .text.hci_user_evt_proc
                0x08006924       0x80 build/hci_tl.o
                0x08006924                hci_user_evt_proc
 .text.hci_send_req
                0x080069a4       0xb0 build/hci_tl.o
                0x080069a4                hci_send_req
 .text.TlEvtReceived
                0x08006a54       0x34 build/hci_tl.o
 .text.hci_register_io_bus
                0x08006a88       0x14 build/hci_tl_if.o
                0x08006a88                hci_register_io_bus
 .text.Cmd_SetStatus
                0x08006a9c       0x30 build/shci_tl.o
 .text.TlInit   0x08006acc       0x44 build/shci_tl.o
 .text.TlUserEvtReceived
                0x08006b10       0x18 build/shci_tl.o
 .text.shci_init
                0x08006b28       0x24 build/shci_tl.o
                0x08006b28                shci_init
 .text.shci_user_evt_proc
                0x08006b4c       0x80 build/shci_tl.o
                0x08006b4c                shci_user_evt_proc
 .text.shci_send
                0x08006bcc       0x68 build/shci_tl.o
                0x08006bcc                shci_send
 .text.TlCmdEvtReceived
                0x08006c34        0xa build/shci_tl.o
 *fill*         0x08006c3e        0x2 
 .text.shci_register_io_bus
                0x08006c40       0x14 build/shci_tl_if.o
                0x08006c40                shci_register_io_bus
 .text.BAS_Init
                0x08006c54        0x2 build/svc_ctl.o
                0x08006c54                BAS_Init
 .text.BLS_Init
                0x08006c56        0x2 build/svc_ctl.o
                0x08006c56                BLS_Init
 .text.CRS_STM_Init
                0x08006c58        0x2 build/svc_ctl.o
                0x08006c58                CRS_STM_Init
 .text.DIS_Init
                0x08006c5a        0x2 build/svc_ctl.o
                0x08006c5a                DIS_Init
 .text.EDS_STM_Init
                0x08006c5c        0x2 build/svc_ctl.o
                0x08006c5c                EDS_STM_Init
 .text.HIDS_Init
                0x08006c5e        0x2 build/svc_ctl.o
                0x08006c5e                HIDS_Init
 .text.HRS_Init
                0x08006c60        0x2 build/svc_ctl.o
                0x08006c60                HRS_Init
 .text.HTS_Init
                0x08006c62        0x2 build/svc_ctl.o
                0x08006c62                HTS_Init
 .text.IAS_Init
                0x08006c64        0x2 build/svc_ctl.o
                0x08006c64                IAS_Init
 .text.LLS_Init
                0x08006c66        0x2 build/svc_ctl.o
                0x08006c66                LLS_Init
 .text.TPS_Init
                0x08006c68        0x2 build/svc_ctl.o
                0x08006c68                TPS_Init
 .text.MOTENV_STM_Init
                0x08006c6a        0x2 build/svc_ctl.o
                0x08006c6a                MOTENV_STM_Init
 .text.ZDD_STM_Init
                0x08006c6c        0x2 build/svc_ctl.o
                0x08006c6c                ZDD_STM_Init
 .text.OTAS_STM_Init
                0x08006c6e        0x2 build/svc_ctl.o
                0x08006c6e                OTAS_STM_Init
 .text.MESH_Init
                0x08006c70        0x2 build/svc_ctl.o
                0x08006c70                MESH_Init
 .text.BVOPUS_STM_Init
                0x08006c72        0x2 build/svc_ctl.o
                0x08006c72                BVOPUS_STM_Init
 .text.SVCCTL_InitCustomSvc
                0x08006c74        0x2 build/svc_ctl.o
                0x08006c74                SVCCTL_InitCustomSvc
 .text.SVCCTL_SvcInit
                0x08006c76       0x4c build/svc_ctl.o
                0x08006c76                SVCCTL_SvcInit
 *fill*         0x08006cc2        0x2 
 .text.SVCCTL_Init
                0x08006cc4       0x18 build/svc_ctl.o
                0x08006cc4                SVCCTL_Init
 .text.SVCCTL_RegisterSvcHandler
                0x08006cdc       0x14 build/svc_ctl.o
                0x08006cdc                SVCCTL_RegisterSvcHandler
 .text.SVCCTL_UserEvtRx
                0x08006cf0       0x54 build/svc_ctl.o
                0x08006cf0                SVCCTL_UserEvtRx
 .text.USBD_Init
                0x08006d44       0x2e build/usbd_core.o
                0x08006d44                USBD_Init
 .text.USBD_RegisterClass
                0x08006d72       0x34 build/usbd_core.o
                0x08006d72                USBD_RegisterClass
 .text.USBD_Start
                0x08006da6        0x8 build/usbd_core.o
                0x08006da6                USBD_Start
 .text.USBD_SetClassConfig
                0x08006dae       0x12 build/usbd_core.o
                0x08006dae                USBD_SetClassConfig
 .text.USBD_ClrClassConfig
                0x08006dc0       0x12 build/usbd_core.o
                0x08006dc0                USBD_ClrClassConfig
 .text.USBD_LL_SetupStage
                0x08006dd2       0x58 build/usbd_core.o
                0x08006dd2                USBD_LL_SetupStage
 .text.USBD_LL_Reset
                0x08006e2a       0x64 build/usbd_core.o
                0x08006e2a                USBD_LL_Reset
 .text.USBD_LL_SetSpeed
                0x08006e8e        0x6 build/usbd_core.o
                0x08006e8e                USBD_LL_SetSpeed
 .text.USBD_LL_Suspend
                0x08006e94       0x1e build/usbd_core.o
                0x08006e94                USBD_LL_Suspend
 .text.USBD_LL_Resume
                0x08006eb2       0x1a build/usbd_core.o
                0x08006eb2                USBD_LL_Resume
 .text.USBD_LL_SOF
                0x08006ecc       0x22 build/usbd_core.o
                0x08006ecc                USBD_LL_SOF
 .text.USBD_CoreFindIF
                0x08006eee        0x4 build/usbd_core.o
                0x08006eee                USBD_CoreFindIF
 .text.USBD_CoreFindEP
                0x08006ef2        0x4 build/usbd_core.o
                0x08006ef2                USBD_CoreFindEP
 .text.USBD_LL_DataOutStage
                0x08006ef6       0xc6 build/usbd_core.o
                0x08006ef6                USBD_LL_DataOutStage
 .text.USBD_LL_DataInStage
                0x08006fbc       0xd6 build/usbd_core.o
                0x08006fbc                USBD_LL_DataInStage
 .text.USBD_GetNextDesc
                0x08007092        0xe build/usbd_core.o
                0x08007092                USBD_GetNextDesc
 .text.USBD_GetEpDesc
                0x080070a0       0x3e build/usbd_core.o
                0x080070a0                USBD_GetEpDesc
 .text.USBD_GetLen
                0x080070de       0x14 build/usbd_ctlreq.o
 .text.USBD_ParseSetupRequest
                0x080070f2       0x28 build/usbd_ctlreq.o
                0x080070f2                USBD_ParseSetupRequest
 .text.USBD_CtlError
                0x0800711a       0x14 build/usbd_ctlreq.o
                0x0800711a                USBD_CtlError
 .text.USBD_GetDescriptor
                0x0800712e      0x1ac build/usbd_ctlreq.o
 .text.USBD_SetAddress
                0x080072da       0x50 build/usbd_ctlreq.o
 *fill*         0x0800732a        0x2 
 .text.USBD_SetConfig
                0x0800732c       0xcc build/usbd_ctlreq.o
 .text.USBD_GetConfig
                0x080073f8       0x40 build/usbd_ctlreq.o
 .text.USBD_GetStatus
                0x08007438       0x38 build/usbd_ctlreq.o
 .text.USBD_SetFeature
                0x08007470       0x2a build/usbd_ctlreq.o
 .text.USBD_ClrFeature
                0x0800749a       0x26 build/usbd_ctlreq.o
 .text.USBD_StdDevReq
                0x080074c0       0x76 build/usbd_ctlreq.o
                0x080074c0                USBD_StdDevReq
 .text.USBD_StdItfReq
                0x08007536       0x84 build/usbd_ctlreq.o
                0x08007536                USBD_StdItfReq
 .text.USBD_StdEPReq
                0x080075ba      0x230 build/usbd_ctlreq.o
                0x080075ba                USBD_StdEPReq
 .text.USBD_GetString
                0x080077ea       0x46 build/usbd_ctlreq.o
                0x080077ea                USBD_GetString
 .text.USBD_CtlSendData
                0x08007830       0x1a build/usbd_ioreq.o
                0x08007830                USBD_CtlSendData
 .text.USBD_CtlContinueSendData
                0x0800784a       0x10 build/usbd_ioreq.o
                0x0800784a                USBD_CtlContinueSendData
 .text.USBD_CtlPrepareRx
                0x0800785a       0x1e build/usbd_ioreq.o
                0x0800785a                USBD_CtlPrepareRx
 .text.USBD_CtlContinueRx
                0x08007878       0x10 build/usbd_ioreq.o
                0x08007878                USBD_CtlContinueRx
 .text.USBD_CtlSendStatus
                0x08007888       0x16 build/usbd_ioreq.o
                0x08007888                USBD_CtlSendStatus
 .text.USBD_CtlReceiveStatus
                0x0800789e       0x16 build/usbd_ioreq.o
                0x0800789e                USBD_CtlReceiveStatus
 .text.USBD_CDC_EP0_RxReady
                0x080078b4       0x40 build/usbd_cdc.o
 .text.USBD_CDC_GetDeviceQualifierDescriptor
                0x080078f4        0xc build/usbd_cdc.o
                0x080078f4                USBD_CDC_GetDeviceQualifierDescriptor
 .text.USBD_CDC_GetOtherSpeedCfgDesc
                0x08007900       0x48 build/usbd_cdc.o
 .text.USBD_CDC_GetFSCfgDesc
                0x08007948       0x48 build/usbd_cdc.o
 .text.USBD_CDC_GetHSCfgDesc
                0x08007990       0x48 build/usbd_cdc.o
 .text.USBD_CDC_DataOut
                0x080079d8       0x38 build/usbd_cdc.o
 .text.USBD_CDC_DataIn
                0x08007a10       0x7c build/usbd_cdc.o
 .text.USBD_CDC_Setup
                0x08007a8c      0x11a build/usbd_cdc.o
 .text.USBD_CDC_DeInit
                0x08007ba6       0x64 build/usbd_cdc.o
 .text.USBD_CDC_Init
                0x08007c0a       0xee build/usbd_cdc.o
 .text.USBD_CDC_RegisterInterface
                0x08007cf8       0x16 build/usbd_cdc.o
                0x08007cf8                USBD_CDC_RegisterInterface
 .text.USBD_CDC_SetTxBuffer
                0x08007d0e       0x1c build/usbd_cdc.o
                0x08007d0e                USBD_CDC_SetTxBuffer
 .text.USBD_CDC_SetRxBuffer
                0x08007d2a       0x18 build/usbd_cdc.o
                0x08007d2a                USBD_CDC_SetRxBuffer
 .text.USBD_CDC_TransmitPacket
                0x08007d42       0x3a build/usbd_cdc.o
                0x08007d42                USBD_CDC_TransmitPacket
 .text.USBD_CDC_ReceivePacket
                0x08007d7c       0x38 build/usbd_cdc.o
                0x08007d7c                USBD_CDC_ReceivePacket
 .text.UTIL_LPM_Init
                0x08007db4       0x14 build/stm32_lpm.o
                0x08007db4                UTIL_LPM_Init
 .text.UTIL_LPM_SetOffMode
                0x08007dc8       0x2c build/stm32_lpm.o
                0x08007dc8                UTIL_LPM_SetOffMode
 .text.UTIL_SEQ_SetTask
                0x08007df4       0x28 build/stm32_seq.o
                0x08007df4                UTIL_SEQ_SetTask
 .text.UTIL_SEQ_PauseTask
                0x08007e1c       0x1c build/stm32_seq.o
                0x08007e1c                UTIL_SEQ_PauseTask
 .text.UTIL_SEQ_ResumeTask
                0x08007e38       0x18 build/stm32_seq.o
                0x08007e38                UTIL_SEQ_ResumeTask
 .text.UTIL_SEQ_SetEvt
                0x08007e50       0x18 build/stm32_seq.o
                0x08007e50                UTIL_SEQ_SetEvt
 .text.UTIL_SEQ_PreIdle
                0x08007e68        0x2 build/stm32_seq.o
                0x08007e68                UTIL_SEQ_PreIdle
 .text.UTIL_SEQ_PostIdle
                0x08007e6a        0x2 build/stm32_seq.o
                0x08007e6a                UTIL_SEQ_PostIdle
 .text.SEQ_BitPosition
                0x08007e6c       0x3c build/stm32_seq.o
                0x08007e6c                SEQ_BitPosition
 .text.UTIL_SEQ_Run
                0x08007ea8      0x124 build/stm32_seq.o
                0x08007ea8                UTIL_SEQ_Run
 .text.UTIL_SEQ_WaitEvt
                0x08007fcc       0x58 build/stm32_seq.o
                0x08007fcc                UTIL_SEQ_WaitEvt
 .text.UTIL_SEQ_RegTask
                0x08008024       0x20 build/stm32_seq.o
                0x08008024                UTIL_SEQ_RegTask
 .text._sbrk    0x08008044       0x48 build/sysmem.o
                0x08008044                _sbrk
 .text._read    0x0800808c       0x20 build/syscalls.o
                0x0800808c                _read
 .text._write   0x080080ac       0x1c build/syscalls.o
                0x080080ac                _write
 .text._close   0x080080c8        0x6 build/syscalls.o
                0x080080c8                _close
 .text._fstat   0x080080ce        0xa build/syscalls.o
                0x080080ce                _fstat
 .text._isatty  0x080080d8        0x4 build/syscalls.o
                0x080080d8                _isatty
 .text._lseek   0x080080dc        0x4 build/syscalls.o
                0x080080dc                _lseek
 .text.MX_I2C1_Init
                0x080080e0       0x58 build/i2c.o
                0x080080e0                MX_I2C1_Init
 .text.HAL_I2C_MspInit
                0x08008138       0x8c build/i2c.o
                0x08008138                HAL_I2C_MspInit
 .text.I2C_Flush_TXDR
                0x080081c4       0x22 build/stm32wbxx_hal_i2c.o
 .text.I2C_TransferConfig
                0x080081e6       0x3c build/stm32wbxx_hal_i2c.o
 .text.I2C_IsErrorOccurred
                0x08008222      0x114 build/stm32wbxx_hal_i2c.o
 .text.I2C_WaitOnTXISFlagUntilTimeout
                0x08008336       0x60 build/stm32wbxx_hal_i2c.o
 .text.I2C_WaitOnFlagUntilTimeout
                0x08008396       0x7c build/stm32wbxx_hal_i2c.o
 .text.I2C_WaitOnSTOPFlagUntilTimeout
                0x08008412       0x5e build/stm32wbxx_hal_i2c.o
 .text.I2C_WaitOnRXNEFlagUntilTimeout
                0x08008470       0xaa build/stm32wbxx_hal_i2c.o
 .text.HAL_I2C_Init
                0x0800851a       0xc8 build/stm32wbxx_hal_i2c.o
                0x0800851a                HAL_I2C_Init
 *fill*         0x080085e2        0x2 
 .text.HAL_I2C_Master_Transmit
                0x080085e4      0x1a4 build/stm32wbxx_hal_i2c.o
                0x080085e4                HAL_I2C_Master_Transmit
 .text.HAL_I2C_Master_Receive
                0x08008788      0x17c build/stm32wbxx_hal_i2c.o
                0x08008788                HAL_I2C_Master_Receive
 .text.HAL_I2CEx_ConfigAnalogFilter
                0x08008904       0x5c build/stm32wbxx_hal_i2c_ex.o
                0x08008904                HAL_I2CEx_ConfigAnalogFilter
 .text.HAL_I2CEx_ConfigDigitalFilter
                0x08008960       0x58 build/stm32wbxx_hal_i2c_ex.o
                0x08008960                HAL_I2CEx_ConfigDigitalFilter
 .text.data_initializers
                0x080089b8       0x18 build/startup_stm32wb55xx_cm4.o
 .text.Reset_Handler
                0x080089d0       0x58 build/startup_stm32wb55xx_cm4.o
                0x080089d0                Reset_Handler
 .text.Default_Handler
                0x08008a28        0x2 build/startup_stm32wb55xx_cm4.o
                0x08008a28                RTC_Alarm_IRQHandler
                0x08008a28                EXTI2_IRQHandler
                0x08008a28                TIM1_CC_IRQHandler
                0x08008a28                TSC_IRQHandler
                0x08008a28                USB_HP_IRQHandler
                0x08008a28                EXTI3_IRQHandler
                0x08008a28                LPTIM2_IRQHandler
                0x08008a28                I2C3_ER_IRQHandler
                0x08008a28                EXTI0_IRQHandler
                0x08008a28                FPU_IRQHandler
                0x08008a28                TIM1_UP_TIM16_IRQHandler
                0x08008a28                AES1_IRQHandler
                0x08008a28                SPI1_IRQHandler
                0x08008a28                PWR_SOTF_BLEACT_802ACT_RFPHASE_IRQHandler
                0x08008a28                DMA2_Channel2_IRQHandler
                0x08008a28                DMA1_Channel4_IRQHandler
                0x08008a28                ADC1_IRQHandler
                0x08008a28                PKA_IRQHandler
                0x08008a28                DMA1_Channel7_IRQHandler
                0x08008a28                LCD_IRQHandler
                0x08008a28                DMA2_Channel1_IRQHandler
                0x08008a28                QUADSPI_IRQHandler
                0x08008a28                I2C1_EV_IRQHandler
                0x08008a28                DMAMUX1_OVR_IRQHandler
                0x08008a28                DMA1_Channel6_IRQHandler
                0x08008a28                DMA2_Channel4_IRQHandler
                0x08008a28                RCC_IRQHandler
                0x08008a28                DMA1_Channel1_IRQHandler
                0x08008a28                Default_Handler
                0x08008a28                DMA2_Channel7_IRQHandler
                0x08008a28                EXTI15_10_IRQHandler
                0x08008a28                C2SEV_PWR_C2H_IRQHandler
                0x08008a28                AES2_IRQHandler
                0x08008a28                I2C3_EV_IRQHandler
                0x08008a28                EXTI9_5_IRQHandler
                0x08008a28                PVD_PVM_IRQHandler
                0x08008a28                SPI2_IRQHandler
                0x08008a28                DMA2_Channel5_IRQHandler
                0x08008a28                CRS_IRQHandler
                0x08008a28                DMA1_Channel5_IRQHandler
                0x08008a28                EXTI4_IRQHandler
                0x08008a28                RNG_IRQHandler
                0x08008a28                TIM1_TRG_COM_TIM17_IRQHandler
                0x08008a28                TAMP_STAMP_LSECSS_IRQHandler
                0x08008a28                DMA1_Channel3_IRQHandler
                0x08008a28                COMP_IRQHandler
                0x08008a28                WWDG_IRQHandler
                0x08008a28                LPUART1_IRQHandler
                0x08008a28                DMA2_Channel6_IRQHandler
                0x08008a28                TIM2_IRQHandler
                0x08008a28                TIM1_BRK_IRQHandler
                0x08008a28                EXTI1_IRQHandler
                0x08008a28                DMA1_Channel2_IRQHandler
                0x08008a28                FLASH_IRQHandler
                0x08008a28                USART1_IRQHandler
                0x08008a28                I2C1_ER_IRQHandler
                0x08008a28                LPTIM1_IRQHandler
                0x08008a28                SAI1_IRQHandler
                0x08008a28                DMA2_Channel3_IRQHandler
 *fill*         0x08008a2a        0x2 
 .text.__errno  0x08008a2c        0xc g:/arm/10 2021.10/bin/../lib/gcc/arm-none-eabi/10.3.1/../../../../arm-none-eabi/lib/thumb/v7e-m+fp/hard\libc_nano.a(lib_a-errno.o)
                0x08008a2c                __errno
 .text.__libc_init_array
                0x08008a38       0x48 g:/arm/10 2021.10/bin/../lib/gcc/arm-none-eabi/10.3.1/../../../../arm-none-eabi/lib/thumb/v7e-m+fp/hard\libc_nano.a(lib_a-init.o)
                0x08008a38                __libc_init_array
 .text.memcpy   0x08008a80       0x1c g:/arm/10 2021.10/bin/../lib/gcc/arm-none-eabi/10.3.1/../../../../arm-none-eabi/lib/thumb/v7e-m+fp/hard\libc_nano.a(lib_a-memcpy-stub.o)
                0x08008a80                memcpy
 .text.memset   0x08008a9c       0x10 g:/arm/10 2021.10/bin/../lib/gcc/arm-none-eabi/10.3.1/../../../../arm-none-eabi/lib/thumb/v7e-m+fp/hard\libc_nano.a(lib_a-memset.o)
                0x08008a9c                memset
 .text._puts_r  0x08008aac       0xdc g:/arm/10 2021.10/bin/../lib/gcc/arm-none-eabi/10.3.1/../../../../arm-none-eabi/lib/thumb/v7e-m+fp/hard\libc_nano.a(lib_a-puts.o)
                0x08008aac                _puts_r
 .text.puts     0x08008b88       0x10 g:/arm/10 2021.10/bin/../lib/gcc/arm-none-eabi/10.3.1/../../../../arm-none-eabi/lib/thumb/v7e-m+fp/hard\libc_nano.a(lib_a-puts.o)
                0x08008b88                puts
 .text.sprintf  0x08008b98       0x40 g:/arm/10 2021.10/bin/../lib/gcc/arm-none-eabi/10.3.1/../../../../arm-none-eabi/lib/thumb/v7e-m+fp/hard\libc_nano.a(lib_a-sprintf.o)
                0x08008b98                siprintf
                0x08008b98                sprintf
 .text._vsnprintf_r
                0x08008bd8       0x56 g:/arm/10 2021.10/bin/../lib/gcc/arm-none-eabi/10.3.1/../../../../arm-none-eabi/lib/thumb/v7e-m+fp/hard\libc_nano.a(lib_a-vsnprintf.o)
                0x08008bd8                _vsniprintf_r
                0x08008bd8                _vsnprintf_r
 *fill*         0x08008c2e        0x2 
 .text.vsnprintf
                0x08008c30       0x1c g:/arm/10 2021.10/bin/../lib/gcc/arm-none-eabi/10.3.1/../../../../arm-none-eabi/lib/thumb/v7e-m+fp/hard\libc_nano.a(lib_a-vsnprintf.o)
                0x08008c30                vsniprintf
                0x08008c30                vsnprintf
 .text.__swbuf_r
                0x08008c4c       0xa4 g:/arm/10 2021.10/bin/../lib/gcc/arm-none-eabi/10.3.1/../../../../arm-none-eabi/lib/thumb/v7e-m+fp/hard\libc_nano.a(lib_a-wbuf.o)
                0x08008c4c                __swbuf_r
 .text.__swsetup_r
                0x08008cf0       0xdc g:/arm/10 2021.10/bin/../lib/gcc/arm-none-eabi/10.3.1/../../../../arm-none-eabi/lib/thumb/v7e-m+fp/hard\libc_nano.a(lib_a-wsetup.o)
                0x08008cf0                __swsetup_r
 .text.__sflush_r
                0x08008dcc      0x10c g:/arm/10 2021.10/bin/../lib/gcc/arm-none-eabi/10.3.1/../../../../arm-none-eabi/lib/thumb/v7e-m+fp/hard\libc_nano.a(lib_a-fflush.o)
                0x08008dcc                __sflush_r
 .text._fflush_r
                0x08008ed8       0x78 g:/arm/10 2021.10/bin/../lib/gcc/arm-none-eabi/10.3.1/../../../../arm-none-eabi/lib/thumb/v7e-m+fp/hard\libc_nano.a(lib_a-fflush.o)
                0x08008ed8                _fflush_r
 .text.std      0x08008f50       0x48 g:/arm/10 2021.10/bin/../lib/gcc/arm-none-eabi/10.3.1/../../../../arm-none-eabi/lib/thumb/v7e-m+fp/hard\libc_nano.a(lib_a-findfp.o)
 .text._cleanup_r
                0x08008f98        0xc g:/arm/10 2021.10/bin/../lib/gcc/arm-none-eabi/10.3.1/../../../../arm-none-eabi/lib/thumb/v7e-m+fp/hard\libc_nano.a(lib_a-findfp.o)
                0x08008f98                _cleanup_r
 .text.__sfmoreglue
                0x08008fa4       0x2c g:/arm/10 2021.10/bin/../lib/gcc/arm-none-eabi/10.3.1/../../../../arm-none-eabi/lib/thumb/v7e-m+fp/hard\libc_nano.a(lib_a-findfp.o)
                0x08008fa4                __sfmoreglue
 .text.__sfp_lock_acquire
                0x08008fd0        0xc g:/arm/10 2021.10/bin/../lib/gcc/arm-none-eabi/10.3.1/../../../../arm-none-eabi/lib/thumb/v7e-m+fp/hard\libc_nano.a(lib_a-findfp.o)
                0x08008fd0                __sfp_lock_acquire
 .text.__sfp_lock_release
                0x08008fdc        0xc g:/arm/10 2021.10/bin/../lib/gcc/arm-none-eabi/10.3.1/../../../../arm-none-eabi/lib/thumb/v7e-m+fp/hard\libc_nano.a(lib_a-findfp.o)
                0x08008fdc                __sfp_lock_release
 .text.__sinit_lock_acquire
                0x08008fe8        0xc g:/arm/10 2021.10/bin/../lib/gcc/arm-none-eabi/10.3.1/../../../../arm-none-eabi/lib/thumb/v7e-m+fp/hard\libc_nano.a(lib_a-findfp.o)
                0x08008fe8                __sinit_lock_acquire
 .text.__sinit_lock_release
                0x08008ff4        0xc g:/arm/10 2021.10/bin/../lib/gcc/arm-none-eabi/10.3.1/../../../../arm-none-eabi/lib/thumb/v7e-m+fp/hard\libc_nano.a(lib_a-findfp.o)
                0x08008ff4                __sinit_lock_release
 .text.__sinit  0x08009000       0x70 g:/arm/10 2021.10/bin/../lib/gcc/arm-none-eabi/10.3.1/../../../../arm-none-eabi/lib/thumb/v7e-m+fp/hard\libc_nano.a(lib_a-findfp.o)
                0x08009000                __sinit
 .text.__sfp    0x08009070       0x8c g:/arm/10 2021.10/bin/../lib/gcc/arm-none-eabi/10.3.1/../../../../arm-none-eabi/lib/thumb/v7e-m+fp/hard\libc_nano.a(lib_a-findfp.o)
                0x08009070                __sfp
 .text._fwalk_reent
                0x080090fc       0x3e g:/arm/10 2021.10/bin/../lib/gcc/arm-none-eabi/10.3.1/../../../../arm-none-eabi/lib/thumb/v7e-m+fp/hard\libc_nano.a(lib_a-fwalk.o)
                0x080090fc                _fwalk_reent
 .text.__retarget_lock_init_recursive
                0x0800913a        0x2 g:/arm/10 2021.10/bin/../lib/gcc/arm-none-eabi/10.3.1/../../../../arm-none-eabi/lib/thumb/v7e-m+fp/hard\libc_nano.a(lib_a-lock.o)
                0x0800913a                __retarget_lock_init_recursive
 .text.__retarget_lock_acquire_recursive
                0x0800913c        0x2 g:/arm/10 2021.10/bin/../lib/gcc/arm-none-eabi/10.3.1/../../../../arm-none-eabi/lib/thumb/v7e-m+fp/hard\libc_nano.a(lib_a-lock.o)
                0x0800913c                __retarget_lock_acquire_recursive
 .text.__retarget_lock_release_recursive
                0x0800913e        0x2 g:/arm/10 2021.10/bin/../lib/gcc/arm-none-eabi/10.3.1/../../../../arm-none-eabi/lib/thumb/v7e-m+fp/hard\libc_nano.a(lib_a-lock.o)
                0x0800913e                __retarget_lock_release_recursive
 .text.__swhatbuf_r
                0x08009140       0x4a g:/arm/10 2021.10/bin/../lib/gcc/arm-none-eabi/10.3.1/../../../../arm-none-eabi/lib/thumb/v7e-m+fp/hard\libc_nano.a(lib_a-makebuf.o)
                0x08009140                __swhatbuf_r
 *fill*         0x0800918a        0x2 
 .text.__smakebuf_r
                0x0800918c       0x80 g:/arm/10 2021.10/bin/../lib/gcc/arm-none-eabi/10.3.1/../../../../arm-none-eabi/lib/thumb/v7e-m+fp/hard\libc_nano.a(lib_a-makebuf.o)
                0x0800918c                __smakebuf_r
 .text._free_r  0x0800920c       0x98 g:/arm/10 2021.10/bin/../lib/gcc/arm-none-eabi/10.3.1/../../../../arm-none-eabi/lib/thumb/v7e-m+fp/hard\libc_nano.a(lib_a-nano-freer.o)
                0x0800920c                _free_r
 .text.sbrk_aligned
                0x080092a4       0x40 g:/arm/10 2021.10/bin/../lib/gcc/arm-none-eabi/10.3.1/../../../../arm-none-eabi/lib/thumb/v7e-m+fp/hard\libc_nano.a(lib_a-nano-mallocr.o)
 .text._malloc_r
                0x080092e4       0xe8 g:/arm/10 2021.10/bin/../lib/gcc/arm-none-eabi/10.3.1/../../../../arm-none-eabi/lib/thumb/v7e-m+fp/hard\libc_nano.a(lib_a-nano-mallocr.o)
                0x080092e4                _malloc_r
 .text.__ssputs_r
                0x080093cc       0xb6 g:/arm/10 2021.10/bin/../lib/gcc/arm-none-eabi/10.3.1/../../../../arm-none-eabi/lib/thumb/v7e-m+fp/hard\libc_nano.a(lib_a-nano-svfprintf.o)
                0x080093cc                __ssputs_r
 *fill*         0x08009482        0x2 
 .text._svfprintf_r
                0x08009484      0x200 g:/arm/10 2021.10/bin/../lib/gcc/arm-none-eabi/10.3.1/../../../../arm-none-eabi/lib/thumb/v7e-m+fp/hard\libc_nano.a(lib_a-nano-svfprintf.o)
                0x08009484                _svfiprintf_r
                0x08009484                _svfprintf_r
 .text._printf_common
                0x08009684       0xda g:/arm/10 2021.10/bin/../lib/gcc/arm-none-eabi/10.3.1/../../../../arm-none-eabi/lib/thumb/v7e-m+fp/hard\libc_nano.a(lib_a-nano-vfprintf_i.o)
                0x08009684                _printf_common
 *fill*         0x0800975e        0x2 
 .text._printf_i
                0x08009760      0x24c g:/arm/10 2021.10/bin/../lib/gcc/arm-none-eabi/10.3.1/../../../../arm-none-eabi/lib/thumb/v7e-m+fp/hard\libc_nano.a(lib_a-nano-vfprintf_i.o)
                0x08009760                _printf_i
 .text._sbrk_r  0x080099ac       0x20 g:/arm/10 2021.10/bin/../lib/gcc/arm-none-eabi/10.3.1/../../../../arm-none-eabi/lib/thumb/v7e-m+fp/hard\libc_nano.a(lib_a-sbrkr.o)
                0x080099ac                _sbrk_r
 .text.__sread  0x080099cc       0x22 g:/arm/10 2021.10/bin/../lib/gcc/arm-none-eabi/10.3.1/../../../../arm-none-eabi/lib/thumb/v7e-m+fp/hard\libc_nano.a(lib_a-stdio.o)
                0x080099cc                __sread
 .text.__swrite
                0x080099ee       0x38 g:/arm/10 2021.10/bin/../lib/gcc/arm-none-eabi/10.3.1/../../../../arm-none-eabi/lib/thumb/v7e-m+fp/hard\libc_nano.a(lib_a-stdio.o)
                0x080099ee                __swrite
 .text.__sseek  0x08009a26       0x24 g:/arm/10 2021.10/bin/../lib/gcc/arm-none-eabi/10.3.1/../../../../arm-none-eabi/lib/thumb/v7e-m+fp/hard\libc_nano.a(lib_a-stdio.o)
                0x08009a26                __sseek
 .text.__sclose
                0x08009a4a        0x8 g:/arm/10 2021.10/bin/../lib/gcc/arm-none-eabi/10.3.1/../../../../arm-none-eabi/lib/thumb/v7e-m+fp/hard\libc_nano.a(lib_a-stdio.o)
                0x08009a4a                __sclose
 *fill*         0x08009a52        0x2 
 .text._write_r
                0x08009a54       0x24 g:/arm/10 2021.10/bin/../lib/gcc/arm-none-eabi/10.3.1/../../../../arm-none-eabi/lib/thumb/v7e-m+fp/hard\libc_nano.a(lib_a-writer.o)
                0x08009a54                _write_r
 .text._close_r
                0x08009a78       0x20 g:/arm/10 2021.10/bin/../lib/gcc/arm-none-eabi/10.3.1/../../../../arm-none-eabi/lib/thumb/v7e-m+fp/hard\libc_nano.a(lib_a-closer.o)
                0x08009a78                _close_r
 .text._fstat_r
                0x08009a98       0x24 g:/arm/10 2021.10/bin/../lib/gcc/arm-none-eabi/10.3.1/../../../../arm-none-eabi/lib/thumb/v7e-m+fp/hard\libc_nano.a(lib_a-fstatr.o)
                0x08009a98                _fstat_r
 .text._isatty_r
                0x08009abc       0x20 g:/arm/10 2021.10/bin/../lib/gcc/arm-none-eabi/10.3.1/../../../../arm-none-eabi/lib/thumb/v7e-m+fp/hard\libc_nano.a(lib_a-isattyr.o)
                0x08009abc                _isatty_r
 .text._lseek_r
                0x08009adc       0x24 g:/arm/10 2021.10/bin/../lib/gcc/arm-none-eabi/10.3.1/../../../../arm-none-eabi/lib/thumb/v7e-m+fp/hard\libc_nano.a(lib_a-lseekr.o)
                0x08009adc                _lseek_r
 .text.memmove  0x08009b00       0x34 g:/arm/10 2021.10/bin/../lib/gcc/arm-none-eabi/10.3.1/../../../../arm-none-eabi/lib/thumb/v7e-m+fp/hard\libc_nano.a(lib_a-memmove.o)
                0x08009b00                memmove
 .text.__malloc_lock
                0x08009b34        0xc g:/arm/10 2021.10/bin/../lib/gcc/arm-none-eabi/10.3.1/../../../../arm-none-eabi/lib/thumb/v7e-m+fp/hard\libc_nano.a(lib_a-mlock.o)
                0x08009b34                __malloc_lock
 .text.__malloc_unlock
                0x08009b40        0xc g:/arm/10 2021.10/bin/../lib/gcc/arm-none-eabi/10.3.1/../../../../arm-none-eabi/lib/thumb/v7e-m+fp/hard\libc_nano.a(lib_a-mlock.o)
                0x08009b40                __malloc_unlock
 .text._realloc_r
                0x08009b4c       0x5e g:/arm/10 2021.10/bin/../lib/gcc/arm-none-eabi/10.3.1/../../../../arm-none-eabi/lib/thumb/v7e-m+fp/hard\libc_nano.a(lib_a-nano-reallocr.o)
                0x08009b4c                _realloc_r
 *fill*         0x08009baa        0x2 
 .text._read_r  0x08009bac       0x24 g:/arm/10 2021.10/bin/../lib/gcc/arm-none-eabi/10.3.1/../../../../arm-none-eabi/lib/thumb/v7e-m+fp/hard\libc_nano.a(lib_a-readr.o)
                0x08009bac                _read_r
 .text._malloc_usable_size_r
                0x08009bd0       0x10 g:/arm/10 2021.10/bin/../lib/gcc/arm-none-eabi/10.3.1/../../../../arm-none-eabi/lib/thumb/v7e-m+fp/hard\libc_nano.a(lib_a-nano-msizer.o)
                0x08009bd0                _malloc_usable_size_r
 *(.glue_7)
 .glue_7        0x08009be0        0x0 linker stubs
 *(.glue_7t)
 .glue_7t       0x08009be0        0x0 linker stubs
 *(.eh_frame)
 .eh_frame      0x08009be0        0x0 g:/arm/10 2021.10/bin/../lib/gcc/arm-none-eabi/10.3.1/thumb/v7e-m+fp/hard/crtbegin.o
 *(.init)
 .init          0x08009be0        0x4 g:/arm/10 2021.10/bin/../lib/gcc/arm-none-eabi/10.3.1/thumb/v7e-m+fp/hard/crti.o
                0x08009be0                _init
 .init          0x08009be4        0x8 g:/arm/10 2021.10/bin/../lib/gcc/arm-none-eabi/10.3.1/thumb/v7e-m+fp/hard/crtn.o
 *(.fini)
 .fini          0x08009bec        0x4 g:/arm/10 2021.10/bin/../lib/gcc/arm-none-eabi/10.3.1/thumb/v7e-m+fp/hard/crti.o
                0x08009bec                _fini
 .fini          0x08009bf0        0x8 g:/arm/10 2021.10/bin/../lib/gcc/arm-none-eabi/10.3.1/thumb/v7e-m+fp/hard/crtn.o
                0x08009bf8                . = ALIGN (0x4)
                0x08009bf8                _etext = .

.vfp11_veneer   0x08009bf8        0x0
 .vfp11_veneer  0x08009bf8        0x0 linker stubs

.v4_bx          0x08009bf8        0x0
 .v4_bx         0x08009bf8        0x0 linker stubs

.iplt           0x08009bf8        0x0
 .iplt          0x08009bf8        0x0 g:/arm/10 2021.10/bin/../lib/gcc/arm-none-eabi/10.3.1/thumb/v7e-m+fp/hard/crtbegin.o

.rodata         0x08009bf8      0x428
                0x08009bf8                . = ALIGN (0x4)
 *(.rodata)
 .rodata        0x08009bf8       0x1b build/app_debug.o
 *fill*         0x08009c13        0x1 
 .rodata        0x08009c14       0x3a build/app_ble.o
 *fill*         0x08009c4e        0x2 
 .rodata        0x08009c50       0x2c build/stm32wbxx_hal_rcc.o
 *(.rodata*)
 .rodata.main.str1.4
                0x08009c7c       0x8e build/main.o
 *fill*         0x08009d0a        0x2 
 .rodata.aGpioConfigList
                0x08009d0c      0x130 build/app_debug.o
 .rodata.USBD_CDC_ProductStrDescriptor.str1.4
                0x08009e3c       0x16 build/usbd_desc.o
 *fill*         0x08009e52        0x2 
 .rodata.USBD_CDC_ManufacturerStrDescriptor.str1.4
                0x08009e54       0x13 build/usbd_desc.o
 *fill*         0x08009e67        0x1 
 .rodata.USBD_CDC_ConfigStrDescriptor.str1.4
                0x08009e68        0xb build/usbd_desc.o
 *fill*         0x08009e73        0x1 
 .rodata.USBD_CDC_InterfaceStrDescriptor.str1.4
                0x08009e74        0xe build/usbd_desc.o
 *fill*         0x08009e82        0x2 
 .rodata.Ble_Hci_Gap_Gatt_Init.str1.4
                0x08009e84        0x8 build/app_ble.o
 .rodata.a_BLE_CfgErValue
                0x08009e8c       0x10 build/app_ble.o
 .rodata.a_BLE_CfgIrValue
                0x08009e9c       0x10 build/app_ble.o
 .rodata.a_LocalName
                0x08009eac        0x8 build/app_ble.o
 .rodata.a_MBdAddr
                0x08009eb4        0x6 build/app_ble.o
 *fill*         0x08009eba        0x2 
 .rodata.P2PS_STM_App_Notification.str1.4
                0x08009ebc       0x39 build/p2p_server_app.o
 *fill*         0x08009ef5        0x3 
 .rodata.AHBPrescTable
                0x08009ef8       0x40 build/system_stm32wbxx.o
                0x08009ef8                AHBPrescTable
 .rodata.MSIRangeTable
                0x08009f38       0x40 build/system_stm32wbxx.o
                0x08009f38                MSIRangeTable
 .rodata.SEQ_clz_table_4bit
                0x08009f78       0x10 build/stm32_seq.o
                0x08009f78                SEQ_clz_table_4bit
 .rodata._global_impure_ptr
                0x08009f88        0x4 g:/arm/10 2021.10/bin/../lib/gcc/arm-none-eabi/10.3.1/../../../../arm-none-eabi/lib/thumb/v7e-m+fp/hard\libc_nano.a(lib_a-impure.o)
                0x08009f88                _global_impure_ptr
 .rodata.__sf_fake_stderr
                0x08009f8c       0x20 g:/arm/10 2021.10/bin/../lib/gcc/arm-none-eabi/10.3.1/../../../../arm-none-eabi/lib/thumb/v7e-m+fp/hard\libc_nano.a(lib_a-findfp.o)
                0x08009f8c                __sf_fake_stderr
 .rodata.__sf_fake_stdin
                0x08009fac       0x20 g:/arm/10 2021.10/bin/../lib/gcc/arm-none-eabi/10.3.1/../../../../arm-none-eabi/lib/thumb/v7e-m+fp/hard\libc_nano.a(lib_a-findfp.o)
                0x08009fac                __sf_fake_stdin
 .rodata.__sf_fake_stdout
                0x08009fcc       0x20 g:/arm/10 2021.10/bin/../lib/gcc/arm-none-eabi/10.3.1/../../../../arm-none-eabi/lib/thumb/v7e-m+fp/hard\libc_nano.a(lib_a-findfp.o)
                0x08009fcc                __sf_fake_stdout
 .rodata._svfprintf_r.str1.1
                0x08009fec       0x11 g:/arm/10 2021.10/bin/../lib/gcc/arm-none-eabi/10.3.1/../../../../arm-none-eabi/lib/thumb/v7e-m+fp/hard\libc_nano.a(lib_a-nano-svfprintf.o)
 .rodata._printf_i.str1.1
                0x08009ffd       0x22 g:/arm/10 2021.10/bin/../lib/gcc/arm-none-eabi/10.3.1/../../../../arm-none-eabi/lib/thumb/v7e-m+fp/hard\libc_nano.a(lib_a-nano-vfprintf_i.o)
                0x0800a020                . = ALIGN (0x4)
 *fill*         0x0800a01f        0x1 

.rel.dyn        0x0800a020        0x0
 .rel.iplt      0x0800a020        0x0 g:/arm/10 2021.10/bin/../lib/gcc/arm-none-eabi/10.3.1/thumb/v7e-m+fp/hard/crtbegin.o

.ARM.extab
 *(.ARM.extab* .gnu.linkonce.armextab.*)

.ARM            0x0800a020        0x0
                0x0800a020                __exidx_start = .
 *(.ARM.exidx*)
                0x0800a020                __exidx_end = .

.preinit_array  0x0800a020        0x0
                0x0800a020                PROVIDE (__preinit_array_start = .)
 *(.preinit_array*)
                0x0800a020                PROVIDE (__preinit_array_end = .)

.init_array     0x0800a020        0x4
                0x0800a020                PROVIDE (__init_array_start = .)
 *(SORT_BY_NAME(.init_array.*))
 *(.init_array*)
 .init_array    0x0800a020        0x4 g:/arm/10 2021.10/bin/../lib/gcc/arm-none-eabi/10.3.1/thumb/v7e-m+fp/hard/crtbegin.o
                0x0800a024                PROVIDE (__init_array_end = .)

.fini_array     0x0800a024        0x4
                [!provide]                PROVIDE (__fini_array_start = .)
 *(SORT_BY_NAME(.fini_array.*))
 *(.fini_array*)
 .fini_array    0x0800a024        0x4 g:/arm/10 2021.10/bin/../lib/gcc/arm-none-eabi/10.3.1/thumb/v7e-m+fp/hard/crtbegin.o
                [!provide]                PROVIDE (__fini_array_end = .)
                0x0800a028                _sidata = LOADADDR (.data)

.data           0x20000008      0x174 load address 0x0800a028
                0x20000008                . = ALIGN (0x4)
                0x20000008                _sdata = .
 *(.data)
 *(.data*)
 .data.CDC_Desc
                0x20000008       0x20 build/usbd_desc.o
                0x20000008                CDC_Desc
 .data.USBD_CDC_DeviceDesc
                0x20000028       0x12 build/usbd_desc.o
                0x20000028                USBD_CDC_DeviceDesc
 *fill*         0x2000003a        0x2 
 .data.USBD_LangIDDesc
                0x2000003c        0x4 build/usbd_desc.o
                0x2000003c                USBD_LangIDDesc
 .data.USBD_StringSerial
                0x20000040       0x1a build/usbd_desc.o
                0x20000040                USBD_StringSerial
 *fill*         0x2000005a        0x2 
 .data.USBD_Interface_fops_FS
                0x2000005c       0x14 build/usbd_cdc_if.o
                0x2000005c                USBD_Interface_fops_FS
 .data.a_ManufData
                0x20000070        0xe build/app_ble.o
                0x20000070                a_ManufData
 .data.led_blink_en
                0x2000007e        0x1 build/p2p_server_app.o
                0x2000007e                led_blink_en
 .data.uwTickFreq
                0x2000007f        0x1 build/stm32wbxx_hal.o
                0x2000007f                uwTickFreq
 .data.uwTickPrio
                0x20000080        0x4 build/stm32wbxx_hal.o
                0x20000080                uwTickPrio
 .data.SystemCoreClock
                0x20000084        0x4 build/system_stm32wbxx.o
                0x20000084                SystemCoreClock
 .data.USBD_CDC
                0x20000088       0x38 build/usbd_cdc.o
                0x20000088                USBD_CDC
 .data.USBD_CDC_CfgDesc
                0x200000c0       0x43 build/usbd_cdc.o
 *fill*         0x20000103        0x1 
 .data.USBD_CDC_DeviceQualifierDesc
                0x20000104        0xa build/usbd_cdc.o
 *fill*         0x2000010e        0x2 
 .data.SuperMask
                0x20000110        0x4 build/stm32_seq.o
 .data.TaskMask
                0x20000114        0x4 build/stm32_seq.o
 .data._impure_ptr
                0x20000118        0x4 g:/arm/10 2021.10/bin/../lib/gcc/arm-none-eabi/10.3.1/../../../../arm-none-eabi/lib/thumb/v7e-m+fp/hard\libc_nano.a(lib_a-impure.o)
                0x20000118                _impure_ptr
 .data.impure_data
                0x2000011c       0x60 g:/arm/10 2021.10/bin/../lib/gcc/arm-none-eabi/10.3.1/../../../../arm-none-eabi/lib/thumb/v7e-m+fp/hard\libc_nano.a(lib_a-impure.o)
                0x2000017c                . = ALIGN (0x4)

.igot.plt       0x2000017c        0x0 load address 0x0800a19c
 .igot.plt      0x2000017c        0x0 g:/arm/10 2021.10/bin/../lib/gcc/arm-none-eabi/10.3.1/thumb/v7e-m+fp/hard/crtbegin.o

BLE_DRIVER_CONTEXT
                0x2000017c       0x39 load address 0x0800a19c
 BLE_DRIVER_CONTEXT
                0x2000017c        0x6 build/p2p_stm.o
 *fill*         0x20000182        0x2 
 BLE_DRIVER_CONTEXT
                0x20000184        0xe build/hci_tl.o
                0x20000190                UserEventFlow
 *fill*         0x20000192        0x2 
 BLE_DRIVER_CONTEXT
                0x20000194       0x21 build/svc_ctl.o
                0x20000194                SVCCTL_EvtHandler
                0x200001b4                SVCCTL_CltHandler

SYSTEM_DRIVER_CONTEXT
                0x200001b8       0x11 load address 0x0800a1d5
 SYSTEM_DRIVER_CONTEXT
                0x200001b8       0x11 build/shci_tl.o
                0x200001c8                SHCI_TL_UserEventFlow

.tdata          0x200001cc        0x0 load address 0x0800a1e8
 *(.tdata .tdata.* .gnu.linkonce.td.*)
                0x200001cc                . = ALIGN (0x4)
                0x200001cc                _edata = .
                [!provide]                PROVIDE (__data_end = .)
                [!provide]                PROVIDE (__tdata_end = .)
                [!provide]                PROVIDE (__tdata_start = ADDR (.tdata))
                [!provide]                PROVIDE (__tdata_size = (__tdata_end - __tdata_start))
                [!provide]                PROVIDE (__data_start = ADDR (.data))
                [!provide]                PROVIDE (__data_size = (__data_end - __data_start))
                [!provide]                PROVIDE (__tdata_source = LOADADDR (.tdata))
                [!provide]                PROVIDE (__tdata_source_end = (LOADADDR (.tdata) + SIZEOF (.tdata)))
                [!provide]                PROVIDE (__tdata_source_size = (__tdata_source_end - __tdata_source))
                [!provide]                PROVIDE (__data_source = LOADADDR (.data))
                [!provide]                PROVIDE (__data_source_end = __tdata_source_end)
                [!provide]                PROVIDE (__data_source_size = (__data_source_end - __data_source))

.tbss           0x200001cc        0x0 load address 0x0800a1e8
                0x200001cc                _sbss = .
                0x200001cc                __bss_start__ = _sbss
 *(.tbss .tbss.*)
                0x200001cc                . = ALIGN (0x4)
                [!provide]                PROVIDE (__tbss_end = .)
                [!provide]                PROVIDE (__tbss_start = ADDR (.tbss))
                [!provide]                PROVIDE (__tbss_size = (__tbss_end - __tbss_start))
                [!provide]                PROVIDE (__tbss_offset = (ADDR (.tbss) - ADDR (.tdata)))
                [!provide]                PROVIDE (__tls_base = __tdata_start)
                [!provide]                PROVIDE (__tls_end = __tbss_end)
                [!provide]                PROVIDE (__tls_size = (__tls_end - __tls_base))
                [!provide]                PROVIDE (__tls_align = MAX (ALIGNOF (.tdata), ALIGNOF (.tbss)))
                [!provide]                PROVIDE (__tls_size_align = (((__tls_size + __tls_align) - 0x1) & ~ ((__tls_align - 0x1))))
                [!provide]                PROVIDE (__arm32_tls_tcb_offset = MAX (0x8, __tls_align))
                [!provide]                PROVIDE (__arm64_tls_tcb_offset = MAX (0x10, __tls_align))

.bss            0x200001cc     0x1d30 load address 0x0800a1e8
 *(.bss)
 .bss           0x200001cc       0x1c g:/arm/10 2021.10/bin/../lib/gcc/arm-none-eabi/10.3.1/thumb/v7e-m+fp/hard/crtbegin.o
 *(.bss*)
 .bss.sdatestructureget
                0x200001e8        0x4 build/main.o
                0x200001e8                sdatestructureget
 .bss.stimestructureget
                0x200001ec       0x14 build/main.o
                0x200001ec                stimestructureget
 .bss.hipcc     0x20000200       0x3c build/ipcc.o
                0x20000200                hipcc
 .bss.hrtc      0x2000023c       0x24 build/rtc.o
                0x2000023c                hrtc
 .bss.AsynchPrescalerUserConfig
                0x20000260        0x1 build/hw_timerserver.o
 .bss.CurrentRunningTimerID
                0x20000261        0x1 build/hw_timerserver.o
 .bss.MaxWakeupTimerSetup
                0x20000262        0x2 build/hw_timerserver.o
 .bss.PreviousRunningTimerID
                0x20000264        0x1 build/hw_timerserver.o
 *fill*         0x20000265        0x3 
 .bss.SSRValueOnLastSetup
                0x20000268        0x4 build/hw_timerserver.o
 .bss.SynchPrescalerUserConfig
                0x2000026c        0x2 build/hw_timerserver.o
 .bss.WakeupTimerDivider
                0x2000026e        0x1 build/hw_timerserver.o
 .bss.WakeupTimerLimitation
                0x2000026f        0x1 build/hw_timerserver.o
 .bss.aTimerContext
                0x20000270       0x90 build/hw_timerserver.o
 .bss.hpcd_USB_FS
                0x20000300      0x2dc build/usbd_conf.o
                0x20000300                hpcd_USB_FS
 .bss.mem.0     0x200005dc      0x220 build/usbd_conf.o
 .bss.hUsbDeviceFS
                0x200007fc      0x2dc build/usb_device.o
                0x200007fc                hUsbDeviceFS
 .bss.USBD_StrDesc
                0x20000ad8      0x200 build/usbd_desc.o
                0x20000ad8                USBD_StrDesc
 .bss.UserRxBufferFS
                0x20000cd8      0x800 build/usbd_cdc_if.o
                0x20000cd8                UserRxBufferFS
 .bss.UserTxBufferFS
                0x200014d8      0x800 build/usbd_cdc_if.o
                0x200014d8                UserTxBufferFS
 .bss.AdvIntervalMax
                0x20001cd8        0x2 build/app_ble.o
 .bss.AdvIntervalMin
                0x20001cda        0x2 build/app_ble.o
 .bss.BleApplicationContext
                0x20001cdc       0x84 build/app_ble.o
 .bss.HandleNotification
                0x20001d60        0x4 build/app_ble.o
                0x20001d60                HandleNotification
 .bss.a_BdAddrUdn
                0x20001d64        0x6 build/app_ble.o
 .bss.Notification_Status
                0x20001d6a        0x1 build/p2p_server_app.o
                0x20001d6a                Notification_Status
 *fill*         0x20001d6b        0x1 
 .bss.FreeBufCb
                0x20001d6c        0x4 build/hw_ipcc.o
 .bss.uwTick    0x20001d70        0x4 build/stm32wbxx_hal.o
                0x20001d70                uwTick
 .bss.BLE_IoBusAclDataTxAck
                0x20001d74        0x4 build/tl_mbox.o
 .bss.BLE_IoBusEvtCallBackFunction
                0x20001d78        0x4 build/tl_mbox.o
 .bss.LocalFreeBufQueue
                0x20001d7c        0x8 build/tl_mbox.o
 .bss.SYS_CMD_IoBusCallBackFunction
                0x20001d84        0x4 build/tl_mbox.o
 .bss.SYS_EVT_IoBusCallBackFunction
                0x20001d88        0x4 build/tl_mbox.o
 .bss.p_mem_manager_table.0
                0x20001d8c        0x4 build/tl_mbox.o
 .bss.CmdRspStatusFlag
                0x20001d90        0x1 build/hci_tl.o
 *fill*         0x20001d91        0x3 
 .bss.HciCmdEventQueue
                0x20001d94        0x8 build/hci_tl.o
 .bss.StatusNotCallBackFunction
                0x20001d9c        0x4 build/hci_tl.o
 .bss.hciContext
                0x20001da0       0x20 build/hci_tl.o
 .bss.CmdRspStatusFlag
                0x20001dc0        0x1 build/shci_tl.o
 *fill*         0x20001dc1        0x3 
 .bss.StatusNotCallBackFunction
                0x20001dc4        0x4 build/shci_tl.o
 .bss.shciContext
                0x20001dc8       0x20 build/shci_tl.o
 .bss.cfgidx.0  0x20001de8        0x1 build/usbd_ctlreq.o
 *fill*         0x20001de9        0x3 
 .bss.OffModeDisable
                0x20001dec        0x4 build/stm32_lpm.o
 .bss.StopModeDisable
                0x20001df0        0x4 build/stm32_lpm.o
 .bss.CurrentTaskIdx
                0x20001df4        0x4 build/stm32_seq.o
 .bss.EvtSet    0x20001df8        0x4 build/stm32_seq.o
 .bss.EvtWaited
                0x20001dfc        0x4 build/stm32_seq.o
 .bss.TaskCb    0x20001e00       0x80 build/stm32_seq.o
 .bss.TaskPrio  0x20001e80       0x10 build/stm32_seq.o
 .bss.TaskSet   0x20001e90        0x4 build/stm32_seq.o
 .bss.__sbrk_heap_end
                0x20001e94        0x4 build/sysmem.o
 .bss.hi2c1     0x20001e98       0x54 build/i2c.o
                0x20001e98                hi2c1
 .bss.__lock___malloc_recursive_mutex
                0x20001eec        0x1 g:/arm/10 2021.10/bin/../lib/gcc/arm-none-eabi/10.3.1/../../../../arm-none-eabi/lib/thumb/v7e-m+fp/hard\libc_nano.a(lib_a-lock.o)
                0x20001eec                __lock___malloc_recursive_mutex
 .bss.__lock___sfp_recursive_mutex
                0x20001eed        0x1 g:/arm/10 2021.10/bin/../lib/gcc/arm-none-eabi/10.3.1/../../../../arm-none-eabi/lib/thumb/v7e-m+fp/hard\libc_nano.a(lib_a-lock.o)
                0x20001eed                __lock___sfp_recursive_mutex
 .bss.__lock___sinit_recursive_mutex
                0x20001eee        0x1 g:/arm/10 2021.10/bin/../lib/gcc/arm-none-eabi/10.3.1/../../../../arm-none-eabi/lib/thumb/v7e-m+fp/hard\libc_nano.a(lib_a-lock.o)
                0x20001eee                __lock___sinit_recursive_mutex
 *fill*         0x20001eef        0x1 
 .bss.__malloc_free_list
                0x20001ef0        0x4 g:/arm/10 2021.10/bin/../lib/gcc/arm-none-eabi/10.3.1/../../../../arm-none-eabi/lib/thumb/v7e-m+fp/hard\libc_nano.a(lib_a-nano-mallocr.o)
                0x20001ef0                __malloc_free_list
 .bss.__malloc_sbrk_start
                0x20001ef4        0x4 g:/arm/10 2021.10/bin/../lib/gcc/arm-none-eabi/10.3.1/../../../../arm-none-eabi/lib/thumb/v7e-m+fp/hard\libc_nano.a(lib_a-nano-mallocr.o)
                0x20001ef4                __malloc_sbrk_start
 .bss.errno     0x20001ef8        0x4 g:/arm/10 2021.10/bin/../lib/gcc/arm-none-eabi/10.3.1/../../../../arm-none-eabi/lib/thumb/v7e-m+fp/hard\libc_nano.a(lib_a-reent.o)
                0x20001ef8                errno
 *(COMMON)
                0x20001efc                . = ALIGN (0x4)
                0x20001efc                _ebss = .
                0x20001efc                __bss_end__ = _ebss
                [!provide]                PROVIDE (__bss_end = .)
                [!provide]                PROVIDE (__non_tls_bss_start = ADDR (.bss))
                [!provide]                PROVIDE (__bss_start = __tbss_start)
                [!provide]                PROVIDE (__bss_size = (__bss_end - __bss_start))

._user_heap_stack
                0x20001efc     0x1404 load address 0x0800a1e6
                0x20001f00                . = ALIGN (0x8)
 *fill*         0x20001efc        0x4 
                [!provide]                PROVIDE (end = .)
                0x20001f00                PROVIDE (_end = .)
                0x20002300                . = (. + _Min_Heap_Size)
 *fill*         0x20001f00      0x400 
                0x20003300                . = (. + _Min_Stack_Size)
 *fill*         0x20002300     0x1000 
                0x20003300                . = ALIGN (0x8)

/DISCARD/
 libc.a:*(*)
 libm.a:*(*)
 libgcc.a:*(*)

.ARM.attributes
                0x00000000       0x30
 *(.ARM.attributes)
 .ARM.attributes
                0x00000000       0x1e g:/arm/10 2021.10/bin/../lib/gcc/arm-none-eabi/10.3.1/thumb/v7e-m+fp/hard/crti.o
 .ARM.attributes
                0x0000001e       0x34 g:/arm/10 2021.10/bin/../lib/gcc/arm-none-eabi/10.3.1/thumb/v7e-m+fp/hard/crtbegin.o
 .ARM.attributes
                0x00000052       0x34 build/sht41.o
 .ARM.attributes
                0x00000086       0x34 build/main.o
 .ARM.attributes
                0x000000ba       0x34 build/gpio.o
 .ARM.attributes
                0x000000ee       0x34 build/ipcc.o
 .ARM.attributes
                0x00000122       0x34 build/rf.o
 .ARM.attributes
                0x00000156       0x34 build/rtc.o
 .ARM.attributes
                0x0000018a       0x34 build/app_entry.o
 .ARM.attributes
                0x000001be       0x34 build/app_debug.o
 .ARM.attributes
                0x000001f2       0x34 build/hw_timerserver.o
 .ARM.attributes
                0x00000226       0x34 build/stm32wbxx_it.o
 .ARM.attributes
                0x0000025a       0x34 build/stm32wbxx_hal_msp.o
 .ARM.attributes
                0x0000028e       0x34 build/usbd_conf.o
 .ARM.attributes
                0x000002c2       0x34 build/usb_device.o
 .ARM.attributes
                0x000002f6       0x34 build/usbd_desc.o
 .ARM.attributes
                0x0000032a       0x34 build/usbd_cdc_if.o
 .ARM.attributes
                0x0000035e       0x34 build/app_ble.o
 .ARM.attributes
                0x00000392       0x34 build/p2p_server_app.o
 .ARM.attributes
                0x000003c6       0x34 build/hw_ipcc.o
 .ARM.attributes
                0x000003fa       0x34 build/stm32wbxx_hal_pcd.o
 .ARM.attributes
                0x0000042e       0x34 build/stm32wbxx_hal_pcd_ex.o
 .ARM.attributes
                0x00000462       0x34 build/stm32wbxx_ll_usb.o
 .ARM.attributes
                0x00000496       0x34 build/stm32wbxx_hal_rcc.o
 .ARM.attributes
                0x000004ca       0x34 build/stm32wbxx_hal_rcc_ex.o
 .ARM.attributes
                0x000004fe       0x34 build/stm32wbxx_hal_gpio.o
 .ARM.attributes
                0x00000532       0x34 build/stm32wbxx_hal_hsem.o
 .ARM.attributes