ARM GAS  C:\Users\843E~1\AppData\Local\Temp\ccjTdTNK.s 			page 1


   1              		.cpu cortex-m4
   2              		.arch armv7e-m
   3              		.fpu fpv4-sp-d16
   4              		.eabi_attribute 27, 1
   5              		.eabi_attribute 28, 1
   6              		.eabi_attribute 20, 1
   7              		.eabi_attribute 21, 1
   8              		.eabi_attribute 23, 3
   9              		.eabi_attribute 24, 1
  10              		.eabi_attribute 25, 1
  11              		.eabi_attribute 26, 1
  12              		.eabi_attribute 30, 1
  13              		.eabi_attribute 34, 1
  14              		.eabi_attribute 18, 4
  15              		.file	"p2p_stm.c"
  16              		.text
  17              	.Ltext0:
  18              		.cfi_sections	.debug_frame
  19              		.section	.text.PeerToPeer_Event_Handler,"ax",%progbits
  20              		.align	1
  21              		.syntax unified
  22              		.thumb
  23              		.thumb_func
  25              	PeerToPeer_Event_Handler:
  26              	.LVL0:
  27              	.LFB1261:
  28              		.file 1 "Middlewares/ST/STM32_WPAN/ble/svc/Src/p2p_stm.c"
   1:Middlewares/ST/STM32_WPAN/ble/svc/Src/p2p_stm.c **** /**
   2:Middlewares/ST/STM32_WPAN/ble/svc/Src/p2p_stm.c ****   ******************************************************************************
   3:Middlewares/ST/STM32_WPAN/ble/svc/Src/p2p_stm.c ****   * @file    p2p_stm.c
   4:Middlewares/ST/STM32_WPAN/ble/svc/Src/p2p_stm.c ****   * @author  MCD Application Team
   5:Middlewares/ST/STM32_WPAN/ble/svc/Src/p2p_stm.c ****   * @brief   Peer to Peer Service (Custom STM)
   6:Middlewares/ST/STM32_WPAN/ble/svc/Src/p2p_stm.c ****   ******************************************************************************
   7:Middlewares/ST/STM32_WPAN/ble/svc/Src/p2p_stm.c ****   * @attention
   8:Middlewares/ST/STM32_WPAN/ble/svc/Src/p2p_stm.c ****   *
   9:Middlewares/ST/STM32_WPAN/ble/svc/Src/p2p_stm.c ****   * Copyright (c) 2018-2021 STMicroelectronics.
  10:Middlewares/ST/STM32_WPAN/ble/svc/Src/p2p_stm.c ****   * All rights reserved.
  11:Middlewares/ST/STM32_WPAN/ble/svc/Src/p2p_stm.c ****   *
  12:Middlewares/ST/STM32_WPAN/ble/svc/Src/p2p_stm.c ****   * This software is licensed under terms that can be found in the LICENSE file
  13:Middlewares/ST/STM32_WPAN/ble/svc/Src/p2p_stm.c ****   * in the root directory of this software component.
  14:Middlewares/ST/STM32_WPAN/ble/svc/Src/p2p_stm.c ****   * If no LICENSE file comes with this software, it is provided AS-IS.
  15:Middlewares/ST/STM32_WPAN/ble/svc/Src/p2p_stm.c ****   *
  16:Middlewares/ST/STM32_WPAN/ble/svc/Src/p2p_stm.c ****   ******************************************************************************
  17:Middlewares/ST/STM32_WPAN/ble/svc/Src/p2p_stm.c ****   */
  18:Middlewares/ST/STM32_WPAN/ble/svc/Src/p2p_stm.c **** 
  19:Middlewares/ST/STM32_WPAN/ble/svc/Src/p2p_stm.c **** 
  20:Middlewares/ST/STM32_WPAN/ble/svc/Src/p2p_stm.c **** /* Includes ------------------------------------------------------------------*/
  21:Middlewares/ST/STM32_WPAN/ble/svc/Src/p2p_stm.c **** #include "common_blesvc.h"
  22:Middlewares/ST/STM32_WPAN/ble/svc/Src/p2p_stm.c **** 
  23:Middlewares/ST/STM32_WPAN/ble/svc/Src/p2p_stm.c **** /* Private typedef -----------------------------------------------------------*/
  24:Middlewares/ST/STM32_WPAN/ble/svc/Src/p2p_stm.c **** typedef struct{
  25:Middlewares/ST/STM32_WPAN/ble/svc/Src/p2p_stm.c ****   uint16_t	PeerToPeerSvcHdle;				        /**< Service handle */
  26:Middlewares/ST/STM32_WPAN/ble/svc/Src/p2p_stm.c ****   uint16_t	P2PWriteClientToServerCharHdle;	  /**< Characteristic handle */
  27:Middlewares/ST/STM32_WPAN/ble/svc/Src/p2p_stm.c ****   uint16_t	P2PNotifyServerToClientCharHdle;	/**< Characteristic handle */
  28:Middlewares/ST/STM32_WPAN/ble/svc/Src/p2p_stm.c **** #if(BLE_CFG_OTA_REBOOT_CHAR != 0)
  29:Middlewares/ST/STM32_WPAN/ble/svc/Src/p2p_stm.c ****   uint16_t  RebootReqCharHdle;                /**< Characteristic handle */
  30:Middlewares/ST/STM32_WPAN/ble/svc/Src/p2p_stm.c **** #endif
ARM GAS  C:\Users\843E~1\AppData\Local\Temp\ccjTdTNK.s 			page 2


  31:Middlewares/ST/STM32_WPAN/ble/svc/Src/p2p_stm.c **** }PeerToPeerContext_t;
  32:Middlewares/ST/STM32_WPAN/ble/svc/Src/p2p_stm.c **** 
  33:Middlewares/ST/STM32_WPAN/ble/svc/Src/p2p_stm.c **** /* Private defines -----------------------------------------------------------*/
  34:Middlewares/ST/STM32_WPAN/ble/svc/Src/p2p_stm.c **** #define UUID_128_SUPPORTED  1
  35:Middlewares/ST/STM32_WPAN/ble/svc/Src/p2p_stm.c **** 
  36:Middlewares/ST/STM32_WPAN/ble/svc/Src/p2p_stm.c **** #if (UUID_128_SUPPORTED == 1)
  37:Middlewares/ST/STM32_WPAN/ble/svc/Src/p2p_stm.c **** #define BM_UUID_LENGTH  UUID_TYPE_128
  38:Middlewares/ST/STM32_WPAN/ble/svc/Src/p2p_stm.c **** #else
  39:Middlewares/ST/STM32_WPAN/ble/svc/Src/p2p_stm.c **** #define BM_UUID_LENGTH  UUID_TYPE_16
  40:Middlewares/ST/STM32_WPAN/ble/svc/Src/p2p_stm.c **** #endif
  41:Middlewares/ST/STM32_WPAN/ble/svc/Src/p2p_stm.c **** 
  42:Middlewares/ST/STM32_WPAN/ble/svc/Src/p2p_stm.c **** #define BM_REQ_CHAR_SIZE    (3)
  43:Middlewares/ST/STM32_WPAN/ble/svc/Src/p2p_stm.c **** 
  44:Middlewares/ST/STM32_WPAN/ble/svc/Src/p2p_stm.c **** 
  45:Middlewares/ST/STM32_WPAN/ble/svc/Src/p2p_stm.c **** /* Private macros ------------------------------------------------------------*/
  46:Middlewares/ST/STM32_WPAN/ble/svc/Src/p2p_stm.c **** 
  47:Middlewares/ST/STM32_WPAN/ble/svc/Src/p2p_stm.c **** /* Private variables ---------------------------------------------------------*/
  48:Middlewares/ST/STM32_WPAN/ble/svc/Src/p2p_stm.c **** /**
  49:Middlewares/ST/STM32_WPAN/ble/svc/Src/p2p_stm.c ****  * Reboot Characteristic UUID
  50:Middlewares/ST/STM32_WPAN/ble/svc/Src/p2p_stm.c ****  * 0000fe11-8e22-4541-9d4c-21edae82ed19
  51:Middlewares/ST/STM32_WPAN/ble/svc/Src/p2p_stm.c ****  */
  52:Middlewares/ST/STM32_WPAN/ble/svc/Src/p2p_stm.c **** #if(BLE_CFG_OTA_REBOOT_CHAR != 0)
  53:Middlewares/ST/STM32_WPAN/ble/svc/Src/p2p_stm.c **** #if (UUID_128_SUPPORTED == 1)
  54:Middlewares/ST/STM32_WPAN/ble/svc/Src/p2p_stm.c **** static const uint8_t BM_REQ_CHAR_UUID[16] = {0x19, 0xed, 0x82, 0xae,
  55:Middlewares/ST/STM32_WPAN/ble/svc/Src/p2p_stm.c ****                                        0xed, 0x21, 0x4c, 0x9d,
  56:Middlewares/ST/STM32_WPAN/ble/svc/Src/p2p_stm.c ****                                        0x41, 0x45, 0x22, 0x8e,
  57:Middlewares/ST/STM32_WPAN/ble/svc/Src/p2p_stm.c ****                                        0x11, 0xFE, 0x00, 0x00};
  58:Middlewares/ST/STM32_WPAN/ble/svc/Src/p2p_stm.c **** #else
  59:Middlewares/ST/STM32_WPAN/ble/svc/Src/p2p_stm.c **** static const uint8_t BM_REQ_CHAR_UUID[2] = {0x11, 0xFE};
  60:Middlewares/ST/STM32_WPAN/ble/svc/Src/p2p_stm.c **** #endif
  61:Middlewares/ST/STM32_WPAN/ble/svc/Src/p2p_stm.c **** #endif
  62:Middlewares/ST/STM32_WPAN/ble/svc/Src/p2p_stm.c **** 
  63:Middlewares/ST/STM32_WPAN/ble/svc/Src/p2p_stm.c **** /**
  64:Middlewares/ST/STM32_WPAN/ble/svc/Src/p2p_stm.c ****  * START of Section BLE_DRIVER_CONTEXT
  65:Middlewares/ST/STM32_WPAN/ble/svc/Src/p2p_stm.c ****  */
  66:Middlewares/ST/STM32_WPAN/ble/svc/Src/p2p_stm.c **** PLACE_IN_SECTION("BLE_DRIVER_CONTEXT") static PeerToPeerContext_t aPeerToPeerContext;
  67:Middlewares/ST/STM32_WPAN/ble/svc/Src/p2p_stm.c **** 
  68:Middlewares/ST/STM32_WPAN/ble/svc/Src/p2p_stm.c **** /**
  69:Middlewares/ST/STM32_WPAN/ble/svc/Src/p2p_stm.c ****  * END of Section BLE_DRIVER_CONTEXT
  70:Middlewares/ST/STM32_WPAN/ble/svc/Src/p2p_stm.c ****  */
  71:Middlewares/ST/STM32_WPAN/ble/svc/Src/p2p_stm.c **** /* Private function prototypes -----------------------------------------------*/
  72:Middlewares/ST/STM32_WPAN/ble/svc/Src/p2p_stm.c **** static SVCCTL_EvtAckStatus_t PeerToPeer_Event_Handler(void *Event);
  73:Middlewares/ST/STM32_WPAN/ble/svc/Src/p2p_stm.c **** 
  74:Middlewares/ST/STM32_WPAN/ble/svc/Src/p2p_stm.c **** 
  75:Middlewares/ST/STM32_WPAN/ble/svc/Src/p2p_stm.c **** /* Functions Definition ------------------------------------------------------*/
  76:Middlewares/ST/STM32_WPAN/ble/svc/Src/p2p_stm.c **** /* Private functions ----------------------------------------------------------*/
  77:Middlewares/ST/STM32_WPAN/ble/svc/Src/p2p_stm.c **** 
  78:Middlewares/ST/STM32_WPAN/ble/svc/Src/p2p_stm.c **** #define COPY_UUID_128(uuid_struct, uuid_15, uuid_14, uuid_13, uuid_12, uuid_11, uuid_10, uuid_9, uu
  79:Middlewares/ST/STM32_WPAN/ble/svc/Src/p2p_stm.c **** do {\
  80:Middlewares/ST/STM32_WPAN/ble/svc/Src/p2p_stm.c ****     uuid_struct[0] = uuid_0; uuid_struct[1] = uuid_1; uuid_struct[2] = uuid_2; uuid_struct[3] = uui
  81:Middlewares/ST/STM32_WPAN/ble/svc/Src/p2p_stm.c ****         uuid_struct[4] = uuid_4; uuid_struct[5] = uuid_5; uuid_struct[6] = uuid_6; uuid_struct[7] =
  82:Middlewares/ST/STM32_WPAN/ble/svc/Src/p2p_stm.c ****             uuid_struct[8] = uuid_8; uuid_struct[9] = uuid_9; uuid_struct[10] = uuid_10; uuid_struc
  83:Middlewares/ST/STM32_WPAN/ble/svc/Src/p2p_stm.c ****                 uuid_struct[12] = uuid_12; uuid_struct[13] = uuid_13; uuid_struct[14] = uuid_14; uu
  84:Middlewares/ST/STM32_WPAN/ble/svc/Src/p2p_stm.c **** }while(0)
  85:Middlewares/ST/STM32_WPAN/ble/svc/Src/p2p_stm.c **** 
  86:Middlewares/ST/STM32_WPAN/ble/svc/Src/p2p_stm.c **** /* Hardware Characteristics Service */
  87:Middlewares/ST/STM32_WPAN/ble/svc/Src/p2p_stm.c **** /*
ARM GAS  C:\Users\843E~1\AppData\Local\Temp\ccjTdTNK.s 			page 3


  88:Middlewares/ST/STM32_WPAN/ble/svc/Src/p2p_stm.c ****  The following 128bits UUIDs have been generated from the random UUID
  89:Middlewares/ST/STM32_WPAN/ble/svc/Src/p2p_stm.c ****  generator:
  90:Middlewares/ST/STM32_WPAN/ble/svc/Src/p2p_stm.c ****  D973F2E0-B19E-11E2-9E96-0800200C9A66: Service 128bits UUID
  91:Middlewares/ST/STM32_WPAN/ble/svc/Src/p2p_stm.c ****  D973F2E1-B19E-11E2-9E96-0800200C9A66: Characteristic_1 128bits UUID
  92:Middlewares/ST/STM32_WPAN/ble/svc/Src/p2p_stm.c ****  D973F2E2-B19E-11E2-9E96-0800200C9A66: Characteristic_2 128bits UUID
  93:Middlewares/ST/STM32_WPAN/ble/svc/Src/p2p_stm.c ****  */
  94:Middlewares/ST/STM32_WPAN/ble/svc/Src/p2p_stm.c **** #define COPY_P2P_SERVICE_UUID(uuid_struct)       COPY_UUID_128(uuid_struct,0x00,0x00,0xfe,0x40,0xcc
  95:Middlewares/ST/STM32_WPAN/ble/svc/Src/p2p_stm.c **** #define COPY_P2P_WRITE_CHAR_UUID(uuid_struct)    COPY_UUID_128(uuid_struct,0x00,0x00,0xfe,0x41,0x8e
  96:Middlewares/ST/STM32_WPAN/ble/svc/Src/p2p_stm.c **** #define COPY_P2P_NOTIFY_UUID(uuid_struct)        COPY_UUID_128(uuid_struct,0x00,0x00,0xfe,0x42,0x8e
  97:Middlewares/ST/STM32_WPAN/ble/svc/Src/p2p_stm.c **** 
  98:Middlewares/ST/STM32_WPAN/ble/svc/Src/p2p_stm.c **** 
  99:Middlewares/ST/STM32_WPAN/ble/svc/Src/p2p_stm.c **** 
 100:Middlewares/ST/STM32_WPAN/ble/svc/Src/p2p_stm.c **** /**
 101:Middlewares/ST/STM32_WPAN/ble/svc/Src/p2p_stm.c ****  * @brief  Event handler
 102:Middlewares/ST/STM32_WPAN/ble/svc/Src/p2p_stm.c ****  * @param  Event: Address of the buffer holding the Event
 103:Middlewares/ST/STM32_WPAN/ble/svc/Src/p2p_stm.c ****  * @retval Ack: Return whether the Event has been managed or not
 104:Middlewares/ST/STM32_WPAN/ble/svc/Src/p2p_stm.c ****  */
 105:Middlewares/ST/STM32_WPAN/ble/svc/Src/p2p_stm.c **** static SVCCTL_EvtAckStatus_t PeerToPeer_Event_Handler(void *Event)
 106:Middlewares/ST/STM32_WPAN/ble/svc/Src/p2p_stm.c **** {
  29              		.loc 1 106 1 view -0
  30              		.cfi_startproc
  31              		@ args = 0, pretend = 0, frame = 16
  32              		@ frame_needed = 0, uses_anonymous_args = 0
 107:Middlewares/ST/STM32_WPAN/ble/svc/Src/p2p_stm.c ****   SVCCTL_EvtAckStatus_t return_value;
  33              		.loc 1 107 3 view .LVU1
 108:Middlewares/ST/STM32_WPAN/ble/svc/Src/p2p_stm.c ****   hci_event_pckt *event_pckt;
  34              		.loc 1 108 3 view .LVU2
 109:Middlewares/ST/STM32_WPAN/ble/svc/Src/p2p_stm.c ****   evt_blecore_aci *blecore_evt;
  35              		.loc 1 109 3 view .LVU3
 110:Middlewares/ST/STM32_WPAN/ble/svc/Src/p2p_stm.c ****   aci_gatt_attribute_modified_event_rp0    * attribute_modified;
  36              		.loc 1 110 3 view .LVU4
 111:Middlewares/ST/STM32_WPAN/ble/svc/Src/p2p_stm.c ****   P2PS_STM_App_Notification_evt_t Notification;
  37              		.loc 1 111 3 view .LVU5
 112:Middlewares/ST/STM32_WPAN/ble/svc/Src/p2p_stm.c **** 
 113:Middlewares/ST/STM32_WPAN/ble/svc/Src/p2p_stm.c ****   return_value = SVCCTL_EvtNotAck;
  38              		.loc 1 113 3 view .LVU6
 114:Middlewares/ST/STM32_WPAN/ble/svc/Src/p2p_stm.c ****   event_pckt = (hci_event_pckt *)(((hci_uart_pckt*)Event)->data);
  39              		.loc 1 114 3 view .LVU7
 115:Middlewares/ST/STM32_WPAN/ble/svc/Src/p2p_stm.c **** 
 116:Middlewares/ST/STM32_WPAN/ble/svc/Src/p2p_stm.c ****   switch(event_pckt->evt)
  40              		.loc 1 116 3 view .LVU8
  41              		.loc 1 116 20 is_stmt 0 view .LVU9
  42 0000 4378     		ldrb	r3, [r0, #1]	@ zero_extendqisi2
  43              		.loc 1 116 3 view .LVU10
  44 0002 FF2B     		cmp	r3, #255
  45 0004 01D0     		beq	.L12
 113:Middlewares/ST/STM32_WPAN/ble/svc/Src/p2p_stm.c ****   event_pckt = (hci_event_pckt *)(((hci_uart_pckt*)Event)->data);
  46              		.loc 1 113 16 view .LVU11
  47 0006 0020     		movs	r0, #0
  48              	.LVL1:
 113:Middlewares/ST/STM32_WPAN/ble/svc/Src/p2p_stm.c ****   event_pckt = (hci_event_pckt *)(((hci_uart_pckt*)Event)->data);
  49              		.loc 1 113 16 view .LVU12
  50 0008 7047     		bx	lr
  51              	.LVL2:
  52              	.L12:
 117:Middlewares/ST/STM32_WPAN/ble/svc/Src/p2p_stm.c ****   {
 118:Middlewares/ST/STM32_WPAN/ble/svc/Src/p2p_stm.c ****     case HCI_VENDOR_SPECIFIC_DEBUG_EVT_CODE:
ARM GAS  C:\Users\843E~1\AppData\Local\Temp\ccjTdTNK.s 			page 4


 119:Middlewares/ST/STM32_WPAN/ble/svc/Src/p2p_stm.c ****     {
 120:Middlewares/ST/STM32_WPAN/ble/svc/Src/p2p_stm.c ****       blecore_evt = (evt_blecore_aci*)event_pckt->data;
  53              		.loc 1 120 7 is_stmt 1 view .LVU13
 121:Middlewares/ST/STM32_WPAN/ble/svc/Src/p2p_stm.c ****       switch(blecore_evt->ecode)
  54              		.loc 1 121 7 view .LVU14
  55              		.loc 1 121 25 is_stmt 0 view .LVU15
  56 000a B0F80320 		ldrh	r2, [r0, #3]	@ unaligned
  57 000e 40F60143 		movw	r3, #3073
  58 0012 9A42     		cmp	r2, r3
  59 0014 01D0     		beq	.L13
 113:Middlewares/ST/STM32_WPAN/ble/svc/Src/p2p_stm.c ****   event_pckt = (hci_event_pckt *)(((hci_uart_pckt*)Event)->data);
  60              		.loc 1 113 16 view .LVU16
  61 0016 0020     		movs	r0, #0
  62              	.LVL3:
 122:Middlewares/ST/STM32_WPAN/ble/svc/Src/p2p_stm.c ****       {
 123:Middlewares/ST/STM32_WPAN/ble/svc/Src/p2p_stm.c ****         case ACI_GATT_ATTRIBUTE_MODIFIED_VSEVT_CODE:
 124:Middlewares/ST/STM32_WPAN/ble/svc/Src/p2p_stm.c ****        {
 125:Middlewares/ST/STM32_WPAN/ble/svc/Src/p2p_stm.c ****           attribute_modified = (aci_gatt_attribute_modified_event_rp0*)blecore_evt->data;
 126:Middlewares/ST/STM32_WPAN/ble/svc/Src/p2p_stm.c ****             if(attribute_modified->Attr_Handle == (aPeerToPeerContext.P2PNotifyServerToClientCharHd
 127:Middlewares/ST/STM32_WPAN/ble/svc/Src/p2p_stm.c ****             {
 128:Middlewares/ST/STM32_WPAN/ble/svc/Src/p2p_stm.c ****               /**
 129:Middlewares/ST/STM32_WPAN/ble/svc/Src/p2p_stm.c ****                * Descriptor handle
 130:Middlewares/ST/STM32_WPAN/ble/svc/Src/p2p_stm.c ****                */
 131:Middlewares/ST/STM32_WPAN/ble/svc/Src/p2p_stm.c ****               return_value = SVCCTL_EvtAckFlowEnable;
 132:Middlewares/ST/STM32_WPAN/ble/svc/Src/p2p_stm.c ****               /**
 133:Middlewares/ST/STM32_WPAN/ble/svc/Src/p2p_stm.c ****                * Notify to application
 134:Middlewares/ST/STM32_WPAN/ble/svc/Src/p2p_stm.c ****                */
 135:Middlewares/ST/STM32_WPAN/ble/svc/Src/p2p_stm.c ****               if(attribute_modified->Attr_Data[0] & COMSVC_Notification)
 136:Middlewares/ST/STM32_WPAN/ble/svc/Src/p2p_stm.c ****               {
 137:Middlewares/ST/STM32_WPAN/ble/svc/Src/p2p_stm.c ****                 Notification.P2P_Evt_Opcode = P2PS_STM__NOTIFY_ENABLED_EVT;
 138:Middlewares/ST/STM32_WPAN/ble/svc/Src/p2p_stm.c ****                 P2PS_STM_App_Notification(&Notification);
 139:Middlewares/ST/STM32_WPAN/ble/svc/Src/p2p_stm.c ****               }
 140:Middlewares/ST/STM32_WPAN/ble/svc/Src/p2p_stm.c ****               else
 141:Middlewares/ST/STM32_WPAN/ble/svc/Src/p2p_stm.c ****               {
 142:Middlewares/ST/STM32_WPAN/ble/svc/Src/p2p_stm.c ****                 Notification.P2P_Evt_Opcode = P2PS_STM_NOTIFY_DISABLED_EVT;
 143:Middlewares/ST/STM32_WPAN/ble/svc/Src/p2p_stm.c ****                 P2PS_STM_App_Notification(&Notification);
 144:Middlewares/ST/STM32_WPAN/ble/svc/Src/p2p_stm.c ****               }
 145:Middlewares/ST/STM32_WPAN/ble/svc/Src/p2p_stm.c ****             }
 146:Middlewares/ST/STM32_WPAN/ble/svc/Src/p2p_stm.c ****             
 147:Middlewares/ST/STM32_WPAN/ble/svc/Src/p2p_stm.c ****             else if(attribute_modified->Attr_Handle == (aPeerToPeerContext.P2PWriteClientToServerCh
 148:Middlewares/ST/STM32_WPAN/ble/svc/Src/p2p_stm.c ****             {
 149:Middlewares/ST/STM32_WPAN/ble/svc/Src/p2p_stm.c ****               BLE_DBG_P2P_STM_MSG("-- GATT : LED CONFIGURATION RECEIVED\n");
 150:Middlewares/ST/STM32_WPAN/ble/svc/Src/p2p_stm.c ****               Notification.P2P_Evt_Opcode = P2PS_STM_WRITE_EVT;
 151:Middlewares/ST/STM32_WPAN/ble/svc/Src/p2p_stm.c ****               Notification.DataTransfered.Length=attribute_modified->Attr_Data_Length;
 152:Middlewares/ST/STM32_WPAN/ble/svc/Src/p2p_stm.c ****               Notification.DataTransfered.pPayload=attribute_modified->Attr_Data;
 153:Middlewares/ST/STM32_WPAN/ble/svc/Src/p2p_stm.c ****               P2PS_STM_App_Notification(&Notification);  
 154:Middlewares/ST/STM32_WPAN/ble/svc/Src/p2p_stm.c ****             }
 155:Middlewares/ST/STM32_WPAN/ble/svc/Src/p2p_stm.c **** #if(BLE_CFG_OTA_REBOOT_CHAR != 0)
 156:Middlewares/ST/STM32_WPAN/ble/svc/Src/p2p_stm.c ****             else if(attribute_modified->Attr_Handle == (aPeerToPeerContext.RebootReqCharHdle + 1))
 157:Middlewares/ST/STM32_WPAN/ble/svc/Src/p2p_stm.c ****             {
 158:Middlewares/ST/STM32_WPAN/ble/svc/Src/p2p_stm.c ****               BLE_DBG_P2P_STM_MSG("-- GATT : REBOOT REQUEST RECEIVED\n");
 159:Middlewares/ST/STM32_WPAN/ble/svc/Src/p2p_stm.c ****               Notification.P2P_Evt_Opcode = P2PS_STM_BOOT_REQUEST_EVT;
 160:Middlewares/ST/STM32_WPAN/ble/svc/Src/p2p_stm.c ****               Notification.DataTransfered.Length=attribute_modified->Attr_Data_Length;
 161:Middlewares/ST/STM32_WPAN/ble/svc/Src/p2p_stm.c ****               Notification.DataTransfered.pPayload=attribute_modified->Attr_Data;
 162:Middlewares/ST/STM32_WPAN/ble/svc/Src/p2p_stm.c ****               P2PS_STM_App_Notification(&Notification);
 163:Middlewares/ST/STM32_WPAN/ble/svc/Src/p2p_stm.c ****             }
 164:Middlewares/ST/STM32_WPAN/ble/svc/Src/p2p_stm.c **** #endif
ARM GAS  C:\Users\843E~1\AppData\Local\Temp\ccjTdTNK.s 			page 5


 165:Middlewares/ST/STM32_WPAN/ble/svc/Src/p2p_stm.c ****         }
 166:Middlewares/ST/STM32_WPAN/ble/svc/Src/p2p_stm.c ****         break;
 167:Middlewares/ST/STM32_WPAN/ble/svc/Src/p2p_stm.c **** 
 168:Middlewares/ST/STM32_WPAN/ble/svc/Src/p2p_stm.c ****         default:
 169:Middlewares/ST/STM32_WPAN/ble/svc/Src/p2p_stm.c ****           break;
 170:Middlewares/ST/STM32_WPAN/ble/svc/Src/p2p_stm.c ****       }
 171:Middlewares/ST/STM32_WPAN/ble/svc/Src/p2p_stm.c ****     }
 172:Middlewares/ST/STM32_WPAN/ble/svc/Src/p2p_stm.c ****     break; /* HCI_HCI_VENDOR_SPECIFIC_DEBUG_EVT_CODE_SPECIFIC */
 173:Middlewares/ST/STM32_WPAN/ble/svc/Src/p2p_stm.c **** 
 174:Middlewares/ST/STM32_WPAN/ble/svc/Src/p2p_stm.c ****     default:
 175:Middlewares/ST/STM32_WPAN/ble/svc/Src/p2p_stm.c ****       break;
 176:Middlewares/ST/STM32_WPAN/ble/svc/Src/p2p_stm.c ****   }
 177:Middlewares/ST/STM32_WPAN/ble/svc/Src/p2p_stm.c **** 
 178:Middlewares/ST/STM32_WPAN/ble/svc/Src/p2p_stm.c ****   return(return_value);
  63              		.loc 1 178 3 is_stmt 1 view .LVU17
 179:Middlewares/ST/STM32_WPAN/ble/svc/Src/p2p_stm.c **** }/* end SVCCTL_EvtAckStatus_t */
  64              		.loc 1 179 1 is_stmt 0 view .LVU18
  65 0018 7047     		bx	lr
  66              	.LVL4:
  67              	.L13:
 106:Middlewares/ST/STM32_WPAN/ble/svc/Src/p2p_stm.c ****   SVCCTL_EvtAckStatus_t return_value;
  68              		.loc 1 106 1 view .LVU19
  69 001a 10B5     		push	{r4, lr}
  70              	.LCFI0:
  71              		.cfi_def_cfa_offset 8
  72              		.cfi_offset 4, -8
  73              		.cfi_offset 14, -4
  74 001c 84B0     		sub	sp, sp, #16
  75              	.LCFI1:
  76              		.cfi_def_cfa_offset 24
 125:Middlewares/ST/STM32_WPAN/ble/svc/Src/p2p_stm.c ****             if(attribute_modified->Attr_Handle == (aPeerToPeerContext.P2PNotifyServerToClientCharHd
  77              		.loc 1 125 11 is_stmt 1 view .LVU20
  78              	.LVL5:
 126:Middlewares/ST/STM32_WPAN/ble/svc/Src/p2p_stm.c ****             {
  79              		.loc 1 126 13 view .LVU21
 126:Middlewares/ST/STM32_WPAN/ble/svc/Src/p2p_stm.c ****             {
  80              		.loc 1 126 34 is_stmt 0 view .LVU22
  81 001e B0F80720 		ldrh	r2, [r0, #7]	@ unaligned
 126:Middlewares/ST/STM32_WPAN/ble/svc/Src/p2p_stm.c ****             {
  82              		.loc 1 126 70 view .LVU23
  83 0022 174B     		ldr	r3, .L16
  84 0024 9B88     		ldrh	r3, [r3, #4]
 126:Middlewares/ST/STM32_WPAN/ble/svc/Src/p2p_stm.c ****             {
  85              		.loc 1 126 103 view .LVU24
  86 0026 0233     		adds	r3, r3, #2
 126:Middlewares/ST/STM32_WPAN/ble/svc/Src/p2p_stm.c ****             {
  87              		.loc 1 126 15 view .LVU25
  88 0028 9A42     		cmp	r2, r3
  89 002a 07D0     		beq	.L14
 147:Middlewares/ST/STM32_WPAN/ble/svc/Src/p2p_stm.c ****             {
  90              		.loc 1 147 18 is_stmt 1 view .LVU26
 147:Middlewares/ST/STM32_WPAN/ble/svc/Src/p2p_stm.c ****             {
  91              		.loc 1 147 75 is_stmt 0 view .LVU27
  92 002c 144B     		ldr	r3, .L16
  93 002e 5B88     		ldrh	r3, [r3, #2]
 147:Middlewares/ST/STM32_WPAN/ble/svc/Src/p2p_stm.c ****             {
  94              		.loc 1 147 107 view .LVU28
ARM GAS  C:\Users\843E~1\AppData\Local\Temp\ccjTdTNK.s 			page 6


  95 0030 0133     		adds	r3, r3, #1
 147:Middlewares/ST/STM32_WPAN/ble/svc/Src/p2p_stm.c ****             {
  96              		.loc 1 147 20 view .LVU29
  97 0032 9A42     		cmp	r2, r3
  98 0034 16D0     		beq	.L15
 113:Middlewares/ST/STM32_WPAN/ble/svc/Src/p2p_stm.c ****   event_pckt = (hci_event_pckt *)(((hci_uart_pckt*)Event)->data);
  99              		.loc 1 113 16 view .LVU30
 100 0036 0020     		movs	r0, #0
 101              	.LVL6:
 102              	.L2:
 178:Middlewares/ST/STM32_WPAN/ble/svc/Src/p2p_stm.c **** }/* end SVCCTL_EvtAckStatus_t */
 103              		.loc 1 178 3 is_stmt 1 view .LVU31
 104              		.loc 1 179 1 is_stmt 0 view .LVU32
 105 0038 04B0     		add	sp, sp, #16
 106              	.LCFI2:
 107              		.cfi_remember_state
 108              		.cfi_def_cfa_offset 8
 109              		@ sp needed
 110 003a 10BD     		pop	{r4, pc}
 111              	.LVL7:
 112              	.L14:
 113              	.LCFI3:
 114              		.cfi_restore_state
 131:Middlewares/ST/STM32_WPAN/ble/svc/Src/p2p_stm.c ****               /**
 115              		.loc 1 131 15 is_stmt 1 view .LVU33
 135:Middlewares/ST/STM32_WPAN/ble/svc/Src/p2p_stm.c ****               {
 116              		.loc 1 135 15 view .LVU34
 135:Middlewares/ST/STM32_WPAN/ble/svc/Src/p2p_stm.c ****               {
 117              		.loc 1 135 47 is_stmt 0 view .LVU35
 118 003c 437B     		ldrb	r3, [r0, #13]	@ zero_extendqisi2
 135:Middlewares/ST/STM32_WPAN/ble/svc/Src/p2p_stm.c ****               {
 119              		.loc 1 135 17 view .LVU36
 120 003e 13F0010F 		tst	r3, #1
 121 0042 07D0     		beq	.L4
 137:Middlewares/ST/STM32_WPAN/ble/svc/Src/p2p_stm.c ****                 P2PS_STM_App_Notification(&Notification);
 122              		.loc 1 137 17 is_stmt 1 view .LVU37
 137:Middlewares/ST/STM32_WPAN/ble/svc/Src/p2p_stm.c ****                 P2PS_STM_App_Notification(&Notification);
 123              		.loc 1 137 45 is_stmt 0 view .LVU38
 124 0044 0023     		movs	r3, #0
 125 0046 8DF80030 		strb	r3, [sp]
 138:Middlewares/ST/STM32_WPAN/ble/svc/Src/p2p_stm.c ****               }
 126              		.loc 1 138 17 is_stmt 1 view .LVU39
 127 004a 6846     		mov	r0, sp
 128              	.LVL8:
 138:Middlewares/ST/STM32_WPAN/ble/svc/Src/p2p_stm.c ****               }
 129              		.loc 1 138 17 is_stmt 0 view .LVU40
 130 004c FFF7FEFF 		bl	P2PS_STM_App_Notification
 131              	.LVL9:
 131:Middlewares/ST/STM32_WPAN/ble/svc/Src/p2p_stm.c ****               /**
 132              		.loc 1 131 28 view .LVU41
 133 0050 0120     		movs	r0, #1
 134 0052 F1E7     		b	.L2
 135              	.LVL10:
 136              	.L4:
 142:Middlewares/ST/STM32_WPAN/ble/svc/Src/p2p_stm.c ****                 P2PS_STM_App_Notification(&Notification);
 137              		.loc 1 142 17 is_stmt 1 view .LVU42
 142:Middlewares/ST/STM32_WPAN/ble/svc/Src/p2p_stm.c ****                 P2PS_STM_App_Notification(&Notification);
ARM GAS  C:\Users\843E~1\AppData\Local\Temp\ccjTdTNK.s 			page 7


 138              		.loc 1 142 45 is_stmt 0 view .LVU43
 139 0054 0124     		movs	r4, #1
 140 0056 8DF80040 		strb	r4, [sp]
 143:Middlewares/ST/STM32_WPAN/ble/svc/Src/p2p_stm.c ****               }
 141              		.loc 1 143 17 is_stmt 1 view .LVU44
 142 005a 6846     		mov	r0, sp
 143              	.LVL11:
 143:Middlewares/ST/STM32_WPAN/ble/svc/Src/p2p_stm.c ****               }
 144              		.loc 1 143 17 is_stmt 0 view .LVU45
 145 005c FFF7FEFF 		bl	P2PS_STM_App_Notification
 146              	.LVL12:
 131:Middlewares/ST/STM32_WPAN/ble/svc/Src/p2p_stm.c ****               /**
 147              		.loc 1 131 28 view .LVU46
 148 0060 2046     		mov	r0, r4
 149 0062 E9E7     		b	.L2
 150              	.LVL13:
 151              	.L15:
 149:Middlewares/ST/STM32_WPAN/ble/svc/Src/p2p_stm.c ****               Notification.P2P_Evt_Opcode = P2PS_STM_WRITE_EVT;
 152              		.loc 1 149 76 is_stmt 1 view .LVU47
 150:Middlewares/ST/STM32_WPAN/ble/svc/Src/p2p_stm.c ****               Notification.DataTransfered.Length=attribute_modified->Attr_Data_Length;
 153              		.loc 1 150 15 view .LVU48
 150:Middlewares/ST/STM32_WPAN/ble/svc/Src/p2p_stm.c ****               Notification.DataTransfered.Length=attribute_modified->Attr_Data_Length;
 154              		.loc 1 150 43 is_stmt 0 view .LVU49
 155 0064 0323     		movs	r3, #3
 156 0066 8DF80030 		strb	r3, [sp]
 151:Middlewares/ST/STM32_WPAN/ble/svc/Src/p2p_stm.c ****               Notification.DataTransfered.pPayload=attribute_modified->Attr_Data;
 157              		.loc 1 151 15 is_stmt 1 view .LVU50
 151:Middlewares/ST/STM32_WPAN/ble/svc/Src/p2p_stm.c ****               Notification.DataTransfered.pPayload=attribute_modified->Attr_Data;
 158              		.loc 1 151 68 is_stmt 0 view .LVU51
 159 006a B0F80B30 		ldrh	r3, [r0, #11]	@ unaligned
 151:Middlewares/ST/STM32_WPAN/ble/svc/Src/p2p_stm.c ****               Notification.DataTransfered.pPayload=attribute_modified->Attr_Data;
 160              		.loc 1 151 49 view .LVU52
 161 006e 8DF80830 		strb	r3, [sp, #8]
 152:Middlewares/ST/STM32_WPAN/ble/svc/Src/p2p_stm.c ****               P2PS_STM_App_Notification(&Notification);  
 162              		.loc 1 152 15 is_stmt 1 view .LVU53
 152:Middlewares/ST/STM32_WPAN/ble/svc/Src/p2p_stm.c ****               P2PS_STM_App_Notification(&Notification);  
 163              		.loc 1 152 52 is_stmt 0 view .LVU54
 164 0072 0D30     		adds	r0, r0, #13
 165              	.LVL14:
 152:Middlewares/ST/STM32_WPAN/ble/svc/Src/p2p_stm.c ****               P2PS_STM_App_Notification(&Notification);  
 166              		.loc 1 152 51 view .LVU55
 167 0074 0190     		str	r0, [sp, #4]
 153:Middlewares/ST/STM32_WPAN/ble/svc/Src/p2p_stm.c ****             }
 168              		.loc 1 153 15 is_stmt 1 view .LVU56
 169 0076 6846     		mov	r0, sp
 170              	.LVL15:
 153:Middlewares/ST/STM32_WPAN/ble/svc/Src/p2p_stm.c ****             }
 171              		.loc 1 153 15 is_stmt 0 view .LVU57
 172 0078 FFF7FEFF 		bl	P2PS_STM_App_Notification
 173              	.LVL16:
 113:Middlewares/ST/STM32_WPAN/ble/svc/Src/p2p_stm.c ****   event_pckt = (hci_event_pckt *)(((hci_uart_pckt*)Event)->data);
 174              		.loc 1 113 16 view .LVU58
 175 007c 0020     		movs	r0, #0
 176 007e DBE7     		b	.L2
 177              	.L17:
 178              		.align	2
 179              	.L16:
ARM GAS  C:\Users\843E~1\AppData\Local\Temp\ccjTdTNK.s 			page 8


 180 0080 00000000 		.word	.LANCHOR0
 181              		.cfi_endproc
 182              	.LFE1261:
 184              		.section	.text.P2PS_STM_Init,"ax",%progbits
 185              		.align	1
 186              		.global	P2PS_STM_Init
 187              		.syntax unified
 188              		.thumb
 189              		.thumb_func
 191              	P2PS_STM_Init:
 192              	.LFB1262:
 180:Middlewares/ST/STM32_WPAN/ble/svc/Src/p2p_stm.c **** 
 181:Middlewares/ST/STM32_WPAN/ble/svc/Src/p2p_stm.c **** 
 182:Middlewares/ST/STM32_WPAN/ble/svc/Src/p2p_stm.c **** /* Public functions ----------------------------------------------------------*/
 183:Middlewares/ST/STM32_WPAN/ble/svc/Src/p2p_stm.c **** 
 184:Middlewares/ST/STM32_WPAN/ble/svc/Src/p2p_stm.c **** /**
 185:Middlewares/ST/STM32_WPAN/ble/svc/Src/p2p_stm.c ****  * @brief  Service initialization
 186:Middlewares/ST/STM32_WPAN/ble/svc/Src/p2p_stm.c ****  * @param  None
 187:Middlewares/ST/STM32_WPAN/ble/svc/Src/p2p_stm.c ****  * @retval None
 188:Middlewares/ST/STM32_WPAN/ble/svc/Src/p2p_stm.c ****  */
 189:Middlewares/ST/STM32_WPAN/ble/svc/Src/p2p_stm.c **** void P2PS_STM_Init(void)
 190:Middlewares/ST/STM32_WPAN/ble/svc/Src/p2p_stm.c **** {
 193              		.loc 1 190 1 is_stmt 1 view -0
 194              		.cfi_startproc
 195              		@ args = 0, pretend = 0, frame = 16
 196              		@ frame_needed = 0, uses_anonymous_args = 0
 197 0000 2DE9F04F 		push	{r4, r5, r6, r7, r8, r9, r10, fp, lr}
 198              	.LCFI4:
 199              		.cfi_def_cfa_offset 36
 200              		.cfi_offset 4, -36
 201              		.cfi_offset 5, -32
 202              		.cfi_offset 6, -28
 203              		.cfi_offset 7, -24
 204              		.cfi_offset 8, -20
 205              		.cfi_offset 9, -16
 206              		.cfi_offset 10, -12
 207              		.cfi_offset 11, -8
 208              		.cfi_offset 14, -4
 209 0004 8BB0     		sub	sp, sp, #44
 210              	.LCFI5:
 211              		.cfi_def_cfa_offset 80
 191:Middlewares/ST/STM32_WPAN/ble/svc/Src/p2p_stm.c ****  
 192:Middlewares/ST/STM32_WPAN/ble/svc/Src/p2p_stm.c ****   Char_UUID_t  uuid16;
 212              		.loc 1 192 3 view .LVU60
 193:Middlewares/ST/STM32_WPAN/ble/svc/Src/p2p_stm.c **** 
 194:Middlewares/ST/STM32_WPAN/ble/svc/Src/p2p_stm.c ****   /**
 195:Middlewares/ST/STM32_WPAN/ble/svc/Src/p2p_stm.c ****    *	Register the event handler to the BLE controller
 196:Middlewares/ST/STM32_WPAN/ble/svc/Src/p2p_stm.c ****    */
 197:Middlewares/ST/STM32_WPAN/ble/svc/Src/p2p_stm.c ****   SVCCTL_RegisterSvcHandler(PeerToPeer_Event_Handler);
 213              		.loc 1 197 3 view .LVU61
 214 0006 6248     		ldr	r0, .L20
 215 0008 FFF7FEFF 		bl	SVCCTL_RegisterSvcHandler
 216              	.LVL17:
 198:Middlewares/ST/STM32_WPAN/ble/svc/Src/p2p_stm.c ****   
 199:Middlewares/ST/STM32_WPAN/ble/svc/Src/p2p_stm.c ****     /**
 200:Middlewares/ST/STM32_WPAN/ble/svc/Src/p2p_stm.c ****      *  Peer To Peer Service
 201:Middlewares/ST/STM32_WPAN/ble/svc/Src/p2p_stm.c ****      *
ARM GAS  C:\Users\843E~1\AppData\Local\Temp\ccjTdTNK.s 			page 9


 202:Middlewares/ST/STM32_WPAN/ble/svc/Src/p2p_stm.c ****      * Max_Attribute_Records = 2*no_of_char + 1
 203:Middlewares/ST/STM32_WPAN/ble/svc/Src/p2p_stm.c ****      * service_max_attribute_record = 1 for Peer To Peer service +
 204:Middlewares/ST/STM32_WPAN/ble/svc/Src/p2p_stm.c ****      *                                2 for P2P Write characteristic +
 205:Middlewares/ST/STM32_WPAN/ble/svc/Src/p2p_stm.c ****      *                                2 for P2P Notify characteristic +
 206:Middlewares/ST/STM32_WPAN/ble/svc/Src/p2p_stm.c ****      *                                1 for client char configuration descriptor +
 207:Middlewares/ST/STM32_WPAN/ble/svc/Src/p2p_stm.c ****      *                                
 208:Middlewares/ST/STM32_WPAN/ble/svc/Src/p2p_stm.c ****      */
 209:Middlewares/ST/STM32_WPAN/ble/svc/Src/p2p_stm.c ****     COPY_P2P_SERVICE_UUID(uuid16.Char_UUID_128);
 217              		.loc 1 209 5 view .LVU62
 218              		.loc 1 209 5 view .LVU63
 219 000c 8F23     		movs	r3, #143
 220 000e 8DF81830 		strb	r3, [sp, #24]
 221              		.loc 1 209 5 view .LVU64
 222 0012 E523     		movs	r3, #229
 223 0014 8DF81930 		strb	r3, [sp, #25]
 224              		.loc 1 209 5 view .LVU65
 225 0018 B323     		movs	r3, #179
 226 001a 8DF81A30 		strb	r3, [sp, #26]
 227              		.loc 1 209 5 view .LVU66
 228 001e D523     		movs	r3, #213
 229 0020 8DF81B30 		strb	r3, [sp, #27]
 230              		.loc 1 209 5 view .LVU67
 231 0024 2E23     		movs	r3, #46
 232 0026 8DF81C30 		strb	r3, [sp, #28]
 233              		.loc 1 209 5 view .LVU68
 234 002a 7F23     		movs	r3, #127
 235 002c 8DF81D30 		strb	r3, [sp, #29]
 236              		.loc 1 209 5 view .LVU69
 237 0030 4A23     		movs	r3, #74
 238 0032 8DF81E30 		strb	r3, [sp, #30]
 239              		.loc 1 209 5 view .LVU70
 240 0036 9823     		movs	r3, #152
 241 0038 8DF81F30 		strb	r3, [sp, #31]
 242              		.loc 1 209 5 view .LVU71
 243 003c 2A23     		movs	r3, #42
 244 003e 8DF82030 		strb	r3, [sp, #32]
 245              		.loc 1 209 5 view .LVU72
 246 0042 4823     		movs	r3, #72
 247 0044 8DF82130 		strb	r3, [sp, #33]
 248              		.loc 1 209 5 view .LVU73
 249 0048 7A23     		movs	r3, #122
 250 004a 8DF82230 		strb	r3, [sp, #34]
 251              		.loc 1 209 5 view .LVU74
 252 004e CC23     		movs	r3, #204
 253 0050 8DF82330 		strb	r3, [sp, #35]
 254              		.loc 1 209 5 view .LVU75
 255 0054 4023     		movs	r3, #64
 256 0056 8DF82430 		strb	r3, [sp, #36]
 257              		.loc 1 209 5 view .LVU76
 258 005a FE27     		movs	r7, #254
 259 005c 8DF82570 		strb	r7, [sp, #37]
 260              		.loc 1 209 5 view .LVU77
 261 0060 0024     		movs	r4, #0
 262 0062 8DF82640 		strb	r4, [sp, #38]
 263              		.loc 1 209 5 view .LVU78
 264 0066 8DF82740 		strb	r4, [sp, #39]
 265              		.loc 1 209 5 view .LVU79
ARM GAS  C:\Users\843E~1\AppData\Local\Temp\ccjTdTNK.s 			page 10


 210:Middlewares/ST/STM32_WPAN/ble/svc/Src/p2p_stm.c ****     aci_gatt_add_service(UUID_TYPE_128,
 266              		.loc 1 210 5 view .LVU80
 267 006a 4A4B     		ldr	r3, .L20+4
 268 006c 0093     		str	r3, [sp]
 269 006e 0623     		movs	r3, #6
 270 0070 0122     		movs	r2, #1
 271 0072 06A9     		add	r1, sp, #24
 272 0074 0220     		movs	r0, #2
 273 0076 FFF7FEFF 		bl	aci_gatt_add_service
 274              	.LVL18:
 211:Middlewares/ST/STM32_WPAN/ble/svc/Src/p2p_stm.c ****                       (Service_UUID_t *) &uuid16,
 212:Middlewares/ST/STM32_WPAN/ble/svc/Src/p2p_stm.c ****                       PRIMARY_SERVICE,
 213:Middlewares/ST/STM32_WPAN/ble/svc/Src/p2p_stm.c **** #if (BLE_CFG_OTA_REBOOT_CHAR != 0)
 214:Middlewares/ST/STM32_WPAN/ble/svc/Src/p2p_stm.c ****                       2+
 215:Middlewares/ST/STM32_WPAN/ble/svc/Src/p2p_stm.c **** #endif                      
 216:Middlewares/ST/STM32_WPAN/ble/svc/Src/p2p_stm.c ****                       6,
 217:Middlewares/ST/STM32_WPAN/ble/svc/Src/p2p_stm.c ****                       &(aPeerToPeerContext.PeerToPeerSvcHdle));
 218:Middlewares/ST/STM32_WPAN/ble/svc/Src/p2p_stm.c **** 
 219:Middlewares/ST/STM32_WPAN/ble/svc/Src/p2p_stm.c ****     /**
 220:Middlewares/ST/STM32_WPAN/ble/svc/Src/p2p_stm.c ****      *  Add LED Characteristic
 221:Middlewares/ST/STM32_WPAN/ble/svc/Src/p2p_stm.c ****      */
 222:Middlewares/ST/STM32_WPAN/ble/svc/Src/p2p_stm.c ****     COPY_P2P_WRITE_CHAR_UUID(uuid16.Char_UUID_128);
 275              		.loc 1 222 5 view .LVU81
 276              		.loc 1 222 5 view .LVU82
 277 007a 4FF0190B 		mov	fp, #25
 278 007e 8DF818B0 		strb	fp, [sp, #24]
 279              		.loc 1 222 5 view .LVU83
 280 0082 ED26     		movs	r6, #237
 281 0084 8DF81960 		strb	r6, [sp, #25]
 282              		.loc 1 222 5 view .LVU84
 283 0088 4FF0820A 		mov	r10, #130
 284 008c 8DF81AA0 		strb	r10, [sp, #26]
 285              		.loc 1 222 5 view .LVU85
 286 0090 6FF05103 		mvn	r3, #81
 287 0094 8DF81B30 		strb	r3, [sp, #27]
 288              		.loc 1 222 5 view .LVU86
 289 0098 8DF81C60 		strb	r6, [sp, #28]
 290              		.loc 1 222 5 view .LVU87
 291 009c 4FF02102 		mov	r2, #33
 292 00a0 8DF81D20 		strb	r2, [sp, #29]
 293              		.loc 1 222 5 view .LVU88
 294 00a4 4FF04C01 		mov	r1, #76
 295 00a8 8DF81E10 		strb	r1, [sp, #30]
 296              		.loc 1 222 5 view .LVU89
 297 00ac 6FF06200 		mvn	r0, #98
 298 00b0 8DF81F00 		strb	r0, [sp, #31]
 299              		.loc 1 222 5 view .LVU90
 300 00b4 4FF04108 		mov	r8, #65
 301 00b8 8DF82080 		strb	r8, [sp, #32]
 302              		.loc 1 222 5 view .LVU91
 303 00bc 4FF04505 		mov	r5, #69
 304 00c0 8DF82150 		strb	r5, [sp, #33]
 305              		.loc 1 222 5 view .LVU92
 306 00c4 4FF0220C 		mov	ip, #34
 307 00c8 8DF822C0 		strb	ip, [sp, #34]
 308              		.loc 1 222 5 view .LVU93
 309 00cc 4FF08E09 		mov	r9, #142
ARM GAS  C:\Users\843E~1\AppData\Local\Temp\ccjTdTNK.s 			page 11


 310 00d0 8DF82390 		strb	r9, [sp, #35]
 311              		.loc 1 222 5 view .LVU94
 312 00d4 8DF82480 		strb	r8, [sp, #36]
 313              		.loc 1 222 5 view .LVU95
 314 00d8 8DF82570 		strb	r7, [sp, #37]
 315              		.loc 1 222 5 view .LVU96
 316 00dc 8DF82640 		strb	r4, [sp, #38]
 317              		.loc 1 222 5 view .LVU97
 318 00e0 8DF82740 		strb	r4, [sp, #39]
 319              		.loc 1 222 5 view .LVU98
 223:Middlewares/ST/STM32_WPAN/ble/svc/Src/p2p_stm.c ****     aci_gatt_add_char(aPeerToPeerContext.PeerToPeerSvcHdle,
 320              		.loc 1 223 5 view .LVU99
 321 00e4 2B4B     		ldr	r3, .L20+4
 322 00e6 33F8020B 		ldrh	r0, [r3], #2
 323 00ea 0593     		str	r3, [sp, #20]
 324 00ec 0125     		movs	r5, #1
 325 00ee 0495     		str	r5, [sp, #16]
 326 00f0 4FF00A0E 		mov	lr, #10
 327 00f4 CDF80CE0 		str	lr, [sp, #12]
 328 00f8 0295     		str	r5, [sp, #8]
 329 00fa 0194     		str	r4, [sp, #4]
 330 00fc 0623     		movs	r3, #6
 331 00fe 0093     		str	r3, [sp]
 332 0100 0223     		movs	r3, #2
 333 0102 0DF1180E 		add	lr, sp, #24
 334 0106 7246     		mov	r2, lr
 335 0108 1946     		mov	r1, r3
 336 010a FFF7FEFF 		bl	aci_gatt_add_char
 337              	.LVL19:
 224:Middlewares/ST/STM32_WPAN/ble/svc/Src/p2p_stm.c ****                       UUID_TYPE_128, &uuid16,
 225:Middlewares/ST/STM32_WPAN/ble/svc/Src/p2p_stm.c ****                       2,                                   
 226:Middlewares/ST/STM32_WPAN/ble/svc/Src/p2p_stm.c ****                       CHAR_PROP_WRITE_WITHOUT_RESP|CHAR_PROP_READ,
 227:Middlewares/ST/STM32_WPAN/ble/svc/Src/p2p_stm.c ****                       ATTR_PERMISSION_NONE,
 228:Middlewares/ST/STM32_WPAN/ble/svc/Src/p2p_stm.c ****                       GATT_NOTIFY_ATTRIBUTE_WRITE, /* gattEvtMask */
 229:Middlewares/ST/STM32_WPAN/ble/svc/Src/p2p_stm.c ****                       10, /* encryKeySize */
 230:Middlewares/ST/STM32_WPAN/ble/svc/Src/p2p_stm.c ****                       1, /* isVariable */
 231:Middlewares/ST/STM32_WPAN/ble/svc/Src/p2p_stm.c ****                       &(aPeerToPeerContext.P2PWriteClientToServerCharHdle));
 232:Middlewares/ST/STM32_WPAN/ble/svc/Src/p2p_stm.c **** 
 233:Middlewares/ST/STM32_WPAN/ble/svc/Src/p2p_stm.c ****     /**
 234:Middlewares/ST/STM32_WPAN/ble/svc/Src/p2p_stm.c ****      *   Add Button Characteristic
 235:Middlewares/ST/STM32_WPAN/ble/svc/Src/p2p_stm.c ****      */
 236:Middlewares/ST/STM32_WPAN/ble/svc/Src/p2p_stm.c ****     COPY_P2P_NOTIFY_UUID(uuid16.Char_UUID_128);
 338              		.loc 1 236 5 view .LVU100
 339              		.loc 1 236 5 view .LVU101
 340 010e 8DF818B0 		strb	fp, [sp, #24]
 341              		.loc 1 236 5 view .LVU102
 342 0112 8DF81960 		strb	r6, [sp, #25]
 343              		.loc 1 236 5 view .LVU103
 344 0116 8DF81AA0 		strb	r10, [sp, #26]
 345              		.loc 1 236 5 view .LVU104
 346 011a 6FF05103 		mvn	r3, #81
 347 011e 8DF81B30 		strb	r3, [sp, #27]
 348              		.loc 1 236 5 view .LVU105
 349 0122 8DF81C60 		strb	r6, [sp, #28]
 350              		.loc 1 236 5 view .LVU106
 351 0126 4FF02102 		mov	r2, #33
 352 012a 8DF81D20 		strb	r2, [sp, #29]
ARM GAS  C:\Users\843E~1\AppData\Local\Temp\ccjTdTNK.s 			page 12


 353              		.loc 1 236 5 view .LVU107
 354 012e 4FF04C01 		mov	r1, #76
 355 0132 8DF81E10 		strb	r1, [sp, #30]
 356              		.loc 1 236 5 view .LVU108
 357 0136 6FF06200 		mvn	r0, #98
 358 013a 8DF81F00 		strb	r0, [sp, #31]
 359              		.loc 1 236 5 view .LVU109
 360 013e 8DF82080 		strb	r8, [sp, #32]
 361              		.loc 1 236 5 view .LVU110
 362 0142 4FF04503 		mov	r3, #69
 363 0146 8DF82130 		strb	r3, [sp, #33]
 364              		.loc 1 236 5 view .LVU111
 365 014a 4FF0220C 		mov	ip, #34
 366 014e 8DF822C0 		strb	ip, [sp, #34]
 367              		.loc 1 236 5 view .LVU112
 368 0152 8DF82390 		strb	r9, [sp, #35]
 369              		.loc 1 236 5 view .LVU113
 370 0156 4223     		movs	r3, #66
 371 0158 8DF82430 		strb	r3, [sp, #36]
 372              		.loc 1 236 5 view .LVU114
 373 015c 8DF82570 		strb	r7, [sp, #37]
 374              		.loc 1 236 5 view .LVU115
 375 0160 8DF82640 		strb	r4, [sp, #38]
 376              		.loc 1 236 5 view .LVU116
 377 0164 8DF82740 		strb	r4, [sp, #39]
 378              		.loc 1 236 5 view .LVU117
 237:Middlewares/ST/STM32_WPAN/ble/svc/Src/p2p_stm.c ****     aci_gatt_add_char(aPeerToPeerContext.PeerToPeerSvcHdle,
 379              		.loc 1 237 5 view .LVU118
 380 0168 0A4B     		ldr	r3, .L20+4
 381 016a 33F8040B 		ldrh	r0, [r3], #4
 382 016e 0593     		str	r3, [sp, #20]
 383 0170 0495     		str	r5, [sp, #16]
 384 0172 0A23     		movs	r3, #10
 385 0174 0393     		str	r3, [sp, #12]
 386 0176 0295     		str	r5, [sp, #8]
 387 0178 0194     		str	r4, [sp, #4]
 388 017a 1023     		movs	r3, #16
 389 017c 0093     		str	r3, [sp]
 390 017e 2823     		movs	r3, #40
 391 0180 06AA     		add	r2, sp, #24
 392 0182 0221     		movs	r1, #2
 393 0184 FFF7FEFF 		bl	aci_gatt_add_char
 394              	.LVL20:
 238:Middlewares/ST/STM32_WPAN/ble/svc/Src/p2p_stm.c ****                       UUID_TYPE_128, &uuid16,
 239:Middlewares/ST/STM32_WPAN/ble/svc/Src/p2p_stm.c ****                       40,
 240:Middlewares/ST/STM32_WPAN/ble/svc/Src/p2p_stm.c ****                       CHAR_PROP_NOTIFY,
 241:Middlewares/ST/STM32_WPAN/ble/svc/Src/p2p_stm.c ****                       ATTR_PERMISSION_NONE,
 242:Middlewares/ST/STM32_WPAN/ble/svc/Src/p2p_stm.c ****                       GATT_NOTIFY_ATTRIBUTE_WRITE, /* gattEvtMask */
 243:Middlewares/ST/STM32_WPAN/ble/svc/Src/p2p_stm.c ****                       10, /* encryKeySize */
 244:Middlewares/ST/STM32_WPAN/ble/svc/Src/p2p_stm.c ****                       1, /* isVariable: 1 */
 245:Middlewares/ST/STM32_WPAN/ble/svc/Src/p2p_stm.c ****                       &(aPeerToPeerContext.P2PNotifyServerToClientCharHdle));
 246:Middlewares/ST/STM32_WPAN/ble/svc/Src/p2p_stm.c ****  
 247:Middlewares/ST/STM32_WPAN/ble/svc/Src/p2p_stm.c **** #if(BLE_CFG_OTA_REBOOT_CHAR != 0)      
 248:Middlewares/ST/STM32_WPAN/ble/svc/Src/p2p_stm.c ****     /**
 249:Middlewares/ST/STM32_WPAN/ble/svc/Src/p2p_stm.c ****      *  Add Boot Request Characteristic
 250:Middlewares/ST/STM32_WPAN/ble/svc/Src/p2p_stm.c ****      */
 251:Middlewares/ST/STM32_WPAN/ble/svc/Src/p2p_stm.c ****     aci_gatt_add_char(aPeerToPeerContext.PeerToPeerSvcHdle,
ARM GAS  C:\Users\843E~1\AppData\Local\Temp\ccjTdTNK.s 			page 13


 252:Middlewares/ST/STM32_WPAN/ble/svc/Src/p2p_stm.c ****                       BM_UUID_LENGTH,
 253:Middlewares/ST/STM32_WPAN/ble/svc/Src/p2p_stm.c ****                       (Char_UUID_t *)BM_REQ_CHAR_UUID,
 254:Middlewares/ST/STM32_WPAN/ble/svc/Src/p2p_stm.c ****                       BM_REQ_CHAR_SIZE,
 255:Middlewares/ST/STM32_WPAN/ble/svc/Src/p2p_stm.c ****                       CHAR_PROP_WRITE_WITHOUT_RESP,
 256:Middlewares/ST/STM32_WPAN/ble/svc/Src/p2p_stm.c ****                       ATTR_PERMISSION_NONE,
 257:Middlewares/ST/STM32_WPAN/ble/svc/Src/p2p_stm.c ****                       GATT_NOTIFY_ATTRIBUTE_WRITE,
 258:Middlewares/ST/STM32_WPAN/ble/svc/Src/p2p_stm.c ****                       10,
 259:Middlewares/ST/STM32_WPAN/ble/svc/Src/p2p_stm.c ****                       0,
 260:Middlewares/ST/STM32_WPAN/ble/svc/Src/p2p_stm.c ****                       &(aPeerToPeerContext.RebootReqCharHdle));
 261:Middlewares/ST/STM32_WPAN/ble/svc/Src/p2p_stm.c **** #endif    
 262:Middlewares/ST/STM32_WPAN/ble/svc/Src/p2p_stm.c **** 
 263:Middlewares/ST/STM32_WPAN/ble/svc/Src/p2p_stm.c ****     
 264:Middlewares/ST/STM32_WPAN/ble/svc/Src/p2p_stm.c ****   return;
 395              		.loc 1 264 3 view .LVU119
 265:Middlewares/ST/STM32_WPAN/ble/svc/Src/p2p_stm.c **** }
 396              		.loc 1 265 1 is_stmt 0 view .LVU120
 397 0188 0BB0     		add	sp, sp, #44
 398              	.LCFI6:
 399              		.cfi_def_cfa_offset 36
 400              		@ sp needed
 401 018a BDE8F08F 		pop	{r4, r5, r6, r7, r8, r9, r10, fp, pc}
 402              	.L21:
 403 018e 00BF     		.align	2
 404              	.L20:
 405 0190 00000000 		.word	PeerToPeer_Event_Handler
 406 0194 00000000 		.word	.LANCHOR0
 407              		.cfi_endproc
 408              	.LFE1262:
 410              		.section	.text.P2PS_STM_App_Update_Char,"ax",%progbits
 411              		.align	1
 412              		.global	P2PS_STM_App_Update_Char
 413              		.syntax unified
 414              		.thumb
 415              		.thumb_func
 417              	P2PS_STM_App_Update_Char:
 418              	.LVL21:
 419              	.LFB1263:
 266:Middlewares/ST/STM32_WPAN/ble/svc/Src/p2p_stm.c **** 
 267:Middlewares/ST/STM32_WPAN/ble/svc/Src/p2p_stm.c **** /**
 268:Middlewares/ST/STM32_WPAN/ble/svc/Src/p2p_stm.c ****  * @brief  Characteristic update
 269:Middlewares/ST/STM32_WPAN/ble/svc/Src/p2p_stm.c ****  * @param  UUID: UUID of the characteristic
 270:Middlewares/ST/STM32_WPAN/ble/svc/Src/p2p_stm.c ****  * @param  Service_Instance: Instance of the service to which the characteristic belongs
 271:Middlewares/ST/STM32_WPAN/ble/svc/Src/p2p_stm.c ****  * 
 272:Middlewares/ST/STM32_WPAN/ble/svc/Src/p2p_stm.c ****  */
 273:Middlewares/ST/STM32_WPAN/ble/svc/Src/p2p_stm.c **** tBleStatus P2PS_STM_App_Update_Char(uint16_t UUID, uint8_t *pPayload, uint8_t Length)
 274:Middlewares/ST/STM32_WPAN/ble/svc/Src/p2p_stm.c **** {
 420              		.loc 1 274 1 is_stmt 1 view -0
 421              		.cfi_startproc
 422              		@ args = 0, pretend = 0, frame = 0
 423              		@ frame_needed = 0, uses_anonymous_args = 0
 275:Middlewares/ST/STM32_WPAN/ble/svc/Src/p2p_stm.c ****   tBleStatus result = BLE_STATUS_INVALID_PARAMS;
 424              		.loc 1 275 3 view .LVU122
 276:Middlewares/ST/STM32_WPAN/ble/svc/Src/p2p_stm.c ****   switch(UUID)
 425              		.loc 1 276 3 view .LVU123
 426 0000 4FF64263 		movw	r3, #65090
 427 0004 9842     		cmp	r0, r3
 428 0006 01D0     		beq	.L29
ARM GAS  C:\Users\843E~1\AppData\Local\Temp\ccjTdTNK.s 			page 14


 275:Middlewares/ST/STM32_WPAN/ble/svc/Src/p2p_stm.c ****   tBleStatus result = BLE_STATUS_INVALID_PARAMS;
 429              		.loc 1 275 14 is_stmt 0 view .LVU124
 430 0008 9220     		movs	r0, #146
 431              	.LVL22:
 277:Middlewares/ST/STM32_WPAN/ble/svc/Src/p2p_stm.c ****   {
 278:Middlewares/ST/STM32_WPAN/ble/svc/Src/p2p_stm.c ****     case P2P_NOTIFY_CHAR_UUID:
 279:Middlewares/ST/STM32_WPAN/ble/svc/Src/p2p_stm.c **** 
 280:Middlewares/ST/STM32_WPAN/ble/svc/Src/p2p_stm.c ****      result = aci_gatt_update_char_value(aPeerToPeerContext.PeerToPeerSvcHdle,
 281:Middlewares/ST/STM32_WPAN/ble/svc/Src/p2p_stm.c ****                              aPeerToPeerContext.P2PNotifyServerToClientCharHdle,
 282:Middlewares/ST/STM32_WPAN/ble/svc/Src/p2p_stm.c ****                               0, /* charValOffset */
 283:Middlewares/ST/STM32_WPAN/ble/svc/Src/p2p_stm.c ****                              Length, /* charValueLen */
 284:Middlewares/ST/STM32_WPAN/ble/svc/Src/p2p_stm.c ****                              (uint8_t *)  pPayload);
 285:Middlewares/ST/STM32_WPAN/ble/svc/Src/p2p_stm.c **** 
 286:Middlewares/ST/STM32_WPAN/ble/svc/Src/p2p_stm.c ****       break;
 287:Middlewares/ST/STM32_WPAN/ble/svc/Src/p2p_stm.c **** 
 288:Middlewares/ST/STM32_WPAN/ble/svc/Src/p2p_stm.c ****     default:
 289:Middlewares/ST/STM32_WPAN/ble/svc/Src/p2p_stm.c ****       break;
 290:Middlewares/ST/STM32_WPAN/ble/svc/Src/p2p_stm.c ****   }
 291:Middlewares/ST/STM32_WPAN/ble/svc/Src/p2p_stm.c **** 
 292:Middlewares/ST/STM32_WPAN/ble/svc/Src/p2p_stm.c ****   return result;
 432              		.loc 1 292 3 is_stmt 1 view .LVU125
 293:Middlewares/ST/STM32_WPAN/ble/svc/Src/p2p_stm.c **** }/* end P2PS_STM_Init() */
 433              		.loc 1 293 1 is_stmt 0 view .LVU126
 434 000a 7047     		bx	lr
 435              	.LVL23:
 436              	.L29:
 274:Middlewares/ST/STM32_WPAN/ble/svc/Src/p2p_stm.c ****   tBleStatus result = BLE_STATUS_INVALID_PARAMS;
 437              		.loc 1 274 1 view .LVU127
 438 000c 00B5     		push	{lr}
 439              	.LCFI7:
 440              		.cfi_def_cfa_offset 4
 441              		.cfi_offset 14, -4
 442 000e 83B0     		sub	sp, sp, #12
 443              	.LCFI8:
 444              		.cfi_def_cfa_offset 16
 280:Middlewares/ST/STM32_WPAN/ble/svc/Src/p2p_stm.c ****                              aPeerToPeerContext.P2PNotifyServerToClientCharHdle,
 445              		.loc 1 280 6 is_stmt 1 view .LVU128
 280:Middlewares/ST/STM32_WPAN/ble/svc/Src/p2p_stm.c ****                              aPeerToPeerContext.P2PNotifyServerToClientCharHdle,
 446              		.loc 1 280 15 is_stmt 0 view .LVU129
 447 0010 0548     		ldr	r0, .L30
 448              	.LVL24:
 280:Middlewares/ST/STM32_WPAN/ble/svc/Src/p2p_stm.c ****                              aPeerToPeerContext.P2PNotifyServerToClientCharHdle,
 449              		.loc 1 280 15 view .LVU130
 450 0012 0091     		str	r1, [sp]
 451 0014 1346     		mov	r3, r2
 452 0016 0022     		movs	r2, #0
 453              	.LVL25:
 280:Middlewares/ST/STM32_WPAN/ble/svc/Src/p2p_stm.c ****                              aPeerToPeerContext.P2PNotifyServerToClientCharHdle,
 454              		.loc 1 280 15 view .LVU131
 455 0018 8188     		ldrh	r1, [r0, #4]
 456              	.LVL26:
 280:Middlewares/ST/STM32_WPAN/ble/svc/Src/p2p_stm.c ****                              aPeerToPeerContext.P2PNotifyServerToClientCharHdle,
 457              		.loc 1 280 15 view .LVU132
 458 001a 0088     		ldrh	r0, [r0]
 459 001c FFF7FEFF 		bl	aci_gatt_update_char_value
 460              	.LVL27:
 286:Middlewares/ST/STM32_WPAN/ble/svc/Src/p2p_stm.c **** 
ARM GAS  C:\Users\843E~1\AppData\Local\Temp\ccjTdTNK.s 			page 15


 461              		.loc 1 286 7 is_stmt 1 view .LVU133
 292:Middlewares/ST/STM32_WPAN/ble/svc/Src/p2p_stm.c **** }/* end P2PS_STM_Init() */
 462              		.loc 1 292 3 view .LVU134
 463              		.loc 1 293 1 is_stmt 0 view .LVU135
 464 0020 03B0     		add	sp, sp, #12
 465              	.LCFI9:
 466              		.cfi_def_cfa_offset 4
 467              		@ sp needed
 468 0022 5DF804FB 		ldr	pc, [sp], #4
 469              	.L31:
 470 0026 00BF     		.align	2
 471              	.L30:
 472 0028 00000000 		.word	.LANCHOR0
 473              		.cfi_endproc
 474              	.LFE1263:
 476              		.section	BLE_DRIVER_CONTEXT,"aw"
 477              		.align	2
 478              		.set	.LANCHOR0,. + 0
 481              	aPeerToPeerContext:
 482 0000 00000000 		.space	6
 482      0000
 483              		.text
 484              	.Letext0:
 485              		.file 2 "g:\\arm\\10 2021.10\\arm-none-eabi\\include\\machine\\_default_types.h"
 486              		.file 3 "g:\\arm\\10 2021.10\\arm-none-eabi\\include\\sys\\_stdint.h"
 487              		.file 4 "Middlewares/ST/STM32_WPAN/interface/patterns/ble_thread/tl/tl.h"
 488              		.file 5 "Middlewares/ST/STM32_WPAN/ble/core/auto/ble_types.h"
 489              		.file 6 "Core/Inc/app_conf.h"
 490              		.file 7 "Middlewares/ST/STM32_WPAN/ble/svc/Inc/p2p_stm.h"
 491              		.file 8 "Middlewares/ST/STM32_WPAN/ble/svc/Inc/svc_ctl.h"
 492              		.file 9 "Middlewares/ST/STM32_WPAN/ble/svc/Src/common_blesvc.h"
 493              		.file 10 "Middlewares/ST/STM32_WPAN/ble/core/auto/ble_gatt_aci.h"
ARM GAS  C:\Users\843E~1\AppData\Local\Temp\ccjTdTNK.s 			page 16


DEFINED SYMBOLS
                            *ABS*:00000000 p2p_stm.c
C:\Users\843E~1\AppData\Local\Temp\ccjTdTNK.s:20     .text.PeerToPeer_Event_Handler:00000000 $t
C:\Users\843E~1\AppData\Local\Temp\ccjTdTNK.s:25     .text.PeerToPeer_Event_Handler:00000000 PeerToPeer_Event_Handler
C:\Users\843E~1\AppData\Local\Temp\ccjTdTNK.s:180    .text.PeerToPeer_Event_Handler:00000080 $d
C:\Users\843E~1\AppData\Local\Temp\ccjTdTNK.s:185    .text.P2PS_STM_Init:00000000 $t
C:\Users\843E~1\AppData\Local\Temp\ccjTdTNK.s:191    .text.P2PS_STM_Init:00000000 P2PS_STM_Init
C:\Users\843E~1\AppData\Local\Temp\ccjTdTNK.s:405    .text.P2PS_STM_Init:00000190 $d
C:\Users\843E~1\AppData\Local\Temp\ccjTdTNK.s:411    .text.P2PS_STM_App_Update_Char:00000000 $t
C:\Users\843E~1\AppData\Local\Temp\ccjTdTNK.s:417    .text.P2PS_STM_App_Update_Char:00000000 P2PS_STM_App_Update_Char
C:\Users\843E~1\AppData\Local\Temp\ccjTdTNK.s:472    .text.P2PS_STM_App_Update_Char:00000028 $d
C:\Users\843E~1\AppData\Local\Temp\ccjTdTNK.s:477    BLE_DRIVER_CONTEXT:00000000 $d
C:\Users\843E~1\AppData\Local\Temp\ccjTdTNK.s:481    BLE_DRIVER_CONTEXT:00000000 aPeerToPeerContext

UNDEFINED SYMBOLS
P2PS_STM_App_Notification
SVCCTL_RegisterSvcHandler
aci_gatt_add_service
aci_gatt_add_char
aci_gatt_update_char_value
