ARM GAS  C:\Users\843E~1\AppData\Local\Temp\ccKtTl2g.s 			page 1


   1              		.cpu cortex-m4
   2              		.arch armv7e-m
   3              		.fpu fpv4-sp-d16
   4              		.eabi_attribute 27, 1
   5              		.eabi_attribute 28, 1
   6              		.eabi_attribute 20, 1
   7              		.eabi_attribute 21, 1
   8              		.eabi_attribute 23, 3
   9              		.eabi_attribute 24, 1
  10              		.eabi_attribute 25, 1
  11              		.eabi_attribute 26, 1
  12              		.eabi_attribute 30, 1
  13              		.eabi_attribute 34, 1
  14              		.eabi_attribute 18, 4
  15              		.file	"p2p_server_app.c"
  16              		.text
  17              	.Ltext0:
  18              		.cfi_sections	.debug_frame
  19              		.section	.text.P2PS_STM_App_Notification,"ax",%progbits
  20              		.align	1
  21              		.global	P2PS_STM_App_Notification
  22              		.syntax unified
  23              		.thumb
  24              		.thumb_func
  26              	P2PS_STM_App_Notification:
  27              	.LVL0:
  28              	.LFB1261:
  29              		.file 1 "STM32_WPAN/App/p2p_server_app.c"
   1:STM32_WPAN/App/p2p_server_app.c **** /* USER CODE BEGIN Header */
   2:STM32_WPAN/App/p2p_server_app.c **** /**
   3:STM32_WPAN/App/p2p_server_app.c ****   ******************************************************************************
   4:STM32_WPAN/App/p2p_server_app.c ****   * @file    App/p2p_server_app.c
   5:STM32_WPAN/App/p2p_server_app.c ****   * @author  MCD Application Team
   6:STM32_WPAN/App/p2p_server_app.c ****   * @brief   Peer to peer Server Application
   7:STM32_WPAN/App/p2p_server_app.c ****   ******************************************************************************
   8:STM32_WPAN/App/p2p_server_app.c ****   */
   9:STM32_WPAN/App/p2p_server_app.c **** /* USER CODE END Header */
  10:STM32_WPAN/App/p2p_server_app.c **** 
  11:STM32_WPAN/App/p2p_server_app.c **** /* Includes ------------------------------------------------------------------*/
  12:STM32_WPAN/App/p2p_server_app.c **** #include "main.h"
  13:STM32_WPAN/App/p2p_server_app.c **** #include "app_common.h"
  14:STM32_WPAN/App/p2p_server_app.c **** #include "dbg_trace.h"
  15:STM32_WPAN/App/p2p_server_app.c **** #include "ble.h"
  16:STM32_WPAN/App/p2p_server_app.c **** #include "p2p_server_app.h"
  17:STM32_WPAN/App/p2p_server_app.c **** #include "stm32_seq.h"
  18:STM32_WPAN/App/p2p_server_app.c **** 
  19:STM32_WPAN/App/p2p_server_app.c **** /* Private includes ----------------------------------------------------------*/
  20:STM32_WPAN/App/p2p_server_app.c **** /* USER CODE BEGIN Includes */
  21:STM32_WPAN/App/p2p_server_app.c **** /* USER CODE END Includes */
  22:STM32_WPAN/App/p2p_server_app.c **** 
  23:STM32_WPAN/App/p2p_server_app.c **** /* Private typedef -----------------------------------------------------------*/
  24:STM32_WPAN/App/p2p_server_app.c **** /* USER CODE BEGIN PTD */
  25:STM32_WPAN/App/p2p_server_app.c **** /* USER CODE END PTD */
  26:STM32_WPAN/App/p2p_server_app.c **** 
  27:STM32_WPAN/App/p2p_server_app.c **** /* Private defines ------------------------------------------------------------*/
  28:STM32_WPAN/App/p2p_server_app.c **** /* USER CODE BEGIN PD */
  29:STM32_WPAN/App/p2p_server_app.c **** /* USER CODE END PD */
ARM GAS  C:\Users\843E~1\AppData\Local\Temp\ccKtTl2g.s 			page 2


  30:STM32_WPAN/App/p2p_server_app.c **** 
  31:STM32_WPAN/App/p2p_server_app.c **** /* Private macros -------------------------------------------------------------*/
  32:STM32_WPAN/App/p2p_server_app.c **** /* USER CODE BEGIN PM */
  33:STM32_WPAN/App/p2p_server_app.c **** /* USER CODE END PM */
  34:STM32_WPAN/App/p2p_server_app.c **** 
  35:STM32_WPAN/App/p2p_server_app.c **** /* Private variables ---------------------------------------------------------*/
  36:STM32_WPAN/App/p2p_server_app.c **** /* USER CODE BEGIN PV */
  37:STM32_WPAN/App/p2p_server_app.c **** volatile uint8_t led_blink_en = 1;
  38:STM32_WPAN/App/p2p_server_app.c **** volatile uint8_t Notification_Status = 0;
  39:STM32_WPAN/App/p2p_server_app.c **** extern volatile uint8_t force_measure_now;
  40:STM32_WPAN/App/p2p_server_app.c **** extern volatile uint8_t device_sleep_mode;
  41:STM32_WPAN/App/p2p_server_app.c **** /* USER CODE END PV */
  42:STM32_WPAN/App/p2p_server_app.c **** 
  43:STM32_WPAN/App/p2p_server_app.c **** /* Private function prototypes -----------------------------------------------*/
  44:STM32_WPAN/App/p2p_server_app.c **** /* USER CODE BEGIN PFP */
  45:STM32_WPAN/App/p2p_server_app.c **** /* USER CODE END PFP */
  46:STM32_WPAN/App/p2p_server_app.c **** 
  47:STM32_WPAN/App/p2p_server_app.c **** /* Functions Definition ------------------------------------------------------*/
  48:STM32_WPAN/App/p2p_server_app.c **** void P2PS_STM_App_Notification(P2PS_STM_App_Notification_evt_t *pNotification)
  49:STM32_WPAN/App/p2p_server_app.c **** {
  30              		.loc 1 49 1 view -0
  31              		.cfi_startproc
  32              		@ args = 0, pretend = 0, frame = 0
  33              		@ frame_needed = 0, uses_anonymous_args = 0
  34              		@ link register save eliminated.
  50:STM32_WPAN/App/p2p_server_app.c **** /* USER CODE BEGIN P2PS_STM_App_Notification_1 */
  51:STM32_WPAN/App/p2p_server_app.c **** 
  52:STM32_WPAN/App/p2p_server_app.c **** /* USER CODE END P2PS_STM_App_Notification_1 */
  53:STM32_WPAN/App/p2p_server_app.c ****   switch(pNotification->P2P_Evt_Opcode)
  35              		.loc 1 53 3 view .LVU1
  54:STM32_WPAN/App/p2p_server_app.c ****   {
  55:STM32_WPAN/App/p2p_server_app.c **** /* USER CODE BEGIN P2PS_STM_App_Notification_P2P_Evt_Opcode */
  56:STM32_WPAN/App/p2p_server_app.c **** 
  57:STM32_WPAN/App/p2p_server_app.c **** /* USER CODE END P2PS_STM_App_Notification_P2P_Evt_Opcode */
  58:STM32_WPAN/App/p2p_server_app.c **** 
  59:STM32_WPAN/App/p2p_server_app.c ****     case P2PS_STM__NOTIFY_ENABLED_EVT:
  60:STM32_WPAN/App/p2p_server_app.c **** /* USER CODE BEGIN P2PS_STM__NOTIFY_ENABLED_EVT */
  61:STM32_WPAN/App/p2p_server_app.c **** 
  62:STM32_WPAN/App/p2p_server_app.c **** /* USER CODE END P2PS_STM__NOTIFY_ENABLED_EVT */
  63:STM32_WPAN/App/p2p_server_app.c ****       break;
  64:STM32_WPAN/App/p2p_server_app.c **** 
  65:STM32_WPAN/App/p2p_server_app.c ****     case P2PS_STM_NOTIFY_DISABLED_EVT:
  66:STM32_WPAN/App/p2p_server_app.c **** /* USER CODE BEGIN P2PS_STM_NOTIFY_DISABLED_EVT */
  67:STM32_WPAN/App/p2p_server_app.c **** 
  68:STM32_WPAN/App/p2p_server_app.c **** /* USER CODE END P2PS_STM_NOTIFY_DISABLED_EVT */
  69:STM32_WPAN/App/p2p_server_app.c ****       break;
  70:STM32_WPAN/App/p2p_server_app.c **** 
  71:STM32_WPAN/App/p2p_server_app.c ****     case P2PS_STM_WRITE_EVT:
  72:STM32_WPAN/App/p2p_server_app.c **** /* USER CODE BEGIN P2PS_STM_WRITE_EVT */
  73:STM32_WPAN/App/p2p_server_app.c **** 
  74:STM32_WPAN/App/p2p_server_app.c **** /* USER CODE END P2PS_STM_WRITE_EVT */
  75:STM32_WPAN/App/p2p_server_app.c ****       break;
  76:STM32_WPAN/App/p2p_server_app.c **** 
  77:STM32_WPAN/App/p2p_server_app.c ****     default:
  78:STM32_WPAN/App/p2p_server_app.c **** /* USER CODE BEGIN P2PS_STM_App_Notification_default */
  79:STM32_WPAN/App/p2p_server_app.c **** 
  80:STM32_WPAN/App/p2p_server_app.c **** /* USER CODE END P2PS_STM_App_Notification_default */
ARM GAS  C:\Users\843E~1\AppData\Local\Temp\ccKtTl2g.s 			page 3


  81:STM32_WPAN/App/p2p_server_app.c ****       break;
  82:STM32_WPAN/App/p2p_server_app.c ****   }
  83:STM32_WPAN/App/p2p_server_app.c **** /* USER CODE BEGIN P2PS_STM_App_Notification_2 */
  84:STM32_WPAN/App/p2p_server_app.c **** 
  85:STM32_WPAN/App/p2p_server_app.c **** /* USER CODE END P2PS_STM_App_Notification_2 */
  86:STM32_WPAN/App/p2p_server_app.c ****   return;
  36              		.loc 1 86 3 view .LVU2
  87:STM32_WPAN/App/p2p_server_app.c **** }
  37              		.loc 1 87 1 is_stmt 0 view .LVU3
  38 0000 7047     		bx	lr
  39              		.cfi_endproc
  40              	.LFE1261:
  42              		.section	.text.P2PS_APP_Notification,"ax",%progbits
  43              		.align	1
  44              		.global	P2PS_APP_Notification
  45              		.syntax unified
  46              		.thumb
  47              		.thumb_func
  49              	P2PS_APP_Notification:
  50              	.LVL1:
  51              	.LFB1262:
  88:STM32_WPAN/App/p2p_server_app.c **** 
  89:STM32_WPAN/App/p2p_server_app.c **** void P2PS_APP_Notification(P2PS_APP_ConnHandle_Not_evt_t *pNotification)
  90:STM32_WPAN/App/p2p_server_app.c **** {
  52              		.loc 1 90 1 is_stmt 1 view -0
  53              		.cfi_startproc
  54              		@ args = 0, pretend = 0, frame = 0
  55              		@ frame_needed = 0, uses_anonymous_args = 0
  56              		@ link register save eliminated.
  91:STM32_WPAN/App/p2p_server_app.c **** /* USER CODE BEGIN P2PS_APP_Notification_1 */
  92:STM32_WPAN/App/p2p_server_app.c **** 
  93:STM32_WPAN/App/p2p_server_app.c **** /* USER CODE END P2PS_APP_Notification_1 */
  94:STM32_WPAN/App/p2p_server_app.c ****   switch(pNotification->P2P_Evt_Opcode)
  57              		.loc 1 94 3 view .LVU5
  95:STM32_WPAN/App/p2p_server_app.c ****   {
  96:STM32_WPAN/App/p2p_server_app.c **** /* USER CODE BEGIN P2PS_APP_Notification_P2P_Evt_Opcode */
  97:STM32_WPAN/App/p2p_server_app.c **** 
  98:STM32_WPAN/App/p2p_server_app.c **** /* USER CODE END P2PS_APP_Notification_P2P_Evt_Opcode */
  99:STM32_WPAN/App/p2p_server_app.c ****   case PEER_CONN_HANDLE_EVT :
 100:STM32_WPAN/App/p2p_server_app.c **** /* USER CODE BEGIN PEER_CONN_HANDLE_EVT */
 101:STM32_WPAN/App/p2p_server_app.c **** 
 102:STM32_WPAN/App/p2p_server_app.c **** /* USER CODE END PEER_CONN_HANDLE_EVT */
 103:STM32_WPAN/App/p2p_server_app.c ****     break;
 104:STM32_WPAN/App/p2p_server_app.c **** 
 105:STM32_WPAN/App/p2p_server_app.c ****     case PEER_DISCON_HANDLE_EVT :
 106:STM32_WPAN/App/p2p_server_app.c **** /* USER CODE BEGIN PEER_DISCON_HANDLE_EVT */
 107:STM32_WPAN/App/p2p_server_app.c **** 
 108:STM32_WPAN/App/p2p_server_app.c **** /* USER CODE END PEER_DISCON_HANDLE_EVT */
 109:STM32_WPAN/App/p2p_server_app.c ****     break;
 110:STM32_WPAN/App/p2p_server_app.c **** 
 111:STM32_WPAN/App/p2p_server_app.c ****     default:
 112:STM32_WPAN/App/p2p_server_app.c **** /* USER CODE BEGIN P2PS_APP_Notification_default */
 113:STM32_WPAN/App/p2p_server_app.c **** 
 114:STM32_WPAN/App/p2p_server_app.c **** /* USER CODE END P2PS_APP_Notification_default */
 115:STM32_WPAN/App/p2p_server_app.c ****       break;
 116:STM32_WPAN/App/p2p_server_app.c ****   }
 117:STM32_WPAN/App/p2p_server_app.c **** /* USER CODE BEGIN P2PS_APP_Notification_2 */
ARM GAS  C:\Users\843E~1\AppData\Local\Temp\ccKtTl2g.s 			page 4


 118:STM32_WPAN/App/p2p_server_app.c **** 
 119:STM32_WPAN/App/p2p_server_app.c **** /* USER CODE END P2PS_APP_Notification_2 */
 120:STM32_WPAN/App/p2p_server_app.c ****   return;
  58              		.loc 1 120 3 view .LVU6
 121:STM32_WPAN/App/p2p_server_app.c **** }
  59              		.loc 1 121 1 is_stmt 0 view .LVU7
  60 0000 7047     		bx	lr
  61              		.cfi_endproc
  62              	.LFE1262:
  64              		.section	.text.P2PS_APP_Init,"ax",%progbits
  65              		.align	1
  66              		.global	P2PS_APP_Init
  67              		.syntax unified
  68              		.thumb
  69              		.thumb_func
  71              	P2PS_APP_Init:
  72              	.LFB1263:
 122:STM32_WPAN/App/p2p_server_app.c **** 
 123:STM32_WPAN/App/p2p_server_app.c **** void P2PS_APP_Init(void)
 124:STM32_WPAN/App/p2p_server_app.c **** {
  73              		.loc 1 124 1 is_stmt 1 view -0
  74              		.cfi_startproc
  75              		@ args = 0, pretend = 0, frame = 0
  76              		@ frame_needed = 0, uses_anonymous_args = 0
  77              		@ link register save eliminated.
 125:STM32_WPAN/App/p2p_server_app.c **** /* USER CODE BEGIN P2PS_APP_Init */
 126:STM32_WPAN/App/p2p_server_app.c **** 
 127:STM32_WPAN/App/p2p_server_app.c **** /* USER CODE END P2PS_APP_Init */
 128:STM32_WPAN/App/p2p_server_app.c ****   return;
  78              		.loc 1 128 3 view .LVU9
 129:STM32_WPAN/App/p2p_server_app.c **** }
  79              		.loc 1 129 1 is_stmt 0 view .LVU10
  80 0000 7047     		bx	lr
  81              		.cfi_endproc
  82              	.LFE1263:
  84              		.global	Notification_Status
  85              		.global	led_blink_en
  86              		.section	.bss.Notification_Status,"aw",%nobits
  89              	Notification_Status:
  90 0000 00       		.space	1
  91              		.section	.data.led_blink_en,"aw"
  94              	led_blink_en:
  95 0000 01       		.byte	1
  96              		.text
  97              	.Letext0:
  98              		.file 2 "g:\\arm\\10 2021.10\\arm-none-eabi\\include\\machine\\_default_types.h"
  99              		.file 3 "g:\\arm\\10 2021.10\\arm-none-eabi\\include\\sys\\_stdint.h"
 100              		.file 4 "Core/Inc/main.h"
 101              		.file 5 "Core/Inc/app_conf.h"
 102              		.file 6 "Middlewares/ST/STM32_WPAN/ble/svc/Inc/p2p_stm.h"
 103              		.file 7 "STM32_WPAN/App/p2p_server_app.h"
ARM GAS  C:\Users\843E~1\AppData\Local\Temp\ccKtTl2g.s 			page 5


DEFINED SYMBOLS
                            *ABS*:00000000 p2p_server_app.c
C:\Users\843E~1\AppData\Local\Temp\ccKtTl2g.s:20     .text.P2PS_STM_App_Notification:00000000 $t
C:\Users\843E~1\AppData\Local\Temp\ccKtTl2g.s:26     .text.P2PS_STM_App_Notification:00000000 P2PS_STM_App_Notification
C:\Users\843E~1\AppData\Local\Temp\ccKtTl2g.s:43     .text.P2PS_APP_Notification:00000000 $t
C:\Users\843E~1\AppData\Local\Temp\ccKtTl2g.s:49     .text.P2PS_APP_Notification:00000000 P2PS_APP_Notification
C:\Users\843E~1\AppData\Local\Temp\ccKtTl2g.s:65     .text.P2PS_APP_Init:00000000 $t
C:\Users\843E~1\AppData\Local\Temp\ccKtTl2g.s:71     .text.P2PS_APP_Init:00000000 P2PS_APP_Init
C:\Users\843E~1\AppData\Local\Temp\ccKtTl2g.s:89     .bss.Notification_Status:00000000 Notification_Status
C:\Users\843E~1\AppData\Local\Temp\ccKtTl2g.s:94     .data.led_blink_en:00000000 led_blink_en
C:\Users\843E~1\AppData\Local\Temp\ccKtTl2g.s:90     .bss.Notification_Status:00000000 $d

NO UNDEFINED SYMBOLS
