ARM GAS  C:\Users\843E~1\AppData\Local\Temp\ccrr2DkK.s 			page 1


   1              		.cpu cortex-m4
   2              		.arch armv7e-m
   3              		.fpu fpv4-sp-d16
   4              		.eabi_attribute 27, 1
   5              		.eabi_attribute 28, 1
   6              		.eabi_attribute 20, 1
   7              		.eabi_attribute 21, 1
   8              		.eabi_attribute 23, 3
   9              		.eabi_attribute 24, 1
  10              		.eabi_attribute 25, 1
  11              		.eabi_attribute 26, 1
  12              		.eabi_attribute 30, 1
  13              		.eabi_attribute 34, 1
  14              		.eabi_attribute 18, 4
  15              		.file	"shci_tl.c"
  16              		.text
  17              	.Ltext0:
  18              		.cfi_sections	.debug_frame
  19              		.section	.text.Cmd_SetStatus,"ax",%progbits
  20              		.align	1
  21              		.syntax unified
  22              		.thumb
  23              		.thumb_func
  25              	Cmd_SetStatus:
  26              	.LVL0:
  27              	.LFB112:
  28              		.file 1 "Middlewares/ST/STM32_WPAN/interface/patterns/ble_thread/tl/shci_tl.c"
   1:Middlewares/ST/STM32_WPAN/interface/patterns/ble_thread/tl/shci_tl.c **** /**
   2:Middlewares/ST/STM32_WPAN/interface/patterns/ble_thread/tl/shci_tl.c ****  ******************************************************************************
   3:Middlewares/ST/STM32_WPAN/interface/patterns/ble_thread/tl/shci_tl.c ****  * @file    shci.c
   4:Middlewares/ST/STM32_WPAN/interface/patterns/ble_thread/tl/shci_tl.c ****  * @author  MCD Application Team
   5:Middlewares/ST/STM32_WPAN/interface/patterns/ble_thread/tl/shci_tl.c ****  * @brief   System HCI command implementation
   6:Middlewares/ST/STM32_WPAN/interface/patterns/ble_thread/tl/shci_tl.c ****  ******************************************************************************
   7:Middlewares/ST/STM32_WPAN/interface/patterns/ble_thread/tl/shci_tl.c ****  * @attention
   8:Middlewares/ST/STM32_WPAN/interface/patterns/ble_thread/tl/shci_tl.c ****  *
   9:Middlewares/ST/STM32_WPAN/interface/patterns/ble_thread/tl/shci_tl.c ****  * Copyright (c) 2018-2021 STMicroelectronics.
  10:Middlewares/ST/STM32_WPAN/interface/patterns/ble_thread/tl/shci_tl.c ****  * All rights reserved.
  11:Middlewares/ST/STM32_WPAN/interface/patterns/ble_thread/tl/shci_tl.c ****  *
  12:Middlewares/ST/STM32_WPAN/interface/patterns/ble_thread/tl/shci_tl.c ****  * This software is licensed under terms that can be found in the LICENSE file
  13:Middlewares/ST/STM32_WPAN/interface/patterns/ble_thread/tl/shci_tl.c ****  * in the root directory of this software component.
  14:Middlewares/ST/STM32_WPAN/interface/patterns/ble_thread/tl/shci_tl.c ****  * If no LICENSE file comes with this software, it is provided AS-IS.
  15:Middlewares/ST/STM32_WPAN/interface/patterns/ble_thread/tl/shci_tl.c ****  *
  16:Middlewares/ST/STM32_WPAN/interface/patterns/ble_thread/tl/shci_tl.c ****  ******************************************************************************
  17:Middlewares/ST/STM32_WPAN/interface/patterns/ble_thread/tl/shci_tl.c ****  */
  18:Middlewares/ST/STM32_WPAN/interface/patterns/ble_thread/tl/shci_tl.c **** 
  19:Middlewares/ST/STM32_WPAN/interface/patterns/ble_thread/tl/shci_tl.c **** 
  20:Middlewares/ST/STM32_WPAN/interface/patterns/ble_thread/tl/shci_tl.c **** /* Includes ------------------------------------------------------------------*/
  21:Middlewares/ST/STM32_WPAN/interface/patterns/ble_thread/tl/shci_tl.c **** #include "stm32_wpan_common.h"
  22:Middlewares/ST/STM32_WPAN/interface/patterns/ble_thread/tl/shci_tl.c **** 
  23:Middlewares/ST/STM32_WPAN/interface/patterns/ble_thread/tl/shci_tl.c **** #include "stm_list.h"
  24:Middlewares/ST/STM32_WPAN/interface/patterns/ble_thread/tl/shci_tl.c **** #include "shci_tl.h"
  25:Middlewares/ST/STM32_WPAN/interface/patterns/ble_thread/tl/shci_tl.c **** 
  26:Middlewares/ST/STM32_WPAN/interface/patterns/ble_thread/tl/shci_tl.c **** /* Private typedef -----------------------------------------------------------*/
  27:Middlewares/ST/STM32_WPAN/interface/patterns/ble_thread/tl/shci_tl.c **** typedef enum
  28:Middlewares/ST/STM32_WPAN/interface/patterns/ble_thread/tl/shci_tl.c **** {
  29:Middlewares/ST/STM32_WPAN/interface/patterns/ble_thread/tl/shci_tl.c ****   SHCI_TL_CMD_RESP_RELEASE,
  30:Middlewares/ST/STM32_WPAN/interface/patterns/ble_thread/tl/shci_tl.c ****   SHCI_TL_CMD_RESP_WAIT,
ARM GAS  C:\Users\843E~1\AppData\Local\Temp\ccrr2DkK.s 			page 2


  31:Middlewares/ST/STM32_WPAN/interface/patterns/ble_thread/tl/shci_tl.c **** } SHCI_TL_CmdRespStatus_t;
  32:Middlewares/ST/STM32_WPAN/interface/patterns/ble_thread/tl/shci_tl.c **** 
  33:Middlewares/ST/STM32_WPAN/interface/patterns/ble_thread/tl/shci_tl.c **** /* Private defines -----------------------------------------------------------*/
  34:Middlewares/ST/STM32_WPAN/interface/patterns/ble_thread/tl/shci_tl.c **** /**
  35:Middlewares/ST/STM32_WPAN/interface/patterns/ble_thread/tl/shci_tl.c ****  * The default System HCI layer timeout is set to 33s
  36:Middlewares/ST/STM32_WPAN/interface/patterns/ble_thread/tl/shci_tl.c ****  */
  37:Middlewares/ST/STM32_WPAN/interface/patterns/ble_thread/tl/shci_tl.c **** #define SHCI_TL_DEFAULT_TIMEOUT (33000)
  38:Middlewares/ST/STM32_WPAN/interface/patterns/ble_thread/tl/shci_tl.c **** 
  39:Middlewares/ST/STM32_WPAN/interface/patterns/ble_thread/tl/shci_tl.c **** /* Private macros ------------------------------------------------------------*/
  40:Middlewares/ST/STM32_WPAN/interface/patterns/ble_thread/tl/shci_tl.c **** /* Public variables ---------------------------------------------------------*/
  41:Middlewares/ST/STM32_WPAN/interface/patterns/ble_thread/tl/shci_tl.c **** /* Private variables ---------------------------------------------------------*/
  42:Middlewares/ST/STM32_WPAN/interface/patterns/ble_thread/tl/shci_tl.c **** /**
  43:Middlewares/ST/STM32_WPAN/interface/patterns/ble_thread/tl/shci_tl.c ****  * START of Section SYSTEM_DRIVER_CONTEXT
  44:Middlewares/ST/STM32_WPAN/interface/patterns/ble_thread/tl/shci_tl.c ****  */
  45:Middlewares/ST/STM32_WPAN/interface/patterns/ble_thread/tl/shci_tl.c **** PLACE_IN_SECTION("SYSTEM_DRIVER_CONTEXT") static tListNode SHciAsynchEventQueue;
  46:Middlewares/ST/STM32_WPAN/interface/patterns/ble_thread/tl/shci_tl.c **** PLACE_IN_SECTION("SYSTEM_DRIVER_CONTEXT") static volatile SHCI_TL_CmdStatus_t SHCICmdStatus;
  47:Middlewares/ST/STM32_WPAN/interface/patterns/ble_thread/tl/shci_tl.c **** PLACE_IN_SECTION("SYSTEM_DRIVER_CONTEXT") static TL_CmdPacket_t *pCmdBuffer;
  48:Middlewares/ST/STM32_WPAN/interface/patterns/ble_thread/tl/shci_tl.c **** PLACE_IN_SECTION("SYSTEM_DRIVER_CONTEXT") SHCI_TL_UserEventFlowStatus_t SHCI_TL_UserEventFlow;
  49:Middlewares/ST/STM32_WPAN/interface/patterns/ble_thread/tl/shci_tl.c **** /**
  50:Middlewares/ST/STM32_WPAN/interface/patterns/ble_thread/tl/shci_tl.c ****  * END of Section SYSTEM_DRIVER_CONTEXT
  51:Middlewares/ST/STM32_WPAN/interface/patterns/ble_thread/tl/shci_tl.c ****  */
  52:Middlewares/ST/STM32_WPAN/interface/patterns/ble_thread/tl/shci_tl.c **** 
  53:Middlewares/ST/STM32_WPAN/interface/patterns/ble_thread/tl/shci_tl.c **** static tSHciContext shciContext;
  54:Middlewares/ST/STM32_WPAN/interface/patterns/ble_thread/tl/shci_tl.c **** static void (* StatusNotCallBackFunction) (SHCI_TL_CmdStatus_t status);
  55:Middlewares/ST/STM32_WPAN/interface/patterns/ble_thread/tl/shci_tl.c **** 
  56:Middlewares/ST/STM32_WPAN/interface/patterns/ble_thread/tl/shci_tl.c **** static volatile SHCI_TL_CmdRespStatus_t CmdRspStatusFlag;
  57:Middlewares/ST/STM32_WPAN/interface/patterns/ble_thread/tl/shci_tl.c **** 
  58:Middlewares/ST/STM32_WPAN/interface/patterns/ble_thread/tl/shci_tl.c **** /* Private function prototypes -----------------------------------------------*/
  59:Middlewares/ST/STM32_WPAN/interface/patterns/ble_thread/tl/shci_tl.c **** static void Cmd_SetStatus(SHCI_TL_CmdStatus_t shcicmdstatus);
  60:Middlewares/ST/STM32_WPAN/interface/patterns/ble_thread/tl/shci_tl.c **** static void TlCmdEvtReceived(TL_EvtPacket_t *shcievt);
  61:Middlewares/ST/STM32_WPAN/interface/patterns/ble_thread/tl/shci_tl.c **** static void TlUserEvtReceived(TL_EvtPacket_t *shcievt);
  62:Middlewares/ST/STM32_WPAN/interface/patterns/ble_thread/tl/shci_tl.c **** static void TlInit( TL_CmdPacket_t * p_cmdbuffer );
  63:Middlewares/ST/STM32_WPAN/interface/patterns/ble_thread/tl/shci_tl.c **** 
  64:Middlewares/ST/STM32_WPAN/interface/patterns/ble_thread/tl/shci_tl.c **** /* Interface ------- ---------------------------------------------------------*/
  65:Middlewares/ST/STM32_WPAN/interface/patterns/ble_thread/tl/shci_tl.c **** void shci_init(void(* UserEvtRx)(void* pData), void* pConf)
  66:Middlewares/ST/STM32_WPAN/interface/patterns/ble_thread/tl/shci_tl.c **** {
  67:Middlewares/ST/STM32_WPAN/interface/patterns/ble_thread/tl/shci_tl.c ****   StatusNotCallBackFunction = ((SHCI_TL_HciInitConf_t *)pConf)->StatusNotCallBack;
  68:Middlewares/ST/STM32_WPAN/interface/patterns/ble_thread/tl/shci_tl.c ****   shciContext.UserEvtRx = UserEvtRx;
  69:Middlewares/ST/STM32_WPAN/interface/patterns/ble_thread/tl/shci_tl.c **** 
  70:Middlewares/ST/STM32_WPAN/interface/patterns/ble_thread/tl/shci_tl.c ****   shci_register_io_bus (&shciContext.io);
  71:Middlewares/ST/STM32_WPAN/interface/patterns/ble_thread/tl/shci_tl.c **** 
  72:Middlewares/ST/STM32_WPAN/interface/patterns/ble_thread/tl/shci_tl.c ****   TlInit((TL_CmdPacket_t *)(((SHCI_TL_HciInitConf_t *)pConf)->p_cmdbuffer));
  73:Middlewares/ST/STM32_WPAN/interface/patterns/ble_thread/tl/shci_tl.c **** 
  74:Middlewares/ST/STM32_WPAN/interface/patterns/ble_thread/tl/shci_tl.c ****   return;
  75:Middlewares/ST/STM32_WPAN/interface/patterns/ble_thread/tl/shci_tl.c **** }
  76:Middlewares/ST/STM32_WPAN/interface/patterns/ble_thread/tl/shci_tl.c **** 
  77:Middlewares/ST/STM32_WPAN/interface/patterns/ble_thread/tl/shci_tl.c **** void shci_user_evt_proc(void)
  78:Middlewares/ST/STM32_WPAN/interface/patterns/ble_thread/tl/shci_tl.c **** {
  79:Middlewares/ST/STM32_WPAN/interface/patterns/ble_thread/tl/shci_tl.c ****   TL_EvtPacket_t *phcievtbuffer;
  80:Middlewares/ST/STM32_WPAN/interface/patterns/ble_thread/tl/shci_tl.c ****   tSHCI_UserEvtRxParam UserEvtRxParam;
  81:Middlewares/ST/STM32_WPAN/interface/patterns/ble_thread/tl/shci_tl.c **** 
  82:Middlewares/ST/STM32_WPAN/interface/patterns/ble_thread/tl/shci_tl.c ****   /**
  83:Middlewares/ST/STM32_WPAN/interface/patterns/ble_thread/tl/shci_tl.c ****    * Up to release version v1.2.0, a while loop was implemented to read out events from the queue a
  84:Middlewares/ST/STM32_WPAN/interface/patterns/ble_thread/tl/shci_tl.c ****    * it is not empty. However, in a bare metal implementation, this leads to calling in a "blocking
  85:Middlewares/ST/STM32_WPAN/interface/patterns/ble_thread/tl/shci_tl.c ****    * shci_user_evt_proc() as long as events are received without giving the opportunity to run othe
  86:Middlewares/ST/STM32_WPAN/interface/patterns/ble_thread/tl/shci_tl.c ****    * in the background.
  87:Middlewares/ST/STM32_WPAN/interface/patterns/ble_thread/tl/shci_tl.c ****    * From now, the events are reported one by one. When it is checked there is still an event pendi
ARM GAS  C:\Users\843E~1\AppData\Local\Temp\ccrr2DkK.s 			page 3


  88:Middlewares/ST/STM32_WPAN/interface/patterns/ble_thread/tl/shci_tl.c ****    * a request to the user is made to call again shci_user_evt_proc().
  89:Middlewares/ST/STM32_WPAN/interface/patterns/ble_thread/tl/shci_tl.c ****    * This gives the opportunity to the application to run other background tasks between each event
  90:Middlewares/ST/STM32_WPAN/interface/patterns/ble_thread/tl/shci_tl.c ****    */
  91:Middlewares/ST/STM32_WPAN/interface/patterns/ble_thread/tl/shci_tl.c **** 
  92:Middlewares/ST/STM32_WPAN/interface/patterns/ble_thread/tl/shci_tl.c ****   /**
  93:Middlewares/ST/STM32_WPAN/interface/patterns/ble_thread/tl/shci_tl.c ****    * It is more secure to use LST_remove_head()/LST_insert_head() compare to LST_get_next_node()/LS
  94:Middlewares/ST/STM32_WPAN/interface/patterns/ble_thread/tl/shci_tl.c ****    * in case the user overwrite the header where the next/prev pointers are located
  95:Middlewares/ST/STM32_WPAN/interface/patterns/ble_thread/tl/shci_tl.c ****    */
  96:Middlewares/ST/STM32_WPAN/interface/patterns/ble_thread/tl/shci_tl.c ****   if((LST_is_empty(&SHciAsynchEventQueue) == FALSE) && (SHCI_TL_UserEventFlow != SHCI_TL_UserEventF
  97:Middlewares/ST/STM32_WPAN/interface/patterns/ble_thread/tl/shci_tl.c ****   {
  98:Middlewares/ST/STM32_WPAN/interface/patterns/ble_thread/tl/shci_tl.c ****     LST_remove_head ( &SHciAsynchEventQueue, (tListNode **)&phcievtbuffer );
  99:Middlewares/ST/STM32_WPAN/interface/patterns/ble_thread/tl/shci_tl.c **** 
 100:Middlewares/ST/STM32_WPAN/interface/patterns/ble_thread/tl/shci_tl.c ****     if (shciContext.UserEvtRx != NULL)
 101:Middlewares/ST/STM32_WPAN/interface/patterns/ble_thread/tl/shci_tl.c ****     {
 102:Middlewares/ST/STM32_WPAN/interface/patterns/ble_thread/tl/shci_tl.c ****       UserEvtRxParam.pckt = phcievtbuffer;
 103:Middlewares/ST/STM32_WPAN/interface/patterns/ble_thread/tl/shci_tl.c ****       UserEvtRxParam.status = SHCI_TL_UserEventFlow_Enable;
 104:Middlewares/ST/STM32_WPAN/interface/patterns/ble_thread/tl/shci_tl.c ****       shciContext.UserEvtRx((void *)&UserEvtRxParam);
 105:Middlewares/ST/STM32_WPAN/interface/patterns/ble_thread/tl/shci_tl.c ****       SHCI_TL_UserEventFlow = UserEvtRxParam.status;
 106:Middlewares/ST/STM32_WPAN/interface/patterns/ble_thread/tl/shci_tl.c ****     }
 107:Middlewares/ST/STM32_WPAN/interface/patterns/ble_thread/tl/shci_tl.c ****     else
 108:Middlewares/ST/STM32_WPAN/interface/patterns/ble_thread/tl/shci_tl.c ****     {
 109:Middlewares/ST/STM32_WPAN/interface/patterns/ble_thread/tl/shci_tl.c ****       SHCI_TL_UserEventFlow = SHCI_TL_UserEventFlow_Enable;
 110:Middlewares/ST/STM32_WPAN/interface/patterns/ble_thread/tl/shci_tl.c ****     }
 111:Middlewares/ST/STM32_WPAN/interface/patterns/ble_thread/tl/shci_tl.c **** 
 112:Middlewares/ST/STM32_WPAN/interface/patterns/ble_thread/tl/shci_tl.c ****     if(SHCI_TL_UserEventFlow != SHCI_TL_UserEventFlow_Disable)
 113:Middlewares/ST/STM32_WPAN/interface/patterns/ble_thread/tl/shci_tl.c ****     {
 114:Middlewares/ST/STM32_WPAN/interface/patterns/ble_thread/tl/shci_tl.c ****       TL_MM_EvtDone( phcievtbuffer );
 115:Middlewares/ST/STM32_WPAN/interface/patterns/ble_thread/tl/shci_tl.c ****     }
 116:Middlewares/ST/STM32_WPAN/interface/patterns/ble_thread/tl/shci_tl.c ****     else
 117:Middlewares/ST/STM32_WPAN/interface/patterns/ble_thread/tl/shci_tl.c ****     {
 118:Middlewares/ST/STM32_WPAN/interface/patterns/ble_thread/tl/shci_tl.c ****       /**
 119:Middlewares/ST/STM32_WPAN/interface/patterns/ble_thread/tl/shci_tl.c ****        * put back the event in the queue
 120:Middlewares/ST/STM32_WPAN/interface/patterns/ble_thread/tl/shci_tl.c ****        */
 121:Middlewares/ST/STM32_WPAN/interface/patterns/ble_thread/tl/shci_tl.c ****       LST_insert_head ( &SHciAsynchEventQueue, (tListNode *)phcievtbuffer );
 122:Middlewares/ST/STM32_WPAN/interface/patterns/ble_thread/tl/shci_tl.c ****     }
 123:Middlewares/ST/STM32_WPAN/interface/patterns/ble_thread/tl/shci_tl.c ****   }
 124:Middlewares/ST/STM32_WPAN/interface/patterns/ble_thread/tl/shci_tl.c **** 
 125:Middlewares/ST/STM32_WPAN/interface/patterns/ble_thread/tl/shci_tl.c ****   if((LST_is_empty(&SHciAsynchEventQueue) == FALSE) && (SHCI_TL_UserEventFlow != SHCI_TL_UserEventF
 126:Middlewares/ST/STM32_WPAN/interface/patterns/ble_thread/tl/shci_tl.c ****   {
 127:Middlewares/ST/STM32_WPAN/interface/patterns/ble_thread/tl/shci_tl.c ****     shci_notify_asynch_evt((void*) &SHciAsynchEventQueue);
 128:Middlewares/ST/STM32_WPAN/interface/patterns/ble_thread/tl/shci_tl.c ****   }
 129:Middlewares/ST/STM32_WPAN/interface/patterns/ble_thread/tl/shci_tl.c **** 
 130:Middlewares/ST/STM32_WPAN/interface/patterns/ble_thread/tl/shci_tl.c **** 
 131:Middlewares/ST/STM32_WPAN/interface/patterns/ble_thread/tl/shci_tl.c ****   return;
 132:Middlewares/ST/STM32_WPAN/interface/patterns/ble_thread/tl/shci_tl.c **** }
 133:Middlewares/ST/STM32_WPAN/interface/patterns/ble_thread/tl/shci_tl.c **** 
 134:Middlewares/ST/STM32_WPAN/interface/patterns/ble_thread/tl/shci_tl.c **** void shci_resume_flow( void )
 135:Middlewares/ST/STM32_WPAN/interface/patterns/ble_thread/tl/shci_tl.c **** {
 136:Middlewares/ST/STM32_WPAN/interface/patterns/ble_thread/tl/shci_tl.c ****   SHCI_TL_UserEventFlow = SHCI_TL_UserEventFlow_Enable;
 137:Middlewares/ST/STM32_WPAN/interface/patterns/ble_thread/tl/shci_tl.c **** 
 138:Middlewares/ST/STM32_WPAN/interface/patterns/ble_thread/tl/shci_tl.c ****   /**
 139:Middlewares/ST/STM32_WPAN/interface/patterns/ble_thread/tl/shci_tl.c ****    * It is better to go through the background process as it is not sure from which context this AP
 140:Middlewares/ST/STM32_WPAN/interface/patterns/ble_thread/tl/shci_tl.c ****    * be called
 141:Middlewares/ST/STM32_WPAN/interface/patterns/ble_thread/tl/shci_tl.c ****    */
 142:Middlewares/ST/STM32_WPAN/interface/patterns/ble_thread/tl/shci_tl.c ****   shci_notify_asynch_evt((void*) &SHciAsynchEventQueue);
 143:Middlewares/ST/STM32_WPAN/interface/patterns/ble_thread/tl/shci_tl.c **** 
 144:Middlewares/ST/STM32_WPAN/interface/patterns/ble_thread/tl/shci_tl.c ****   return;
ARM GAS  C:\Users\843E~1\AppData\Local\Temp\ccrr2DkK.s 			page 4


 145:Middlewares/ST/STM32_WPAN/interface/patterns/ble_thread/tl/shci_tl.c **** }
 146:Middlewares/ST/STM32_WPAN/interface/patterns/ble_thread/tl/shci_tl.c **** 
 147:Middlewares/ST/STM32_WPAN/interface/patterns/ble_thread/tl/shci_tl.c **** void shci_send( uint16_t cmd_code, uint8_t len_cmd_payload, uint8_t * p_cmd_payload, TL_EvtPacket_t
 148:Middlewares/ST/STM32_WPAN/interface/patterns/ble_thread/tl/shci_tl.c **** {
 149:Middlewares/ST/STM32_WPAN/interface/patterns/ble_thread/tl/shci_tl.c ****   Cmd_SetStatus(SHCI_TL_CmdBusy);
 150:Middlewares/ST/STM32_WPAN/interface/patterns/ble_thread/tl/shci_tl.c **** 
 151:Middlewares/ST/STM32_WPAN/interface/patterns/ble_thread/tl/shci_tl.c ****   pCmdBuffer->cmdserial.cmd.cmdcode = cmd_code;
 152:Middlewares/ST/STM32_WPAN/interface/patterns/ble_thread/tl/shci_tl.c ****   pCmdBuffer->cmdserial.cmd.plen = len_cmd_payload;
 153:Middlewares/ST/STM32_WPAN/interface/patterns/ble_thread/tl/shci_tl.c **** 
 154:Middlewares/ST/STM32_WPAN/interface/patterns/ble_thread/tl/shci_tl.c ****   memcpy(pCmdBuffer->cmdserial.cmd.payload, p_cmd_payload, len_cmd_payload );
 155:Middlewares/ST/STM32_WPAN/interface/patterns/ble_thread/tl/shci_tl.c ****   CmdRspStatusFlag = SHCI_TL_CMD_RESP_WAIT;
 156:Middlewares/ST/STM32_WPAN/interface/patterns/ble_thread/tl/shci_tl.c ****   shciContext.io.Send(0,0);
 157:Middlewares/ST/STM32_WPAN/interface/patterns/ble_thread/tl/shci_tl.c **** 
 158:Middlewares/ST/STM32_WPAN/interface/patterns/ble_thread/tl/shci_tl.c ****   shci_cmd_resp_wait(SHCI_TL_DEFAULT_TIMEOUT);
 159:Middlewares/ST/STM32_WPAN/interface/patterns/ble_thread/tl/shci_tl.c **** 
 160:Middlewares/ST/STM32_WPAN/interface/patterns/ble_thread/tl/shci_tl.c ****   /**
 161:Middlewares/ST/STM32_WPAN/interface/patterns/ble_thread/tl/shci_tl.c ****    * The command complete of a system command does not have the header
 162:Middlewares/ST/STM32_WPAN/interface/patterns/ble_thread/tl/shci_tl.c ****    * It starts immediately with the evtserial field
 163:Middlewares/ST/STM32_WPAN/interface/patterns/ble_thread/tl/shci_tl.c ****    */
 164:Middlewares/ST/STM32_WPAN/interface/patterns/ble_thread/tl/shci_tl.c ****   memcpy( &(p_rsp->evtserial), pCmdBuffer, ((TL_EvtSerial_t*)pCmdBuffer)->evt.plen + TL_EVT_HDR_SIZ
 165:Middlewares/ST/STM32_WPAN/interface/patterns/ble_thread/tl/shci_tl.c **** 
 166:Middlewares/ST/STM32_WPAN/interface/patterns/ble_thread/tl/shci_tl.c ****   Cmd_SetStatus(SHCI_TL_CmdAvailable);
 167:Middlewares/ST/STM32_WPAN/interface/patterns/ble_thread/tl/shci_tl.c **** 
 168:Middlewares/ST/STM32_WPAN/interface/patterns/ble_thread/tl/shci_tl.c ****   return;
 169:Middlewares/ST/STM32_WPAN/interface/patterns/ble_thread/tl/shci_tl.c **** }
 170:Middlewares/ST/STM32_WPAN/interface/patterns/ble_thread/tl/shci_tl.c **** 
 171:Middlewares/ST/STM32_WPAN/interface/patterns/ble_thread/tl/shci_tl.c **** /* Private functions ---------------------------------------------------------*/
 172:Middlewares/ST/STM32_WPAN/interface/patterns/ble_thread/tl/shci_tl.c **** static void TlInit( TL_CmdPacket_t * p_cmdbuffer )
 173:Middlewares/ST/STM32_WPAN/interface/patterns/ble_thread/tl/shci_tl.c **** {
 174:Middlewares/ST/STM32_WPAN/interface/patterns/ble_thread/tl/shci_tl.c ****   TL_SYS_InitConf_t Conf;
 175:Middlewares/ST/STM32_WPAN/interface/patterns/ble_thread/tl/shci_tl.c **** 
 176:Middlewares/ST/STM32_WPAN/interface/patterns/ble_thread/tl/shci_tl.c ****   pCmdBuffer = p_cmdbuffer;
 177:Middlewares/ST/STM32_WPAN/interface/patterns/ble_thread/tl/shci_tl.c **** 
 178:Middlewares/ST/STM32_WPAN/interface/patterns/ble_thread/tl/shci_tl.c ****   LST_init_head (&SHciAsynchEventQueue);
 179:Middlewares/ST/STM32_WPAN/interface/patterns/ble_thread/tl/shci_tl.c **** 
 180:Middlewares/ST/STM32_WPAN/interface/patterns/ble_thread/tl/shci_tl.c ****   Cmd_SetStatus(SHCI_TL_CmdAvailable);
 181:Middlewares/ST/STM32_WPAN/interface/patterns/ble_thread/tl/shci_tl.c **** 
 182:Middlewares/ST/STM32_WPAN/interface/patterns/ble_thread/tl/shci_tl.c ****   SHCI_TL_UserEventFlow = SHCI_TL_UserEventFlow_Enable;
 183:Middlewares/ST/STM32_WPAN/interface/patterns/ble_thread/tl/shci_tl.c **** 
 184:Middlewares/ST/STM32_WPAN/interface/patterns/ble_thread/tl/shci_tl.c ****   /* Initialize low level driver */
 185:Middlewares/ST/STM32_WPAN/interface/patterns/ble_thread/tl/shci_tl.c ****   if (shciContext.io.Init)
 186:Middlewares/ST/STM32_WPAN/interface/patterns/ble_thread/tl/shci_tl.c ****   {
 187:Middlewares/ST/STM32_WPAN/interface/patterns/ble_thread/tl/shci_tl.c **** 
 188:Middlewares/ST/STM32_WPAN/interface/patterns/ble_thread/tl/shci_tl.c ****     Conf.p_cmdbuffer = (uint8_t *)p_cmdbuffer;
 189:Middlewares/ST/STM32_WPAN/interface/patterns/ble_thread/tl/shci_tl.c ****     Conf.IoBusCallBackCmdEvt = TlCmdEvtReceived;
 190:Middlewares/ST/STM32_WPAN/interface/patterns/ble_thread/tl/shci_tl.c ****     Conf.IoBusCallBackUserEvt = TlUserEvtReceived;
 191:Middlewares/ST/STM32_WPAN/interface/patterns/ble_thread/tl/shci_tl.c ****     shciContext.io.Init(&Conf);
 192:Middlewares/ST/STM32_WPAN/interface/patterns/ble_thread/tl/shci_tl.c ****   }
 193:Middlewares/ST/STM32_WPAN/interface/patterns/ble_thread/tl/shci_tl.c **** 
 194:Middlewares/ST/STM32_WPAN/interface/patterns/ble_thread/tl/shci_tl.c ****   return;
 195:Middlewares/ST/STM32_WPAN/interface/patterns/ble_thread/tl/shci_tl.c **** }
 196:Middlewares/ST/STM32_WPAN/interface/patterns/ble_thread/tl/shci_tl.c **** 
 197:Middlewares/ST/STM32_WPAN/interface/patterns/ble_thread/tl/shci_tl.c **** static void Cmd_SetStatus(SHCI_TL_CmdStatus_t shcicmdstatus)
 198:Middlewares/ST/STM32_WPAN/interface/patterns/ble_thread/tl/shci_tl.c **** {
  29              		.loc 1 198 1 view -0
  30              		.cfi_startproc
  31              		@ args = 0, pretend = 0, frame = 0
ARM GAS  C:\Users\843E~1\AppData\Local\Temp\ccrr2DkK.s 			page 5


  32              		@ frame_needed = 0, uses_anonymous_args = 0
  33              		.loc 1 198 1 is_stmt 0 view .LVU1
  34 0000 08B5     		push	{r3, lr}
  35              	.LCFI0:
  36              		.cfi_def_cfa_offset 8
  37              		.cfi_offset 3, -8
  38              		.cfi_offset 14, -4
 199:Middlewares/ST/STM32_WPAN/interface/patterns/ble_thread/tl/shci_tl.c ****   if(shcicmdstatus == SHCI_TL_CmdBusy)
  39              		.loc 1 199 3 is_stmt 1 view .LVU2
  40              		.loc 1 199 5 is_stmt 0 view .LVU3
  41 0002 38B9     		cbnz	r0, .L2
 200:Middlewares/ST/STM32_WPAN/interface/patterns/ble_thread/tl/shci_tl.c ****   {
 201:Middlewares/ST/STM32_WPAN/interface/patterns/ble_thread/tl/shci_tl.c ****     if(StatusNotCallBackFunction != 0)
  42              		.loc 1 201 5 is_stmt 1 view .LVU4
  43              		.loc 1 201 34 is_stmt 0 view .LVU5
  44 0004 084B     		ldr	r3, .L6
  45 0006 1B68     		ldr	r3, [r3]
  46              		.loc 1 201 7 view .LVU6
  47 0008 03B1     		cbz	r3, .L3
 202:Middlewares/ST/STM32_WPAN/interface/patterns/ble_thread/tl/shci_tl.c ****     {
 203:Middlewares/ST/STM32_WPAN/interface/patterns/ble_thread/tl/shci_tl.c ****       StatusNotCallBackFunction( SHCI_TL_CmdBusy );
  48              		.loc 1 203 7 is_stmt 1 view .LVU7
  49 000a 9847     		blx	r3
  50              	.LVL1:
  51              	.L3:
 204:Middlewares/ST/STM32_WPAN/interface/patterns/ble_thread/tl/shci_tl.c ****     }
 205:Middlewares/ST/STM32_WPAN/interface/patterns/ble_thread/tl/shci_tl.c ****     SHCICmdStatus = SHCI_TL_CmdBusy;
  52              		.loc 1 205 5 view .LVU8
  53              		.loc 1 205 19 is_stmt 0 view .LVU9
  54 000c 074B     		ldr	r3, .L6+4
  55 000e 0022     		movs	r2, #0
  56 0010 1A70     		strb	r2, [r3]
  57              	.L1:
 206:Middlewares/ST/STM32_WPAN/interface/patterns/ble_thread/tl/shci_tl.c ****   }
 207:Middlewares/ST/STM32_WPAN/interface/patterns/ble_thread/tl/shci_tl.c ****   else
 208:Middlewares/ST/STM32_WPAN/interface/patterns/ble_thread/tl/shci_tl.c ****   {
 209:Middlewares/ST/STM32_WPAN/interface/patterns/ble_thread/tl/shci_tl.c ****     SHCICmdStatus = SHCI_TL_CmdAvailable;
 210:Middlewares/ST/STM32_WPAN/interface/patterns/ble_thread/tl/shci_tl.c ****     if(StatusNotCallBackFunction != 0)
 211:Middlewares/ST/STM32_WPAN/interface/patterns/ble_thread/tl/shci_tl.c ****     {
 212:Middlewares/ST/STM32_WPAN/interface/patterns/ble_thread/tl/shci_tl.c ****       StatusNotCallBackFunction( SHCI_TL_CmdAvailable );
 213:Middlewares/ST/STM32_WPAN/interface/patterns/ble_thread/tl/shci_tl.c ****     }
 214:Middlewares/ST/STM32_WPAN/interface/patterns/ble_thread/tl/shci_tl.c ****   }
 215:Middlewares/ST/STM32_WPAN/interface/patterns/ble_thread/tl/shci_tl.c **** 
 216:Middlewares/ST/STM32_WPAN/interface/patterns/ble_thread/tl/shci_tl.c ****   return;
 217:Middlewares/ST/STM32_WPAN/interface/patterns/ble_thread/tl/shci_tl.c **** }
  58              		.loc 1 217 1 view .LVU10
  59 0012 08BD     		pop	{r3, pc}
  60              	.LVL2:
  61              	.L2:
 209:Middlewares/ST/STM32_WPAN/interface/patterns/ble_thread/tl/shci_tl.c ****     if(StatusNotCallBackFunction != 0)
  62              		.loc 1 209 5 is_stmt 1 view .LVU11
 209:Middlewares/ST/STM32_WPAN/interface/patterns/ble_thread/tl/shci_tl.c ****     if(StatusNotCallBackFunction != 0)
  63              		.loc 1 209 19 is_stmt 0 view .LVU12
  64 0014 054B     		ldr	r3, .L6+4
  65 0016 0122     		movs	r2, #1
  66 0018 1A70     		strb	r2, [r3]
 210:Middlewares/ST/STM32_WPAN/interface/patterns/ble_thread/tl/shci_tl.c ****     {
ARM GAS  C:\Users\843E~1\AppData\Local\Temp\ccrr2DkK.s 			page 6


  67              		.loc 1 210 5 is_stmt 1 view .LVU13
 210:Middlewares/ST/STM32_WPAN/interface/patterns/ble_thread/tl/shci_tl.c ****     {
  68              		.loc 1 210 34 is_stmt 0 view .LVU14
  69 001a 034B     		ldr	r3, .L6
  70 001c 1B68     		ldr	r3, [r3]
 210:Middlewares/ST/STM32_WPAN/interface/patterns/ble_thread/tl/shci_tl.c ****     {
  71              		.loc 1 210 7 view .LVU15
  72 001e 002B     		cmp	r3, #0
  73 0020 F7D0     		beq	.L1
 212:Middlewares/ST/STM32_WPAN/interface/patterns/ble_thread/tl/shci_tl.c ****     }
  74              		.loc 1 212 7 is_stmt 1 view .LVU16
  75 0022 1046     		mov	r0, r2
  76              	.LVL3:
 212:Middlewares/ST/STM32_WPAN/interface/patterns/ble_thread/tl/shci_tl.c ****     }
  77              		.loc 1 212 7 is_stmt 0 view .LVU17
  78 0024 9847     		blx	r3
  79              	.LVL4:
 216:Middlewares/ST/STM32_WPAN/interface/patterns/ble_thread/tl/shci_tl.c **** }
  80              		.loc 1 216 3 is_stmt 1 view .LVU18
  81 0026 F4E7     		b	.L1
  82              	.L7:
  83              		.align	2
  84              	.L6:
  85 0028 00000000 		.word	.LANCHOR0
  86 002c 00000000 		.word	.LANCHOR1
  87              		.cfi_endproc
  88              	.LFE112:
  90              		.section	.text.TlInit,"ax",%progbits
  91              		.align	1
  92              		.syntax unified
  93              		.thumb
  94              		.thumb_func
  96              	TlInit:
  97              	.LVL5:
  98              	.LFB111:
 173:Middlewares/ST/STM32_WPAN/interface/patterns/ble_thread/tl/shci_tl.c ****   TL_SYS_InitConf_t Conf;
  99              		.loc 1 173 1 view -0
 100              		.cfi_startproc
 101              		@ args = 0, pretend = 0, frame = 16
 102              		@ frame_needed = 0, uses_anonymous_args = 0
 173:Middlewares/ST/STM32_WPAN/interface/patterns/ble_thread/tl/shci_tl.c ****   TL_SYS_InitConf_t Conf;
 103              		.loc 1 173 1 is_stmt 0 view .LVU20
 104 0000 30B5     		push	{r4, r5, lr}
 105              	.LCFI1:
 106              		.cfi_def_cfa_offset 12
 107              		.cfi_offset 4, -12
 108              		.cfi_offset 5, -8
 109              		.cfi_offset 14, -4
 110 0002 85B0     		sub	sp, sp, #20
 111              	.LCFI2:
 112              		.cfi_def_cfa_offset 32
 113 0004 0446     		mov	r4, r0
 174:Middlewares/ST/STM32_WPAN/interface/patterns/ble_thread/tl/shci_tl.c **** 
 114              		.loc 1 174 3 is_stmt 1 view .LVU21
 176:Middlewares/ST/STM32_WPAN/interface/patterns/ble_thread/tl/shci_tl.c **** 
 115              		.loc 1 176 3 view .LVU22
 176:Middlewares/ST/STM32_WPAN/interface/patterns/ble_thread/tl/shci_tl.c **** 
ARM GAS  C:\Users\843E~1\AppData\Local\Temp\ccrr2DkK.s 			page 7


 116              		.loc 1 176 14 is_stmt 0 view .LVU23
 117 0006 0B4D     		ldr	r5, .L11
 118 0008 6860     		str	r0, [r5, #4]
 178:Middlewares/ST/STM32_WPAN/interface/patterns/ble_thread/tl/shci_tl.c **** 
 119              		.loc 1 178 3 is_stmt 1 view .LVU24
 120 000a 05F10800 		add	r0, r5, #8
 121              	.LVL6:
 178:Middlewares/ST/STM32_WPAN/interface/patterns/ble_thread/tl/shci_tl.c **** 
 122              		.loc 1 178 3 is_stmt 0 view .LVU25
 123 000e FFF7FEFF 		bl	LST_init_head
 124              	.LVL7:
 180:Middlewares/ST/STM32_WPAN/interface/patterns/ble_thread/tl/shci_tl.c **** 
 125              		.loc 1 180 3 is_stmt 1 view .LVU26
 126 0012 0120     		movs	r0, #1
 127 0014 FFF7FEFF 		bl	Cmd_SetStatus
 128              	.LVL8:
 182:Middlewares/ST/STM32_WPAN/interface/patterns/ble_thread/tl/shci_tl.c **** 
 129              		.loc 1 182 3 view .LVU27
 182:Middlewares/ST/STM32_WPAN/interface/patterns/ble_thread/tl/shci_tl.c **** 
 130              		.loc 1 182 25 is_stmt 0 view .LVU28
 131 0018 0123     		movs	r3, #1
 132 001a 2B74     		strb	r3, [r5, #16]
 185:Middlewares/ST/STM32_WPAN/interface/patterns/ble_thread/tl/shci_tl.c ****   {
 133              		.loc 1 185 3 is_stmt 1 view .LVU29
 185:Middlewares/ST/STM32_WPAN/interface/patterns/ble_thread/tl/shci_tl.c ****   {
 134              		.loc 1 185 21 is_stmt 0 view .LVU30
 135 001c 064B     		ldr	r3, .L11+4
 136 001e 1B68     		ldr	r3, [r3]
 185:Middlewares/ST/STM32_WPAN/interface/patterns/ble_thread/tl/shci_tl.c ****   {
 137              		.loc 1 185 6 view .LVU31
 138 0020 33B1     		cbz	r3, .L8
 188:Middlewares/ST/STM32_WPAN/interface/patterns/ble_thread/tl/shci_tl.c ****     Conf.IoBusCallBackCmdEvt = TlCmdEvtReceived;
 139              		.loc 1 188 5 is_stmt 1 view .LVU32
 188:Middlewares/ST/STM32_WPAN/interface/patterns/ble_thread/tl/shci_tl.c ****     Conf.IoBusCallBackCmdEvt = TlCmdEvtReceived;
 140              		.loc 1 188 22 is_stmt 0 view .LVU33
 141 0022 0394     		str	r4, [sp, #12]
 189:Middlewares/ST/STM32_WPAN/interface/patterns/ble_thread/tl/shci_tl.c ****     Conf.IoBusCallBackUserEvt = TlUserEvtReceived;
 142              		.loc 1 189 5 is_stmt 1 view .LVU34
 189:Middlewares/ST/STM32_WPAN/interface/patterns/ble_thread/tl/shci_tl.c ****     Conf.IoBusCallBackUserEvt = TlUserEvtReceived;
 143              		.loc 1 189 30 is_stmt 0 view .LVU35
 144 0024 054A     		ldr	r2, .L11+8
 145 0026 0192     		str	r2, [sp, #4]
 190:Middlewares/ST/STM32_WPAN/interface/patterns/ble_thread/tl/shci_tl.c ****     shciContext.io.Init(&Conf);
 146              		.loc 1 190 5 is_stmt 1 view .LVU36
 190:Middlewares/ST/STM32_WPAN/interface/patterns/ble_thread/tl/shci_tl.c ****     shciContext.io.Init(&Conf);
 147              		.loc 1 190 31 is_stmt 0 view .LVU37
 148 0028 054A     		ldr	r2, .L11+12
 149 002a 0292     		str	r2, [sp, #8]
 191:Middlewares/ST/STM32_WPAN/interface/patterns/ble_thread/tl/shci_tl.c ****   }
 150              		.loc 1 191 5 is_stmt 1 view .LVU38
 151 002c 01A8     		add	r0, sp, #4
 152 002e 9847     		blx	r3
 153              	.LVL9:
 194:Middlewares/ST/STM32_WPAN/interface/patterns/ble_thread/tl/shci_tl.c **** }
 154              		.loc 1 194 3 view .LVU39
 155              	.L8:
 195:Middlewares/ST/STM32_WPAN/interface/patterns/ble_thread/tl/shci_tl.c **** 
ARM GAS  C:\Users\843E~1\AppData\Local\Temp\ccrr2DkK.s 			page 8


 156              		.loc 1 195 1 is_stmt 0 view .LVU40
 157 0030 05B0     		add	sp, sp, #20
 158              	.LCFI3:
 159              		.cfi_def_cfa_offset 12
 160              		@ sp needed
 161 0032 30BD     		pop	{r4, r5, pc}
 162              	.LVL10:
 163              	.L12:
 195:Middlewares/ST/STM32_WPAN/interface/patterns/ble_thread/tl/shci_tl.c **** 
 164              		.loc 1 195 1 view .LVU41
 165              		.align	2
 166              	.L11:
 167 0034 00000000 		.word	.LANCHOR1
 168 0038 00000000 		.word	.LANCHOR2
 169 003c 00000000 		.word	TlCmdEvtReceived
 170 0040 00000000 		.word	TlUserEvtReceived
 171              		.cfi_endproc
 172              	.LFE111:
 174              		.section	.text.TlUserEvtReceived,"ax",%progbits
 175              		.align	1
 176              		.syntax unified
 177              		.thumb
 178              		.thumb_func
 180              	TlUserEvtReceived:
 181              	.LVL11:
 182              	.LFB114:
 218:Middlewares/ST/STM32_WPAN/interface/patterns/ble_thread/tl/shci_tl.c **** 
 219:Middlewares/ST/STM32_WPAN/interface/patterns/ble_thread/tl/shci_tl.c **** static void TlCmdEvtReceived(TL_EvtPacket_t *shcievt)
 220:Middlewares/ST/STM32_WPAN/interface/patterns/ble_thread/tl/shci_tl.c **** {
 221:Middlewares/ST/STM32_WPAN/interface/patterns/ble_thread/tl/shci_tl.c ****   (void)(shcievt);
 222:Middlewares/ST/STM32_WPAN/interface/patterns/ble_thread/tl/shci_tl.c ****   shci_cmd_resp_release(0); /**< Notify the application the Cmd response has been received */
 223:Middlewares/ST/STM32_WPAN/interface/patterns/ble_thread/tl/shci_tl.c **** 
 224:Middlewares/ST/STM32_WPAN/interface/patterns/ble_thread/tl/shci_tl.c ****   return;
 225:Middlewares/ST/STM32_WPAN/interface/patterns/ble_thread/tl/shci_tl.c **** }
 226:Middlewares/ST/STM32_WPAN/interface/patterns/ble_thread/tl/shci_tl.c **** 
 227:Middlewares/ST/STM32_WPAN/interface/patterns/ble_thread/tl/shci_tl.c **** static void TlUserEvtReceived(TL_EvtPacket_t *shcievt)
 228:Middlewares/ST/STM32_WPAN/interface/patterns/ble_thread/tl/shci_tl.c **** {
 183              		.loc 1 228 1 is_stmt 1 view -0
 184              		.cfi_startproc
 185              		@ args = 0, pretend = 0, frame = 0
 186              		@ frame_needed = 0, uses_anonymous_args = 0
 187              		.loc 1 228 1 is_stmt 0 view .LVU43
 188 0000 10B5     		push	{r4, lr}
 189              	.LCFI4:
 190              		.cfi_def_cfa_offset 8
 191              		.cfi_offset 4, -8
 192              		.cfi_offset 14, -4
 193 0002 0146     		mov	r1, r0
 229:Middlewares/ST/STM32_WPAN/interface/patterns/ble_thread/tl/shci_tl.c ****   LST_insert_tail(&SHciAsynchEventQueue, (tListNode *)shcievt);
 194              		.loc 1 229 3 is_stmt 1 view .LVU44
 195 0004 034C     		ldr	r4, .L15
 196 0006 2046     		mov	r0, r4
 197              	.LVL12:
 198              		.loc 1 229 3 is_stmt 0 view .LVU45
 199 0008 FFF7FEFF 		bl	LST_insert_tail
 200              	.LVL13:
 230:Middlewares/ST/STM32_WPAN/interface/patterns/ble_thread/tl/shci_tl.c ****   shci_notify_asynch_evt((void*) &SHciAsynchEventQueue); /**< Notify the application a full HCI eve
ARM GAS  C:\Users\843E~1\AppData\Local\Temp\ccrr2DkK.s 			page 9


 201              		.loc 1 230 3 is_stmt 1 view .LVU46
 202 000c 2046     		mov	r0, r4
 203 000e FFF7FEFF 		bl	shci_notify_asynch_evt
 204              	.LVL14:
 231:Middlewares/ST/STM32_WPAN/interface/patterns/ble_thread/tl/shci_tl.c **** 
 232:Middlewares/ST/STM32_WPAN/interface/patterns/ble_thread/tl/shci_tl.c ****   return;
 205              		.loc 1 232 3 view .LVU47
 233:Middlewares/ST/STM32_WPAN/interface/patterns/ble_thread/tl/shci_tl.c **** }
 206              		.loc 1 233 1 is_stmt 0 view .LVU48
 207 0012 10BD     		pop	{r4, pc}
 208              	.L16:
 209              		.align	2
 210              	.L15:
 211 0014 08000000 		.word	.LANCHOR1+8
 212              		.cfi_endproc
 213              	.LFE114:
 215              		.section	.text.shci_init,"ax",%progbits
 216              		.align	1
 217              		.global	shci_init
 218              		.syntax unified
 219              		.thumb
 220              		.thumb_func
 222              	shci_init:
 223              	.LVL15:
 224              	.LFB107:
  66:Middlewares/ST/STM32_WPAN/interface/patterns/ble_thread/tl/shci_tl.c ****   StatusNotCallBackFunction = ((SHCI_TL_HciInitConf_t *)pConf)->StatusNotCallBack;
 225              		.loc 1 66 1 is_stmt 1 view -0
 226              		.cfi_startproc
 227              		@ args = 0, pretend = 0, frame = 0
 228              		@ frame_needed = 0, uses_anonymous_args = 0
  66:Middlewares/ST/STM32_WPAN/interface/patterns/ble_thread/tl/shci_tl.c ****   StatusNotCallBackFunction = ((SHCI_TL_HciInitConf_t *)pConf)->StatusNotCallBack;
 229              		.loc 1 66 1 is_stmt 0 view .LVU50
 230 0000 10B5     		push	{r4, lr}
 231              	.LCFI5:
 232              		.cfi_def_cfa_offset 8
 233              		.cfi_offset 4, -8
 234              		.cfi_offset 14, -4
 235 0002 0C46     		mov	r4, r1
  67:Middlewares/ST/STM32_WPAN/interface/patterns/ble_thread/tl/shci_tl.c ****   shciContext.UserEvtRx = UserEvtRx;
 236              		.loc 1 67 3 is_stmt 1 view .LVU51
  67:Middlewares/ST/STM32_WPAN/interface/patterns/ble_thread/tl/shci_tl.c ****   shciContext.UserEvtRx = UserEvtRx;
 237              		.loc 1 67 63 is_stmt 0 view .LVU52
 238 0004 4A68     		ldr	r2, [r1, #4]
  67:Middlewares/ST/STM32_WPAN/interface/patterns/ble_thread/tl/shci_tl.c ****   shciContext.UserEvtRx = UserEvtRx;
 239              		.loc 1 67 29 view .LVU53
 240 0006 054B     		ldr	r3, .L19
 241 0008 1A60     		str	r2, [r3]
  68:Middlewares/ST/STM32_WPAN/interface/patterns/ble_thread/tl/shci_tl.c **** 
 242              		.loc 1 68 3 is_stmt 1 view .LVU54
  68:Middlewares/ST/STM32_WPAN/interface/patterns/ble_thread/tl/shci_tl.c **** 
 243              		.loc 1 68 25 is_stmt 0 view .LVU55
 244 000a 054B     		ldr	r3, .L19+4
 245 000c D861     		str	r0, [r3, #28]
  70:Middlewares/ST/STM32_WPAN/interface/patterns/ble_thread/tl/shci_tl.c **** 
 246              		.loc 1 70 3 is_stmt 1 view .LVU56
 247 000e 1846     		mov	r0, r3
 248              	.LVL16:
ARM GAS  C:\Users\843E~1\AppData\Local\Temp\ccrr2DkK.s 			page 10


  70:Middlewares/ST/STM32_WPAN/interface/patterns/ble_thread/tl/shci_tl.c **** 
 249              		.loc 1 70 3 is_stmt 0 view .LVU57
 250 0010 FFF7FEFF 		bl	shci_register_io_bus
 251              	.LVL17:
  72:Middlewares/ST/STM32_WPAN/interface/patterns/ble_thread/tl/shci_tl.c **** 
 252              		.loc 1 72 3 is_stmt 1 view .LVU58
 253 0014 2068     		ldr	r0, [r4]
 254 0016 FFF7FEFF 		bl	TlInit
 255              	.LVL18:
  74:Middlewares/ST/STM32_WPAN/interface/patterns/ble_thread/tl/shci_tl.c **** }
 256              		.loc 1 74 3 view .LVU59
  75:Middlewares/ST/STM32_WPAN/interface/patterns/ble_thread/tl/shci_tl.c **** 
 257              		.loc 1 75 1 is_stmt 0 view .LVU60
 258 001a 10BD     		pop	{r4, pc}
 259              	.LVL19:
 260              	.L20:
  75:Middlewares/ST/STM32_WPAN/interface/patterns/ble_thread/tl/shci_tl.c **** 
 261              		.loc 1 75 1 view .LVU61
 262              		.align	2
 263              	.L19:
 264 001c 00000000 		.word	.LANCHOR0
 265 0020 00000000 		.word	.LANCHOR2
 266              		.cfi_endproc
 267              	.LFE107:
 269              		.section	.text.shci_user_evt_proc,"ax",%progbits
 270              		.align	1
 271              		.global	shci_user_evt_proc
 272              		.syntax unified
 273              		.thumb
 274              		.thumb_func
 276              	shci_user_evt_proc:
 277              	.LFB108:
  78:Middlewares/ST/STM32_WPAN/interface/patterns/ble_thread/tl/shci_tl.c ****   TL_EvtPacket_t *phcievtbuffer;
 278              		.loc 1 78 1 is_stmt 1 view -0
 279              		.cfi_startproc
 280              		@ args = 0, pretend = 0, frame = 16
 281              		@ frame_needed = 0, uses_anonymous_args = 0
 282 0000 00B5     		push	{lr}
 283              	.LCFI6:
 284              		.cfi_def_cfa_offset 4
 285              		.cfi_offset 14, -4
 286 0002 85B0     		sub	sp, sp, #20
 287              	.LCFI7:
 288              		.cfi_def_cfa_offset 24
  79:Middlewares/ST/STM32_WPAN/interface/patterns/ble_thread/tl/shci_tl.c ****   tSHCI_UserEvtRxParam UserEvtRxParam;
 289              		.loc 1 79 3 view .LVU63
  80:Middlewares/ST/STM32_WPAN/interface/patterns/ble_thread/tl/shci_tl.c **** 
 290              		.loc 1 80 3 view .LVU64
  96:Middlewares/ST/STM32_WPAN/interface/patterns/ble_thread/tl/shci_tl.c ****   {
 291              		.loc 1 96 3 view .LVU65
  96:Middlewares/ST/STM32_WPAN/interface/patterns/ble_thread/tl/shci_tl.c ****   {
 292              		.loc 1 96 7 is_stmt 0 view .LVU66
 293 0004 1B48     		ldr	r0, .L30
 294 0006 FFF7FEFF 		bl	LST_is_empty
 295              	.LVL20:
  96:Middlewares/ST/STM32_WPAN/interface/patterns/ble_thread/tl/shci_tl.c ****   {
 296              		.loc 1 96 5 view .LVU67
ARM GAS  C:\Users\843E~1\AppData\Local\Temp\ccrr2DkK.s 			page 11


 297 000a 10B9     		cbnz	r0, .L22
  96:Middlewares/ST/STM32_WPAN/interface/patterns/ble_thread/tl/shci_tl.c ****   {
 298              		.loc 1 96 79 discriminator 1 view .LVU68
 299 000c 1A4B     		ldr	r3, .L30+4
 300 000e 1B7C     		ldrb	r3, [r3, #16]	@ zero_extendqisi2
  96:Middlewares/ST/STM32_WPAN/interface/patterns/ble_thread/tl/shci_tl.c ****   {
 301              		.loc 1 96 53 discriminator 1 view .LVU69
 302 0010 4BB9     		cbnz	r3, .L28
 303              	.L22:
 125:Middlewares/ST/STM32_WPAN/interface/patterns/ble_thread/tl/shci_tl.c ****   {
 304              		.loc 1 125 3 is_stmt 1 view .LVU70
 125:Middlewares/ST/STM32_WPAN/interface/patterns/ble_thread/tl/shci_tl.c ****   {
 305              		.loc 1 125 7 is_stmt 0 view .LVU71
 306 0012 1848     		ldr	r0, .L30
 307 0014 FFF7FEFF 		bl	LST_is_empty
 308              	.LVL21:
 125:Middlewares/ST/STM32_WPAN/interface/patterns/ble_thread/tl/shci_tl.c ****   {
 309              		.loc 1 125 5 view .LVU72
 310 0018 10B9     		cbnz	r0, .L21
 125:Middlewares/ST/STM32_WPAN/interface/patterns/ble_thread/tl/shci_tl.c ****   {
 311              		.loc 1 125 79 discriminator 1 view .LVU73
 312 001a 174B     		ldr	r3, .L30+4
 313 001c 1B7C     		ldrb	r3, [r3, #16]	@ zero_extendqisi2
 125:Middlewares/ST/STM32_WPAN/interface/patterns/ble_thread/tl/shci_tl.c ****   {
 314              		.loc 1 125 53 discriminator 1 view .LVU74
 315 001e 23BB     		cbnz	r3, .L29
 316              	.L21:
 132:Middlewares/ST/STM32_WPAN/interface/patterns/ble_thread/tl/shci_tl.c **** 
 317              		.loc 1 132 1 view .LVU75
 318 0020 05B0     		add	sp, sp, #20
 319              	.LCFI8:
 320              		.cfi_remember_state
 321              		.cfi_def_cfa_offset 4
 322              		@ sp needed
 323 0022 5DF804FB 		ldr	pc, [sp], #4
 324              	.L28:
 325              	.LCFI9:
 326              		.cfi_restore_state
  98:Middlewares/ST/STM32_WPAN/interface/patterns/ble_thread/tl/shci_tl.c **** 
 327              		.loc 1 98 5 is_stmt 1 view .LVU76
 328 0026 03A9     		add	r1, sp, #12
 329 0028 1248     		ldr	r0, .L30
 330 002a FFF7FEFF 		bl	LST_remove_head
 331              	.LVL22:
 100:Middlewares/ST/STM32_WPAN/interface/patterns/ble_thread/tl/shci_tl.c ****     {
 332              		.loc 1 100 5 view .LVU77
 100:Middlewares/ST/STM32_WPAN/interface/patterns/ble_thread/tl/shci_tl.c ****     {
 333              		.loc 1 100 20 is_stmt 0 view .LVU78
 334 002e 134B     		ldr	r3, .L30+8
 335 0030 DB69     		ldr	r3, [r3, #28]
 100:Middlewares/ST/STM32_WPAN/interface/patterns/ble_thread/tl/shci_tl.c ****     {
 336              		.loc 1 100 8 view .LVU79
 337 0032 8BB1     		cbz	r3, .L23
 102:Middlewares/ST/STM32_WPAN/interface/patterns/ble_thread/tl/shci_tl.c ****       UserEvtRxParam.status = SHCI_TL_UserEventFlow_Enable;
 338              		.loc 1 102 7 is_stmt 1 view .LVU80
 102:Middlewares/ST/STM32_WPAN/interface/patterns/ble_thread/tl/shci_tl.c ****       UserEvtRxParam.status = SHCI_TL_UserEventFlow_Enable;
 339              		.loc 1 102 27 is_stmt 0 view .LVU81
ARM GAS  C:\Users\843E~1\AppData\Local\Temp\ccrr2DkK.s 			page 12


 340 0034 039A     		ldr	r2, [sp, #12]
 341 0036 0292     		str	r2, [sp, #8]
 103:Middlewares/ST/STM32_WPAN/interface/patterns/ble_thread/tl/shci_tl.c ****       shciContext.UserEvtRx((void *)&UserEvtRxParam);
 342              		.loc 1 103 7 is_stmt 1 view .LVU82
 103:Middlewares/ST/STM32_WPAN/interface/patterns/ble_thread/tl/shci_tl.c ****       shciContext.UserEvtRx((void *)&UserEvtRxParam);
 343              		.loc 1 103 29 is_stmt 0 view .LVU83
 344 0038 0122     		movs	r2, #1
 345 003a 8DF80420 		strb	r2, [sp, #4]
 104:Middlewares/ST/STM32_WPAN/interface/patterns/ble_thread/tl/shci_tl.c ****       SHCI_TL_UserEventFlow = UserEvtRxParam.status;
 346              		.loc 1 104 7 is_stmt 1 view .LVU84
 347 003e 01A8     		add	r0, sp, #4
 348 0040 9847     		blx	r3
 349              	.LVL23:
 105:Middlewares/ST/STM32_WPAN/interface/patterns/ble_thread/tl/shci_tl.c ****     }
 350              		.loc 1 105 7 view .LVU85
 105:Middlewares/ST/STM32_WPAN/interface/patterns/ble_thread/tl/shci_tl.c ****     }
 351              		.loc 1 105 45 is_stmt 0 view .LVU86
 352 0042 9DF80420 		ldrb	r2, [sp, #4]	@ zero_extendqisi2
 105:Middlewares/ST/STM32_WPAN/interface/patterns/ble_thread/tl/shci_tl.c ****     }
 353              		.loc 1 105 29 view .LVU87
 354 0046 0C4B     		ldr	r3, .L30+4
 355 0048 1A74     		strb	r2, [r3, #16]
 356              	.L24:
 112:Middlewares/ST/STM32_WPAN/interface/patterns/ble_thread/tl/shci_tl.c ****     {
 357              		.loc 1 112 5 is_stmt 1 view .LVU88
 112:Middlewares/ST/STM32_WPAN/interface/patterns/ble_thread/tl/shci_tl.c ****     {
 358              		.loc 1 112 30 is_stmt 0 view .LVU89
 359 004a 0B4B     		ldr	r3, .L30+4
 360 004c 1B7C     		ldrb	r3, [r3, #16]	@ zero_extendqisi2
 112:Middlewares/ST/STM32_WPAN/interface/patterns/ble_thread/tl/shci_tl.c ****     {
 361              		.loc 1 112 7 view .LVU90
 362 004e 3BB1     		cbz	r3, .L25
 114:Middlewares/ST/STM32_WPAN/interface/patterns/ble_thread/tl/shci_tl.c ****     }
 363              		.loc 1 114 7 is_stmt 1 view .LVU91
 364 0050 0398     		ldr	r0, [sp, #12]
 365 0052 FFF7FEFF 		bl	TL_MM_EvtDone
 366              	.LVL24:
 367 0056 DCE7     		b	.L22
 368              	.L23:
 109:Middlewares/ST/STM32_WPAN/interface/patterns/ble_thread/tl/shci_tl.c ****     }
 369              		.loc 1 109 7 view .LVU92
 109:Middlewares/ST/STM32_WPAN/interface/patterns/ble_thread/tl/shci_tl.c ****     }
 370              		.loc 1 109 29 is_stmt 0 view .LVU93
 371 0058 074B     		ldr	r3, .L30+4
 372 005a 0122     		movs	r2, #1
 373 005c 1A74     		strb	r2, [r3, #16]
 374 005e F4E7     		b	.L24
 375              	.L25:
 121:Middlewares/ST/STM32_WPAN/interface/patterns/ble_thread/tl/shci_tl.c ****     }
 376              		.loc 1 121 7 is_stmt 1 view .LVU94
 377 0060 0399     		ldr	r1, [sp, #12]
 378 0062 0448     		ldr	r0, .L30
 379 0064 FFF7FEFF 		bl	LST_insert_head
 380              	.LVL25:
 381 0068 D3E7     		b	.L22
 382              	.L29:
 127:Middlewares/ST/STM32_WPAN/interface/patterns/ble_thread/tl/shci_tl.c ****   }
ARM GAS  C:\Users\843E~1\AppData\Local\Temp\ccrr2DkK.s 			page 13


 383              		.loc 1 127 5 view .LVU95
 384 006a 0248     		ldr	r0, .L30
 385 006c FFF7FEFF 		bl	shci_notify_asynch_evt
 386              	.LVL26:
 131:Middlewares/ST/STM32_WPAN/interface/patterns/ble_thread/tl/shci_tl.c **** }
 387              		.loc 1 131 3 view .LVU96
 388 0070 D6E7     		b	.L21
 389              	.L31:
 390 0072 00BF     		.align	2
 391              	.L30:
 392 0074 08000000 		.word	.LANCHOR1+8
 393 0078 00000000 		.word	.LANCHOR1
 394 007c 00000000 		.word	.LANCHOR2
 395              		.cfi_endproc
 396              	.LFE108:
 398              		.section	.text.shci_resume_flow,"ax",%progbits
 399              		.align	1
 400              		.global	shci_resume_flow
 401              		.syntax unified
 402              		.thumb
 403              		.thumb_func
 405              	shci_resume_flow:
 406              	.LFB109:
 135:Middlewares/ST/STM32_WPAN/interface/patterns/ble_thread/tl/shci_tl.c ****   SHCI_TL_UserEventFlow = SHCI_TL_UserEventFlow_Enable;
 407              		.loc 1 135 1 view -0
 408              		.cfi_startproc
 409              		@ args = 0, pretend = 0, frame = 0
 410              		@ frame_needed = 0, uses_anonymous_args = 0
 411 0000 08B5     		push	{r3, lr}
 412              	.LCFI10:
 413              		.cfi_def_cfa_offset 8
 414              		.cfi_offset 3, -8
 415              		.cfi_offset 14, -4
 136:Middlewares/ST/STM32_WPAN/interface/patterns/ble_thread/tl/shci_tl.c **** 
 416              		.loc 1 136 3 view .LVU98
 136:Middlewares/ST/STM32_WPAN/interface/patterns/ble_thread/tl/shci_tl.c **** 
 417              		.loc 1 136 25 is_stmt 0 view .LVU99
 418 0002 0348     		ldr	r0, .L34
 419 0004 0123     		movs	r3, #1
 420 0006 0374     		strb	r3, [r0, #16]
 142:Middlewares/ST/STM32_WPAN/interface/patterns/ble_thread/tl/shci_tl.c **** 
 421              		.loc 1 142 3 is_stmt 1 view .LVU100
 422 0008 0830     		adds	r0, r0, #8
 423 000a FFF7FEFF 		bl	shci_notify_asynch_evt
 424              	.LVL27:
 144:Middlewares/ST/STM32_WPAN/interface/patterns/ble_thread/tl/shci_tl.c **** }
 425              		.loc 1 144 3 view .LVU101
 145:Middlewares/ST/STM32_WPAN/interface/patterns/ble_thread/tl/shci_tl.c **** 
 426              		.loc 1 145 1 is_stmt 0 view .LVU102
 427 000e 08BD     		pop	{r3, pc}
 428              	.L35:
 429              		.align	2
 430              	.L34:
 431 0010 00000000 		.word	.LANCHOR1
 432              		.cfi_endproc
 433              	.LFE109:
 435              		.section	.text.shci_cmd_resp_wait,"ax",%progbits
ARM GAS  C:\Users\843E~1\AppData\Local\Temp\ccrr2DkK.s 			page 14


 436              		.align	1
 437              		.weak	shci_cmd_resp_wait
 438              		.syntax unified
 439              		.thumb
 440              		.thumb_func
 442              	shci_cmd_resp_wait:
 443              	.LFB115:
 234:Middlewares/ST/STM32_WPAN/interface/patterns/ble_thread/tl/shci_tl.c **** 
 235:Middlewares/ST/STM32_WPAN/interface/patterns/ble_thread/tl/shci_tl.c **** /* Weak implementation ----------------------------------------------------------------*/
 236:Middlewares/ST/STM32_WPAN/interface/patterns/ble_thread/tl/shci_tl.c **** __WEAK void shci_cmd_resp_wait(uint32_t timeout)
 237:Middlewares/ST/STM32_WPAN/interface/patterns/ble_thread/tl/shci_tl.c **** {
 444              		.loc 1 237 1 is_stmt 1 view -0
 445              		.cfi_startproc
 446              		@ args = 0, pretend = 0, frame = 0
 447              		@ frame_needed = 0, uses_anonymous_args = 0
 448              		@ link register save eliminated.
 449              	.LVL28:
 450              	.L37:
 238:Middlewares/ST/STM32_WPAN/interface/patterns/ble_thread/tl/shci_tl.c ****   (void)timeout;
 239:Middlewares/ST/STM32_WPAN/interface/patterns/ble_thread/tl/shci_tl.c **** 
 240:Middlewares/ST/STM32_WPAN/interface/patterns/ble_thread/tl/shci_tl.c ****   while(CmdRspStatusFlag != SHCI_TL_CMD_RESP_RELEASE);
 451              		.loc 1 240 54 discriminator 1 view .LVU104
 452              		.loc 1 240 8 discriminator 1 view .LVU105
 453              		.loc 1 240 26 is_stmt 0 discriminator 1 view .LVU106
 454 0000 024B     		ldr	r3, .L38
 455 0002 1B78     		ldrb	r3, [r3]	@ zero_extendqisi2
 456              		.loc 1 240 8 discriminator 1 view .LVU107
 457 0004 002B     		cmp	r3, #0
 458 0006 FBD1     		bne	.L37
 241:Middlewares/ST/STM32_WPAN/interface/patterns/ble_thread/tl/shci_tl.c **** 
 242:Middlewares/ST/STM32_WPAN/interface/patterns/ble_thread/tl/shci_tl.c ****   return;
 243:Middlewares/ST/STM32_WPAN/interface/patterns/ble_thread/tl/shci_tl.c **** }
 459              		.loc 1 243 1 view .LVU108
 460 0008 7047     		bx	lr
 461              	.L39:
 462 000a 00BF     		.align	2
 463              	.L38:
 464 000c 00000000 		.word	.LANCHOR3
 465              		.cfi_endproc
 466              	.LFE115:
 468              		.section	.text.shci_send,"ax",%progbits
 469              		.align	1
 470              		.global	shci_send
 471              		.syntax unified
 472              		.thumb
 473              		.thumb_func
 475              	shci_send:
 476              	.LVL29:
 477              	.LFB110:
 148:Middlewares/ST/STM32_WPAN/interface/patterns/ble_thread/tl/shci_tl.c ****   Cmd_SetStatus(SHCI_TL_CmdBusy);
 478              		.loc 1 148 1 is_stmt 1 view -0
 479              		.cfi_startproc
 480              		@ args = 0, pretend = 0, frame = 0
 481              		@ frame_needed = 0, uses_anonymous_args = 0
 148:Middlewares/ST/STM32_WPAN/interface/patterns/ble_thread/tl/shci_tl.c ****   Cmd_SetStatus(SHCI_TL_CmdBusy);
 482              		.loc 1 148 1 is_stmt 0 view .LVU110
 483 0000 2DE9F041 		push	{r4, r5, r6, r7, r8, lr}
ARM GAS  C:\Users\843E~1\AppData\Local\Temp\ccrr2DkK.s 			page 15


 484              	.LCFI11:
 485              		.cfi_def_cfa_offset 24
 486              		.cfi_offset 4, -24
 487              		.cfi_offset 5, -20
 488              		.cfi_offset 6, -16
 489              		.cfi_offset 7, -12
 490              		.cfi_offset 8, -8
 491              		.cfi_offset 14, -4
 492 0004 0746     		mov	r7, r0
 493 0006 0C46     		mov	r4, r1
 494 0008 1646     		mov	r6, r2
 495 000a 1D46     		mov	r5, r3
 149:Middlewares/ST/STM32_WPAN/interface/patterns/ble_thread/tl/shci_tl.c **** 
 496              		.loc 1 149 3 is_stmt 1 view .LVU111
 497 000c 0020     		movs	r0, #0
 498              	.LVL30:
 149:Middlewares/ST/STM32_WPAN/interface/patterns/ble_thread/tl/shci_tl.c **** 
 499              		.loc 1 149 3 is_stmt 0 view .LVU112
 500 000e FFF7FEFF 		bl	Cmd_SetStatus
 501              	.LVL31:
 151:Middlewares/ST/STM32_WPAN/interface/patterns/ble_thread/tl/shci_tl.c ****   pCmdBuffer->cmdserial.cmd.plen = len_cmd_payload;
 502              		.loc 1 151 3 is_stmt 1 view .LVU113
 151:Middlewares/ST/STM32_WPAN/interface/patterns/ble_thread/tl/shci_tl.c ****   pCmdBuffer->cmdserial.cmd.plen = len_cmd_payload;
 503              		.loc 1 151 13 is_stmt 0 view .LVU114
 504 0012 DFF85080 		ldr	r8, .L42+8
 505 0016 D8F80400 		ldr	r0, [r8, #4]
 151:Middlewares/ST/STM32_WPAN/interface/patterns/ble_thread/tl/shci_tl.c ****   pCmdBuffer->cmdserial.cmd.plen = len_cmd_payload;
 506              		.loc 1 151 37 view .LVU115
 507 001a A0F80970 		strh	r7, [r0, #9]	@ unaligned
 152:Middlewares/ST/STM32_WPAN/interface/patterns/ble_thread/tl/shci_tl.c **** 
 508              		.loc 1 152 3 is_stmt 1 view .LVU116
 152:Middlewares/ST/STM32_WPAN/interface/patterns/ble_thread/tl/shci_tl.c **** 
 509              		.loc 1 152 34 is_stmt 0 view .LVU117
 510 001e C472     		strb	r4, [r0, #11]
 154:Middlewares/ST/STM32_WPAN/interface/patterns/ble_thread/tl/shci_tl.c ****   CmdRspStatusFlag = SHCI_TL_CMD_RESP_WAIT;
 511              		.loc 1 154 3 is_stmt 1 view .LVU118
 512 0020 2246     		mov	r2, r4
 513 0022 3146     		mov	r1, r6
 514 0024 0C30     		adds	r0, r0, #12
 515 0026 FFF7FEFF 		bl	memcpy
 516              	.LVL32:
 155:Middlewares/ST/STM32_WPAN/interface/patterns/ble_thread/tl/shci_tl.c ****   shciContext.io.Send(0,0);
 517              		.loc 1 155 3 view .LVU119
 155:Middlewares/ST/STM32_WPAN/interface/patterns/ble_thread/tl/shci_tl.c ****   shciContext.io.Send(0,0);
 518              		.loc 1 155 20 is_stmt 0 view .LVU120
 519 002a 0124     		movs	r4, #1
 520 002c 0B4B     		ldr	r3, .L42
 521 002e 1C70     		strb	r4, [r3]
 156:Middlewares/ST/STM32_WPAN/interface/patterns/ble_thread/tl/shci_tl.c **** 
 522              		.loc 1 156 3 is_stmt 1 view .LVU121
 156:Middlewares/ST/STM32_WPAN/interface/patterns/ble_thread/tl/shci_tl.c **** 
 523              		.loc 1 156 17 is_stmt 0 view .LVU122
 524 0030 0B4B     		ldr	r3, .L42+4
 525 0032 1B69     		ldr	r3, [r3, #16]
 156:Middlewares/ST/STM32_WPAN/interface/patterns/ble_thread/tl/shci_tl.c **** 
 526              		.loc 1 156 3 view .LVU123
 527 0034 0021     		movs	r1, #0
ARM GAS  C:\Users\843E~1\AppData\Local\Temp\ccrr2DkK.s 			page 16


 528 0036 0846     		mov	r0, r1
 529 0038 9847     		blx	r3
 530              	.LVL33:
 158:Middlewares/ST/STM32_WPAN/interface/patterns/ble_thread/tl/shci_tl.c **** 
 531              		.loc 1 158 3 is_stmt 1 view .LVU124
 532 003a 48F2E800 		movw	r0, #33000
 533 003e FFF7FEFF 		bl	shci_cmd_resp_wait
 534              	.LVL34:
 164:Middlewares/ST/STM32_WPAN/interface/patterns/ble_thread/tl/shci_tl.c **** 
 535              		.loc 1 164 3 view .LVU125
 536 0042 D8F80410 		ldr	r1, [r8, #4]
 164:Middlewares/ST/STM32_WPAN/interface/patterns/ble_thread/tl/shci_tl.c **** 
 537              		.loc 1 164 78 is_stmt 0 view .LVU126
 538 0046 8A78     		ldrb	r2, [r1, #2]	@ zero_extendqisi2
 164:Middlewares/ST/STM32_WPAN/interface/patterns/ble_thread/tl/shci_tl.c **** 
 539              		.loc 1 164 3 view .LVU127
 540 0048 0332     		adds	r2, r2, #3
 541 004a 05F10800 		add	r0, r5, #8
 542 004e FFF7FEFF 		bl	memcpy
 543              	.LVL35:
 166:Middlewares/ST/STM32_WPAN/interface/patterns/ble_thread/tl/shci_tl.c **** 
 544              		.loc 1 166 3 is_stmt 1 view .LVU128
 545 0052 2046     		mov	r0, r4
 546 0054 FFF7FEFF 		bl	Cmd_SetStatus
 547              	.LVL36:
 168:Middlewares/ST/STM32_WPAN/interface/patterns/ble_thread/tl/shci_tl.c **** }
 548              		.loc 1 168 3 view .LVU129
 169:Middlewares/ST/STM32_WPAN/interface/patterns/ble_thread/tl/shci_tl.c **** 
 549              		.loc 1 169 1 is_stmt 0 view .LVU130
 550 0058 BDE8F081 		pop	{r4, r5, r6, r7, r8, pc}
 551              	.LVL37:
 552              	.L43:
 169:Middlewares/ST/STM32_WPAN/interface/patterns/ble_thread/tl/shci_tl.c **** 
 553              		.loc 1 169 1 view .LVU131
 554              		.align	2
 555              	.L42:
 556 005c 00000000 		.word	.LANCHOR3
 557 0060 00000000 		.word	.LANCHOR2
 558 0064 00000000 		.word	.LANCHOR1
 559              		.cfi_endproc
 560              	.LFE110:
 562              		.section	.text.shci_cmd_resp_release,"ax",%progbits
 563              		.align	1
 564              		.weak	shci_cmd_resp_release
 565              		.syntax unified
 566              		.thumb
 567              		.thumb_func
 569              	shci_cmd_resp_release:
 570              	.LVL38:
 571              	.LFB116:
 244:Middlewares/ST/STM32_WPAN/interface/patterns/ble_thread/tl/shci_tl.c **** 
 245:Middlewares/ST/STM32_WPAN/interface/patterns/ble_thread/tl/shci_tl.c **** __WEAK void shci_cmd_resp_release(uint32_t flag)
 246:Middlewares/ST/STM32_WPAN/interface/patterns/ble_thread/tl/shci_tl.c **** {
 572              		.loc 1 246 1 is_stmt 1 view -0
 573              		.cfi_startproc
 574              		@ args = 0, pretend = 0, frame = 0
 575              		@ frame_needed = 0, uses_anonymous_args = 0
ARM GAS  C:\Users\843E~1\AppData\Local\Temp\ccrr2DkK.s 			page 17


 576              		@ link register save eliminated.
 247:Middlewares/ST/STM32_WPAN/interface/patterns/ble_thread/tl/shci_tl.c ****   (void)flag;
 577              		.loc 1 247 3 view .LVU133
 248:Middlewares/ST/STM32_WPAN/interface/patterns/ble_thread/tl/shci_tl.c **** 
 249:Middlewares/ST/STM32_WPAN/interface/patterns/ble_thread/tl/shci_tl.c ****   CmdRspStatusFlag = SHCI_TL_CMD_RESP_RELEASE;
 578              		.loc 1 249 3 view .LVU134
 579              		.loc 1 249 20 is_stmt 0 view .LVU135
 580 0000 014B     		ldr	r3, .L45
 581 0002 0022     		movs	r2, #0
 582 0004 1A70     		strb	r2, [r3]
 250:Middlewares/ST/STM32_WPAN/interface/patterns/ble_thread/tl/shci_tl.c **** 
 251:Middlewares/ST/STM32_WPAN/interface/patterns/ble_thread/tl/shci_tl.c ****   return;
 583              		.loc 1 251 3 is_stmt 1 view .LVU136
 252:Middlewares/ST/STM32_WPAN/interface/patterns/ble_thread/tl/shci_tl.c **** }
 584              		.loc 1 252 1 is_stmt 0 view .LVU137
 585 0006 7047     		bx	lr
 586              	.L46:
 587              		.align	2
 588              	.L45:
 589 0008 00000000 		.word	.LANCHOR3
 590              		.cfi_endproc
 591              	.LFE116:
 593              		.section	.text.TlCmdEvtReceived,"ax",%progbits
 594              		.align	1
 595              		.syntax unified
 596              		.thumb
 597              		.thumb_func
 599              	TlCmdEvtReceived:
 600              	.LVL39:
 601              	.LFB113:
 220:Middlewares/ST/STM32_WPAN/interface/patterns/ble_thread/tl/shci_tl.c ****   (void)(shcievt);
 602              		.loc 1 220 1 is_stmt 1 view -0
 603              		.cfi_startproc
 604              		@ args = 0, pretend = 0, frame = 0
 605              		@ frame_needed = 0, uses_anonymous_args = 0
 220:Middlewares/ST/STM32_WPAN/interface/patterns/ble_thread/tl/shci_tl.c ****   (void)(shcievt);
 606              		.loc 1 220 1 is_stmt 0 view .LVU139
 607 0000 08B5     		push	{r3, lr}
 608              	.LCFI12:
 609              		.cfi_def_cfa_offset 8
 610              		.cfi_offset 3, -8
 611              		.cfi_offset 14, -4
 221:Middlewares/ST/STM32_WPAN/interface/patterns/ble_thread/tl/shci_tl.c ****   shci_cmd_resp_release(0); /**< Notify the application the Cmd response has been received */
 612              		.loc 1 221 3 is_stmt 1 view .LVU140
 222:Middlewares/ST/STM32_WPAN/interface/patterns/ble_thread/tl/shci_tl.c **** 
 613              		.loc 1 222 3 view .LVU141
 614 0002 0020     		movs	r0, #0
 615              	.LVL40:
 222:Middlewares/ST/STM32_WPAN/interface/patterns/ble_thread/tl/shci_tl.c **** 
 616              		.loc 1 222 3 is_stmt 0 view .LVU142
 617 0004 FFF7FEFF 		bl	shci_cmd_resp_release
 618              	.LVL41:
 224:Middlewares/ST/STM32_WPAN/interface/patterns/ble_thread/tl/shci_tl.c **** }
 619              		.loc 1 224 3 is_stmt 1 view .LVU143
 225:Middlewares/ST/STM32_WPAN/interface/patterns/ble_thread/tl/shci_tl.c **** 
 620              		.loc 1 225 1 is_stmt 0 view .LVU144
 621 0008 08BD     		pop	{r3, pc}
ARM GAS  C:\Users\843E~1\AppData\Local\Temp\ccrr2DkK.s 			page 18


 622              		.cfi_endproc
 623              	.LFE113:
 625              		.global	SHCI_TL_UserEventFlow
 626              		.section	.bss.CmdRspStatusFlag,"aw",%nobits
 627              		.set	.LANCHOR3,. + 0
 630              	CmdRspStatusFlag:
 631 0000 00       		.space	1
 632              		.section	.bss.StatusNotCallBackFunction,"aw",%nobits
 633              		.align	2
 634              		.set	.LANCHOR0,. + 0
 637              	StatusNotCallBackFunction:
 638 0000 00000000 		.space	4
 639              		.section	.bss.shciContext,"aw",%nobits
 640              		.align	2
 641              		.set	.LANCHOR2,. + 0
 644              	shciContext:
 645 0000 00000000 		.space	32
 645      00000000 
 645      00000000 
 645      00000000 
 645      00000000 
 646              		.section	SYSTEM_DRIVER_CONTEXT,"aw"
 647              		.align	2
 648              		.set	.LANCHOR1,. + 0
 651              	SHCICmdStatus:
 652 0000 00       		.space	1
 653 0001 000000   		.space	3
 656              	pCmdBuffer:
 657 0004 00000000 		.space	4
 660              	SHciAsynchEventQueue:
 661 0008 00000000 		.space	8
 661      00000000 
 664              	SHCI_TL_UserEventFlow:
 665 0010 00       		.space	1
 666              		.text
 667              	.Letext0:
 668              		.file 2 "g:\\arm\\10 2021.10\\arm-none-eabi\\include\\machine\\_default_types.h"
 669              		.file 3 "g:\\arm\\10 2021.10\\arm-none-eabi\\include\\sys\\_stdint.h"
 670              		.file 4 "Middlewares/ST/STM32_WPAN/utilities/stm_list.h"
 671              		.file 5 "Middlewares/ST/STM32_WPAN/interface/patterns/ble_thread/tl/tl.h"
 672              		.file 6 "Middlewares/ST/STM32_WPAN/interface/patterns/ble_thread/tl/shci_tl.h"
 673              		.file 7 "<built-in>"
ARM GAS  C:\Users\843E~1\AppData\Local\Temp\ccrr2DkK.s 			page 19


DEFINED SYMBOLS
                            *ABS*:00000000 shci_tl.c
C:\Users\843E~1\AppData\Local\Temp\ccrr2DkK.s:20     .text.Cmd_SetStatus:00000000 $t
C:\Users\843E~1\AppData\Local\Temp\ccrr2DkK.s:25     .text.Cmd_SetStatus:00000000 Cmd_SetStatus
C:\Users\843E~1\AppData\Local\Temp\ccrr2DkK.s:85     .text.Cmd_SetStatus:00000028 $d
C:\Users\843E~1\AppData\Local\Temp\ccrr2DkK.s:91     .text.TlInit:00000000 $t
C:\Users\843E~1\AppData\Local\Temp\ccrr2DkK.s:96     .text.TlInit:00000000 TlInit
C:\Users\843E~1\AppData\Local\Temp\ccrr2DkK.s:167    .text.TlInit:00000034 $d
C:\Users\843E~1\AppData\Local\Temp\ccrr2DkK.s:599    .text.TlCmdEvtReceived:00000000 TlCmdEvtReceived
C:\Users\843E~1\AppData\Local\Temp\ccrr2DkK.s:180    .text.TlUserEvtReceived:00000000 TlUserEvtReceived
C:\Users\843E~1\AppData\Local\Temp\ccrr2DkK.s:175    .text.TlUserEvtReceived:00000000 $t
C:\Users\843E~1\AppData\Local\Temp\ccrr2DkK.s:211    .text.TlUserEvtReceived:00000014 $d
C:\Users\843E~1\AppData\Local\Temp\ccrr2DkK.s:216    .text.shci_init:00000000 $t
C:\Users\843E~1\AppData\Local\Temp\ccrr2DkK.s:222    .text.shci_init:00000000 shci_init
C:\Users\843E~1\AppData\Local\Temp\ccrr2DkK.s:264    .text.shci_init:0000001c $d
C:\Users\843E~1\AppData\Local\Temp\ccrr2DkK.s:270    .text.shci_user_evt_proc:00000000 $t
C:\Users\843E~1\AppData\Local\Temp\ccrr2DkK.s:276    .text.shci_user_evt_proc:00000000 shci_user_evt_proc
C:\Users\843E~1\AppData\Local\Temp\ccrr2DkK.s:392    .text.shci_user_evt_proc:00000074 $d
C:\Users\843E~1\AppData\Local\Temp\ccrr2DkK.s:399    .text.shci_resume_flow:00000000 $t
C:\Users\843E~1\AppData\Local\Temp\ccrr2DkK.s:405    .text.shci_resume_flow:00000000 shci_resume_flow
C:\Users\843E~1\AppData\Local\Temp\ccrr2DkK.s:431    .text.shci_resume_flow:00000010 $d
C:\Users\843E~1\AppData\Local\Temp\ccrr2DkK.s:436    .text.shci_cmd_resp_wait:00000000 $t
C:\Users\843E~1\AppData\Local\Temp\ccrr2DkK.s:442    .text.shci_cmd_resp_wait:00000000 shci_cmd_resp_wait
C:\Users\843E~1\AppData\Local\Temp\ccrr2DkK.s:464    .text.shci_cmd_resp_wait:0000000c $d
C:\Users\843E~1\AppData\Local\Temp\ccrr2DkK.s:469    .text.shci_send:00000000 $t
C:\Users\843E~1\AppData\Local\Temp\ccrr2DkK.s:475    .text.shci_send:00000000 shci_send
C:\Users\843E~1\AppData\Local\Temp\ccrr2DkK.s:556    .text.shci_send:0000005c $d
C:\Users\843E~1\AppData\Local\Temp\ccrr2DkK.s:563    .text.shci_cmd_resp_release:00000000 $t
C:\Users\843E~1\AppData\Local\Temp\ccrr2DkK.s:569    .text.shci_cmd_resp_release:00000000 shci_cmd_resp_release
C:\Users\843E~1\AppData\Local\Temp\ccrr2DkK.s:589    .text.shci_cmd_resp_release:00000008 $d
C:\Users\843E~1\AppData\Local\Temp\ccrr2DkK.s:594    .text.TlCmdEvtReceived:00000000 $t
C:\Users\843E~1\AppData\Local\Temp\ccrr2DkK.s:664    SYSTEM_DRIVER_CONTEXT:00000010 SHCI_TL_UserEventFlow
C:\Users\843E~1\AppData\Local\Temp\ccrr2DkK.s:630    .bss.CmdRspStatusFlag:00000000 CmdRspStatusFlag
C:\Users\843E~1\AppData\Local\Temp\ccrr2DkK.s:631    .bss.CmdRspStatusFlag:00000000 $d
C:\Users\843E~1\AppData\Local\Temp\ccrr2DkK.s:633    .bss.StatusNotCallBackFunction:00000000 $d
C:\Users\843E~1\AppData\Local\Temp\ccrr2DkK.s:637    .bss.StatusNotCallBackFunction:00000000 StatusNotCallBackFunction
C:\Users\843E~1\AppData\Local\Temp\ccrr2DkK.s:640    .bss.shciContext:00000000 $d
C:\Users\843E~1\AppData\Local\Temp\ccrr2DkK.s:644    .bss.shciContext:00000000 shciContext
C:\Users\843E~1\AppData\Local\Temp\ccrr2DkK.s:647    SYSTEM_DRIVER_CONTEXT:00000000 $d
C:\Users\843E~1\AppData\Local\Temp\ccrr2DkK.s:651    SYSTEM_DRIVER_CONTEXT:00000000 SHCICmdStatus
C:\Users\843E~1\AppData\Local\Temp\ccrr2DkK.s:656    SYSTEM_DRIVER_CONTEXT:00000004 pCmdBuffer
C:\Users\843E~1\AppData\Local\Temp\ccrr2DkK.s:660    SYSTEM_DRIVER_CONTEXT:00000008 SHciAsynchEventQueue

UNDEFINED SYMBOLS
LST_init_head
LST_insert_tail
shci_notify_asynch_evt
shci_register_io_bus
LST_is_empty
LST_remove_head
TL_MM_EvtDone
LST_insert_head
memcpy
