ARM GAS  C:\Users\843E~1\AppData\Local\Temp\cckzjKJz.s 			page 1


   1              		.cpu cortex-m4
   2              		.arch armv7e-m
   3              		.fpu fpv4-sp-d16
   4              		.eabi_attribute 27, 1
   5              		.eabi_attribute 28, 1
   6              		.eabi_attribute 20, 1
   7              		.eabi_attribute 21, 1
   8              		.eabi_attribute 23, 3
   9              		.eabi_attribute 24, 1
  10              		.eabi_attribute 25, 1
  11              		.eabi_attribute 26, 1
  12              		.eabi_attribute 30, 1
  13              		.eabi_attribute 34, 1
  14              		.eabi_attribute 18, 4
  15              		.file	"stm32wbxx_hal_dma_ex.c"
  16              		.text
  17              	.Ltext0:
  18              		.cfi_sections	.debug_frame
  19              		.section	.text.HAL_DMAEx_ConfigMuxSync,"ax",%progbits
  20              		.align	1
  21              		.global	HAL_DMAEx_ConfigMuxSync
  22              		.syntax unified
  23              		.thumb
  24              		.thumb_func
  26              	HAL_DMAEx_ConfigMuxSync:
  27              	.LVL0:
  28              	.LFB950:
  29              		.file 1 "Drivers/STM32WBxx_HAL_Driver/Src/stm32wbxx_hal_dma_ex.c"
   1:Drivers/STM32WBxx_HAL_Driver/Src/stm32wbxx_hal_dma_ex.c **** /**
   2:Drivers/STM32WBxx_HAL_Driver/Src/stm32wbxx_hal_dma_ex.c ****   ******************************************************************************
   3:Drivers/STM32WBxx_HAL_Driver/Src/stm32wbxx_hal_dma_ex.c ****   * @file    stm32wbxx_hal_dma_ex.c
   4:Drivers/STM32WBxx_HAL_Driver/Src/stm32wbxx_hal_dma_ex.c ****   * @author  MCD Application Team
   5:Drivers/STM32WBxx_HAL_Driver/Src/stm32wbxx_hal_dma_ex.c ****   * @brief   DMA Extension HAL module driver
   6:Drivers/STM32WBxx_HAL_Driver/Src/stm32wbxx_hal_dma_ex.c ****   *         This file provides firmware functions to manage the following
   7:Drivers/STM32WBxx_HAL_Driver/Src/stm32wbxx_hal_dma_ex.c ****   *         functionalities of the DMA Extension peripheral:
   8:Drivers/STM32WBxx_HAL_Driver/Src/stm32wbxx_hal_dma_ex.c ****   *           + Extended features functions
   9:Drivers/STM32WBxx_HAL_Driver/Src/stm32wbxx_hal_dma_ex.c ****   *
  10:Drivers/STM32WBxx_HAL_Driver/Src/stm32wbxx_hal_dma_ex.c ****   ******************************************************************************
  11:Drivers/STM32WBxx_HAL_Driver/Src/stm32wbxx_hal_dma_ex.c ****   * @attention
  12:Drivers/STM32WBxx_HAL_Driver/Src/stm32wbxx_hal_dma_ex.c ****   *
  13:Drivers/STM32WBxx_HAL_Driver/Src/stm32wbxx_hal_dma_ex.c ****   * Copyright (c) 2019 STMicroelectronics.
  14:Drivers/STM32WBxx_HAL_Driver/Src/stm32wbxx_hal_dma_ex.c ****   * All rights reserved.
  15:Drivers/STM32WBxx_HAL_Driver/Src/stm32wbxx_hal_dma_ex.c ****   *
  16:Drivers/STM32WBxx_HAL_Driver/Src/stm32wbxx_hal_dma_ex.c ****   * This software is licensed under terms that can be found in the LICENSE file
  17:Drivers/STM32WBxx_HAL_Driver/Src/stm32wbxx_hal_dma_ex.c ****   * in the root directory of this software component.
  18:Drivers/STM32WBxx_HAL_Driver/Src/stm32wbxx_hal_dma_ex.c ****   * If no LICENSE file comes with this software, it is provided AS-IS.
  19:Drivers/STM32WBxx_HAL_Driver/Src/stm32wbxx_hal_dma_ex.c ****   *
  20:Drivers/STM32WBxx_HAL_Driver/Src/stm32wbxx_hal_dma_ex.c ****   ******************************************************************************
  21:Drivers/STM32WBxx_HAL_Driver/Src/stm32wbxx_hal_dma_ex.c ****   @verbatim
  22:Drivers/STM32WBxx_HAL_Driver/Src/stm32wbxx_hal_dma_ex.c ****   ==============================================================================
  23:Drivers/STM32WBxx_HAL_Driver/Src/stm32wbxx_hal_dma_ex.c ****                         ##### How to use this driver #####
  24:Drivers/STM32WBxx_HAL_Driver/Src/stm32wbxx_hal_dma_ex.c ****   ==============================================================================
  25:Drivers/STM32WBxx_HAL_Driver/Src/stm32wbxx_hal_dma_ex.c ****   [..]
  26:Drivers/STM32WBxx_HAL_Driver/Src/stm32wbxx_hal_dma_ex.c ****   The DMA Extension HAL driver can be used as follows:
  27:Drivers/STM32WBxx_HAL_Driver/Src/stm32wbxx_hal_dma_ex.c **** 
  28:Drivers/STM32WBxx_HAL_Driver/Src/stm32wbxx_hal_dma_ex.c ****    (+) Configure the DMA_MUX Synchronization Block using HAL_DMAEx_ConfigMuxSync function.
  29:Drivers/STM32WBxx_HAL_Driver/Src/stm32wbxx_hal_dma_ex.c ****    (+) Configure the DMA_MUX Request Generator Block using HAL_DMAEx_ConfigMuxRequestGenerator func
ARM GAS  C:\Users\843E~1\AppData\Local\Temp\cckzjKJz.s 			page 2


  30:Drivers/STM32WBxx_HAL_Driver/Src/stm32wbxx_hal_dma_ex.c ****        Functions HAL_DMAEx_EnableMuxRequestGenerator and HAL_DMAEx_DisableMuxRequestGenerator can t
  31:Drivers/STM32WBxx_HAL_Driver/Src/stm32wbxx_hal_dma_ex.c ****        to respectively enable/disable the request generator.
  32:Drivers/STM32WBxx_HAL_Driver/Src/stm32wbxx_hal_dma_ex.c **** 
  33:Drivers/STM32WBxx_HAL_Driver/Src/stm32wbxx_hal_dma_ex.c ****    (+) To handle the DMAMUX Interrupts, the function  HAL_DMAEx_MUX_IRQHandler should be called fro
  34:Drivers/STM32WBxx_HAL_Driver/Src/stm32wbxx_hal_dma_ex.c ****        the DMAMUX IRQ handler i.e DMAMUX1_OVR_IRQHandler.
  35:Drivers/STM32WBxx_HAL_Driver/Src/stm32wbxx_hal_dma_ex.c ****        As only one interrupt line is available for all DMAMUX channels and request generators , HAL
  36:Drivers/STM32WBxx_HAL_Driver/Src/stm32wbxx_hal_dma_ex.c ****        called with, as parameter, the appropriate DMA handle as many as used DMAs in the user proje
  37:Drivers/STM32WBxx_HAL_Driver/Src/stm32wbxx_hal_dma_ex.c ****       (exception done if a given DMA is not using the DMAMUX SYNC block neither a request generator
  38:Drivers/STM32WBxx_HAL_Driver/Src/stm32wbxx_hal_dma_ex.c **** 
  39:Drivers/STM32WBxx_HAL_Driver/Src/stm32wbxx_hal_dma_ex.c ****   @endverbatim
  40:Drivers/STM32WBxx_HAL_Driver/Src/stm32wbxx_hal_dma_ex.c ****   ******************************************************************************
  41:Drivers/STM32WBxx_HAL_Driver/Src/stm32wbxx_hal_dma_ex.c ****   */
  42:Drivers/STM32WBxx_HAL_Driver/Src/stm32wbxx_hal_dma_ex.c **** 
  43:Drivers/STM32WBxx_HAL_Driver/Src/stm32wbxx_hal_dma_ex.c **** /* Includes ------------------------------------------------------------------*/
  44:Drivers/STM32WBxx_HAL_Driver/Src/stm32wbxx_hal_dma_ex.c **** #include "stm32wbxx_hal.h"
  45:Drivers/STM32WBxx_HAL_Driver/Src/stm32wbxx_hal_dma_ex.c **** 
  46:Drivers/STM32WBxx_HAL_Driver/Src/stm32wbxx_hal_dma_ex.c **** /** @addtogroup STM32WBxx_HAL_Driver
  47:Drivers/STM32WBxx_HAL_Driver/Src/stm32wbxx_hal_dma_ex.c ****   * @{
  48:Drivers/STM32WBxx_HAL_Driver/Src/stm32wbxx_hal_dma_ex.c ****   */
  49:Drivers/STM32WBxx_HAL_Driver/Src/stm32wbxx_hal_dma_ex.c **** 
  50:Drivers/STM32WBxx_HAL_Driver/Src/stm32wbxx_hal_dma_ex.c **** /** @defgroup DMAEx DMAEx
  51:Drivers/STM32WBxx_HAL_Driver/Src/stm32wbxx_hal_dma_ex.c ****   * @brief DMA Extended HAL module driver
  52:Drivers/STM32WBxx_HAL_Driver/Src/stm32wbxx_hal_dma_ex.c ****   * @{
  53:Drivers/STM32WBxx_HAL_Driver/Src/stm32wbxx_hal_dma_ex.c ****   */
  54:Drivers/STM32WBxx_HAL_Driver/Src/stm32wbxx_hal_dma_ex.c **** 
  55:Drivers/STM32WBxx_HAL_Driver/Src/stm32wbxx_hal_dma_ex.c **** #ifdef HAL_DMA_MODULE_ENABLED
  56:Drivers/STM32WBxx_HAL_Driver/Src/stm32wbxx_hal_dma_ex.c **** 
  57:Drivers/STM32WBxx_HAL_Driver/Src/stm32wbxx_hal_dma_ex.c **** /* Private typedef -----------------------------------------------------------*/
  58:Drivers/STM32WBxx_HAL_Driver/Src/stm32wbxx_hal_dma_ex.c **** /* Private define ------------------------------------------------------------*/
  59:Drivers/STM32WBxx_HAL_Driver/Src/stm32wbxx_hal_dma_ex.c **** /* Private macro -------------------------------------------------------------*/
  60:Drivers/STM32WBxx_HAL_Driver/Src/stm32wbxx_hal_dma_ex.c **** /* Private variables ---------------------------------------------------------*/
  61:Drivers/STM32WBxx_HAL_Driver/Src/stm32wbxx_hal_dma_ex.c **** /* Private Constants ---------------------------------------------------------*/
  62:Drivers/STM32WBxx_HAL_Driver/Src/stm32wbxx_hal_dma_ex.c **** /* Private function prototypes -----------------------------------------------*/
  63:Drivers/STM32WBxx_HAL_Driver/Src/stm32wbxx_hal_dma_ex.c **** /* Private functions ---------------------------------------------------------*/
  64:Drivers/STM32WBxx_HAL_Driver/Src/stm32wbxx_hal_dma_ex.c **** 
  65:Drivers/STM32WBxx_HAL_Driver/Src/stm32wbxx_hal_dma_ex.c **** 
  66:Drivers/STM32WBxx_HAL_Driver/Src/stm32wbxx_hal_dma_ex.c **** /** @defgroup DMAEx_Exported_Functions DMAEx Exported Functions
  67:Drivers/STM32WBxx_HAL_Driver/Src/stm32wbxx_hal_dma_ex.c ****   * @{
  68:Drivers/STM32WBxx_HAL_Driver/Src/stm32wbxx_hal_dma_ex.c ****   */
  69:Drivers/STM32WBxx_HAL_Driver/Src/stm32wbxx_hal_dma_ex.c **** 
  70:Drivers/STM32WBxx_HAL_Driver/Src/stm32wbxx_hal_dma_ex.c **** /** @defgroup DMAEx_Exported_Functions_Group1 DMAEx Extended features functions
  71:Drivers/STM32WBxx_HAL_Driver/Src/stm32wbxx_hal_dma_ex.c ****   *  @brief   Extended features functions
  72:Drivers/STM32WBxx_HAL_Driver/Src/stm32wbxx_hal_dma_ex.c ****   *
  73:Drivers/STM32WBxx_HAL_Driver/Src/stm32wbxx_hal_dma_ex.c **** @verbatim
  74:Drivers/STM32WBxx_HAL_Driver/Src/stm32wbxx_hal_dma_ex.c ****  ===============================================================================
  75:Drivers/STM32WBxx_HAL_Driver/Src/stm32wbxx_hal_dma_ex.c ****                 #####  Extended features functions  #####
  76:Drivers/STM32WBxx_HAL_Driver/Src/stm32wbxx_hal_dma_ex.c ****  ===============================================================================
  77:Drivers/STM32WBxx_HAL_Driver/Src/stm32wbxx_hal_dma_ex.c ****     [..]  This section provides functions allowing to:
  78:Drivers/STM32WBxx_HAL_Driver/Src/stm32wbxx_hal_dma_ex.c **** 
  79:Drivers/STM32WBxx_HAL_Driver/Src/stm32wbxx_hal_dma_ex.c ****     (+) Configure the DMAMUX Synchronization Block using HAL_DMAEx_ConfigMuxSync function.
  80:Drivers/STM32WBxx_HAL_Driver/Src/stm32wbxx_hal_dma_ex.c ****     (+) Configure the DMAMUX Request Generator Block using HAL_DMAEx_ConfigMuxRequestGenerator func
  81:Drivers/STM32WBxx_HAL_Driver/Src/stm32wbxx_hal_dma_ex.c ****        Functions HAL_DMAEx_EnableMuxRequestGenerator and HAL_DMAEx_DisableMuxRequestGenerator can t
  82:Drivers/STM32WBxx_HAL_Driver/Src/stm32wbxx_hal_dma_ex.c ****        to respectively enable/disable the request generator.
  83:Drivers/STM32WBxx_HAL_Driver/Src/stm32wbxx_hal_dma_ex.c **** 
  84:Drivers/STM32WBxx_HAL_Driver/Src/stm32wbxx_hal_dma_ex.c **** @endverbatim
  85:Drivers/STM32WBxx_HAL_Driver/Src/stm32wbxx_hal_dma_ex.c ****   * @{
  86:Drivers/STM32WBxx_HAL_Driver/Src/stm32wbxx_hal_dma_ex.c ****   */
ARM GAS  C:\Users\843E~1\AppData\Local\Temp\cckzjKJz.s 			page 3


  87:Drivers/STM32WBxx_HAL_Driver/Src/stm32wbxx_hal_dma_ex.c **** 
  88:Drivers/STM32WBxx_HAL_Driver/Src/stm32wbxx_hal_dma_ex.c **** /**
  89:Drivers/STM32WBxx_HAL_Driver/Src/stm32wbxx_hal_dma_ex.c ****   * @brief  Configure the DMAMUX synchronization parameters for a given DMA channel (instance).
  90:Drivers/STM32WBxx_HAL_Driver/Src/stm32wbxx_hal_dma_ex.c ****   * @param  hdma Pointer to a DMA_HandleTypeDef structure that contains
  91:Drivers/STM32WBxx_HAL_Driver/Src/stm32wbxx_hal_dma_ex.c ****   *                     the configuration information for the specified DMA channel.
  92:Drivers/STM32WBxx_HAL_Driver/Src/stm32wbxx_hal_dma_ex.c ****   * @param  pSyncConfig Pointer to HAL_DMA_MuxSyncConfigTypeDef : contains the DMAMUX synchronizati
  93:Drivers/STM32WBxx_HAL_Driver/Src/stm32wbxx_hal_dma_ex.c ****   * @retval HAL status
  94:Drivers/STM32WBxx_HAL_Driver/Src/stm32wbxx_hal_dma_ex.c ****   */
  95:Drivers/STM32WBxx_HAL_Driver/Src/stm32wbxx_hal_dma_ex.c **** HAL_StatusTypeDef HAL_DMAEx_ConfigMuxSync(DMA_HandleTypeDef *hdma, HAL_DMA_MuxSyncConfigTypeDef *pS
  96:Drivers/STM32WBxx_HAL_Driver/Src/stm32wbxx_hal_dma_ex.c **** {
  30              		.loc 1 96 1 view -0
  31              		.cfi_startproc
  32              		@ args = 0, pretend = 0, frame = 0
  33              		@ frame_needed = 0, uses_anonymous_args = 0
  34              		@ link register save eliminated.
  97:Drivers/STM32WBxx_HAL_Driver/Src/stm32wbxx_hal_dma_ex.c ****   /* Check the parameters */
  98:Drivers/STM32WBxx_HAL_Driver/Src/stm32wbxx_hal_dma_ex.c ****   assert_param(IS_DMA_ALL_INSTANCE(hdma->Instance));
  35              		.loc 1 98 3 view .LVU1
  99:Drivers/STM32WBxx_HAL_Driver/Src/stm32wbxx_hal_dma_ex.c **** 
 100:Drivers/STM32WBxx_HAL_Driver/Src/stm32wbxx_hal_dma_ex.c ****   assert_param(IS_DMAMUX_SYNC_SIGNAL_ID(pSyncConfig->SyncSignalID));
  36              		.loc 1 100 3 view .LVU2
 101:Drivers/STM32WBxx_HAL_Driver/Src/stm32wbxx_hal_dma_ex.c ****   assert_param(IS_DMAMUX_SYNC_POLARITY(pSyncConfig-> SyncPolarity));
  37              		.loc 1 101 3 view .LVU3
 102:Drivers/STM32WBxx_HAL_Driver/Src/stm32wbxx_hal_dma_ex.c ****   assert_param(IS_DMAMUX_SYNC_STATE(pSyncConfig->SyncEnable));
  38              		.loc 1 102 3 view .LVU4
 103:Drivers/STM32WBxx_HAL_Driver/Src/stm32wbxx_hal_dma_ex.c ****   assert_param(IS_DMAMUX_SYNC_EVENT(pSyncConfig->EventEnable));
  39              		.loc 1 103 3 view .LVU5
 104:Drivers/STM32WBxx_HAL_Driver/Src/stm32wbxx_hal_dma_ex.c ****   assert_param(IS_DMAMUX_SYNC_REQUEST_NUMBER(pSyncConfig->RequestNumber));
  40              		.loc 1 104 3 view .LVU6
 105:Drivers/STM32WBxx_HAL_Driver/Src/stm32wbxx_hal_dma_ex.c **** 
 106:Drivers/STM32WBxx_HAL_Driver/Src/stm32wbxx_hal_dma_ex.c ****   /*Check if the DMA state is ready */
 107:Drivers/STM32WBxx_HAL_Driver/Src/stm32wbxx_hal_dma_ex.c ****   if (hdma->State == HAL_DMA_STATE_READY)
  41              		.loc 1 107 3 view .LVU7
  42              		.loc 1 107 11 is_stmt 0 view .LVU8
  43 0000 90F82530 		ldrb	r3, [r0, #37]	@ zero_extendqisi2
  44 0004 DBB2     		uxtb	r3, r3
  45              		.loc 1 107 6 view .LVU9
  46 0006 012B     		cmp	r3, #1
  47 0008 22D1     		bne	.L3
 108:Drivers/STM32WBxx_HAL_Driver/Src/stm32wbxx_hal_dma_ex.c ****   {
 109:Drivers/STM32WBxx_HAL_Driver/Src/stm32wbxx_hal_dma_ex.c ****     /* Process Locked */
 110:Drivers/STM32WBxx_HAL_Driver/Src/stm32wbxx_hal_dma_ex.c ****     __HAL_LOCK(hdma);
  48              		.loc 1 110 5 is_stmt 1 view .LVU10
  49              		.loc 1 110 5 view .LVU11
  50 000a 90F82430 		ldrb	r3, [r0, #36]	@ zero_extendqisi2
  51 000e 012B     		cmp	r3, #1
  52 0010 20D0     		beq	.L4
  96:Drivers/STM32WBxx_HAL_Driver/Src/stm32wbxx_hal_dma_ex.c ****   /* Check the parameters */
  53              		.loc 1 96 1 is_stmt 0 discriminator 2 view .LVU12
  54 0012 30B4     		push	{r4, r5}
  55              	.LCFI0:
  56              		.cfi_def_cfa_offset 8
  57              		.cfi_offset 4, -8
  58              		.cfi_offset 5, -4
  59              		.loc 1 110 5 is_stmt 1 discriminator 2 view .LVU13
  60 0014 0123     		movs	r3, #1
  61 0016 80F82430 		strb	r3, [r0, #36]
ARM GAS  C:\Users\843E~1\AppData\Local\Temp\cckzjKJz.s 			page 4


  62              		.loc 1 110 5 discriminator 2 view .LVU14
 111:Drivers/STM32WBxx_HAL_Driver/Src/stm32wbxx_hal_dma_ex.c **** 
 112:Drivers/STM32WBxx_HAL_Driver/Src/stm32wbxx_hal_dma_ex.c ****     /* Set the new synchronization parameters (and keep the request ID filled during the Init)*/
 113:Drivers/STM32WBxx_HAL_Driver/Src/stm32wbxx_hal_dma_ex.c ****     MODIFY_REG(hdma->DMAmuxChannel->CCR, \
  63              		.loc 1 113 5 discriminator 2 view .LVU15
  64 001a 846C     		ldr	r4, [r0, #72]
  65 001c 2368     		ldr	r3, [r4]
  66 001e 0E4A     		ldr	r2, .L9
  67 0020 1A40     		ands	r2, r2, r3
  68 0022 0B68     		ldr	r3, [r1]
  69 0024 CD68     		ldr	r5, [r1, #12]
  70 0026 05F1FF3C 		add	ip, r5, #-1
  71 002a 43EACC43 		orr	r3, r3, ip, lsl #19
  72 002e 4D68     		ldr	r5, [r1, #4]
  73 0030 2B43     		orrs	r3, r3, r5
  74 0032 91F808C0 		ldrb	ip, [r1, #8]	@ zero_extendqisi2
  75 0036 43EA0C43 		orr	r3, r3, ip, lsl #16
  76 003a 497A     		ldrb	r1, [r1, #9]	@ zero_extendqisi2
  77              	.LVL1:
  78              		.loc 1 113 5 is_stmt 0 discriminator 2 view .LVU16
  79 003c 43EA4123 		orr	r3, r3, r1, lsl #9
  80 0040 1343     		orrs	r3, r3, r2
  81 0042 2360     		str	r3, [r4]
 114:Drivers/STM32WBxx_HAL_Driver/Src/stm32wbxx_hal_dma_ex.c ****                (DMAMUX_CxCR_SYNC_ID | DMAMUX_CxCR_NBREQ | DMAMUX_CxCR_SPOL | DMAMUX_CxCR_SE | DMAMU
 115:Drivers/STM32WBxx_HAL_Driver/Src/stm32wbxx_hal_dma_ex.c ****                (pSyncConfig->SyncSignalID                                       | \
 116:Drivers/STM32WBxx_HAL_Driver/Src/stm32wbxx_hal_dma_ex.c ****                 ((pSyncConfig->RequestNumber - 1U) << DMAMUX_CxCR_NBREQ_Pos)    | \
 117:Drivers/STM32WBxx_HAL_Driver/Src/stm32wbxx_hal_dma_ex.c ****                 pSyncConfig->SyncPolarity                                       | \
 118:Drivers/STM32WBxx_HAL_Driver/Src/stm32wbxx_hal_dma_ex.c ****                 ((uint32_t)pSyncConfig->SyncEnable << DMAMUX_CxCR_SE_Pos)                 | \
 119:Drivers/STM32WBxx_HAL_Driver/Src/stm32wbxx_hal_dma_ex.c ****                 ((uint32_t)pSyncConfig->EventEnable << DMAMUX_CxCR_EGE_Pos)));
 120:Drivers/STM32WBxx_HAL_Driver/Src/stm32wbxx_hal_dma_ex.c **** 
 121:Drivers/STM32WBxx_HAL_Driver/Src/stm32wbxx_hal_dma_ex.c ****     /* Process UnLocked */
 122:Drivers/STM32WBxx_HAL_Driver/Src/stm32wbxx_hal_dma_ex.c ****     __HAL_UNLOCK(hdma);
  82              		.loc 1 122 5 is_stmt 1 discriminator 2 view .LVU17
  83              		.loc 1 122 5 discriminator 2 view .LVU18
  84 0044 0023     		movs	r3, #0
  85 0046 80F82430 		strb	r3, [r0, #36]
  86              		.loc 1 122 5 discriminator 2 view .LVU19
 123:Drivers/STM32WBxx_HAL_Driver/Src/stm32wbxx_hal_dma_ex.c **** 
 124:Drivers/STM32WBxx_HAL_Driver/Src/stm32wbxx_hal_dma_ex.c ****     return HAL_OK;
  87              		.loc 1 124 5 discriminator 2 view .LVU20
  88              		.loc 1 124 12 is_stmt 0 discriminator 2 view .LVU21
  89 004a 1846     		mov	r0, r3
  90              	.LVL2:
 125:Drivers/STM32WBxx_HAL_Driver/Src/stm32wbxx_hal_dma_ex.c ****   }
 126:Drivers/STM32WBxx_HAL_Driver/Src/stm32wbxx_hal_dma_ex.c ****   else
 127:Drivers/STM32WBxx_HAL_Driver/Src/stm32wbxx_hal_dma_ex.c ****   {
 128:Drivers/STM32WBxx_HAL_Driver/Src/stm32wbxx_hal_dma_ex.c ****     /*DMA State not Ready*/
 129:Drivers/STM32WBxx_HAL_Driver/Src/stm32wbxx_hal_dma_ex.c ****     return HAL_ERROR;
 130:Drivers/STM32WBxx_HAL_Driver/Src/stm32wbxx_hal_dma_ex.c ****   }
 131:Drivers/STM32WBxx_HAL_Driver/Src/stm32wbxx_hal_dma_ex.c **** }
  91              		.loc 1 131 1 discriminator 2 view .LVU22
  92 004c 30BC     		pop	{r4, r5}
  93              	.LCFI1:
  94              		.cfi_restore 5
  95              		.cfi_restore 4
  96              		.cfi_def_cfa_offset 0
  97 004e 7047     		bx	lr
ARM GAS  C:\Users\843E~1\AppData\Local\Temp\cckzjKJz.s 			page 5


  98              	.LVL3:
  99              	.L3:
 129:Drivers/STM32WBxx_HAL_Driver/Src/stm32wbxx_hal_dma_ex.c ****   }
 100              		.loc 1 129 12 view .LVU23
 101 0050 0120     		movs	r0, #1
 102              	.LVL4:
 129:Drivers/STM32WBxx_HAL_Driver/Src/stm32wbxx_hal_dma_ex.c ****   }
 103              		.loc 1 129 12 view .LVU24
 104 0052 7047     		bx	lr
 105              	.LVL5:
 106              	.L4:
 110:Drivers/STM32WBxx_HAL_Driver/Src/stm32wbxx_hal_dma_ex.c **** 
 107              		.loc 1 110 5 view .LVU25
 108 0054 0220     		movs	r0, #2
 109              	.LVL6:
 110              		.loc 1 131 1 view .LVU26
 111 0056 7047     		bx	lr
 112              	.L10:
 113              		.align	2
 114              	.L9:
 115 0058 FFFD00E0 		.word	-536805889
 116              		.cfi_endproc
 117              	.LFE950:
 119              		.section	.text.HAL_DMAEx_ConfigMuxRequestGenerator,"ax",%progbits
 120              		.align	1
 121              		.global	HAL_DMAEx_ConfigMuxRequestGenerator
 122              		.syntax unified
 123              		.thumb
 124              		.thumb_func
 126              	HAL_DMAEx_ConfigMuxRequestGenerator:
 127              	.LVL7:
 128              	.LFB951:
 132:Drivers/STM32WBxx_HAL_Driver/Src/stm32wbxx_hal_dma_ex.c **** 
 133:Drivers/STM32WBxx_HAL_Driver/Src/stm32wbxx_hal_dma_ex.c **** /**
 134:Drivers/STM32WBxx_HAL_Driver/Src/stm32wbxx_hal_dma_ex.c ****   * @brief  Configure the DMAMUX request generator block used by the given DMA channel (instance).
 135:Drivers/STM32WBxx_HAL_Driver/Src/stm32wbxx_hal_dma_ex.c ****   * @param  hdma Pointer to a DMA_HandleTypeDef structure that contains
 136:Drivers/STM32WBxx_HAL_Driver/Src/stm32wbxx_hal_dma_ex.c ****   *                     the configuration information for the specified DMA channel.
 137:Drivers/STM32WBxx_HAL_Driver/Src/stm32wbxx_hal_dma_ex.c ****   * @param  pRequestGeneratorConfig Pointer to HAL_DMA_MuxRequestGeneratorConfigTypeDef :
 138:Drivers/STM32WBxx_HAL_Driver/Src/stm32wbxx_hal_dma_ex.c ****   *         contains the request generator parameters.
 139:Drivers/STM32WBxx_HAL_Driver/Src/stm32wbxx_hal_dma_ex.c ****   *
 140:Drivers/STM32WBxx_HAL_Driver/Src/stm32wbxx_hal_dma_ex.c ****   * @retval HAL status
 141:Drivers/STM32WBxx_HAL_Driver/Src/stm32wbxx_hal_dma_ex.c ****   */
 142:Drivers/STM32WBxx_HAL_Driver/Src/stm32wbxx_hal_dma_ex.c **** HAL_StatusTypeDef HAL_DMAEx_ConfigMuxRequestGenerator(DMA_HandleTypeDef *hdma,
 143:Drivers/STM32WBxx_HAL_Driver/Src/stm32wbxx_hal_dma_ex.c ****                                                       HAL_DMA_MuxRequestGeneratorConfigTypeDef *pRe
 144:Drivers/STM32WBxx_HAL_Driver/Src/stm32wbxx_hal_dma_ex.c **** {
 129              		.loc 1 144 1 is_stmt 1 view -0
 130              		.cfi_startproc
 131              		@ args = 0, pretend = 0, frame = 0
 132              		@ frame_needed = 0, uses_anonymous_args = 0
 133              		@ link register save eliminated.
 134              		.loc 1 144 1 is_stmt 0 view .LVU28
 135 0000 0246     		mov	r2, r0
 145:Drivers/STM32WBxx_HAL_Driver/Src/stm32wbxx_hal_dma_ex.c ****   /* Check the parameters */
 146:Drivers/STM32WBxx_HAL_Driver/Src/stm32wbxx_hal_dma_ex.c ****   assert_param(IS_DMA_ALL_INSTANCE(hdma->Instance));
 136              		.loc 1 146 3 is_stmt 1 view .LVU29
 147:Drivers/STM32WBxx_HAL_Driver/Src/stm32wbxx_hal_dma_ex.c **** 
 148:Drivers/STM32WBxx_HAL_Driver/Src/stm32wbxx_hal_dma_ex.c ****   assert_param(IS_DMAMUX_REQUEST_GEN_SIGNAL_ID(pRequestGeneratorConfig->SignalID));
ARM GAS  C:\Users\843E~1\AppData\Local\Temp\cckzjKJz.s 			page 6


 137              		.loc 1 148 3 view .LVU30
 149:Drivers/STM32WBxx_HAL_Driver/Src/stm32wbxx_hal_dma_ex.c ****   assert_param(IS_DMAMUX_REQUEST_GEN_POLARITY(pRequestGeneratorConfig->Polarity));
 138              		.loc 1 149 3 view .LVU31
 150:Drivers/STM32WBxx_HAL_Driver/Src/stm32wbxx_hal_dma_ex.c ****   assert_param(IS_DMAMUX_REQUEST_GEN_REQUEST_NUMBER(pRequestGeneratorConfig->RequestNumber));
 139              		.loc 1 150 3 view .LVU32
 151:Drivers/STM32WBxx_HAL_Driver/Src/stm32wbxx_hal_dma_ex.c **** 
 152:Drivers/STM32WBxx_HAL_Driver/Src/stm32wbxx_hal_dma_ex.c ****   /* check if the DMA state is ready
 153:Drivers/STM32WBxx_HAL_Driver/Src/stm32wbxx_hal_dma_ex.c ****      and DMA is using a DMAMUX request generator block
 154:Drivers/STM32WBxx_HAL_Driver/Src/stm32wbxx_hal_dma_ex.c ****   */
 155:Drivers/STM32WBxx_HAL_Driver/Src/stm32wbxx_hal_dma_ex.c ****   if ((hdma->State == HAL_DMA_STATE_READY) && (hdma->DMAmuxRequestGen != 0U))
 140              		.loc 1 155 3 view .LVU33
 141              		.loc 1 155 12 is_stmt 0 view .LVU34
 142 0002 90F82530 		ldrb	r3, [r0, #37]	@ zero_extendqisi2
 143 0006 D8B2     		uxtb	r0, r3
 144              	.LVL8:
 145              		.loc 1 155 6 view .LVU35
 146 0008 0128     		cmp	r0, #1
 147 000a 17D1     		bne	.L13
 144:Drivers/STM32WBxx_HAL_Driver/Src/stm32wbxx_hal_dma_ex.c ****   /* Check the parameters */
 148              		.loc 1 144 1 discriminator 1 view .LVU36
 149 000c 10B4     		push	{r4}
 150              	.LCFI2:
 151              		.cfi_def_cfa_offset 4
 152              		.cfi_offset 4, -4
 153              		.loc 1 155 52 discriminator 1 view .LVU37
 154 000e 546D     		ldr	r4, [r2, #84]
 155              		.loc 1 155 44 discriminator 1 view .LVU38
 156 0010 8CB1     		cbz	r4, .L12
 156:Drivers/STM32WBxx_HAL_Driver/Src/stm32wbxx_hal_dma_ex.c ****   {
 157:Drivers/STM32WBxx_HAL_Driver/Src/stm32wbxx_hal_dma_ex.c ****     /* Process Locked */
 158:Drivers/STM32WBxx_HAL_Driver/Src/stm32wbxx_hal_dma_ex.c ****     __HAL_LOCK(hdma);
 157              		.loc 1 158 5 is_stmt 1 view .LVU39
 158              		.loc 1 158 5 view .LVU40
 159 0012 92F82430 		ldrb	r3, [r2, #36]	@ zero_extendqisi2
 160 0016 012B     		cmp	r3, #1
 161 0018 12D0     		beq	.L14
 162              		.loc 1 158 5 discriminator 2 view .LVU41
 163 001a 0123     		movs	r3, #1
 164 001c 82F82430 		strb	r3, [r2, #36]
 165              		.loc 1 158 5 discriminator 2 view .LVU42
 159:Drivers/STM32WBxx_HAL_Driver/Src/stm32wbxx_hal_dma_ex.c **** 
 160:Drivers/STM32WBxx_HAL_Driver/Src/stm32wbxx_hal_dma_ex.c ****     /* Set the request generator new parameters*/
 161:Drivers/STM32WBxx_HAL_Driver/Src/stm32wbxx_hal_dma_ex.c ****     WRITE_REG(hdma->DMAmuxRequestGen->RGCR, (pRequestGeneratorConfig->SignalID       | \
 166              		.loc 1 161 5 discriminator 2 view .LVU43
 167 0020 0B68     		ldr	r3, [r1]
 168 0022 4868     		ldr	r0, [r1, #4]
 169 0024 0343     		orrs	r3, r3, r0
 170 0026 8968     		ldr	r1, [r1, #8]
 171              	.LVL9:
 172              		.loc 1 161 5 is_stmt 0 discriminator 2 view .LVU44
 173 0028 0139     		subs	r1, r1, #1
 174 002a 43EAC143 		orr	r3, r3, r1, lsl #19
 175 002e 2360     		str	r3, [r4]
 162:Drivers/STM32WBxx_HAL_Driver/Src/stm32wbxx_hal_dma_ex.c ****                                              pRequestGeneratorConfig->Polarity       | \
 163:Drivers/STM32WBxx_HAL_Driver/Src/stm32wbxx_hal_dma_ex.c ****                                              ((pRequestGeneratorConfig->RequestNumber - 1U) << DMAM
 164:Drivers/STM32WBxx_HAL_Driver/Src/stm32wbxx_hal_dma_ex.c **** 
 165:Drivers/STM32WBxx_HAL_Driver/Src/stm32wbxx_hal_dma_ex.c ****     /* Process UnLocked */
ARM GAS  C:\Users\843E~1\AppData\Local\Temp\cckzjKJz.s 			page 7


 166:Drivers/STM32WBxx_HAL_Driver/Src/stm32wbxx_hal_dma_ex.c ****     __HAL_UNLOCK(hdma);
 176              		.loc 1 166 5 is_stmt 1 discriminator 2 view .LVU45
 177              		.loc 1 166 5 discriminator 2 view .LVU46
 178 0030 0020     		movs	r0, #0
 179 0032 82F82400 		strb	r0, [r2, #36]
 180              		.loc 1 166 5 discriminator 2 view .LVU47
 167:Drivers/STM32WBxx_HAL_Driver/Src/stm32wbxx_hal_dma_ex.c **** 
 168:Drivers/STM32WBxx_HAL_Driver/Src/stm32wbxx_hal_dma_ex.c ****     return HAL_OK;
 181              		.loc 1 168 5 discriminator 2 view .LVU48
 182              	.L12:
 169:Drivers/STM32WBxx_HAL_Driver/Src/stm32wbxx_hal_dma_ex.c ****   }
 170:Drivers/STM32WBxx_HAL_Driver/Src/stm32wbxx_hal_dma_ex.c ****   else
 171:Drivers/STM32WBxx_HAL_Driver/Src/stm32wbxx_hal_dma_ex.c ****   {
 172:Drivers/STM32WBxx_HAL_Driver/Src/stm32wbxx_hal_dma_ex.c ****     return HAL_ERROR;
 173:Drivers/STM32WBxx_HAL_Driver/Src/stm32wbxx_hal_dma_ex.c ****   }
 174:Drivers/STM32WBxx_HAL_Driver/Src/stm32wbxx_hal_dma_ex.c **** }
 183              		.loc 1 174 1 is_stmt 0 view .LVU49
 184 0036 5DF8044B 		ldr	r4, [sp], #4
 185              	.LCFI3:
 186              		.cfi_restore 4
 187              		.cfi_def_cfa_offset 0
 188 003a 7047     		bx	lr
 189              	.LVL10:
 190              	.L13:
 172:Drivers/STM32WBxx_HAL_Driver/Src/stm32wbxx_hal_dma_ex.c ****   }
 191              		.loc 1 172 12 view .LVU50
 192 003c 0120     		movs	r0, #1
 193              		.loc 1 174 1 view .LVU51
 194 003e 7047     		bx	lr
 195              	.L14:
 196              	.LCFI4:
 197              		.cfi_def_cfa_offset 4
 198              		.cfi_offset 4, -4
 158:Drivers/STM32WBxx_HAL_Driver/Src/stm32wbxx_hal_dma_ex.c **** 
 199              		.loc 1 158 5 view .LVU52
 200 0040 0220     		movs	r0, #2
 201 0042 F8E7     		b	.L12
 202              		.cfi_endproc
 203              	.LFE951:
 205              		.section	.text.HAL_DMAEx_EnableMuxRequestGenerator,"ax",%progbits
 206              		.align	1
 207              		.global	HAL_DMAEx_EnableMuxRequestGenerator
 208              		.syntax unified
 209              		.thumb
 210              		.thumb_func
 212              	HAL_DMAEx_EnableMuxRequestGenerator:
 213              	.LVL11:
 214              	.LFB952:
 175:Drivers/STM32WBxx_HAL_Driver/Src/stm32wbxx_hal_dma_ex.c **** 
 176:Drivers/STM32WBxx_HAL_Driver/Src/stm32wbxx_hal_dma_ex.c **** /**
 177:Drivers/STM32WBxx_HAL_Driver/Src/stm32wbxx_hal_dma_ex.c ****   * @brief  Enable the DMAMUX request generator block used by the given DMA channel (instance).
 178:Drivers/STM32WBxx_HAL_Driver/Src/stm32wbxx_hal_dma_ex.c ****   * @param  hdma Pointer to a DMA_HandleTypeDef structure that contains
 179:Drivers/STM32WBxx_HAL_Driver/Src/stm32wbxx_hal_dma_ex.c ****   *                     the configuration information for the specified DMA channel.
 180:Drivers/STM32WBxx_HAL_Driver/Src/stm32wbxx_hal_dma_ex.c ****   * @retval HAL status
 181:Drivers/STM32WBxx_HAL_Driver/Src/stm32wbxx_hal_dma_ex.c ****   */
 182:Drivers/STM32WBxx_HAL_Driver/Src/stm32wbxx_hal_dma_ex.c **** HAL_StatusTypeDef HAL_DMAEx_EnableMuxRequestGenerator(DMA_HandleTypeDef *hdma)
 183:Drivers/STM32WBxx_HAL_Driver/Src/stm32wbxx_hal_dma_ex.c **** {
ARM GAS  C:\Users\843E~1\AppData\Local\Temp\cckzjKJz.s 			page 8


 215              		.loc 1 183 1 is_stmt 1 view -0
 216              		.cfi_startproc
 217              		@ args = 0, pretend = 0, frame = 0
 218              		@ frame_needed = 0, uses_anonymous_args = 0
 219              		@ link register save eliminated.
 184:Drivers/STM32WBxx_HAL_Driver/Src/stm32wbxx_hal_dma_ex.c ****   /* Check the parameters */
 185:Drivers/STM32WBxx_HAL_Driver/Src/stm32wbxx_hal_dma_ex.c ****   assert_param(IS_DMA_ALL_INSTANCE(hdma->Instance));
 220              		.loc 1 185 3 view .LVU54
 186:Drivers/STM32WBxx_HAL_Driver/Src/stm32wbxx_hal_dma_ex.c **** 
 187:Drivers/STM32WBxx_HAL_Driver/Src/stm32wbxx_hal_dma_ex.c ****   /* check if the DMA state is ready
 188:Drivers/STM32WBxx_HAL_Driver/Src/stm32wbxx_hal_dma_ex.c ****      and DMA is using a DMAMUX request generator block
 189:Drivers/STM32WBxx_HAL_Driver/Src/stm32wbxx_hal_dma_ex.c ****   */
 190:Drivers/STM32WBxx_HAL_Driver/Src/stm32wbxx_hal_dma_ex.c ****   if ((hdma->State != HAL_DMA_STATE_RESET) && (hdma->DMAmuxRequestGen != 0U))
 221              		.loc 1 190 3 view .LVU55
 222              		.loc 1 190 12 is_stmt 0 view .LVU56
 223 0000 90F82530 		ldrb	r3, [r0, #37]	@ zero_extendqisi2
 224              		.loc 1 190 6 view .LVU57
 225 0004 3BB1     		cbz	r3, .L21
 226              		.loc 1 190 52 discriminator 1 view .LVU58
 227 0006 436D     		ldr	r3, [r0, #84]
 228              		.loc 1 190 44 discriminator 1 view .LVU59
 229 0008 3BB1     		cbz	r3, .L22
 191:Drivers/STM32WBxx_HAL_Driver/Src/stm32wbxx_hal_dma_ex.c ****   {
 192:Drivers/STM32WBxx_HAL_Driver/Src/stm32wbxx_hal_dma_ex.c ****     /* Enable the request generator*/
 193:Drivers/STM32WBxx_HAL_Driver/Src/stm32wbxx_hal_dma_ex.c ****     SET_BIT(hdma->DMAmuxRequestGen->RGCR, DMAMUX_RGxCR_GE);
 230              		.loc 1 193 5 is_stmt 1 view .LVU60
 231 000a 1A68     		ldr	r2, [r3]
 232 000c 42F48032 		orr	r2, r2, #65536
 233 0010 1A60     		str	r2, [r3]
 194:Drivers/STM32WBxx_HAL_Driver/Src/stm32wbxx_hal_dma_ex.c **** 
 195:Drivers/STM32WBxx_HAL_Driver/Src/stm32wbxx_hal_dma_ex.c ****     return HAL_OK;
 234              		.loc 1 195 5 view .LVU61
 235              		.loc 1 195 12 is_stmt 0 view .LVU62
 236 0012 0020     		movs	r0, #0
 237              	.LVL12:
 238              		.loc 1 195 12 view .LVU63
 239 0014 7047     		bx	lr
 240              	.LVL13:
 241              	.L21:
 196:Drivers/STM32WBxx_HAL_Driver/Src/stm32wbxx_hal_dma_ex.c ****   }
 197:Drivers/STM32WBxx_HAL_Driver/Src/stm32wbxx_hal_dma_ex.c ****   else
 198:Drivers/STM32WBxx_HAL_Driver/Src/stm32wbxx_hal_dma_ex.c ****   {
 199:Drivers/STM32WBxx_HAL_Driver/Src/stm32wbxx_hal_dma_ex.c ****     return HAL_ERROR;
 242              		.loc 1 199 12 view .LVU64
 243 0016 0120     		movs	r0, #1
 244              	.LVL14:
 245              		.loc 1 199 12 view .LVU65
 246 0018 7047     		bx	lr
 247              	.LVL15:
 248              	.L22:
 249              		.loc 1 199 12 view .LVU66
 250 001a 0120     		movs	r0, #1
 251              	.LVL16:
 200:Drivers/STM32WBxx_HAL_Driver/Src/stm32wbxx_hal_dma_ex.c ****   }
 201:Drivers/STM32WBxx_HAL_Driver/Src/stm32wbxx_hal_dma_ex.c **** }
 252              		.loc 1 201 1 view .LVU67
 253 001c 7047     		bx	lr
ARM GAS  C:\Users\843E~1\AppData\Local\Temp\cckzjKJz.s 			page 9


 254              		.cfi_endproc
 255              	.LFE952:
 257              		.section	.text.HAL_DMAEx_DisableMuxRequestGenerator,"ax",%progbits
 258              		.align	1
 259              		.global	HAL_DMAEx_DisableMuxRequestGenerator
 260              		.syntax unified
 261              		.thumb
 262              		.thumb_func
 264              	HAL_DMAEx_DisableMuxRequestGenerator:
 265              	.LVL17:
 266              	.LFB953:
 202:Drivers/STM32WBxx_HAL_Driver/Src/stm32wbxx_hal_dma_ex.c **** 
 203:Drivers/STM32WBxx_HAL_Driver/Src/stm32wbxx_hal_dma_ex.c **** /**
 204:Drivers/STM32WBxx_HAL_Driver/Src/stm32wbxx_hal_dma_ex.c ****   * @brief  Disable the DMAMUX request generator block used by the given DMA channel (instance).
 205:Drivers/STM32WBxx_HAL_Driver/Src/stm32wbxx_hal_dma_ex.c ****   * @param  hdma Pointer to a DMA_HandleTypeDef structure that contains
 206:Drivers/STM32WBxx_HAL_Driver/Src/stm32wbxx_hal_dma_ex.c ****   *                     the configuration information for the specified DMA channel.
 207:Drivers/STM32WBxx_HAL_Driver/Src/stm32wbxx_hal_dma_ex.c ****   * @retval HAL status
 208:Drivers/STM32WBxx_HAL_Driver/Src/stm32wbxx_hal_dma_ex.c ****   */
 209:Drivers/STM32WBxx_HAL_Driver/Src/stm32wbxx_hal_dma_ex.c **** HAL_StatusTypeDef HAL_DMAEx_DisableMuxRequestGenerator(DMA_HandleTypeDef *hdma)
 210:Drivers/STM32WBxx_HAL_Driver/Src/stm32wbxx_hal_dma_ex.c **** {
 267              		.loc 1 210 1 is_stmt 1 view -0
 268              		.cfi_startproc
 269              		@ args = 0, pretend = 0, frame = 0
 270              		@ frame_needed = 0, uses_anonymous_args = 0
 271              		@ link register save eliminated.
 211:Drivers/STM32WBxx_HAL_Driver/Src/stm32wbxx_hal_dma_ex.c ****   /* Check the parameters */
 212:Drivers/STM32WBxx_HAL_Driver/Src/stm32wbxx_hal_dma_ex.c ****   assert_param(IS_DMA_ALL_INSTANCE(hdma->Instance));
 272              		.loc 1 212 3 view .LVU69
 213:Drivers/STM32WBxx_HAL_Driver/Src/stm32wbxx_hal_dma_ex.c **** 
 214:Drivers/STM32WBxx_HAL_Driver/Src/stm32wbxx_hal_dma_ex.c ****   /* check if the DMA state is ready
 215:Drivers/STM32WBxx_HAL_Driver/Src/stm32wbxx_hal_dma_ex.c ****      and DMA is using a DMAMUX request generator block
 216:Drivers/STM32WBxx_HAL_Driver/Src/stm32wbxx_hal_dma_ex.c ****   */
 217:Drivers/STM32WBxx_HAL_Driver/Src/stm32wbxx_hal_dma_ex.c ****   if ((hdma->State != HAL_DMA_STATE_RESET) && (hdma->DMAmuxRequestGen != 0))
 273              		.loc 1 217 3 view .LVU70
 274              		.loc 1 217 12 is_stmt 0 view .LVU71
 275 0000 90F82530 		ldrb	r3, [r0, #37]	@ zero_extendqisi2
 276              		.loc 1 217 6 view .LVU72
 277 0004 3BB1     		cbz	r3, .L25
 278              		.loc 1 217 52 discriminator 1 view .LVU73
 279 0006 436D     		ldr	r3, [r0, #84]
 280              		.loc 1 217 44 discriminator 1 view .LVU74
 281 0008 3BB1     		cbz	r3, .L26
 218:Drivers/STM32WBxx_HAL_Driver/Src/stm32wbxx_hal_dma_ex.c ****   {
 219:Drivers/STM32WBxx_HAL_Driver/Src/stm32wbxx_hal_dma_ex.c ****     /* Disable the request generator*/
 220:Drivers/STM32WBxx_HAL_Driver/Src/stm32wbxx_hal_dma_ex.c ****     CLEAR_BIT(hdma->DMAmuxRequestGen->RGCR, DMAMUX_RGxCR_GE);
 282              		.loc 1 220 5 is_stmt 1 view .LVU75
 283 000a 1A68     		ldr	r2, [r3]
 284 000c 22F48032 		bic	r2, r2, #65536
 285 0010 1A60     		str	r2, [r3]
 221:Drivers/STM32WBxx_HAL_Driver/Src/stm32wbxx_hal_dma_ex.c **** 
 222:Drivers/STM32WBxx_HAL_Driver/Src/stm32wbxx_hal_dma_ex.c ****     return HAL_OK;
 286              		.loc 1 222 5 view .LVU76
 287              		.loc 1 222 12 is_stmt 0 view .LVU77
 288 0012 0020     		movs	r0, #0
 289              	.LVL18:
 290              		.loc 1 222 12 view .LVU78
 291 0014 7047     		bx	lr
ARM GAS  C:\Users\843E~1\AppData\Local\Temp\cckzjKJz.s 			page 10


 292              	.LVL19:
 293              	.L25:
 223:Drivers/STM32WBxx_HAL_Driver/Src/stm32wbxx_hal_dma_ex.c ****   }
 224:Drivers/STM32WBxx_HAL_Driver/Src/stm32wbxx_hal_dma_ex.c ****   else
 225:Drivers/STM32WBxx_HAL_Driver/Src/stm32wbxx_hal_dma_ex.c ****   {
 226:Drivers/STM32WBxx_HAL_Driver/Src/stm32wbxx_hal_dma_ex.c ****     return HAL_ERROR;
 294              		.loc 1 226 12 view .LVU79
 295 0016 0120     		movs	r0, #1
 296              	.LVL20:
 297              		.loc 1 226 12 view .LVU80
 298 0018 7047     		bx	lr
 299              	.LVL21:
 300              	.L26:
 301              		.loc 1 226 12 view .LVU81
 302 001a 0120     		movs	r0, #1
 303              	.LVL22:
 227:Drivers/STM32WBxx_HAL_Driver/Src/stm32wbxx_hal_dma_ex.c ****   }
 228:Drivers/STM32WBxx_HAL_Driver/Src/stm32wbxx_hal_dma_ex.c **** }
 304              		.loc 1 228 1 view .LVU82
 305 001c 7047     		bx	lr
 306              		.cfi_endproc
 307              	.LFE953:
 309              		.section	.text.HAL_DMAEx_MUX_IRQHandler,"ax",%progbits
 310              		.align	1
 311              		.global	HAL_DMAEx_MUX_IRQHandler
 312              		.syntax unified
 313              		.thumb
 314              		.thumb_func
 316              	HAL_DMAEx_MUX_IRQHandler:
 317              	.LVL23:
 318              	.LFB954:
 229:Drivers/STM32WBxx_HAL_Driver/Src/stm32wbxx_hal_dma_ex.c **** 
 230:Drivers/STM32WBxx_HAL_Driver/Src/stm32wbxx_hal_dma_ex.c **** /**
 231:Drivers/STM32WBxx_HAL_Driver/Src/stm32wbxx_hal_dma_ex.c ****   * @brief  Handles DMAMUX interrupt request.
 232:Drivers/STM32WBxx_HAL_Driver/Src/stm32wbxx_hal_dma_ex.c ****   * @param  hdma Pointer to a DMA_HandleTypeDef structure that contains
 233:Drivers/STM32WBxx_HAL_Driver/Src/stm32wbxx_hal_dma_ex.c ****   *               the configuration information for the specified DMA channel.
 234:Drivers/STM32WBxx_HAL_Driver/Src/stm32wbxx_hal_dma_ex.c ****   * @retval None
 235:Drivers/STM32WBxx_HAL_Driver/Src/stm32wbxx_hal_dma_ex.c ****   */
 236:Drivers/STM32WBxx_HAL_Driver/Src/stm32wbxx_hal_dma_ex.c **** void HAL_DMAEx_MUX_IRQHandler(DMA_HandleTypeDef *hdma)
 237:Drivers/STM32WBxx_HAL_Driver/Src/stm32wbxx_hal_dma_ex.c **** {
 319              		.loc 1 237 1 is_stmt 1 view -0
 320              		.cfi_startproc
 321              		@ args = 0, pretend = 0, frame = 0
 322              		@ frame_needed = 0, uses_anonymous_args = 0
 323              		.loc 1 237 1 is_stmt 0 view .LVU84
 324 0000 10B5     		push	{r4, lr}
 325              	.LCFI5:
 326              		.cfi_def_cfa_offset 8
 327              		.cfi_offset 4, -8
 328              		.cfi_offset 14, -4
 329 0002 0446     		mov	r4, r0
 238:Drivers/STM32WBxx_HAL_Driver/Src/stm32wbxx_hal_dma_ex.c ****   /* Check for DMAMUX Synchronization overrun */
 239:Drivers/STM32WBxx_HAL_Driver/Src/stm32wbxx_hal_dma_ex.c ****   if ((hdma->DMAmuxChannelStatus->CSR & hdma->DMAmuxChannelStatusMask) != 0U)
 330              		.loc 1 239 3 is_stmt 1 view .LVU85
 331              		.loc 1 239 12 is_stmt 0 view .LVU86
 332 0004 C36C     		ldr	r3, [r0, #76]
 333              		.loc 1 239 33 view .LVU87
ARM GAS  C:\Users\843E~1\AppData\Local\Temp\cckzjKJz.s 			page 11


 334 0006 1A68     		ldr	r2, [r3]
 335              		.loc 1 239 45 view .LVU88
 336 0008 036D     		ldr	r3, [r0, #80]
 337              		.loc 1 239 6 view .LVU89
 338 000a 1A42     		tst	r2, r3
 339 000c 0ED0     		beq	.L28
 240:Drivers/STM32WBxx_HAL_Driver/Src/stm32wbxx_hal_dma_ex.c ****   {
 241:Drivers/STM32WBxx_HAL_Driver/Src/stm32wbxx_hal_dma_ex.c ****     /* Disable the synchro overrun interrupt */
 242:Drivers/STM32WBxx_HAL_Driver/Src/stm32wbxx_hal_dma_ex.c ****     CLEAR_BIT(hdma->DMAmuxChannel->CCR, DMAMUX_CxCR_SOIE);
 340              		.loc 1 242 5 is_stmt 1 view .LVU90
 341 000e 826C     		ldr	r2, [r0, #72]
 342 0010 1368     		ldr	r3, [r2]
 343 0012 23F48073 		bic	r3, r3, #256
 344 0016 1360     		str	r3, [r2]
 243:Drivers/STM32WBxx_HAL_Driver/Src/stm32wbxx_hal_dma_ex.c **** 
 244:Drivers/STM32WBxx_HAL_Driver/Src/stm32wbxx_hal_dma_ex.c ****     /* Clear the DMAMUX synchro overrun flag */
 245:Drivers/STM32WBxx_HAL_Driver/Src/stm32wbxx_hal_dma_ex.c ****     WRITE_REG(hdma->DMAmuxChannelStatus->CFR, hdma->DMAmuxChannelStatusMask);
 345              		.loc 1 245 5 view .LVU91
 346 0018 C36C     		ldr	r3, [r0, #76]
 347 001a 026D     		ldr	r2, [r0, #80]
 348 001c 5A60     		str	r2, [r3, #4]
 246:Drivers/STM32WBxx_HAL_Driver/Src/stm32wbxx_hal_dma_ex.c **** 
 247:Drivers/STM32WBxx_HAL_Driver/Src/stm32wbxx_hal_dma_ex.c ****     /* Update error code */
 248:Drivers/STM32WBxx_HAL_Driver/Src/stm32wbxx_hal_dma_ex.c ****     hdma->ErrorCode |= HAL_DMA_ERROR_SYNC;
 349              		.loc 1 248 5 view .LVU92
 350              		.loc 1 248 21 is_stmt 0 view .LVU93
 351 001e C36B     		ldr	r3, [r0, #60]
 352 0020 43F40073 		orr	r3, r3, #512
 353 0024 C363     		str	r3, [r0, #60]
 249:Drivers/STM32WBxx_HAL_Driver/Src/stm32wbxx_hal_dma_ex.c **** 
 250:Drivers/STM32WBxx_HAL_Driver/Src/stm32wbxx_hal_dma_ex.c ****     if (hdma->XferErrorCallback != NULL)
 354              		.loc 1 250 5 is_stmt 1 view .LVU94
 355              		.loc 1 250 13 is_stmt 0 view .LVU95
 356 0026 436B     		ldr	r3, [r0, #52]
 357              		.loc 1 250 8 view .LVU96
 358 0028 03B1     		cbz	r3, .L28
 251:Drivers/STM32WBxx_HAL_Driver/Src/stm32wbxx_hal_dma_ex.c ****     {
 252:Drivers/STM32WBxx_HAL_Driver/Src/stm32wbxx_hal_dma_ex.c ****       /* Transfer error callback */
 253:Drivers/STM32WBxx_HAL_Driver/Src/stm32wbxx_hal_dma_ex.c ****       hdma->XferErrorCallback(hdma);
 359              		.loc 1 253 7 is_stmt 1 view .LVU97
 360 002a 9847     		blx	r3
 361              	.LVL24:
 362              	.L28:
 254:Drivers/STM32WBxx_HAL_Driver/Src/stm32wbxx_hal_dma_ex.c ****     }
 255:Drivers/STM32WBxx_HAL_Driver/Src/stm32wbxx_hal_dma_ex.c ****   }
 256:Drivers/STM32WBxx_HAL_Driver/Src/stm32wbxx_hal_dma_ex.c **** 
 257:Drivers/STM32WBxx_HAL_Driver/Src/stm32wbxx_hal_dma_ex.c ****   if (hdma->DMAmuxRequestGen != 0U)
 363              		.loc 1 257 3 view .LVU98
 364              		.loc 1 257 11 is_stmt 0 view .LVU99
 365 002c 636D     		ldr	r3, [r4, #84]
 366              		.loc 1 257 6 view .LVU100
 367 002e 9BB1     		cbz	r3, .L27
 258:Drivers/STM32WBxx_HAL_Driver/Src/stm32wbxx_hal_dma_ex.c ****   {
 259:Drivers/STM32WBxx_HAL_Driver/Src/stm32wbxx_hal_dma_ex.c ****     /* if using a DMAMUX request generator block Check for DMAMUX request generator overrun */
 260:Drivers/STM32WBxx_HAL_Driver/Src/stm32wbxx_hal_dma_ex.c ****     if ((hdma->DMAmuxRequestGenStatus->RGSR & hdma->DMAmuxRequestGenStatusMask) != 0U)
 368              		.loc 1 260 5 is_stmt 1 view .LVU101
 369              		.loc 1 260 14 is_stmt 0 view .LVU102
ARM GAS  C:\Users\843E~1\AppData\Local\Temp\cckzjKJz.s 			page 12


 370 0030 A26D     		ldr	r2, [r4, #88]
 371              		.loc 1 260 38 view .LVU103
 372 0032 1168     		ldr	r1, [r2]
 373              		.loc 1 260 51 view .LVU104
 374 0034 E26D     		ldr	r2, [r4, #92]
 375              		.loc 1 260 8 view .LVU105
 376 0036 1142     		tst	r1, r2
 377 0038 0ED0     		beq	.L27
 261:Drivers/STM32WBxx_HAL_Driver/Src/stm32wbxx_hal_dma_ex.c ****     {
 262:Drivers/STM32WBxx_HAL_Driver/Src/stm32wbxx_hal_dma_ex.c ****       /* Disable the request gen overrun interrupt */
 263:Drivers/STM32WBxx_HAL_Driver/Src/stm32wbxx_hal_dma_ex.c ****       CLEAR_BIT(hdma->DMAmuxRequestGen->RGCR, DMAMUX_RGxCR_OIE);
 378              		.loc 1 263 7 is_stmt 1 view .LVU106
 379 003a 1A68     		ldr	r2, [r3]
 380 003c 22F48072 		bic	r2, r2, #256
 381 0040 1A60     		str	r2, [r3]
 264:Drivers/STM32WBxx_HAL_Driver/Src/stm32wbxx_hal_dma_ex.c **** 
 265:Drivers/STM32WBxx_HAL_Driver/Src/stm32wbxx_hal_dma_ex.c ****       /* Clear the DMAMUX request generator overrun flag */
 266:Drivers/STM32WBxx_HAL_Driver/Src/stm32wbxx_hal_dma_ex.c ****       WRITE_REG(hdma->DMAmuxRequestGenStatus->RGCFR, hdma->DMAmuxRequestGenStatusMask);
 382              		.loc 1 266 7 view .LVU107
 383 0042 A36D     		ldr	r3, [r4, #88]
 384 0044 E26D     		ldr	r2, [r4, #92]
 385 0046 5A60     		str	r2, [r3, #4]
 267:Drivers/STM32WBxx_HAL_Driver/Src/stm32wbxx_hal_dma_ex.c **** 
 268:Drivers/STM32WBxx_HAL_Driver/Src/stm32wbxx_hal_dma_ex.c ****       /* Update error code */
 269:Drivers/STM32WBxx_HAL_Driver/Src/stm32wbxx_hal_dma_ex.c ****       hdma->ErrorCode |= HAL_DMA_ERROR_REQGEN;
 386              		.loc 1 269 7 view .LVU108
 387              		.loc 1 269 23 is_stmt 0 view .LVU109
 388 0048 E36B     		ldr	r3, [r4, #60]
 389 004a 43F48063 		orr	r3, r3, #1024
 390 004e E363     		str	r3, [r4, #60]
 270:Drivers/STM32WBxx_HAL_Driver/Src/stm32wbxx_hal_dma_ex.c **** 
 271:Drivers/STM32WBxx_HAL_Driver/Src/stm32wbxx_hal_dma_ex.c ****       if (hdma->XferErrorCallback != NULL)
 391              		.loc 1 271 7 is_stmt 1 view .LVU110
 392              		.loc 1 271 15 is_stmt 0 view .LVU111
 393 0050 636B     		ldr	r3, [r4, #52]
 394              		.loc 1 271 10 view .LVU112
 395 0052 0BB1     		cbz	r3, .L27
 272:Drivers/STM32WBxx_HAL_Driver/Src/stm32wbxx_hal_dma_ex.c ****       {
 273:Drivers/STM32WBxx_HAL_Driver/Src/stm32wbxx_hal_dma_ex.c ****         /* Transfer error callback */
 274:Drivers/STM32WBxx_HAL_Driver/Src/stm32wbxx_hal_dma_ex.c ****         hdma->XferErrorCallback(hdma);
 396              		.loc 1 274 9 is_stmt 1 view .LVU113
 397 0054 2046     		mov	r0, r4
 398 0056 9847     		blx	r3
 399              	.LVL25:
 400              	.L27:
 275:Drivers/STM32WBxx_HAL_Driver/Src/stm32wbxx_hal_dma_ex.c ****       }
 276:Drivers/STM32WBxx_HAL_Driver/Src/stm32wbxx_hal_dma_ex.c ****     }
 277:Drivers/STM32WBxx_HAL_Driver/Src/stm32wbxx_hal_dma_ex.c ****   }
 278:Drivers/STM32WBxx_HAL_Driver/Src/stm32wbxx_hal_dma_ex.c **** }
 401              		.loc 1 278 1 is_stmt 0 view .LVU114
 402 0058 10BD     		pop	{r4, pc}
 403              		.loc 1 278 1 view .LVU115
 404              		.cfi_endproc
 405              	.LFE954:
 407              		.text
 408              	.Letext0:
 409              		.file 2 "g:\\arm\\10 2021.10\\arm-none-eabi\\include\\machine\\_default_types.h"
ARM GAS  C:\Users\843E~1\AppData\Local\Temp\cckzjKJz.s 			page 13


 410              		.file 3 "g:\\arm\\10 2021.10\\arm-none-eabi\\include\\sys\\_stdint.h"
 411              		.file 4 "Drivers/CMSIS/Device/ST/STM32WBxx/Include/stm32wb55xx.h"
 412              		.file 5 "Drivers/CMSIS/Device/ST/STM32WBxx/Include/stm32wbxx.h"
 413              		.file 6 "Drivers/STM32WBxx_HAL_Driver/Inc/stm32wbxx_hal_def.h"
 414              		.file 7 "Drivers/STM32WBxx_HAL_Driver/Inc/stm32wbxx_hal_dma.h"
 415              		.file 8 "Drivers/STM32WBxx_HAL_Driver/Inc/stm32wbxx_hal_dma_ex.h"
ARM GAS  C:\Users\843E~1\AppData\Local\Temp\cckzjKJz.s 			page 14


DEFINED SYMBOLS
                            *ABS*:00000000 stm32wbxx_hal_dma_ex.c
C:\Users\843E~1\AppData\Local\Temp\cckzjKJz.s:20     .text.HAL_DMAEx_ConfigMuxSync:00000000 $t
C:\Users\843E~1\AppData\Local\Temp\cckzjKJz.s:26     .text.HAL_DMAEx_ConfigMuxSync:00000000 HAL_DMAEx_ConfigMuxSync
C:\Users\843E~1\AppData\Local\Temp\cckzjKJz.s:115    .text.HAL_DMAEx_ConfigMuxSync:00000058 $d
C:\Users\843E~1\AppData\Local\Temp\cckzjKJz.s:120    .text.HAL_DMAEx_ConfigMuxRequestGenerator:00000000 $t
C:\Users\843E~1\AppData\Local\Temp\cckzjKJz.s:126    .text.HAL_DMAEx_ConfigMuxRequestGenerator:00000000 HAL_DMAEx_ConfigMuxRequestGenerator
C:\Users\843E~1\AppData\Local\Temp\cckzjKJz.s:206    .text.HAL_DMAEx_EnableMuxRequestGenerator:00000000 $t
C:\Users\843E~1\AppData\Local\Temp\cckzjKJz.s:212    .text.HAL_DMAEx_EnableMuxRequestGenerator:00000000 HAL_DMAEx_EnableMuxRequestGenerator
C:\Users\843E~1\AppData\Local\Temp\cckzjKJz.s:258    .text.HAL_DMAEx_DisableMuxRequestGenerator:00000000 $t
C:\Users\843E~1\AppData\Local\Temp\cckzjKJz.s:264    .text.HAL_DMAEx_DisableMuxRequestGenerator:00000000 HAL_DMAEx_DisableMuxRequestGenerator
C:\Users\843E~1\AppData\Local\Temp\cckzjKJz.s:310    .text.HAL_DMAEx_MUX_IRQHandler:00000000 $t
C:\Users\843E~1\AppData\Local\Temp\cckzjKJz.s:316    .text.HAL_DMAEx_MUX_IRQHandler:00000000 HAL_DMAEx_MUX_IRQHandler

NO UNDEFINED SYMBOLS
