ARM GAS  C:\Users\843E~1\AppData\Local\Temp\ccqRcBAU.s 			page 1


   1              		.cpu cortex-m4
   2              		.arch armv7e-m
   3              		.fpu fpv4-sp-d16
   4              		.eabi_attribute 27, 1
   5              		.eabi_attribute 28, 1
   6              		.eabi_attribute 20, 1
   7              		.eabi_attribute 21, 1
   8              		.eabi_attribute 23, 3
   9              		.eabi_attribute 24, 1
  10              		.eabi_attribute 25, 1
  11              		.eabi_attribute 26, 1
  12              		.eabi_attribute 30, 1
  13              		.eabi_attribute 34, 1
  14              		.eabi_attribute 18, 4
  15              		.file	"stm_list.c"
  16              		.text
  17              	.Ltext0:
  18              		.cfi_sections	.debug_frame
  19              		.section	.text.LST_init_head,"ax",%progbits
  20              		.align	1
  21              		.global	LST_init_head
  22              		.syntax unified
  23              		.thumb
  24              		.thumb_func
  26              	LST_init_head:
  27              	.LVL0:
  28              	.LFB1261:
  29              		.file 1 "Middlewares/ST/STM32_WPAN/utilities/stm_list.c"
   1:Middlewares/ST/STM32_WPAN/utilities/stm_list.c **** /**
   2:Middlewares/ST/STM32_WPAN/utilities/stm_list.c ****  ******************************************************************************
   3:Middlewares/ST/STM32_WPAN/utilities/stm_list.c ****   * @file    stm_list.c
   4:Middlewares/ST/STM32_WPAN/utilities/stm_list.c ****   * @author  MCD Application Team
   5:Middlewares/ST/STM32_WPAN/utilities/stm_list.c ****   * @brief   TCircular Linked List Implementation.
   6:Middlewares/ST/STM32_WPAN/utilities/stm_list.c ****   ******************************************************************************
   7:Middlewares/ST/STM32_WPAN/utilities/stm_list.c ****   * @attention
   8:Middlewares/ST/STM32_WPAN/utilities/stm_list.c ****   *
   9:Middlewares/ST/STM32_WPAN/utilities/stm_list.c ****   * Copyright (c) 2018-2021 STMicroelectronics.
  10:Middlewares/ST/STM32_WPAN/utilities/stm_list.c ****   * All rights reserved.
  11:Middlewares/ST/STM32_WPAN/utilities/stm_list.c ****   *
  12:Middlewares/ST/STM32_WPAN/utilities/stm_list.c ****   * This software is licensed under terms that can be found in the LICENSE file
  13:Middlewares/ST/STM32_WPAN/utilities/stm_list.c ****   * in the root directory of this software component.
  14:Middlewares/ST/STM32_WPAN/utilities/stm_list.c ****   * If no LICENSE file comes with this software, it is provided AS-IS.
  15:Middlewares/ST/STM32_WPAN/utilities/stm_list.c ****   *
  16:Middlewares/ST/STM32_WPAN/utilities/stm_list.c ****   ******************************************************************************
  17:Middlewares/ST/STM32_WPAN/utilities/stm_list.c ****   */
  18:Middlewares/ST/STM32_WPAN/utilities/stm_list.c **** 
  19:Middlewares/ST/STM32_WPAN/utilities/stm_list.c **** 
  20:Middlewares/ST/STM32_WPAN/utilities/stm_list.c **** /******************************************************************************
  21:Middlewares/ST/STM32_WPAN/utilities/stm_list.c ****  * Include Files
  22:Middlewares/ST/STM32_WPAN/utilities/stm_list.c ****  ******************************************************************************/
  23:Middlewares/ST/STM32_WPAN/utilities/stm_list.c **** #include "utilities_common.h"
  24:Middlewares/ST/STM32_WPAN/utilities/stm_list.c **** 
  25:Middlewares/ST/STM32_WPAN/utilities/stm_list.c **** #include "stm_list.h"
  26:Middlewares/ST/STM32_WPAN/utilities/stm_list.c **** 
  27:Middlewares/ST/STM32_WPAN/utilities/stm_list.c **** /******************************************************************************
  28:Middlewares/ST/STM32_WPAN/utilities/stm_list.c ****  * Function Definitions 
  29:Middlewares/ST/STM32_WPAN/utilities/stm_list.c ****  ******************************************************************************/
ARM GAS  C:\Users\843E~1\AppData\Local\Temp\ccqRcBAU.s 			page 2


  30:Middlewares/ST/STM32_WPAN/utilities/stm_list.c **** void LST_init_head (tListNode * listHead)
  31:Middlewares/ST/STM32_WPAN/utilities/stm_list.c **** {
  30              		.loc 1 31 1 view -0
  31              		.cfi_startproc
  32              		@ args = 0, pretend = 0, frame = 0
  33              		@ frame_needed = 0, uses_anonymous_args = 0
  34              		@ link register save eliminated.
  32:Middlewares/ST/STM32_WPAN/utilities/stm_list.c ****   listHead->next = listHead;
  35              		.loc 1 32 3 view .LVU1
  36              		.loc 1 32 18 is_stmt 0 view .LVU2
  37 0000 0060     		str	r0, [r0]	@ unaligned
  33:Middlewares/ST/STM32_WPAN/utilities/stm_list.c ****   listHead->prev = listHead;
  38              		.loc 1 33 3 is_stmt 1 view .LVU3
  39              		.loc 1 33 18 is_stmt 0 view .LVU4
  40 0002 4060     		str	r0, [r0, #4]	@ unaligned
  34:Middlewares/ST/STM32_WPAN/utilities/stm_list.c **** }
  41              		.loc 1 34 1 view .LVU5
  42 0004 7047     		bx	lr
  43              		.cfi_endproc
  44              	.LFE1261:
  46              		.section	.text.LST_is_empty,"ax",%progbits
  47              		.align	1
  48              		.global	LST_is_empty
  49              		.syntax unified
  50              		.thumb
  51              		.thumb_func
  53              	LST_is_empty:
  54              	.LVL1:
  55              	.LFB1262:
  35:Middlewares/ST/STM32_WPAN/utilities/stm_list.c **** 
  36:Middlewares/ST/STM32_WPAN/utilities/stm_list.c **** uint8_t LST_is_empty (tListNode * listHead)
  37:Middlewares/ST/STM32_WPAN/utilities/stm_list.c **** {
  56              		.loc 1 37 1 is_stmt 1 view -0
  57              		.cfi_startproc
  58              		@ args = 0, pretend = 0, frame = 0
  59              		@ frame_needed = 0, uses_anonymous_args = 0
  60              		@ link register save eliminated.
  38:Middlewares/ST/STM32_WPAN/utilities/stm_list.c ****   uint32_t primask_bit;
  61              		.loc 1 38 3 view .LVU7
  39:Middlewares/ST/STM32_WPAN/utilities/stm_list.c ****   uint8_t return_value;
  62              		.loc 1 39 3 view .LVU8
  40:Middlewares/ST/STM32_WPAN/utilities/stm_list.c **** 
  41:Middlewares/ST/STM32_WPAN/utilities/stm_list.c ****   primask_bit = __get_PRIMASK();  /**< backup PRIMASK bit */
  63              		.loc 1 41 3 view .LVU9
  64              	.LBB68:
  65              	.LBI68:
  66              		.file 2 "Drivers/CMSIS/Include/cmsis_gcc.h"
   1:Drivers/CMSIS/Include/cmsis_gcc.h **** /**************************************************************************//**
   2:Drivers/CMSIS/Include/cmsis_gcc.h ****  * @file     cmsis_gcc.h
   3:Drivers/CMSIS/Include/cmsis_gcc.h ****  * @brief    CMSIS compiler GCC header file
   4:Drivers/CMSIS/Include/cmsis_gcc.h ****  * @version  V5.2.0
   5:Drivers/CMSIS/Include/cmsis_gcc.h ****  * @date     08. May 2019
   6:Drivers/CMSIS/Include/cmsis_gcc.h ****  ******************************************************************************/
   7:Drivers/CMSIS/Include/cmsis_gcc.h **** /*
   8:Drivers/CMSIS/Include/cmsis_gcc.h ****  * Copyright (c) 2009-2019 Arm Limited. All rights reserved.
   9:Drivers/CMSIS/Include/cmsis_gcc.h ****  *
  10:Drivers/CMSIS/Include/cmsis_gcc.h ****  * SPDX-License-Identifier: Apache-2.0
ARM GAS  C:\Users\843E~1\AppData\Local\Temp\ccqRcBAU.s 			page 3


  11:Drivers/CMSIS/Include/cmsis_gcc.h ****  *
  12:Drivers/CMSIS/Include/cmsis_gcc.h ****  * Licensed under the Apache License, Version 2.0 (the License); you may
  13:Drivers/CMSIS/Include/cmsis_gcc.h ****  * not use this file except in compliance with the License.
  14:Drivers/CMSIS/Include/cmsis_gcc.h ****  * You may obtain a copy of the License at
  15:Drivers/CMSIS/Include/cmsis_gcc.h ****  *
  16:Drivers/CMSIS/Include/cmsis_gcc.h ****  * www.apache.org/licenses/LICENSE-2.0
  17:Drivers/CMSIS/Include/cmsis_gcc.h ****  *
  18:Drivers/CMSIS/Include/cmsis_gcc.h ****  * Unless required by applicable law or agreed to in writing, software
  19:Drivers/CMSIS/Include/cmsis_gcc.h ****  * distributed under the License is distributed on an AS IS BASIS, WITHOUT
  20:Drivers/CMSIS/Include/cmsis_gcc.h ****  * WARRANTIES OR CONDITIONS OF ANY KIND, either express or implied.
  21:Drivers/CMSIS/Include/cmsis_gcc.h ****  * See the License for the specific language governing permissions and
  22:Drivers/CMSIS/Include/cmsis_gcc.h ****  * limitations under the License.
  23:Drivers/CMSIS/Include/cmsis_gcc.h ****  */
  24:Drivers/CMSIS/Include/cmsis_gcc.h **** 
  25:Drivers/CMSIS/Include/cmsis_gcc.h **** #ifndef __CMSIS_GCC_H
  26:Drivers/CMSIS/Include/cmsis_gcc.h **** #define __CMSIS_GCC_H
  27:Drivers/CMSIS/Include/cmsis_gcc.h **** 
  28:Drivers/CMSIS/Include/cmsis_gcc.h **** /* ignore some GCC warnings */
  29:Drivers/CMSIS/Include/cmsis_gcc.h **** #pragma GCC diagnostic push
  30:Drivers/CMSIS/Include/cmsis_gcc.h **** #pragma GCC diagnostic ignored "-Wsign-conversion"
  31:Drivers/CMSIS/Include/cmsis_gcc.h **** #pragma GCC diagnostic ignored "-Wconversion"
  32:Drivers/CMSIS/Include/cmsis_gcc.h **** #pragma GCC diagnostic ignored "-Wunused-parameter"
  33:Drivers/CMSIS/Include/cmsis_gcc.h **** 
  34:Drivers/CMSIS/Include/cmsis_gcc.h **** /* Fallback for __has_builtin */
  35:Drivers/CMSIS/Include/cmsis_gcc.h **** #ifndef __has_builtin
  36:Drivers/CMSIS/Include/cmsis_gcc.h ****   #define __has_builtin(x) (0)
  37:Drivers/CMSIS/Include/cmsis_gcc.h **** #endif
  38:Drivers/CMSIS/Include/cmsis_gcc.h **** 
  39:Drivers/CMSIS/Include/cmsis_gcc.h **** /* CMSIS compiler specific defines */
  40:Drivers/CMSIS/Include/cmsis_gcc.h **** #ifndef   __ASM
  41:Drivers/CMSIS/Include/cmsis_gcc.h ****   #define __ASM                                  __asm
  42:Drivers/CMSIS/Include/cmsis_gcc.h **** #endif
  43:Drivers/CMSIS/Include/cmsis_gcc.h **** #ifndef   __INLINE
  44:Drivers/CMSIS/Include/cmsis_gcc.h ****   #define __INLINE                               inline
  45:Drivers/CMSIS/Include/cmsis_gcc.h **** #endif
  46:Drivers/CMSIS/Include/cmsis_gcc.h **** #ifndef   __STATIC_INLINE
  47:Drivers/CMSIS/Include/cmsis_gcc.h ****   #define __STATIC_INLINE                        static inline
  48:Drivers/CMSIS/Include/cmsis_gcc.h **** #endif
  49:Drivers/CMSIS/Include/cmsis_gcc.h **** #ifndef   __STATIC_FORCEINLINE                 
  50:Drivers/CMSIS/Include/cmsis_gcc.h ****   #define __STATIC_FORCEINLINE                   __attribute__((always_inline)) static inline
  51:Drivers/CMSIS/Include/cmsis_gcc.h **** #endif                                           
  52:Drivers/CMSIS/Include/cmsis_gcc.h **** #ifndef   __NO_RETURN
  53:Drivers/CMSIS/Include/cmsis_gcc.h ****   #define __NO_RETURN                            __attribute__((__noreturn__))
  54:Drivers/CMSIS/Include/cmsis_gcc.h **** #endif
  55:Drivers/CMSIS/Include/cmsis_gcc.h **** #ifndef   __USED
  56:Drivers/CMSIS/Include/cmsis_gcc.h ****   #define __USED                                 __attribute__((used))
  57:Drivers/CMSIS/Include/cmsis_gcc.h **** #endif
  58:Drivers/CMSIS/Include/cmsis_gcc.h **** #ifndef   __WEAK
  59:Drivers/CMSIS/Include/cmsis_gcc.h ****   #define __WEAK                                 __attribute__((weak))
  60:Drivers/CMSIS/Include/cmsis_gcc.h **** #endif
  61:Drivers/CMSIS/Include/cmsis_gcc.h **** #ifndef   __PACKED
  62:Drivers/CMSIS/Include/cmsis_gcc.h ****   #define __PACKED                               __attribute__((packed, aligned(1)))
  63:Drivers/CMSIS/Include/cmsis_gcc.h **** #endif
  64:Drivers/CMSIS/Include/cmsis_gcc.h **** #ifndef   __PACKED_STRUCT
  65:Drivers/CMSIS/Include/cmsis_gcc.h ****   #define __PACKED_STRUCT                        struct __attribute__((packed, aligned(1)))
  66:Drivers/CMSIS/Include/cmsis_gcc.h **** #endif
  67:Drivers/CMSIS/Include/cmsis_gcc.h **** #ifndef   __PACKED_UNION
ARM GAS  C:\Users\843E~1\AppData\Local\Temp\ccqRcBAU.s 			page 4


  68:Drivers/CMSIS/Include/cmsis_gcc.h ****   #define __PACKED_UNION                         union __attribute__((packed, aligned(1)))
  69:Drivers/CMSIS/Include/cmsis_gcc.h **** #endif
  70:Drivers/CMSIS/Include/cmsis_gcc.h **** #ifndef   __UNALIGNED_UINT32        /* deprecated */
  71:Drivers/CMSIS/Include/cmsis_gcc.h ****   #pragma GCC diagnostic push
  72:Drivers/CMSIS/Include/cmsis_gcc.h ****   #pragma GCC diagnostic ignored "-Wpacked"
  73:Drivers/CMSIS/Include/cmsis_gcc.h ****   #pragma GCC diagnostic ignored "-Wattributes"
  74:Drivers/CMSIS/Include/cmsis_gcc.h ****   struct __attribute__((packed)) T_UINT32 { uint32_t v; };
  75:Drivers/CMSIS/Include/cmsis_gcc.h ****   #pragma GCC diagnostic pop
  76:Drivers/CMSIS/Include/cmsis_gcc.h ****   #define __UNALIGNED_UINT32(x)                  (((struct T_UINT32 *)(x))->v)
  77:Drivers/CMSIS/Include/cmsis_gcc.h **** #endif
  78:Drivers/CMSIS/Include/cmsis_gcc.h **** #ifndef   __UNALIGNED_UINT16_WRITE
  79:Drivers/CMSIS/Include/cmsis_gcc.h ****   #pragma GCC diagnostic push
  80:Drivers/CMSIS/Include/cmsis_gcc.h ****   #pragma GCC diagnostic ignored "-Wpacked"
  81:Drivers/CMSIS/Include/cmsis_gcc.h ****   #pragma GCC diagnostic ignored "-Wattributes"
  82:Drivers/CMSIS/Include/cmsis_gcc.h ****   __PACKED_STRUCT T_UINT16_WRITE { uint16_t v; };
  83:Drivers/CMSIS/Include/cmsis_gcc.h ****   #pragma GCC diagnostic pop
  84:Drivers/CMSIS/Include/cmsis_gcc.h ****   #define __UNALIGNED_UINT16_WRITE(addr, val)    (void)((((struct T_UINT16_WRITE *)(void *)(addr))-
  85:Drivers/CMSIS/Include/cmsis_gcc.h **** #endif
  86:Drivers/CMSIS/Include/cmsis_gcc.h **** #ifndef   __UNALIGNED_UINT16_READ
  87:Drivers/CMSIS/Include/cmsis_gcc.h ****   #pragma GCC diagnostic push
  88:Drivers/CMSIS/Include/cmsis_gcc.h ****   #pragma GCC diagnostic ignored "-Wpacked"
  89:Drivers/CMSIS/Include/cmsis_gcc.h ****   #pragma GCC diagnostic ignored "-Wattributes"
  90:Drivers/CMSIS/Include/cmsis_gcc.h ****   __PACKED_STRUCT T_UINT16_READ { uint16_t v; };
  91:Drivers/CMSIS/Include/cmsis_gcc.h ****   #pragma GCC diagnostic pop
  92:Drivers/CMSIS/Include/cmsis_gcc.h ****   #define __UNALIGNED_UINT16_READ(addr)          (((const struct T_UINT16_READ *)(const void *)(add
  93:Drivers/CMSIS/Include/cmsis_gcc.h **** #endif
  94:Drivers/CMSIS/Include/cmsis_gcc.h **** #ifndef   __UNALIGNED_UINT32_WRITE
  95:Drivers/CMSIS/Include/cmsis_gcc.h ****   #pragma GCC diagnostic push
  96:Drivers/CMSIS/Include/cmsis_gcc.h ****   #pragma GCC diagnostic ignored "-Wpacked"
  97:Drivers/CMSIS/Include/cmsis_gcc.h ****   #pragma GCC diagnostic ignored "-Wattributes"
  98:Drivers/CMSIS/Include/cmsis_gcc.h ****   __PACKED_STRUCT T_UINT32_WRITE { uint32_t v; };
  99:Drivers/CMSIS/Include/cmsis_gcc.h ****   #pragma GCC diagnostic pop
 100:Drivers/CMSIS/Include/cmsis_gcc.h ****   #define __UNALIGNED_UINT32_WRITE(addr, val)    (void)((((struct T_UINT32_WRITE *)(void *)(addr))-
 101:Drivers/CMSIS/Include/cmsis_gcc.h **** #endif
 102:Drivers/CMSIS/Include/cmsis_gcc.h **** #ifndef   __UNALIGNED_UINT32_READ
 103:Drivers/CMSIS/Include/cmsis_gcc.h ****   #pragma GCC diagnostic push
 104:Drivers/CMSIS/Include/cmsis_gcc.h ****   #pragma GCC diagnostic ignored "-Wpacked"
 105:Drivers/CMSIS/Include/cmsis_gcc.h ****   #pragma GCC diagnostic ignored "-Wattributes"
 106:Drivers/CMSIS/Include/cmsis_gcc.h ****   __PACKED_STRUCT T_UINT32_READ { uint32_t v; };
 107:Drivers/CMSIS/Include/cmsis_gcc.h ****   #pragma GCC diagnostic pop
 108:Drivers/CMSIS/Include/cmsis_gcc.h ****   #define __UNALIGNED_UINT32_READ(addr)          (((const struct T_UINT32_READ *)(const void *)(add
 109:Drivers/CMSIS/Include/cmsis_gcc.h **** #endif
 110:Drivers/CMSIS/Include/cmsis_gcc.h **** #ifndef   __ALIGNED
 111:Drivers/CMSIS/Include/cmsis_gcc.h ****   #define __ALIGNED(x)                           __attribute__((aligned(x)))
 112:Drivers/CMSIS/Include/cmsis_gcc.h **** #endif
 113:Drivers/CMSIS/Include/cmsis_gcc.h **** #ifndef   __RESTRICT
 114:Drivers/CMSIS/Include/cmsis_gcc.h ****   #define __RESTRICT                             __restrict
 115:Drivers/CMSIS/Include/cmsis_gcc.h **** #endif
 116:Drivers/CMSIS/Include/cmsis_gcc.h **** #ifndef   __COMPILER_BARRIER
 117:Drivers/CMSIS/Include/cmsis_gcc.h ****   #define __COMPILER_BARRIER()                   __ASM volatile("":::"memory")
 118:Drivers/CMSIS/Include/cmsis_gcc.h **** #endif
 119:Drivers/CMSIS/Include/cmsis_gcc.h **** 
 120:Drivers/CMSIS/Include/cmsis_gcc.h **** /* #########################  Startup and Lowlevel Init  ######################## */
 121:Drivers/CMSIS/Include/cmsis_gcc.h **** 
 122:Drivers/CMSIS/Include/cmsis_gcc.h **** #ifndef __PROGRAM_START
 123:Drivers/CMSIS/Include/cmsis_gcc.h **** 
 124:Drivers/CMSIS/Include/cmsis_gcc.h **** /**
ARM GAS  C:\Users\843E~1\AppData\Local\Temp\ccqRcBAU.s 			page 5


 125:Drivers/CMSIS/Include/cmsis_gcc.h ****   \brief   Initializes data and bss sections
 126:Drivers/CMSIS/Include/cmsis_gcc.h ****   \details This default implementations initialized all data and additional bss
 127:Drivers/CMSIS/Include/cmsis_gcc.h ****            sections relying on .copy.table and .zero.table specified properly
 128:Drivers/CMSIS/Include/cmsis_gcc.h ****            in the used linker script.
 129:Drivers/CMSIS/Include/cmsis_gcc.h ****   
 130:Drivers/CMSIS/Include/cmsis_gcc.h ****  */
 131:Drivers/CMSIS/Include/cmsis_gcc.h **** __STATIC_FORCEINLINE __NO_RETURN void __cmsis_start(void)
 132:Drivers/CMSIS/Include/cmsis_gcc.h **** {
 133:Drivers/CMSIS/Include/cmsis_gcc.h ****   extern void _start(void) __NO_RETURN;
 134:Drivers/CMSIS/Include/cmsis_gcc.h ****   
 135:Drivers/CMSIS/Include/cmsis_gcc.h ****   typedef struct {
 136:Drivers/CMSIS/Include/cmsis_gcc.h ****     uint32_t const* src;
 137:Drivers/CMSIS/Include/cmsis_gcc.h ****     uint32_t* dest;
 138:Drivers/CMSIS/Include/cmsis_gcc.h ****     uint32_t  wlen;
 139:Drivers/CMSIS/Include/cmsis_gcc.h ****   } __copy_table_t;
 140:Drivers/CMSIS/Include/cmsis_gcc.h ****   
 141:Drivers/CMSIS/Include/cmsis_gcc.h ****   typedef struct {
 142:Drivers/CMSIS/Include/cmsis_gcc.h ****     uint32_t* dest;
 143:Drivers/CMSIS/Include/cmsis_gcc.h ****     uint32_t  wlen;
 144:Drivers/CMSIS/Include/cmsis_gcc.h ****   } __zero_table_t;
 145:Drivers/CMSIS/Include/cmsis_gcc.h ****   
 146:Drivers/CMSIS/Include/cmsis_gcc.h ****   extern const __copy_table_t __copy_table_start__;
 147:Drivers/CMSIS/Include/cmsis_gcc.h ****   extern const __copy_table_t __copy_table_end__;
 148:Drivers/CMSIS/Include/cmsis_gcc.h ****   extern const __zero_table_t __zero_table_start__;
 149:Drivers/CMSIS/Include/cmsis_gcc.h ****   extern const __zero_table_t __zero_table_end__;
 150:Drivers/CMSIS/Include/cmsis_gcc.h **** 
 151:Drivers/CMSIS/Include/cmsis_gcc.h ****   for (__copy_table_t const* pTable = &__copy_table_start__; pTable < &__copy_table_end__; ++pTable
 152:Drivers/CMSIS/Include/cmsis_gcc.h ****     for(uint32_t i=0u; i<pTable->wlen; ++i) {
 153:Drivers/CMSIS/Include/cmsis_gcc.h ****       pTable->dest[i] = pTable->src[i];
 154:Drivers/CMSIS/Include/cmsis_gcc.h ****     }
 155:Drivers/CMSIS/Include/cmsis_gcc.h ****   }
 156:Drivers/CMSIS/Include/cmsis_gcc.h ****  
 157:Drivers/CMSIS/Include/cmsis_gcc.h ****   for (__zero_table_t const* pTable = &__zero_table_start__; pTable < &__zero_table_end__; ++pTable
 158:Drivers/CMSIS/Include/cmsis_gcc.h ****     for(uint32_t i=0u; i<pTable->wlen; ++i) {
 159:Drivers/CMSIS/Include/cmsis_gcc.h ****       pTable->dest[i] = 0u;
 160:Drivers/CMSIS/Include/cmsis_gcc.h ****     }
 161:Drivers/CMSIS/Include/cmsis_gcc.h ****   }
 162:Drivers/CMSIS/Include/cmsis_gcc.h ****  
 163:Drivers/CMSIS/Include/cmsis_gcc.h ****   _start();
 164:Drivers/CMSIS/Include/cmsis_gcc.h **** }
 165:Drivers/CMSIS/Include/cmsis_gcc.h ****   
 166:Drivers/CMSIS/Include/cmsis_gcc.h **** #define __PROGRAM_START           __cmsis_start
 167:Drivers/CMSIS/Include/cmsis_gcc.h **** #endif
 168:Drivers/CMSIS/Include/cmsis_gcc.h **** 
 169:Drivers/CMSIS/Include/cmsis_gcc.h **** #ifndef __INITIAL_SP
 170:Drivers/CMSIS/Include/cmsis_gcc.h **** #define __INITIAL_SP              __StackTop
 171:Drivers/CMSIS/Include/cmsis_gcc.h **** #endif
 172:Drivers/CMSIS/Include/cmsis_gcc.h **** 
 173:Drivers/CMSIS/Include/cmsis_gcc.h **** #ifndef __STACK_LIMIT
 174:Drivers/CMSIS/Include/cmsis_gcc.h **** #define __STACK_LIMIT             __StackLimit
 175:Drivers/CMSIS/Include/cmsis_gcc.h **** #endif
 176:Drivers/CMSIS/Include/cmsis_gcc.h **** 
 177:Drivers/CMSIS/Include/cmsis_gcc.h **** #ifndef __VECTOR_TABLE
 178:Drivers/CMSIS/Include/cmsis_gcc.h **** #define __VECTOR_TABLE            __Vectors
 179:Drivers/CMSIS/Include/cmsis_gcc.h **** #endif
 180:Drivers/CMSIS/Include/cmsis_gcc.h **** 
 181:Drivers/CMSIS/Include/cmsis_gcc.h **** #ifndef __VECTOR_TABLE_ATTRIBUTE
ARM GAS  C:\Users\843E~1\AppData\Local\Temp\ccqRcBAU.s 			page 6


 182:Drivers/CMSIS/Include/cmsis_gcc.h **** #define __VECTOR_TABLE_ATTRIBUTE  __attribute((used, section(".vectors")))
 183:Drivers/CMSIS/Include/cmsis_gcc.h **** #endif
 184:Drivers/CMSIS/Include/cmsis_gcc.h **** 
 185:Drivers/CMSIS/Include/cmsis_gcc.h **** /* ###########################  Core Function Access  ########################### */
 186:Drivers/CMSIS/Include/cmsis_gcc.h **** /** \ingroup  CMSIS_Core_FunctionInterface
 187:Drivers/CMSIS/Include/cmsis_gcc.h ****     \defgroup CMSIS_Core_RegAccFunctions CMSIS Core Register Access Functions
 188:Drivers/CMSIS/Include/cmsis_gcc.h ****   @{
 189:Drivers/CMSIS/Include/cmsis_gcc.h ****  */
 190:Drivers/CMSIS/Include/cmsis_gcc.h **** 
 191:Drivers/CMSIS/Include/cmsis_gcc.h **** /**
 192:Drivers/CMSIS/Include/cmsis_gcc.h ****   \brief   Enable IRQ Interrupts
 193:Drivers/CMSIS/Include/cmsis_gcc.h ****   \details Enables IRQ interrupts by clearing the I-bit in the CPSR.
 194:Drivers/CMSIS/Include/cmsis_gcc.h ****            Can only be executed in Privileged modes.
 195:Drivers/CMSIS/Include/cmsis_gcc.h ****  */
 196:Drivers/CMSIS/Include/cmsis_gcc.h **** __STATIC_FORCEINLINE void __enable_irq(void)
 197:Drivers/CMSIS/Include/cmsis_gcc.h **** {
 198:Drivers/CMSIS/Include/cmsis_gcc.h ****   __ASM volatile ("cpsie i" : : : "memory");
 199:Drivers/CMSIS/Include/cmsis_gcc.h **** }
 200:Drivers/CMSIS/Include/cmsis_gcc.h **** 
 201:Drivers/CMSIS/Include/cmsis_gcc.h **** 
 202:Drivers/CMSIS/Include/cmsis_gcc.h **** /**
 203:Drivers/CMSIS/Include/cmsis_gcc.h ****   \brief   Disable IRQ Interrupts
 204:Drivers/CMSIS/Include/cmsis_gcc.h ****   \details Disables IRQ interrupts by setting the I-bit in the CPSR.
 205:Drivers/CMSIS/Include/cmsis_gcc.h ****            Can only be executed in Privileged modes.
 206:Drivers/CMSIS/Include/cmsis_gcc.h ****  */
 207:Drivers/CMSIS/Include/cmsis_gcc.h **** __STATIC_FORCEINLINE void __disable_irq(void)
 208:Drivers/CMSIS/Include/cmsis_gcc.h **** {
 209:Drivers/CMSIS/Include/cmsis_gcc.h ****   __ASM volatile ("cpsid i" : : : "memory");
 210:Drivers/CMSIS/Include/cmsis_gcc.h **** }
 211:Drivers/CMSIS/Include/cmsis_gcc.h **** 
 212:Drivers/CMSIS/Include/cmsis_gcc.h **** 
 213:Drivers/CMSIS/Include/cmsis_gcc.h **** /**
 214:Drivers/CMSIS/Include/cmsis_gcc.h ****   \brief   Get Control Register
 215:Drivers/CMSIS/Include/cmsis_gcc.h ****   \details Returns the content of the Control Register.
 216:Drivers/CMSIS/Include/cmsis_gcc.h ****   \return               Control Register value
 217:Drivers/CMSIS/Include/cmsis_gcc.h ****  */
 218:Drivers/CMSIS/Include/cmsis_gcc.h **** __STATIC_FORCEINLINE uint32_t __get_CONTROL(void)
 219:Drivers/CMSIS/Include/cmsis_gcc.h **** {
 220:Drivers/CMSIS/Include/cmsis_gcc.h ****   uint32_t result;
 221:Drivers/CMSIS/Include/cmsis_gcc.h **** 
 222:Drivers/CMSIS/Include/cmsis_gcc.h ****   __ASM volatile ("MRS %0, control" : "=r" (result) );
 223:Drivers/CMSIS/Include/cmsis_gcc.h ****   return(result);
 224:Drivers/CMSIS/Include/cmsis_gcc.h **** }
 225:Drivers/CMSIS/Include/cmsis_gcc.h **** 
 226:Drivers/CMSIS/Include/cmsis_gcc.h **** 
 227:Drivers/CMSIS/Include/cmsis_gcc.h **** #if (defined (__ARM_FEATURE_CMSE ) && (__ARM_FEATURE_CMSE == 3))
 228:Drivers/CMSIS/Include/cmsis_gcc.h **** /**
 229:Drivers/CMSIS/Include/cmsis_gcc.h ****   \brief   Get Control Register (non-secure)
 230:Drivers/CMSIS/Include/cmsis_gcc.h ****   \details Returns the content of the non-secure Control Register when in secure mode.
 231:Drivers/CMSIS/Include/cmsis_gcc.h ****   \return               non-secure Control Register value
 232:Drivers/CMSIS/Include/cmsis_gcc.h ****  */
 233:Drivers/CMSIS/Include/cmsis_gcc.h **** __STATIC_FORCEINLINE uint32_t __TZ_get_CONTROL_NS(void)
 234:Drivers/CMSIS/Include/cmsis_gcc.h **** {
 235:Drivers/CMSIS/Include/cmsis_gcc.h ****   uint32_t result;
 236:Drivers/CMSIS/Include/cmsis_gcc.h **** 
 237:Drivers/CMSIS/Include/cmsis_gcc.h ****   __ASM volatile ("MRS %0, control_ns" : "=r" (result) );
 238:Drivers/CMSIS/Include/cmsis_gcc.h ****   return(result);
ARM GAS  C:\Users\843E~1\AppData\Local\Temp\ccqRcBAU.s 			page 7


 239:Drivers/CMSIS/Include/cmsis_gcc.h **** }
 240:Drivers/CMSIS/Include/cmsis_gcc.h **** #endif
 241:Drivers/CMSIS/Include/cmsis_gcc.h **** 
 242:Drivers/CMSIS/Include/cmsis_gcc.h **** 
 243:Drivers/CMSIS/Include/cmsis_gcc.h **** /**
 244:Drivers/CMSIS/Include/cmsis_gcc.h ****   \brief   Set Control Register
 245:Drivers/CMSIS/Include/cmsis_gcc.h ****   \details Writes the given value to the Control Register.
 246:Drivers/CMSIS/Include/cmsis_gcc.h ****   \param [in]    control  Control Register value to set
 247:Drivers/CMSIS/Include/cmsis_gcc.h ****  */
 248:Drivers/CMSIS/Include/cmsis_gcc.h **** __STATIC_FORCEINLINE void __set_CONTROL(uint32_t control)
 249:Drivers/CMSIS/Include/cmsis_gcc.h **** {
 250:Drivers/CMSIS/Include/cmsis_gcc.h ****   __ASM volatile ("MSR control, %0" : : "r" (control) : "memory");
 251:Drivers/CMSIS/Include/cmsis_gcc.h **** }
 252:Drivers/CMSIS/Include/cmsis_gcc.h **** 
 253:Drivers/CMSIS/Include/cmsis_gcc.h **** 
 254:Drivers/CMSIS/Include/cmsis_gcc.h **** #if (defined (__ARM_FEATURE_CMSE ) && (__ARM_FEATURE_CMSE == 3))
 255:Drivers/CMSIS/Include/cmsis_gcc.h **** /**
 256:Drivers/CMSIS/Include/cmsis_gcc.h ****   \brief   Set Control Register (non-secure)
 257:Drivers/CMSIS/Include/cmsis_gcc.h ****   \details Writes the given value to the non-secure Control Register when in secure state.
 258:Drivers/CMSIS/Include/cmsis_gcc.h ****   \param [in]    control  Control Register value to set
 259:Drivers/CMSIS/Include/cmsis_gcc.h ****  */
 260:Drivers/CMSIS/Include/cmsis_gcc.h **** __STATIC_FORCEINLINE void __TZ_set_CONTROL_NS(uint32_t control)
 261:Drivers/CMSIS/Include/cmsis_gcc.h **** {
 262:Drivers/CMSIS/Include/cmsis_gcc.h ****   __ASM volatile ("MSR control_ns, %0" : : "r" (control) : "memory");
 263:Drivers/CMSIS/Include/cmsis_gcc.h **** }
 264:Drivers/CMSIS/Include/cmsis_gcc.h **** #endif
 265:Drivers/CMSIS/Include/cmsis_gcc.h **** 
 266:Drivers/CMSIS/Include/cmsis_gcc.h **** 
 267:Drivers/CMSIS/Include/cmsis_gcc.h **** /**
 268:Drivers/CMSIS/Include/cmsis_gcc.h ****   \brief   Get IPSR Register
 269:Drivers/CMSIS/Include/cmsis_gcc.h ****   \details Returns the content of the IPSR Register.
 270:Drivers/CMSIS/Include/cmsis_gcc.h ****   \return               IPSR Register value
 271:Drivers/CMSIS/Include/cmsis_gcc.h ****  */
 272:Drivers/CMSIS/Include/cmsis_gcc.h **** __STATIC_FORCEINLINE uint32_t __get_IPSR(void)
 273:Drivers/CMSIS/Include/cmsis_gcc.h **** {
 274:Drivers/CMSIS/Include/cmsis_gcc.h ****   uint32_t result;
 275:Drivers/CMSIS/Include/cmsis_gcc.h **** 
 276:Drivers/CMSIS/Include/cmsis_gcc.h ****   __ASM volatile ("MRS %0, ipsr" : "=r" (result) );
 277:Drivers/CMSIS/Include/cmsis_gcc.h ****   return(result);
 278:Drivers/CMSIS/Include/cmsis_gcc.h **** }
 279:Drivers/CMSIS/Include/cmsis_gcc.h **** 
 280:Drivers/CMSIS/Include/cmsis_gcc.h **** 
 281:Drivers/CMSIS/Include/cmsis_gcc.h **** /**
 282:Drivers/CMSIS/Include/cmsis_gcc.h ****   \brief   Get APSR Register
 283:Drivers/CMSIS/Include/cmsis_gcc.h ****   \details Returns the content of the APSR Register.
 284:Drivers/CMSIS/Include/cmsis_gcc.h ****   \return               APSR Register value
 285:Drivers/CMSIS/Include/cmsis_gcc.h ****  */
 286:Drivers/CMSIS/Include/cmsis_gcc.h **** __STATIC_FORCEINLINE uint32_t __get_APSR(void)
 287:Drivers/CMSIS/Include/cmsis_gcc.h **** {
 288:Drivers/CMSIS/Include/cmsis_gcc.h ****   uint32_t result;
 289:Drivers/CMSIS/Include/cmsis_gcc.h **** 
 290:Drivers/CMSIS/Include/cmsis_gcc.h ****   __ASM volatile ("MRS %0, apsr" : "=r" (result) );
 291:Drivers/CMSIS/Include/cmsis_gcc.h ****   return(result);
 292:Drivers/CMSIS/Include/cmsis_gcc.h **** }
 293:Drivers/CMSIS/Include/cmsis_gcc.h **** 
 294:Drivers/CMSIS/Include/cmsis_gcc.h **** 
 295:Drivers/CMSIS/Include/cmsis_gcc.h **** /**
ARM GAS  C:\Users\843E~1\AppData\Local\Temp\ccqRcBAU.s 			page 8


 296:Drivers/CMSIS/Include/cmsis_gcc.h ****   \brief   Get xPSR Register
 297:Drivers/CMSIS/Include/cmsis_gcc.h ****   \details Returns the content of the xPSR Register.
 298:Drivers/CMSIS/Include/cmsis_gcc.h ****   \return               xPSR Register value
 299:Drivers/CMSIS/Include/cmsis_gcc.h ****  */
 300:Drivers/CMSIS/Include/cmsis_gcc.h **** __STATIC_FORCEINLINE uint32_t __get_xPSR(void)
 301:Drivers/CMSIS/Include/cmsis_gcc.h **** {
 302:Drivers/CMSIS/Include/cmsis_gcc.h ****   uint32_t result;
 303:Drivers/CMSIS/Include/cmsis_gcc.h **** 
 304:Drivers/CMSIS/Include/cmsis_gcc.h ****   __ASM volatile ("MRS %0, xpsr" : "=r" (result) );
 305:Drivers/CMSIS/Include/cmsis_gcc.h ****   return(result);
 306:Drivers/CMSIS/Include/cmsis_gcc.h **** }
 307:Drivers/CMSIS/Include/cmsis_gcc.h **** 
 308:Drivers/CMSIS/Include/cmsis_gcc.h **** 
 309:Drivers/CMSIS/Include/cmsis_gcc.h **** /**
 310:Drivers/CMSIS/Include/cmsis_gcc.h ****   \brief   Get Process Stack Pointer
 311:Drivers/CMSIS/Include/cmsis_gcc.h ****   \details Returns the current value of the Process Stack Pointer (PSP).
 312:Drivers/CMSIS/Include/cmsis_gcc.h ****   \return               PSP Register value
 313:Drivers/CMSIS/Include/cmsis_gcc.h ****  */
 314:Drivers/CMSIS/Include/cmsis_gcc.h **** __STATIC_FORCEINLINE uint32_t __get_PSP(void)
 315:Drivers/CMSIS/Include/cmsis_gcc.h **** {
 316:Drivers/CMSIS/Include/cmsis_gcc.h ****   uint32_t result;
 317:Drivers/CMSIS/Include/cmsis_gcc.h **** 
 318:Drivers/CMSIS/Include/cmsis_gcc.h ****   __ASM volatile ("MRS %0, psp"  : "=r" (result) );
 319:Drivers/CMSIS/Include/cmsis_gcc.h ****   return(result);
 320:Drivers/CMSIS/Include/cmsis_gcc.h **** }
 321:Drivers/CMSIS/Include/cmsis_gcc.h **** 
 322:Drivers/CMSIS/Include/cmsis_gcc.h **** 
 323:Drivers/CMSIS/Include/cmsis_gcc.h **** #if (defined (__ARM_FEATURE_CMSE ) && (__ARM_FEATURE_CMSE == 3))
 324:Drivers/CMSIS/Include/cmsis_gcc.h **** /**
 325:Drivers/CMSIS/Include/cmsis_gcc.h ****   \brief   Get Process Stack Pointer (non-secure)
 326:Drivers/CMSIS/Include/cmsis_gcc.h ****   \details Returns the current value of the non-secure Process Stack Pointer (PSP) when in secure s
 327:Drivers/CMSIS/Include/cmsis_gcc.h ****   \return               PSP Register value
 328:Drivers/CMSIS/Include/cmsis_gcc.h ****  */
 329:Drivers/CMSIS/Include/cmsis_gcc.h **** __STATIC_FORCEINLINE uint32_t __TZ_get_PSP_NS(void)
 330:Drivers/CMSIS/Include/cmsis_gcc.h **** {
 331:Drivers/CMSIS/Include/cmsis_gcc.h ****   uint32_t result;
 332:Drivers/CMSIS/Include/cmsis_gcc.h **** 
 333:Drivers/CMSIS/Include/cmsis_gcc.h ****   __ASM volatile ("MRS %0, psp_ns"  : "=r" (result) );
 334:Drivers/CMSIS/Include/cmsis_gcc.h ****   return(result);
 335:Drivers/CMSIS/Include/cmsis_gcc.h **** }
 336:Drivers/CMSIS/Include/cmsis_gcc.h **** #endif
 337:Drivers/CMSIS/Include/cmsis_gcc.h **** 
 338:Drivers/CMSIS/Include/cmsis_gcc.h **** 
 339:Drivers/CMSIS/Include/cmsis_gcc.h **** /**
 340:Drivers/CMSIS/Include/cmsis_gcc.h ****   \brief   Set Process Stack Pointer
 341:Drivers/CMSIS/Include/cmsis_gcc.h ****   \details Assigns the given value to the Process Stack Pointer (PSP).
 342:Drivers/CMSIS/Include/cmsis_gcc.h ****   \param [in]    topOfProcStack  Process Stack Pointer value to set
 343:Drivers/CMSIS/Include/cmsis_gcc.h ****  */
 344:Drivers/CMSIS/Include/cmsis_gcc.h **** __STATIC_FORCEINLINE void __set_PSP(uint32_t topOfProcStack)
 345:Drivers/CMSIS/Include/cmsis_gcc.h **** {
 346:Drivers/CMSIS/Include/cmsis_gcc.h ****   __ASM volatile ("MSR psp, %0" : : "r" (topOfProcStack) : );
 347:Drivers/CMSIS/Include/cmsis_gcc.h **** }
 348:Drivers/CMSIS/Include/cmsis_gcc.h **** 
 349:Drivers/CMSIS/Include/cmsis_gcc.h **** 
 350:Drivers/CMSIS/Include/cmsis_gcc.h **** #if (defined (__ARM_FEATURE_CMSE ) && (__ARM_FEATURE_CMSE == 3))
 351:Drivers/CMSIS/Include/cmsis_gcc.h **** /**
 352:Drivers/CMSIS/Include/cmsis_gcc.h ****   \brief   Set Process Stack Pointer (non-secure)
ARM GAS  C:\Users\843E~1\AppData\Local\Temp\ccqRcBAU.s 			page 9


 353:Drivers/CMSIS/Include/cmsis_gcc.h ****   \details Assigns the given value to the non-secure Process Stack Pointer (PSP) when in secure sta
 354:Drivers/CMSIS/Include/cmsis_gcc.h ****   \param [in]    topOfProcStack  Process Stack Pointer value to set
 355:Drivers/CMSIS/Include/cmsis_gcc.h ****  */
 356:Drivers/CMSIS/Include/cmsis_gcc.h **** __STATIC_FORCEINLINE void __TZ_set_PSP_NS(uint32_t topOfProcStack)
 357:Drivers/CMSIS/Include/cmsis_gcc.h **** {
 358:Drivers/CMSIS/Include/cmsis_gcc.h ****   __ASM volatile ("MSR psp_ns, %0" : : "r" (topOfProcStack) : );
 359:Drivers/CMSIS/Include/cmsis_gcc.h **** }
 360:Drivers/CMSIS/Include/cmsis_gcc.h **** #endif
 361:Drivers/CMSIS/Include/cmsis_gcc.h **** 
 362:Drivers/CMSIS/Include/cmsis_gcc.h **** 
 363:Drivers/CMSIS/Include/cmsis_gcc.h **** /**
 364:Drivers/CMSIS/Include/cmsis_gcc.h ****   \brief   Get Main Stack Pointer
 365:Drivers/CMSIS/Include/cmsis_gcc.h ****   \details Returns the current value of the Main Stack Pointer (MSP).
 366:Drivers/CMSIS/Include/cmsis_gcc.h ****   \return               MSP Register value
 367:Drivers/CMSIS/Include/cmsis_gcc.h ****  */
 368:Drivers/CMSIS/Include/cmsis_gcc.h **** __STATIC_FORCEINLINE uint32_t __get_MSP(void)
 369:Drivers/CMSIS/Include/cmsis_gcc.h **** {
 370:Drivers/CMSIS/Include/cmsis_gcc.h ****   uint32_t result;
 371:Drivers/CMSIS/Include/cmsis_gcc.h **** 
 372:Drivers/CMSIS/Include/cmsis_gcc.h ****   __ASM volatile ("MRS %0, msp" : "=r" (result) );
 373:Drivers/CMSIS/Include/cmsis_gcc.h ****   return(result);
 374:Drivers/CMSIS/Include/cmsis_gcc.h **** }
 375:Drivers/CMSIS/Include/cmsis_gcc.h **** 
 376:Drivers/CMSIS/Include/cmsis_gcc.h **** 
 377:Drivers/CMSIS/Include/cmsis_gcc.h **** #if (defined (__ARM_FEATURE_CMSE ) && (__ARM_FEATURE_CMSE == 3))
 378:Drivers/CMSIS/Include/cmsis_gcc.h **** /**
 379:Drivers/CMSIS/Include/cmsis_gcc.h ****   \brief   Get Main Stack Pointer (non-secure)
 380:Drivers/CMSIS/Include/cmsis_gcc.h ****   \details Returns the current value of the non-secure Main Stack Pointer (MSP) when in secure stat
 381:Drivers/CMSIS/Include/cmsis_gcc.h ****   \return               MSP Register value
 382:Drivers/CMSIS/Include/cmsis_gcc.h ****  */
 383:Drivers/CMSIS/Include/cmsis_gcc.h **** __STATIC_FORCEINLINE uint32_t __TZ_get_MSP_NS(void)
 384:Drivers/CMSIS/Include/cmsis_gcc.h **** {
 385:Drivers/CMSIS/Include/cmsis_gcc.h ****   uint32_t result;
 386:Drivers/CMSIS/Include/cmsis_gcc.h **** 
 387:Drivers/CMSIS/Include/cmsis_gcc.h ****   __ASM volatile ("MRS %0, msp_ns" : "=r" (result) );
 388:Drivers/CMSIS/Include/cmsis_gcc.h ****   return(result);
 389:Drivers/CMSIS/Include/cmsis_gcc.h **** }
 390:Drivers/CMSIS/Include/cmsis_gcc.h **** #endif
 391:Drivers/CMSIS/Include/cmsis_gcc.h **** 
 392:Drivers/CMSIS/Include/cmsis_gcc.h **** 
 393:Drivers/CMSIS/Include/cmsis_gcc.h **** /**
 394:Drivers/CMSIS/Include/cmsis_gcc.h ****   \brief   Set Main Stack Pointer
 395:Drivers/CMSIS/Include/cmsis_gcc.h ****   \details Assigns the given value to the Main Stack Pointer (MSP).
 396:Drivers/CMSIS/Include/cmsis_gcc.h ****   \param [in]    topOfMainStack  Main Stack Pointer value to set
 397:Drivers/CMSIS/Include/cmsis_gcc.h ****  */
 398:Drivers/CMSIS/Include/cmsis_gcc.h **** __STATIC_FORCEINLINE void __set_MSP(uint32_t topOfMainStack)
 399:Drivers/CMSIS/Include/cmsis_gcc.h **** {
 400:Drivers/CMSIS/Include/cmsis_gcc.h ****   __ASM volatile ("MSR msp, %0" : : "r" (topOfMainStack) : );
 401:Drivers/CMSIS/Include/cmsis_gcc.h **** }
 402:Drivers/CMSIS/Include/cmsis_gcc.h **** 
 403:Drivers/CMSIS/Include/cmsis_gcc.h **** 
 404:Drivers/CMSIS/Include/cmsis_gcc.h **** #if (defined (__ARM_FEATURE_CMSE ) && (__ARM_FEATURE_CMSE == 3))
 405:Drivers/CMSIS/Include/cmsis_gcc.h **** /**
 406:Drivers/CMSIS/Include/cmsis_gcc.h ****   \brief   Set Main Stack Pointer (non-secure)
 407:Drivers/CMSIS/Include/cmsis_gcc.h ****   \details Assigns the given value to the non-secure Main Stack Pointer (MSP) when in secure state.
 408:Drivers/CMSIS/Include/cmsis_gcc.h ****   \param [in]    topOfMainStack  Main Stack Pointer value to set
 409:Drivers/CMSIS/Include/cmsis_gcc.h ****  */
ARM GAS  C:\Users\843E~1\AppData\Local\Temp\ccqRcBAU.s 			page 10


 410:Drivers/CMSIS/Include/cmsis_gcc.h **** __STATIC_FORCEINLINE void __TZ_set_MSP_NS(uint32_t topOfMainStack)
 411:Drivers/CMSIS/Include/cmsis_gcc.h **** {
 412:Drivers/CMSIS/Include/cmsis_gcc.h ****   __ASM volatile ("MSR msp_ns, %0" : : "r" (topOfMainStack) : );
 413:Drivers/CMSIS/Include/cmsis_gcc.h **** }
 414:Drivers/CMSIS/Include/cmsis_gcc.h **** #endif
 415:Drivers/CMSIS/Include/cmsis_gcc.h **** 
 416:Drivers/CMSIS/Include/cmsis_gcc.h **** 
 417:Drivers/CMSIS/Include/cmsis_gcc.h **** #if (defined (__ARM_FEATURE_CMSE ) && (__ARM_FEATURE_CMSE == 3))
 418:Drivers/CMSIS/Include/cmsis_gcc.h **** /**
 419:Drivers/CMSIS/Include/cmsis_gcc.h ****   \brief   Get Stack Pointer (non-secure)
 420:Drivers/CMSIS/Include/cmsis_gcc.h ****   \details Returns the current value of the non-secure Stack Pointer (SP) when in secure state.
 421:Drivers/CMSIS/Include/cmsis_gcc.h ****   \return               SP Register value
 422:Drivers/CMSIS/Include/cmsis_gcc.h ****  */
 423:Drivers/CMSIS/Include/cmsis_gcc.h **** __STATIC_FORCEINLINE uint32_t __TZ_get_SP_NS(void)
 424:Drivers/CMSIS/Include/cmsis_gcc.h **** {
 425:Drivers/CMSIS/Include/cmsis_gcc.h ****   uint32_t result;
 426:Drivers/CMSIS/Include/cmsis_gcc.h **** 
 427:Drivers/CMSIS/Include/cmsis_gcc.h ****   __ASM volatile ("MRS %0, sp_ns" : "=r" (result) );
 428:Drivers/CMSIS/Include/cmsis_gcc.h ****   return(result);
 429:Drivers/CMSIS/Include/cmsis_gcc.h **** }
 430:Drivers/CMSIS/Include/cmsis_gcc.h **** 
 431:Drivers/CMSIS/Include/cmsis_gcc.h **** 
 432:Drivers/CMSIS/Include/cmsis_gcc.h **** /**
 433:Drivers/CMSIS/Include/cmsis_gcc.h ****   \brief   Set Stack Pointer (non-secure)
 434:Drivers/CMSIS/Include/cmsis_gcc.h ****   \details Assigns the given value to the non-secure Stack Pointer (SP) when in secure state.
 435:Drivers/CMSIS/Include/cmsis_gcc.h ****   \param [in]    topOfStack  Stack Pointer value to set
 436:Drivers/CMSIS/Include/cmsis_gcc.h ****  */
 437:Drivers/CMSIS/Include/cmsis_gcc.h **** __STATIC_FORCEINLINE void __TZ_set_SP_NS(uint32_t topOfStack)
 438:Drivers/CMSIS/Include/cmsis_gcc.h **** {
 439:Drivers/CMSIS/Include/cmsis_gcc.h ****   __ASM volatile ("MSR sp_ns, %0" : : "r" (topOfStack) : );
 440:Drivers/CMSIS/Include/cmsis_gcc.h **** }
 441:Drivers/CMSIS/Include/cmsis_gcc.h **** #endif
 442:Drivers/CMSIS/Include/cmsis_gcc.h **** 
 443:Drivers/CMSIS/Include/cmsis_gcc.h **** 
 444:Drivers/CMSIS/Include/cmsis_gcc.h **** /**
 445:Drivers/CMSIS/Include/cmsis_gcc.h ****   \brief   Get Priority Mask
 446:Drivers/CMSIS/Include/cmsis_gcc.h ****   \details Returns the current state of the priority mask bit from the Priority Mask Register.
 447:Drivers/CMSIS/Include/cmsis_gcc.h ****   \return               Priority Mask value
 448:Drivers/CMSIS/Include/cmsis_gcc.h ****  */
 449:Drivers/CMSIS/Include/cmsis_gcc.h **** __STATIC_FORCEINLINE uint32_t __get_PRIMASK(void)
  67              		.loc 2 449 31 view .LVU10
  68              	.LBB69:
 450:Drivers/CMSIS/Include/cmsis_gcc.h **** {
 451:Drivers/CMSIS/Include/cmsis_gcc.h ****   uint32_t result;
  69              		.loc 2 451 3 view .LVU11
 452:Drivers/CMSIS/Include/cmsis_gcc.h **** 
 453:Drivers/CMSIS/Include/cmsis_gcc.h ****   __ASM volatile ("MRS %0, primask" : "=r" (result) :: "memory");
  70              		.loc 2 453 3 view .LVU12
  71              		.syntax unified
  72              	@ 453 "Drivers/CMSIS/Include/cmsis_gcc.h" 1
  73 0000 EFF31083 		MRS r3, primask
  74              	@ 0 "" 2
  75              	.LVL2:
 454:Drivers/CMSIS/Include/cmsis_gcc.h ****   return(result);
  76              		.loc 2 454 3 view .LVU13
  77              		.loc 2 454 3 is_stmt 0 view .LVU14
  78              		.thumb
ARM GAS  C:\Users\843E~1\AppData\Local\Temp\ccqRcBAU.s 			page 11


  79              		.syntax unified
  80              	.LBE69:
  81              	.LBE68:
  42:Middlewares/ST/STM32_WPAN/utilities/stm_list.c ****   __disable_irq();                  /**< Disable all interrupts by setting PRIMASK bit on Cortex*/
  82              		.loc 1 42 3 is_stmt 1 view .LVU15
  83              	.LBB70:
  84              	.LBI70:
 207:Drivers/CMSIS/Include/cmsis_gcc.h **** {
  85              		.loc 2 207 27 view .LVU16
  86              	.LBB71:
 209:Drivers/CMSIS/Include/cmsis_gcc.h **** }
  87              		.loc 2 209 3 view .LVU17
  88              		.syntax unified
  89              	@ 209 "Drivers/CMSIS/Include/cmsis_gcc.h" 1
  90 0004 72B6     		cpsid i
  91              	@ 0 "" 2
  92              		.thumb
  93              		.syntax unified
  94              	.LBE71:
  95              	.LBE70:
  43:Middlewares/ST/STM32_WPAN/utilities/stm_list.c ****   if(listHead->next == listHead)
  96              		.loc 1 43 3 view .LVU18
  97              		.loc 1 43 14 is_stmt 0 view .LVU19
  98 0006 0268     		ldr	r2, [r0]	@ unaligned
  99              		.loc 1 43 5 view .LVU20
 100 0008 8242     		cmp	r2, r0
 101 000a 03D0     		beq	.L5
  44:Middlewares/ST/STM32_WPAN/utilities/stm_list.c ****   {
  45:Middlewares/ST/STM32_WPAN/utilities/stm_list.c ****     return_value = TRUE;
  46:Middlewares/ST/STM32_WPAN/utilities/stm_list.c ****   }
  47:Middlewares/ST/STM32_WPAN/utilities/stm_list.c ****   else
  48:Middlewares/ST/STM32_WPAN/utilities/stm_list.c ****   {
  49:Middlewares/ST/STM32_WPAN/utilities/stm_list.c ****     return_value = FALSE;
 102              		.loc 1 49 18 view .LVU21
 103 000c 0020     		movs	r0, #0
 104              	.LVL3:
 105              	.L3:
  50:Middlewares/ST/STM32_WPAN/utilities/stm_list.c ****   }
  51:Middlewares/ST/STM32_WPAN/utilities/stm_list.c ****   __set_PRIMASK(primask_bit);     /**< Restore PRIMASK bit*/
 106              		.loc 1 51 3 is_stmt 1 view .LVU22
 107              	.LBB72:
 108              	.LBI72:
 455:Drivers/CMSIS/Include/cmsis_gcc.h **** }
 456:Drivers/CMSIS/Include/cmsis_gcc.h **** 
 457:Drivers/CMSIS/Include/cmsis_gcc.h **** 
 458:Drivers/CMSIS/Include/cmsis_gcc.h **** #if (defined (__ARM_FEATURE_CMSE ) && (__ARM_FEATURE_CMSE == 3))
 459:Drivers/CMSIS/Include/cmsis_gcc.h **** /**
 460:Drivers/CMSIS/Include/cmsis_gcc.h ****   \brief   Get Priority Mask (non-secure)
 461:Drivers/CMSIS/Include/cmsis_gcc.h ****   \details Returns the current state of the non-secure priority mask bit from the Priority Mask Reg
 462:Drivers/CMSIS/Include/cmsis_gcc.h ****   \return               Priority Mask value
 463:Drivers/CMSIS/Include/cmsis_gcc.h ****  */
 464:Drivers/CMSIS/Include/cmsis_gcc.h **** __STATIC_FORCEINLINE uint32_t __TZ_get_PRIMASK_NS(void)
 465:Drivers/CMSIS/Include/cmsis_gcc.h **** {
 466:Drivers/CMSIS/Include/cmsis_gcc.h ****   uint32_t result;
 467:Drivers/CMSIS/Include/cmsis_gcc.h **** 
 468:Drivers/CMSIS/Include/cmsis_gcc.h ****   __ASM volatile ("MRS %0, primask_ns" : "=r" (result) :: "memory");
 469:Drivers/CMSIS/Include/cmsis_gcc.h ****   return(result);
ARM GAS  C:\Users\843E~1\AppData\Local\Temp\ccqRcBAU.s 			page 12


 470:Drivers/CMSIS/Include/cmsis_gcc.h **** }
 471:Drivers/CMSIS/Include/cmsis_gcc.h **** #endif
 472:Drivers/CMSIS/Include/cmsis_gcc.h **** 
 473:Drivers/CMSIS/Include/cmsis_gcc.h **** 
 474:Drivers/CMSIS/Include/cmsis_gcc.h **** /**
 475:Drivers/CMSIS/Include/cmsis_gcc.h ****   \brief   Set Priority Mask
 476:Drivers/CMSIS/Include/cmsis_gcc.h ****   \details Assigns the given value to the Priority Mask Register.
 477:Drivers/CMSIS/Include/cmsis_gcc.h ****   \param [in]    priMask  Priority Mask
 478:Drivers/CMSIS/Include/cmsis_gcc.h ****  */
 479:Drivers/CMSIS/Include/cmsis_gcc.h **** __STATIC_FORCEINLINE void __set_PRIMASK(uint32_t priMask)
 109              		.loc 2 479 27 view .LVU23
 110              	.LBB73:
 480:Drivers/CMSIS/Include/cmsis_gcc.h **** {
 481:Drivers/CMSIS/Include/cmsis_gcc.h ****   __ASM volatile ("MSR primask, %0" : : "r" (priMask) : "memory");
 111              		.loc 2 481 3 view .LVU24
 112              		.syntax unified
 113              	@ 481 "Drivers/CMSIS/Include/cmsis_gcc.h" 1
 114 000e 83F31088 		MSR primask, r3
 115              	@ 0 "" 2
 116              	.LVL4:
 117              		.loc 2 481 3 is_stmt 0 view .LVU25
 118              		.thumb
 119              		.syntax unified
 120              	.LBE73:
 121              	.LBE72:
  52:Middlewares/ST/STM32_WPAN/utilities/stm_list.c **** 
  53:Middlewares/ST/STM32_WPAN/utilities/stm_list.c ****   return return_value;
 122              		.loc 1 53 3 is_stmt 1 view .LVU26
  54:Middlewares/ST/STM32_WPAN/utilities/stm_list.c **** }
 123              		.loc 1 54 1 is_stmt 0 view .LVU27
 124 0012 7047     		bx	lr
 125              	.LVL5:
 126              	.L5:
  45:Middlewares/ST/STM32_WPAN/utilities/stm_list.c ****   }
 127              		.loc 1 45 18 view .LVU28
 128 0014 0120     		movs	r0, #1
 129              	.LVL6:
  45:Middlewares/ST/STM32_WPAN/utilities/stm_list.c ****   }
 130              		.loc 1 45 18 view .LVU29
 131 0016 FAE7     		b	.L3
 132              		.cfi_endproc
 133              	.LFE1262:
 135              		.section	.text.LST_insert_head,"ax",%progbits
 136              		.align	1
 137              		.global	LST_insert_head
 138              		.syntax unified
 139              		.thumb
 140              		.thumb_func
 142              	LST_insert_head:
 143              	.LVL7:
 144              	.LFB1263:
  55:Middlewares/ST/STM32_WPAN/utilities/stm_list.c **** 
  56:Middlewares/ST/STM32_WPAN/utilities/stm_list.c **** void LST_insert_head (tListNode * listHead, tListNode * node)
  57:Middlewares/ST/STM32_WPAN/utilities/stm_list.c **** {
 145              		.loc 1 57 1 is_stmt 1 view -0
 146              		.cfi_startproc
 147              		@ args = 0, pretend = 0, frame = 0
ARM GAS  C:\Users\843E~1\AppData\Local\Temp\ccqRcBAU.s 			page 13


 148              		@ frame_needed = 0, uses_anonymous_args = 0
 149              		@ link register save eliminated.
  58:Middlewares/ST/STM32_WPAN/utilities/stm_list.c ****   uint32_t primask_bit;
 150              		.loc 1 58 3 view .LVU31
  59:Middlewares/ST/STM32_WPAN/utilities/stm_list.c **** 
  60:Middlewares/ST/STM32_WPAN/utilities/stm_list.c ****   primask_bit = __get_PRIMASK();  /**< backup PRIMASK bit */
 151              		.loc 1 60 3 view .LVU32
 152              	.LBB74:
 153              	.LBI74:
 449:Drivers/CMSIS/Include/cmsis_gcc.h **** {
 154              		.loc 2 449 31 view .LVU33
 155              	.LBB75:
 451:Drivers/CMSIS/Include/cmsis_gcc.h **** 
 156              		.loc 2 451 3 view .LVU34
 453:Drivers/CMSIS/Include/cmsis_gcc.h ****   return(result);
 157              		.loc 2 453 3 view .LVU35
 158              		.syntax unified
 159              	@ 453 "Drivers/CMSIS/Include/cmsis_gcc.h" 1
 160 0000 EFF31083 		MRS r3, primask
 161              	@ 0 "" 2
 162              	.LVL8:
 454:Drivers/CMSIS/Include/cmsis_gcc.h **** }
 163              		.loc 2 454 3 view .LVU36
 454:Drivers/CMSIS/Include/cmsis_gcc.h **** }
 164              		.loc 2 454 3 is_stmt 0 view .LVU37
 165              		.thumb
 166              		.syntax unified
 167              	.LBE75:
 168              	.LBE74:
  61:Middlewares/ST/STM32_WPAN/utilities/stm_list.c ****   __disable_irq();                  /**< Disable all interrupts by setting PRIMASK bit on Cortex*/
 169              		.loc 1 61 3 is_stmt 1 view .LVU38
 170              	.LBB76:
 171              	.LBI76:
 207:Drivers/CMSIS/Include/cmsis_gcc.h **** {
 172              		.loc 2 207 27 view .LVU39
 173              	.LBB77:
 209:Drivers/CMSIS/Include/cmsis_gcc.h **** }
 174              		.loc 2 209 3 view .LVU40
 175              		.syntax unified
 176              	@ 209 "Drivers/CMSIS/Include/cmsis_gcc.h" 1
 177 0004 72B6     		cpsid i
 178              	@ 0 "" 2
 179              		.thumb
 180              		.syntax unified
 181              	.LBE77:
 182              	.LBE76:
  62:Middlewares/ST/STM32_WPAN/utilities/stm_list.c **** 
  63:Middlewares/ST/STM32_WPAN/utilities/stm_list.c ****   node->next = listHead->next;
 183              		.loc 1 63 3 view .LVU41
 184              		.loc 1 63 24 is_stmt 0 view .LVU42
 185 0006 0268     		ldr	r2, [r0]	@ unaligned
 186              		.loc 1 63 14 view .LVU43
 187 0008 0A60     		str	r2, [r1]	@ unaligned
  64:Middlewares/ST/STM32_WPAN/utilities/stm_list.c ****   node->prev = listHead;
 188              		.loc 1 64 3 is_stmt 1 view .LVU44
 189              		.loc 1 64 14 is_stmt 0 view .LVU45
 190 000a 4860     		str	r0, [r1, #4]	@ unaligned
ARM GAS  C:\Users\843E~1\AppData\Local\Temp\ccqRcBAU.s 			page 14


  65:Middlewares/ST/STM32_WPAN/utilities/stm_list.c ****   listHead->next = node;
 191              		.loc 1 65 3 is_stmt 1 view .LVU46
 192              		.loc 1 65 18 is_stmt 0 view .LVU47
 193 000c 0160     		str	r1, [r0]	@ unaligned
  66:Middlewares/ST/STM32_WPAN/utilities/stm_list.c ****   (node->next)->prev = node;
 194              		.loc 1 66 3 is_stmt 1 view .LVU48
 195              		.loc 1 66 8 is_stmt 0 view .LVU49
 196 000e 0A68     		ldr	r2, [r1]	@ unaligned
 197              		.loc 1 66 22 view .LVU50
 198 0010 5160     		str	r1, [r2, #4]	@ unaligned
  67:Middlewares/ST/STM32_WPAN/utilities/stm_list.c **** 
  68:Middlewares/ST/STM32_WPAN/utilities/stm_list.c ****   __set_PRIMASK(primask_bit);     /**< Restore PRIMASK bit*/
 199              		.loc 1 68 3 is_stmt 1 view .LVU51
 200              	.LVL9:
 201              	.LBB78:
 202              	.LBI78:
 479:Drivers/CMSIS/Include/cmsis_gcc.h **** {
 203              		.loc 2 479 27 view .LVU52
 204              	.LBB79:
 205              		.loc 2 481 3 view .LVU53
 206              		.syntax unified
 207              	@ 481 "Drivers/CMSIS/Include/cmsis_gcc.h" 1
 208 0012 83F31088 		MSR primask, r3
 209              	@ 0 "" 2
 210              	.LVL10:
 211              		.loc 2 481 3 is_stmt 0 view .LVU54
 212              		.thumb
 213              		.syntax unified
 214              	.LBE79:
 215              	.LBE78:
  69:Middlewares/ST/STM32_WPAN/utilities/stm_list.c **** }
 216              		.loc 1 69 1 view .LVU55
 217 0016 7047     		bx	lr
 218              		.cfi_endproc
 219              	.LFE1263:
 221              		.section	.text.LST_insert_tail,"ax",%progbits
 222              		.align	1
 223              		.global	LST_insert_tail
 224              		.syntax unified
 225              		.thumb
 226              		.thumb_func
 228              	LST_insert_tail:
 229              	.LVL11:
 230              	.LFB1264:
  70:Middlewares/ST/STM32_WPAN/utilities/stm_list.c **** 
  71:Middlewares/ST/STM32_WPAN/utilities/stm_list.c **** 
  72:Middlewares/ST/STM32_WPAN/utilities/stm_list.c **** void LST_insert_tail (tListNode * listHead, tListNode * node)
  73:Middlewares/ST/STM32_WPAN/utilities/stm_list.c **** {
 231              		.loc 1 73 1 is_stmt 1 view -0
 232              		.cfi_startproc
 233              		@ args = 0, pretend = 0, frame = 0
 234              		@ frame_needed = 0, uses_anonymous_args = 0
 235              		@ link register save eliminated.
  74:Middlewares/ST/STM32_WPAN/utilities/stm_list.c ****   uint32_t primask_bit;
 236              		.loc 1 74 3 view .LVU57
  75:Middlewares/ST/STM32_WPAN/utilities/stm_list.c **** 
  76:Middlewares/ST/STM32_WPAN/utilities/stm_list.c ****   primask_bit = __get_PRIMASK();  /**< backup PRIMASK bit */
ARM GAS  C:\Users\843E~1\AppData\Local\Temp\ccqRcBAU.s 			page 15


 237              		.loc 1 76 3 view .LVU58
 238              	.LBB80:
 239              	.LBI80:
 449:Drivers/CMSIS/Include/cmsis_gcc.h **** {
 240              		.loc 2 449 31 view .LVU59
 241              	.LBB81:
 451:Drivers/CMSIS/Include/cmsis_gcc.h **** 
 242              		.loc 2 451 3 view .LVU60
 453:Drivers/CMSIS/Include/cmsis_gcc.h ****   return(result);
 243              		.loc 2 453 3 view .LVU61
 244              		.syntax unified
 245              	@ 453 "Drivers/CMSIS/Include/cmsis_gcc.h" 1
 246 0000 EFF31083 		MRS r3, primask
 247              	@ 0 "" 2
 248              	.LVL12:
 454:Drivers/CMSIS/Include/cmsis_gcc.h **** }
 249              		.loc 2 454 3 view .LVU62
 454:Drivers/CMSIS/Include/cmsis_gcc.h **** }
 250              		.loc 2 454 3 is_stmt 0 view .LVU63
 251              		.thumb
 252              		.syntax unified
 253              	.LBE81:
 254              	.LBE80:
  77:Middlewares/ST/STM32_WPAN/utilities/stm_list.c ****   __disable_irq();                  /**< Disable all interrupts by setting PRIMASK bit on Cortex*/
 255              		.loc 1 77 3 is_stmt 1 view .LVU64
 256              	.LBB82:
 257              	.LBI82:
 207:Drivers/CMSIS/Include/cmsis_gcc.h **** {
 258              		.loc 2 207 27 view .LVU65
 259              	.LBB83:
 209:Drivers/CMSIS/Include/cmsis_gcc.h **** }
 260              		.loc 2 209 3 view .LVU66
 261              		.syntax unified
 262              	@ 209 "Drivers/CMSIS/Include/cmsis_gcc.h" 1
 263 0004 72B6     		cpsid i
 264              	@ 0 "" 2
 265              		.thumb
 266              		.syntax unified
 267              	.LBE83:
 268              	.LBE82:
  78:Middlewares/ST/STM32_WPAN/utilities/stm_list.c **** 
  79:Middlewares/ST/STM32_WPAN/utilities/stm_list.c ****   node->next = listHead;
 269              		.loc 1 79 3 view .LVU67
 270              		.loc 1 79 14 is_stmt 0 view .LVU68
 271 0006 0860     		str	r0, [r1]	@ unaligned
  80:Middlewares/ST/STM32_WPAN/utilities/stm_list.c ****   node->prev = listHead->prev;
 272              		.loc 1 80 3 is_stmt 1 view .LVU69
 273              		.loc 1 80 24 is_stmt 0 view .LVU70
 274 0008 4268     		ldr	r2, [r0, #4]	@ unaligned
 275              		.loc 1 80 14 view .LVU71
 276 000a 4A60     		str	r2, [r1, #4]	@ unaligned
  81:Middlewares/ST/STM32_WPAN/utilities/stm_list.c ****   listHead->prev = node;
 277              		.loc 1 81 3 is_stmt 1 view .LVU72
 278              		.loc 1 81 18 is_stmt 0 view .LVU73
 279 000c 4160     		str	r1, [r0, #4]	@ unaligned
  82:Middlewares/ST/STM32_WPAN/utilities/stm_list.c ****   (node->prev)->next = node;
 280              		.loc 1 82 3 is_stmt 1 view .LVU74
ARM GAS  C:\Users\843E~1\AppData\Local\Temp\ccqRcBAU.s 			page 16


 281              		.loc 1 82 8 is_stmt 0 view .LVU75
 282 000e 4A68     		ldr	r2, [r1, #4]	@ unaligned
 283              		.loc 1 82 22 view .LVU76
 284 0010 1160     		str	r1, [r2]	@ unaligned
  83:Middlewares/ST/STM32_WPAN/utilities/stm_list.c **** 
  84:Middlewares/ST/STM32_WPAN/utilities/stm_list.c ****   __set_PRIMASK(primask_bit);     /**< Restore PRIMASK bit*/
 285              		.loc 1 84 3 is_stmt 1 view .LVU77
 286              	.LVL13:
 287              	.LBB84:
 288              	.LBI84:
 479:Drivers/CMSIS/Include/cmsis_gcc.h **** {
 289              		.loc 2 479 27 view .LVU78
 290              	.LBB85:
 291              		.loc 2 481 3 view .LVU79
 292              		.syntax unified
 293              	@ 481 "Drivers/CMSIS/Include/cmsis_gcc.h" 1
 294 0012 83F31088 		MSR primask, r3
 295              	@ 0 "" 2
 296              	.LVL14:
 297              		.loc 2 481 3 is_stmt 0 view .LVU80
 298              		.thumb
 299              		.syntax unified
 300              	.LBE85:
 301              	.LBE84:
  85:Middlewares/ST/STM32_WPAN/utilities/stm_list.c **** }
 302              		.loc 1 85 1 view .LVU81
 303 0016 7047     		bx	lr
 304              		.cfi_endproc
 305              	.LFE1264:
 307              		.section	.text.LST_remove_node,"ax",%progbits
 308              		.align	1
 309              		.global	LST_remove_node
 310              		.syntax unified
 311              		.thumb
 312              		.thumb_func
 314              	LST_remove_node:
 315              	.LVL15:
 316              	.LFB1265:
  86:Middlewares/ST/STM32_WPAN/utilities/stm_list.c **** 
  87:Middlewares/ST/STM32_WPAN/utilities/stm_list.c **** 
  88:Middlewares/ST/STM32_WPAN/utilities/stm_list.c **** void LST_remove_node (tListNode * node)
  89:Middlewares/ST/STM32_WPAN/utilities/stm_list.c **** {
 317              		.loc 1 89 1 is_stmt 1 view -0
 318              		.cfi_startproc
 319              		@ args = 0, pretend = 0, frame = 0
 320              		@ frame_needed = 0, uses_anonymous_args = 0
 321              		@ link register save eliminated.
  90:Middlewares/ST/STM32_WPAN/utilities/stm_list.c ****   uint32_t primask_bit;
 322              		.loc 1 90 3 view .LVU83
  91:Middlewares/ST/STM32_WPAN/utilities/stm_list.c **** 
  92:Middlewares/ST/STM32_WPAN/utilities/stm_list.c ****   primask_bit = __get_PRIMASK();  /**< backup PRIMASK bit */
 323              		.loc 1 92 3 view .LVU84
 324              	.LBB86:
 325              	.LBI86:
 449:Drivers/CMSIS/Include/cmsis_gcc.h **** {
 326              		.loc 2 449 31 view .LVU85
 327              	.LBB87:
ARM GAS  C:\Users\843E~1\AppData\Local\Temp\ccqRcBAU.s 			page 17


 451:Drivers/CMSIS/Include/cmsis_gcc.h **** 
 328              		.loc 2 451 3 view .LVU86
 453:Drivers/CMSIS/Include/cmsis_gcc.h ****   return(result);
 329              		.loc 2 453 3 view .LVU87
 330              		.syntax unified
 331              	@ 453 "Drivers/CMSIS/Include/cmsis_gcc.h" 1
 332 0000 EFF31083 		MRS r3, primask
 333              	@ 0 "" 2
 334              	.LVL16:
 454:Drivers/CMSIS/Include/cmsis_gcc.h **** }
 335              		.loc 2 454 3 view .LVU88
 454:Drivers/CMSIS/Include/cmsis_gcc.h **** }
 336              		.loc 2 454 3 is_stmt 0 view .LVU89
 337              		.thumb
 338              		.syntax unified
 339              	.LBE87:
 340              	.LBE86:
  93:Middlewares/ST/STM32_WPAN/utilities/stm_list.c ****   __disable_irq();                  /**< Disable all interrupts by setting PRIMASK bit on Cortex*/
 341              		.loc 1 93 3 is_stmt 1 view .LVU90
 342              	.LBB88:
 343              	.LBI88:
 207:Drivers/CMSIS/Include/cmsis_gcc.h **** {
 344              		.loc 2 207 27 view .LVU91
 345              	.LBB89:
 209:Drivers/CMSIS/Include/cmsis_gcc.h **** }
 346              		.loc 2 209 3 view .LVU92
 347              		.syntax unified
 348              	@ 209 "Drivers/CMSIS/Include/cmsis_gcc.h" 1
 349 0004 72B6     		cpsid i
 350              	@ 0 "" 2
 351              		.thumb
 352              		.syntax unified
 353              	.LBE89:
 354              	.LBE88:
  94:Middlewares/ST/STM32_WPAN/utilities/stm_list.c **** 
  95:Middlewares/ST/STM32_WPAN/utilities/stm_list.c ****   (node->prev)->next = node->next;
 355              		.loc 1 95 3 view .LVU93
 356              		.loc 1 95 8 is_stmt 0 view .LVU94
 357 0006 4268     		ldr	r2, [r0, #4]	@ unaligned
 358              		.loc 1 95 28 view .LVU95
 359 0008 0168     		ldr	r1, [r0]	@ unaligned
 360              		.loc 1 95 22 view .LVU96
 361 000a 1160     		str	r1, [r2]	@ unaligned
  96:Middlewares/ST/STM32_WPAN/utilities/stm_list.c ****   (node->next)->prev = node->prev;
 362              		.loc 1 96 3 is_stmt 1 view .LVU97
 363              		.loc 1 96 8 is_stmt 0 view .LVU98
 364 000c 0268     		ldr	r2, [r0]	@ unaligned
 365              		.loc 1 96 28 view .LVU99
 366 000e 4168     		ldr	r1, [r0, #4]	@ unaligned
 367              		.loc 1 96 22 view .LVU100
 368 0010 5160     		str	r1, [r2, #4]	@ unaligned
  97:Middlewares/ST/STM32_WPAN/utilities/stm_list.c **** 
  98:Middlewares/ST/STM32_WPAN/utilities/stm_list.c ****   __set_PRIMASK(primask_bit);     /**< Restore PRIMASK bit*/
 369              		.loc 1 98 3 is_stmt 1 view .LVU101
 370              	.LVL17:
 371              	.LBB90:
 372              	.LBI90:
ARM GAS  C:\Users\843E~1\AppData\Local\Temp\ccqRcBAU.s 			page 18


 479:Drivers/CMSIS/Include/cmsis_gcc.h **** {
 373              		.loc 2 479 27 view .LVU102
 374              	.LBB91:
 375              		.loc 2 481 3 view .LVU103
 376              		.syntax unified
 377              	@ 481 "Drivers/CMSIS/Include/cmsis_gcc.h" 1
 378 0012 83F31088 		MSR primask, r3
 379              	@ 0 "" 2
 380              	.LVL18:
 381              		.loc 2 481 3 is_stmt 0 view .LVU104
 382              		.thumb
 383              		.syntax unified
 384              	.LBE91:
 385              	.LBE90:
  99:Middlewares/ST/STM32_WPAN/utilities/stm_list.c **** }
 386              		.loc 1 99 1 view .LVU105
 387 0016 7047     		bx	lr
 388              		.cfi_endproc
 389              	.LFE1265:
 391              		.section	.text.LST_remove_head,"ax",%progbits
 392              		.align	1
 393              		.global	LST_remove_head
 394              		.syntax unified
 395              		.thumb
 396              		.thumb_func
 398              	LST_remove_head:
 399              	.LVL19:
 400              	.LFB1266:
 100:Middlewares/ST/STM32_WPAN/utilities/stm_list.c **** 
 101:Middlewares/ST/STM32_WPAN/utilities/stm_list.c **** 
 102:Middlewares/ST/STM32_WPAN/utilities/stm_list.c **** void LST_remove_head (tListNode * listHead, tListNode ** node )
 103:Middlewares/ST/STM32_WPAN/utilities/stm_list.c **** {
 401              		.loc 1 103 1 is_stmt 1 view -0
 402              		.cfi_startproc
 403              		@ args = 0, pretend = 0, frame = 0
 404              		@ frame_needed = 0, uses_anonymous_args = 0
 405              		.loc 1 103 1 is_stmt 0 view .LVU107
 406 0000 10B5     		push	{r4, lr}
 407              	.LCFI0:
 408              		.cfi_def_cfa_offset 8
 409              		.cfi_offset 4, -8
 410              		.cfi_offset 14, -4
 104:Middlewares/ST/STM32_WPAN/utilities/stm_list.c ****   uint32_t primask_bit;
 411              		.loc 1 104 3 is_stmt 1 view .LVU108
 105:Middlewares/ST/STM32_WPAN/utilities/stm_list.c **** 
 106:Middlewares/ST/STM32_WPAN/utilities/stm_list.c ****   primask_bit = __get_PRIMASK();  /**< backup PRIMASK bit */
 412              		.loc 1 106 3 view .LVU109
 413              	.LBB92:
 414              	.LBI92:
 449:Drivers/CMSIS/Include/cmsis_gcc.h **** {
 415              		.loc 2 449 31 view .LVU110
 416              	.LBB93:
 451:Drivers/CMSIS/Include/cmsis_gcc.h **** 
 417              		.loc 2 451 3 view .LVU111
 453:Drivers/CMSIS/Include/cmsis_gcc.h ****   return(result);
 418              		.loc 2 453 3 view .LVU112
 419              		.syntax unified
ARM GAS  C:\Users\843E~1\AppData\Local\Temp\ccqRcBAU.s 			page 19


 420              	@ 453 "Drivers/CMSIS/Include/cmsis_gcc.h" 1
 421 0002 EFF31084 		MRS r4, primask
 422              	@ 0 "" 2
 423              	.LVL20:
 454:Drivers/CMSIS/Include/cmsis_gcc.h **** }
 424              		.loc 2 454 3 view .LVU113
 454:Drivers/CMSIS/Include/cmsis_gcc.h **** }
 425              		.loc 2 454 3 is_stmt 0 view .LVU114
 426              		.thumb
 427              		.syntax unified
 428              	.LBE93:
 429              	.LBE92:
 107:Middlewares/ST/STM32_WPAN/utilities/stm_list.c ****   __disable_irq();                  /**< Disable all interrupts by setting PRIMASK bit on Cortex*/
 430              		.loc 1 107 3 is_stmt 1 view .LVU115
 431              	.LBB94:
 432              	.LBI94:
 207:Drivers/CMSIS/Include/cmsis_gcc.h **** {
 433              		.loc 2 207 27 view .LVU116
 434              	.LBB95:
 209:Drivers/CMSIS/Include/cmsis_gcc.h **** }
 435              		.loc 2 209 3 view .LVU117
 436              		.syntax unified
 437              	@ 209 "Drivers/CMSIS/Include/cmsis_gcc.h" 1
 438 0006 72B6     		cpsid i
 439              	@ 0 "" 2
 440              		.thumb
 441              		.syntax unified
 442              	.LBE95:
 443              	.LBE94:
 108:Middlewares/ST/STM32_WPAN/utilities/stm_list.c **** 
 109:Middlewares/ST/STM32_WPAN/utilities/stm_list.c ****   *node = listHead->next;
 444              		.loc 1 109 3 view .LVU118
 445              		.loc 1 109 19 is_stmt 0 view .LVU119
 446 0008 0368     		ldr	r3, [r0]	@ unaligned
 447              		.loc 1 109 9 view .LVU120
 448 000a 0B60     		str	r3, [r1]
 110:Middlewares/ST/STM32_WPAN/utilities/stm_list.c ****   LST_remove_node (listHead->next);
 449              		.loc 1 110 3 is_stmt 1 view .LVU121
 450 000c 0068     		ldr	r0, [r0]	@ unaligned
 451              	.LVL21:
 452              		.loc 1 110 3 is_stmt 0 view .LVU122
 453 000e FFF7FEFF 		bl	LST_remove_node
 454              	.LVL22:
 111:Middlewares/ST/STM32_WPAN/utilities/stm_list.c **** 
 112:Middlewares/ST/STM32_WPAN/utilities/stm_list.c ****   __set_PRIMASK(primask_bit);     /**< Restore PRIMASK bit*/
 455              		.loc 1 112 3 is_stmt 1 view .LVU123
 456              	.LBB96:
 457              	.LBI96:
 479:Drivers/CMSIS/Include/cmsis_gcc.h **** {
 458              		.loc 2 479 27 view .LVU124
 459              	.LBB97:
 460              		.loc 2 481 3 view .LVU125
 461              		.syntax unified
 462              	@ 481 "Drivers/CMSIS/Include/cmsis_gcc.h" 1
 463 0012 84F31088 		MSR primask, r4
 464              	@ 0 "" 2
 465              	.LVL23:
ARM GAS  C:\Users\843E~1\AppData\Local\Temp\ccqRcBAU.s 			page 20


 466              		.loc 2 481 3 is_stmt 0 view .LVU126
 467              		.thumb
 468              		.syntax unified
 469              	.LBE97:
 470              	.LBE96:
 113:Middlewares/ST/STM32_WPAN/utilities/stm_list.c **** }
 471              		.loc 1 113 1 view .LVU127
 472 0016 10BD     		pop	{r4, pc}
 473              		.loc 1 113 1 view .LVU128
 474              		.cfi_endproc
 475              	.LFE1266:
 477              		.section	.text.LST_remove_tail,"ax",%progbits
 478              		.align	1
 479              		.global	LST_remove_tail
 480              		.syntax unified
 481              		.thumb
 482              		.thumb_func
 484              	LST_remove_tail:
 485              	.LVL24:
 486              	.LFB1267:
 114:Middlewares/ST/STM32_WPAN/utilities/stm_list.c **** 
 115:Middlewares/ST/STM32_WPAN/utilities/stm_list.c **** 
 116:Middlewares/ST/STM32_WPAN/utilities/stm_list.c **** void LST_remove_tail (tListNode * listHead, tListNode ** node )
 117:Middlewares/ST/STM32_WPAN/utilities/stm_list.c **** {
 487              		.loc 1 117 1 is_stmt 1 view -0
 488              		.cfi_startproc
 489              		@ args = 0, pretend = 0, frame = 0
 490              		@ frame_needed = 0, uses_anonymous_args = 0
 491              		.loc 1 117 1 is_stmt 0 view .LVU130
 492 0000 10B5     		push	{r4, lr}
 493              	.LCFI1:
 494              		.cfi_def_cfa_offset 8
 495              		.cfi_offset 4, -8
 496              		.cfi_offset 14, -4
 118:Middlewares/ST/STM32_WPAN/utilities/stm_list.c ****   uint32_t primask_bit;
 497              		.loc 1 118 3 is_stmt 1 view .LVU131
 119:Middlewares/ST/STM32_WPAN/utilities/stm_list.c **** 
 120:Middlewares/ST/STM32_WPAN/utilities/stm_list.c ****   primask_bit = __get_PRIMASK();  /**< backup PRIMASK bit */
 498              		.loc 1 120 3 view .LVU132
 499              	.LBB98:
 500              	.LBI98:
 449:Drivers/CMSIS/Include/cmsis_gcc.h **** {
 501              		.loc 2 449 31 view .LVU133
 502              	.LBB99:
 451:Drivers/CMSIS/Include/cmsis_gcc.h **** 
 503              		.loc 2 451 3 view .LVU134
 453:Drivers/CMSIS/Include/cmsis_gcc.h ****   return(result);
 504              		.loc 2 453 3 view .LVU135
 505              		.syntax unified
 506              	@ 453 "Drivers/CMSIS/Include/cmsis_gcc.h" 1
 507 0002 EFF31084 		MRS r4, primask
 508              	@ 0 "" 2
 509              	.LVL25:
 454:Drivers/CMSIS/Include/cmsis_gcc.h **** }
 510              		.loc 2 454 3 view .LVU136
 454:Drivers/CMSIS/Include/cmsis_gcc.h **** }
 511              		.loc 2 454 3 is_stmt 0 view .LVU137
ARM GAS  C:\Users\843E~1\AppData\Local\Temp\ccqRcBAU.s 			page 21


 512              		.thumb
 513              		.syntax unified
 514              	.LBE99:
 515              	.LBE98:
 121:Middlewares/ST/STM32_WPAN/utilities/stm_list.c ****   __disable_irq();                  /**< Disable all interrupts by setting PRIMASK bit on Cortex*/
 516              		.loc 1 121 3 is_stmt 1 view .LVU138
 517              	.LBB100:
 518              	.LBI100:
 207:Drivers/CMSIS/Include/cmsis_gcc.h **** {
 519              		.loc 2 207 27 view .LVU139
 520              	.LBB101:
 209:Drivers/CMSIS/Include/cmsis_gcc.h **** }
 521              		.loc 2 209 3 view .LVU140
 522              		.syntax unified
 523              	@ 209 "Drivers/CMSIS/Include/cmsis_gcc.h" 1
 524 0006 72B6     		cpsid i
 525              	@ 0 "" 2
 526              		.thumb
 527              		.syntax unified
 528              	.LBE101:
 529              	.LBE100:
 122:Middlewares/ST/STM32_WPAN/utilities/stm_list.c **** 
 123:Middlewares/ST/STM32_WPAN/utilities/stm_list.c ****   *node = listHead->prev;
 530              		.loc 1 123 3 view .LVU141
 531              		.loc 1 123 19 is_stmt 0 view .LVU142
 532 0008 4368     		ldr	r3, [r0, #4]	@ unaligned
 533              		.loc 1 123 9 view .LVU143
 534 000a 0B60     		str	r3, [r1]
 124:Middlewares/ST/STM32_WPAN/utilities/stm_list.c ****   LST_remove_node (listHead->prev);
 535              		.loc 1 124 3 is_stmt 1 view .LVU144
 536 000c 4068     		ldr	r0, [r0, #4]	@ unaligned
 537              	.LVL26:
 538              		.loc 1 124 3 is_stmt 0 view .LVU145
 539 000e FFF7FEFF 		bl	LST_remove_node
 540              	.LVL27:
 125:Middlewares/ST/STM32_WPAN/utilities/stm_list.c **** 
 126:Middlewares/ST/STM32_WPAN/utilities/stm_list.c ****   __set_PRIMASK(primask_bit);     /**< Restore PRIMASK bit*/
 541              		.loc 1 126 3 is_stmt 1 view .LVU146
 542              	.LBB102:
 543              	.LBI102:
 479:Drivers/CMSIS/Include/cmsis_gcc.h **** {
 544              		.loc 2 479 27 view .LVU147
 545              	.LBB103:
 546              		.loc 2 481 3 view .LVU148
 547              		.syntax unified
 548              	@ 481 "Drivers/CMSIS/Include/cmsis_gcc.h" 1
 549 0012 84F31088 		MSR primask, r4
 550              	@ 0 "" 2
 551              	.LVL28:
 552              		.loc 2 481 3 is_stmt 0 view .LVU149
 553              		.thumb
 554              		.syntax unified
 555              	.LBE103:
 556              	.LBE102:
 127:Middlewares/ST/STM32_WPAN/utilities/stm_list.c **** }
 557              		.loc 1 127 1 view .LVU150
 558 0016 10BD     		pop	{r4, pc}
ARM GAS  C:\Users\843E~1\AppData\Local\Temp\ccqRcBAU.s 			page 22


 559              		.loc 1 127 1 view .LVU151
 560              		.cfi_endproc
 561              	.LFE1267:
 563              		.section	.text.LST_insert_node_after,"ax",%progbits
 564              		.align	1
 565              		.global	LST_insert_node_after
 566              		.syntax unified
 567              		.thumb
 568              		.thumb_func
 570              	LST_insert_node_after:
 571              	.LVL29:
 572              	.LFB1268:
 128:Middlewares/ST/STM32_WPAN/utilities/stm_list.c **** 
 129:Middlewares/ST/STM32_WPAN/utilities/stm_list.c **** 
 130:Middlewares/ST/STM32_WPAN/utilities/stm_list.c **** void LST_insert_node_after (tListNode * node, tListNode * ref_node)
 131:Middlewares/ST/STM32_WPAN/utilities/stm_list.c **** {
 573              		.loc 1 131 1 is_stmt 1 view -0
 574              		.cfi_startproc
 575              		@ args = 0, pretend = 0, frame = 0
 576              		@ frame_needed = 0, uses_anonymous_args = 0
 577              		@ link register save eliminated.
 132:Middlewares/ST/STM32_WPAN/utilities/stm_list.c ****   uint32_t primask_bit;
 578              		.loc 1 132 3 view .LVU153
 133:Middlewares/ST/STM32_WPAN/utilities/stm_list.c **** 
 134:Middlewares/ST/STM32_WPAN/utilities/stm_list.c ****   primask_bit = __get_PRIMASK();  /**< backup PRIMASK bit */
 579              		.loc 1 134 3 view .LVU154
 580              	.LBB104:
 581              	.LBI104:
 449:Drivers/CMSIS/Include/cmsis_gcc.h **** {
 582              		.loc 2 449 31 view .LVU155
 583              	.LBB105:
 451:Drivers/CMSIS/Include/cmsis_gcc.h **** 
 584              		.loc 2 451 3 view .LVU156
 453:Drivers/CMSIS/Include/cmsis_gcc.h ****   return(result);
 585              		.loc 2 453 3 view .LVU157
 586              		.syntax unified
 587              	@ 453 "Drivers/CMSIS/Include/cmsis_gcc.h" 1
 588 0000 EFF31083 		MRS r3, primask
 589              	@ 0 "" 2
 590              	.LVL30:
 454:Drivers/CMSIS/Include/cmsis_gcc.h **** }
 591              		.loc 2 454 3 view .LVU158
 454:Drivers/CMSIS/Include/cmsis_gcc.h **** }
 592              		.loc 2 454 3 is_stmt 0 view .LVU159
 593              		.thumb
 594              		.syntax unified
 595              	.LBE105:
 596              	.LBE104:
 135:Middlewares/ST/STM32_WPAN/utilities/stm_list.c ****   __disable_irq();                  /**< Disable all interrupts by setting PRIMASK bit on Cortex*/
 597              		.loc 1 135 3 is_stmt 1 view .LVU160
 598              	.LBB106:
 599              	.LBI106:
 207:Drivers/CMSIS/Include/cmsis_gcc.h **** {
 600              		.loc 2 207 27 view .LVU161
 601              	.LBB107:
 209:Drivers/CMSIS/Include/cmsis_gcc.h **** }
 602              		.loc 2 209 3 view .LVU162
ARM GAS  C:\Users\843E~1\AppData\Local\Temp\ccqRcBAU.s 			page 23


 603              		.syntax unified
 604              	@ 209 "Drivers/CMSIS/Include/cmsis_gcc.h" 1
 605 0004 72B6     		cpsid i
 606              	@ 0 "" 2
 607              		.thumb
 608              		.syntax unified
 609              	.LBE107:
 610              	.LBE106:
 136:Middlewares/ST/STM32_WPAN/utilities/stm_list.c **** 
 137:Middlewares/ST/STM32_WPAN/utilities/stm_list.c ****   node->next = ref_node->next;
 611              		.loc 1 137 3 view .LVU163
 612              		.loc 1 137 24 is_stmt 0 view .LVU164
 613 0006 0A68     		ldr	r2, [r1]	@ unaligned
 614              		.loc 1 137 14 view .LVU165
 615 0008 0260     		str	r2, [r0]	@ unaligned
 138:Middlewares/ST/STM32_WPAN/utilities/stm_list.c ****   node->prev = ref_node;
 616              		.loc 1 138 3 is_stmt 1 view .LVU166
 617              		.loc 1 138 14 is_stmt 0 view .LVU167
 618 000a 4160     		str	r1, [r0, #4]	@ unaligned
 139:Middlewares/ST/STM32_WPAN/utilities/stm_list.c ****   ref_node->next = node;
 619              		.loc 1 139 3 is_stmt 1 view .LVU168
 620              		.loc 1 139 18 is_stmt 0 view .LVU169
 621 000c 0860     		str	r0, [r1]	@ unaligned
 140:Middlewares/ST/STM32_WPAN/utilities/stm_list.c ****   (node->next)->prev = node;
 622              		.loc 1 140 3 is_stmt 1 view .LVU170
 623              		.loc 1 140 8 is_stmt 0 view .LVU171
 624 000e 0268     		ldr	r2, [r0]	@ unaligned
 625              		.loc 1 140 22 view .LVU172
 626 0010 5060     		str	r0, [r2, #4]	@ unaligned
 141:Middlewares/ST/STM32_WPAN/utilities/stm_list.c **** 
 142:Middlewares/ST/STM32_WPAN/utilities/stm_list.c ****   __set_PRIMASK(primask_bit);     /**< Restore PRIMASK bit*/
 627              		.loc 1 142 3 is_stmt 1 view .LVU173
 628              	.LVL31:
 629              	.LBB108:
 630              	.LBI108:
 479:Drivers/CMSIS/Include/cmsis_gcc.h **** {
 631              		.loc 2 479 27 view .LVU174
 632              	.LBB109:
 633              		.loc 2 481 3 view .LVU175
 634              		.syntax unified
 635              	@ 481 "Drivers/CMSIS/Include/cmsis_gcc.h" 1
 636 0012 83F31088 		MSR primask, r3
 637              	@ 0 "" 2
 638              	.LVL32:
 639              		.loc 2 481 3 is_stmt 0 view .LVU176
 640              		.thumb
 641              		.syntax unified
 642              	.LBE109:
 643              	.LBE108:
 143:Middlewares/ST/STM32_WPAN/utilities/stm_list.c **** }
 644              		.loc 1 143 1 view .LVU177
 645 0016 7047     		bx	lr
 646              		.cfi_endproc
 647              	.LFE1268:
 649              		.section	.text.LST_insert_node_before,"ax",%progbits
 650              		.align	1
 651              		.global	LST_insert_node_before
ARM GAS  C:\Users\843E~1\AppData\Local\Temp\ccqRcBAU.s 			page 24


 652              		.syntax unified
 653              		.thumb
 654              		.thumb_func
 656              	LST_insert_node_before:
 657              	.LVL33:
 658              	.LFB1269:
 144:Middlewares/ST/STM32_WPAN/utilities/stm_list.c **** 
 145:Middlewares/ST/STM32_WPAN/utilities/stm_list.c **** 
 146:Middlewares/ST/STM32_WPAN/utilities/stm_list.c **** void LST_insert_node_before (tListNode * node, tListNode * ref_node)
 147:Middlewares/ST/STM32_WPAN/utilities/stm_list.c **** {
 659              		.loc 1 147 1 is_stmt 1 view -0
 660              		.cfi_startproc
 661              		@ args = 0, pretend = 0, frame = 0
 662              		@ frame_needed = 0, uses_anonymous_args = 0
 663              		@ link register save eliminated.
 148:Middlewares/ST/STM32_WPAN/utilities/stm_list.c ****   uint32_t primask_bit;
 664              		.loc 1 148 3 view .LVU179
 149:Middlewares/ST/STM32_WPAN/utilities/stm_list.c **** 
 150:Middlewares/ST/STM32_WPAN/utilities/stm_list.c ****   primask_bit = __get_PRIMASK();  /**< backup PRIMASK bit */
 665              		.loc 1 150 3 view .LVU180
 666              	.LBB110:
 667              	.LBI110:
 449:Drivers/CMSIS/Include/cmsis_gcc.h **** {
 668              		.loc 2 449 31 view .LVU181
 669              	.LBB111:
 451:Drivers/CMSIS/Include/cmsis_gcc.h **** 
 670              		.loc 2 451 3 view .LVU182
 453:Drivers/CMSIS/Include/cmsis_gcc.h ****   return(result);
 671              		.loc 2 453 3 view .LVU183
 672              		.syntax unified
 673              	@ 453 "Drivers/CMSIS/Include/cmsis_gcc.h" 1
 674 0000 EFF31083 		MRS r3, primask
 675              	@ 0 "" 2
 676              	.LVL34:
 454:Drivers/CMSIS/Include/cmsis_gcc.h **** }
 677              		.loc 2 454 3 view .LVU184
 454:Drivers/CMSIS/Include/cmsis_gcc.h **** }
 678              		.loc 2 454 3 is_stmt 0 view .LVU185
 679              		.thumb
 680              		.syntax unified
 681              	.LBE111:
 682              	.LBE110:
 151:Middlewares/ST/STM32_WPAN/utilities/stm_list.c ****   __disable_irq();                  /**< Disable all interrupts by setting PRIMASK bit on Cortex*/
 683              		.loc 1 151 3 is_stmt 1 view .LVU186
 684              	.LBB112:
 685              	.LBI112:
 207:Drivers/CMSIS/Include/cmsis_gcc.h **** {
 686              		.loc 2 207 27 view .LVU187
 687              	.LBB113:
 209:Drivers/CMSIS/Include/cmsis_gcc.h **** }
 688              		.loc 2 209 3 view .LVU188
 689              		.syntax unified
 690              	@ 209 "Drivers/CMSIS/Include/cmsis_gcc.h" 1
 691 0004 72B6     		cpsid i
 692              	@ 0 "" 2
 693              		.thumb
 694              		.syntax unified
ARM GAS  C:\Users\843E~1\AppData\Local\Temp\ccqRcBAU.s 			page 25


 695              	.LBE113:
 696              	.LBE112:
 152:Middlewares/ST/STM32_WPAN/utilities/stm_list.c **** 
 153:Middlewares/ST/STM32_WPAN/utilities/stm_list.c ****   node->next = ref_node;
 697              		.loc 1 153 3 view .LVU189
 698              		.loc 1 153 14 is_stmt 0 view .LVU190
 699 0006 0160     		str	r1, [r0]	@ unaligned
 154:Middlewares/ST/STM32_WPAN/utilities/stm_list.c ****   node->prev = ref_node->prev;
 700              		.loc 1 154 3 is_stmt 1 view .LVU191
 701              		.loc 1 154 24 is_stmt 0 view .LVU192
 702 0008 4A68     		ldr	r2, [r1, #4]	@ unaligned
 703              		.loc 1 154 14 view .LVU193
 704 000a 4260     		str	r2, [r0, #4]	@ unaligned
 155:Middlewares/ST/STM32_WPAN/utilities/stm_list.c ****   ref_node->prev = node;
 705              		.loc 1 155 3 is_stmt 1 view .LVU194
 706              		.loc 1 155 18 is_stmt 0 view .LVU195
 707 000c 4860     		str	r0, [r1, #4]	@ unaligned
 156:Middlewares/ST/STM32_WPAN/utilities/stm_list.c ****   (node->prev)->next = node;
 708              		.loc 1 156 3 is_stmt 1 view .LVU196
 709              		.loc 1 156 8 is_stmt 0 view .LVU197
 710 000e 4268     		ldr	r2, [r0, #4]	@ unaligned
 711              		.loc 1 156 22 view .LVU198
 712 0010 1060     		str	r0, [r2]	@ unaligned
 157:Middlewares/ST/STM32_WPAN/utilities/stm_list.c **** 
 158:Middlewares/ST/STM32_WPAN/utilities/stm_list.c ****   __set_PRIMASK(primask_bit);     /**< Restore PRIMASK bit*/
 713              		.loc 1 158 3 is_stmt 1 view .LVU199
 714              	.LVL35:
 715              	.LBB114:
 716              	.LBI114:
 479:Drivers/CMSIS/Include/cmsis_gcc.h **** {
 717              		.loc 2 479 27 view .LVU200
 718              	.LBB115:
 719              		.loc 2 481 3 view .LVU201
 720              		.syntax unified
 721              	@ 481 "Drivers/CMSIS/Include/cmsis_gcc.h" 1
 722 0012 83F31088 		MSR primask, r3
 723              	@ 0 "" 2
 724              	.LVL36:
 725              		.loc 2 481 3 is_stmt 0 view .LVU202
 726              		.thumb
 727              		.syntax unified
 728              	.LBE115:
 729              	.LBE114:
 159:Middlewares/ST/STM32_WPAN/utilities/stm_list.c **** }
 730              		.loc 1 159 1 view .LVU203
 731 0016 7047     		bx	lr
 732              		.cfi_endproc
 733              	.LFE1269:
 735              		.section	.text.LST_get_size,"ax",%progbits
 736              		.align	1
 737              		.global	LST_get_size
 738              		.syntax unified
 739              		.thumb
 740              		.thumb_func
 742              	LST_get_size:
 743              	.LVL37:
 744              	.LFB1270:
ARM GAS  C:\Users\843E~1\AppData\Local\Temp\ccqRcBAU.s 			page 26


 160:Middlewares/ST/STM32_WPAN/utilities/stm_list.c **** 
 161:Middlewares/ST/STM32_WPAN/utilities/stm_list.c **** 
 162:Middlewares/ST/STM32_WPAN/utilities/stm_list.c **** int LST_get_size (tListNode * listHead)
 163:Middlewares/ST/STM32_WPAN/utilities/stm_list.c **** {
 745              		.loc 1 163 1 is_stmt 1 view -0
 746              		.cfi_startproc
 747              		@ args = 0, pretend = 0, frame = 0
 748              		@ frame_needed = 0, uses_anonymous_args = 0
 749              		@ link register save eliminated.
 750              		.loc 1 163 1 is_stmt 0 view .LVU205
 751 0000 0246     		mov	r2, r0
 164:Middlewares/ST/STM32_WPAN/utilities/stm_list.c ****   int size = 0;
 752              		.loc 1 164 3 is_stmt 1 view .LVU206
 753              	.LVL38:
 165:Middlewares/ST/STM32_WPAN/utilities/stm_list.c ****   tListNode * temp;
 754              		.loc 1 165 3 view .LVU207
 166:Middlewares/ST/STM32_WPAN/utilities/stm_list.c ****   uint32_t primask_bit;
 755              		.loc 1 166 3 view .LVU208
 167:Middlewares/ST/STM32_WPAN/utilities/stm_list.c **** 
 168:Middlewares/ST/STM32_WPAN/utilities/stm_list.c ****   primask_bit = __get_PRIMASK();  /**< backup PRIMASK bit */
 756              		.loc 1 168 3 view .LVU209
 757              	.LBB116:
 758              	.LBI116:
 449:Drivers/CMSIS/Include/cmsis_gcc.h **** {
 759              		.loc 2 449 31 view .LVU210
 760              	.LBB117:
 451:Drivers/CMSIS/Include/cmsis_gcc.h **** 
 761              		.loc 2 451 3 view .LVU211
 453:Drivers/CMSIS/Include/cmsis_gcc.h ****   return(result);
 762              		.loc 2 453 3 view .LVU212
 763              		.syntax unified
 764              	@ 453 "Drivers/CMSIS/Include/cmsis_gcc.h" 1
 765 0002 EFF31081 		MRS r1, primask
 766              	@ 0 "" 2
 767              	.LVL39:
 454:Drivers/CMSIS/Include/cmsis_gcc.h **** }
 768              		.loc 2 454 3 view .LVU213
 454:Drivers/CMSIS/Include/cmsis_gcc.h **** }
 769              		.loc 2 454 3 is_stmt 0 view .LVU214
 770              		.thumb
 771              		.syntax unified
 772              	.LBE117:
 773              	.LBE116:
 169:Middlewares/ST/STM32_WPAN/utilities/stm_list.c ****   __disable_irq();                  /**< Disable all interrupts by setting PRIMASK bit on Cortex*/
 774              		.loc 1 169 3 is_stmt 1 view .LVU215
 775              	.LBB118:
 776              	.LBI118:
 207:Drivers/CMSIS/Include/cmsis_gcc.h **** {
 777              		.loc 2 207 27 view .LVU216
 778              	.LBB119:
 209:Drivers/CMSIS/Include/cmsis_gcc.h **** }
 779              		.loc 2 209 3 view .LVU217
 780              		.syntax unified
 781              	@ 209 "Drivers/CMSIS/Include/cmsis_gcc.h" 1
 782 0006 72B6     		cpsid i
 783              	@ 0 "" 2
 784              		.thumb
ARM GAS  C:\Users\843E~1\AppData\Local\Temp\ccqRcBAU.s 			page 27


 785              		.syntax unified
 786              	.LBE119:
 787              	.LBE118:
 170:Middlewares/ST/STM32_WPAN/utilities/stm_list.c **** 
 171:Middlewares/ST/STM32_WPAN/utilities/stm_list.c ****   temp = listHead->next;
 788              		.loc 1 171 3 view .LVU218
 789              		.loc 1 171 8 is_stmt 0 view .LVU219
 790 0008 0368     		ldr	r3, [r0]	@ unaligned
 791              	.LVL40:
 172:Middlewares/ST/STM32_WPAN/utilities/stm_list.c ****   while (temp != listHead)
 792              		.loc 1 172 3 is_stmt 1 view .LVU220
 164:Middlewares/ST/STM32_WPAN/utilities/stm_list.c ****   tListNode * temp;
 793              		.loc 1 164 7 is_stmt 0 view .LVU221
 794 000a 0020     		movs	r0, #0
 795              	.LVL41:
 796              		.loc 1 172 9 view .LVU222
 797 000c 01E0     		b	.L16
 798              	.LVL42:
 799              	.L17:
 173:Middlewares/ST/STM32_WPAN/utilities/stm_list.c ****   {
 174:Middlewares/ST/STM32_WPAN/utilities/stm_list.c ****     size++;
 800              		.loc 1 174 5 is_stmt 1 view .LVU223
 801              		.loc 1 174 9 is_stmt 0 view .LVU224
 802 000e 0130     		adds	r0, r0, #1
 803              	.LVL43:
 175:Middlewares/ST/STM32_WPAN/utilities/stm_list.c ****     temp = temp->next;
 804              		.loc 1 175 5 is_stmt 1 view .LVU225
 805              		.loc 1 175 10 is_stmt 0 view .LVU226
 806 0010 1B68     		ldr	r3, [r3]	@ unaligned
 807              	.LVL44:
 808              	.L16:
 172:Middlewares/ST/STM32_WPAN/utilities/stm_list.c ****   {
 809              		.loc 1 172 9 is_stmt 1 view .LVU227
 810 0012 9342     		cmp	r3, r2
 811 0014 FBD1     		bne	.L17
 176:Middlewares/ST/STM32_WPAN/utilities/stm_list.c ****   }
 177:Middlewares/ST/STM32_WPAN/utilities/stm_list.c **** 
 178:Middlewares/ST/STM32_WPAN/utilities/stm_list.c ****   __set_PRIMASK(primask_bit);     /**< Restore PRIMASK bit*/
 812              		.loc 1 178 3 view .LVU228
 813              	.LVL45:
 814              	.LBB120:
 815              	.LBI120:
 479:Drivers/CMSIS/Include/cmsis_gcc.h **** {
 816              		.loc 2 479 27 view .LVU229
 817              	.LBB121:
 818              		.loc 2 481 3 view .LVU230
 819              		.syntax unified
 820              	@ 481 "Drivers/CMSIS/Include/cmsis_gcc.h" 1
 821 0016 81F31088 		MSR primask, r1
 822              	@ 0 "" 2
 823              	.LVL46:
 824              		.loc 2 481 3 is_stmt 0 view .LVU231
 825              		.thumb
 826              		.syntax unified
 827              	.LBE121:
 828              	.LBE120:
 179:Middlewares/ST/STM32_WPAN/utilities/stm_list.c **** 
ARM GAS  C:\Users\843E~1\AppData\Local\Temp\ccqRcBAU.s 			page 28


 180:Middlewares/ST/STM32_WPAN/utilities/stm_list.c ****   return (size);
 829              		.loc 1 180 3 is_stmt 1 view .LVU232
 181:Middlewares/ST/STM32_WPAN/utilities/stm_list.c **** }
 830              		.loc 1 181 1 is_stmt 0 view .LVU233
 831 001a 7047     		bx	lr
 832              		.cfi_endproc
 833              	.LFE1270:
 835              		.section	.text.LST_get_next_node,"ax",%progbits
 836              		.align	1
 837              		.global	LST_get_next_node
 838              		.syntax unified
 839              		.thumb
 840              		.thumb_func
 842              	LST_get_next_node:
 843              	.LVL47:
 844              	.LFB1271:
 182:Middlewares/ST/STM32_WPAN/utilities/stm_list.c **** 
 183:Middlewares/ST/STM32_WPAN/utilities/stm_list.c **** void LST_get_next_node (tListNode * ref_node, tListNode ** node)
 184:Middlewares/ST/STM32_WPAN/utilities/stm_list.c **** {
 845              		.loc 1 184 1 is_stmt 1 view -0
 846              		.cfi_startproc
 847              		@ args = 0, pretend = 0, frame = 0
 848              		@ frame_needed = 0, uses_anonymous_args = 0
 849              		@ link register save eliminated.
 185:Middlewares/ST/STM32_WPAN/utilities/stm_list.c ****   uint32_t primask_bit;
 850              		.loc 1 185 3 view .LVU235
 186:Middlewares/ST/STM32_WPAN/utilities/stm_list.c **** 
 187:Middlewares/ST/STM32_WPAN/utilities/stm_list.c ****   primask_bit = __get_PRIMASK();  /**< backup PRIMASK bit */
 851              		.loc 1 187 3 view .LVU236
 852              	.LBB122:
 853              	.LBI122:
 449:Drivers/CMSIS/Include/cmsis_gcc.h **** {
 854              		.loc 2 449 31 view .LVU237
 855              	.LBB123:
 451:Drivers/CMSIS/Include/cmsis_gcc.h **** 
 856              		.loc 2 451 3 view .LVU238
 453:Drivers/CMSIS/Include/cmsis_gcc.h ****   return(result);
 857              		.loc 2 453 3 view .LVU239
 858              		.syntax unified
 859              	@ 453 "Drivers/CMSIS/Include/cmsis_gcc.h" 1
 860 0000 EFF31083 		MRS r3, primask
 861              	@ 0 "" 2
 862              	.LVL48:
 454:Drivers/CMSIS/Include/cmsis_gcc.h **** }
 863              		.loc 2 454 3 view .LVU240
 454:Drivers/CMSIS/Include/cmsis_gcc.h **** }
 864              		.loc 2 454 3 is_stmt 0 view .LVU241
 865              		.thumb
 866              		.syntax unified
 867              	.LBE123:
 868              	.LBE122:
 188:Middlewares/ST/STM32_WPAN/utilities/stm_list.c ****   __disable_irq();                  /**< Disable all interrupts by setting PRIMASK bit on Cortex*/
 869              		.loc 1 188 3 is_stmt 1 view .LVU242
 870              	.LBB124:
 871              	.LBI124:
 207:Drivers/CMSIS/Include/cmsis_gcc.h **** {
 872              		.loc 2 207 27 view .LVU243
ARM GAS  C:\Users\843E~1\AppData\Local\Temp\ccqRcBAU.s 			page 29


 873              	.LBB125:
 209:Drivers/CMSIS/Include/cmsis_gcc.h **** }
 874              		.loc 2 209 3 view .LVU244
 875              		.syntax unified
 876              	@ 209 "Drivers/CMSIS/Include/cmsis_gcc.h" 1
 877 0004 72B6     		cpsid i
 878              	@ 0 "" 2
 879              		.thumb
 880              		.syntax unified
 881              	.LBE125:
 882              	.LBE124:
 189:Middlewares/ST/STM32_WPAN/utilities/stm_list.c **** 
 190:Middlewares/ST/STM32_WPAN/utilities/stm_list.c ****   *node = ref_node->next;
 883              		.loc 1 190 3 view .LVU245
 884              		.loc 1 190 19 is_stmt 0 view .LVU246
 885 0006 0268     		ldr	r2, [r0]	@ unaligned
 886              		.loc 1 190 9 view .LVU247
 887 0008 0A60     		str	r2, [r1]
 191:Middlewares/ST/STM32_WPAN/utilities/stm_list.c **** 
 192:Middlewares/ST/STM32_WPAN/utilities/stm_list.c ****   __set_PRIMASK(primask_bit);     /**< Restore PRIMASK bit*/
 888              		.loc 1 192 3 is_stmt 1 view .LVU248
 889              	.LVL49:
 890              	.LBB126:
 891              	.LBI126:
 479:Drivers/CMSIS/Include/cmsis_gcc.h **** {
 892              		.loc 2 479 27 view .LVU249
 893              	.LBB127:
 894              		.loc 2 481 3 view .LVU250
 895              		.syntax unified
 896              	@ 481 "Drivers/CMSIS/Include/cmsis_gcc.h" 1
 897 000a 83F31088 		MSR primask, r3
 898              	@ 0 "" 2
 899              	.LVL50:
 900              		.loc 2 481 3 is_stmt 0 view .LVU251
 901              		.thumb
 902              		.syntax unified
 903              	.LBE127:
 904              	.LBE126:
 193:Middlewares/ST/STM32_WPAN/utilities/stm_list.c **** }
 905              		.loc 1 193 1 view .LVU252
 906 000e 7047     		bx	lr
 907              		.cfi_endproc
 908              	.LFE1271:
 910              		.section	.text.LST_get_prev_node,"ax",%progbits
 911              		.align	1
 912              		.global	LST_get_prev_node
 913              		.syntax unified
 914              		.thumb
 915              		.thumb_func
 917              	LST_get_prev_node:
 918              	.LVL51:
 919              	.LFB1272:
 194:Middlewares/ST/STM32_WPAN/utilities/stm_list.c **** 
 195:Middlewares/ST/STM32_WPAN/utilities/stm_list.c **** 
 196:Middlewares/ST/STM32_WPAN/utilities/stm_list.c **** void LST_get_prev_node (tListNode * ref_node, tListNode ** node)
 197:Middlewares/ST/STM32_WPAN/utilities/stm_list.c **** {
 920              		.loc 1 197 1 is_stmt 1 view -0
ARM GAS  C:\Users\843E~1\AppData\Local\Temp\ccqRcBAU.s 			page 30


 921              		.cfi_startproc
 922              		@ args = 0, pretend = 0, frame = 0
 923              		@ frame_needed = 0, uses_anonymous_args = 0
 924              		@ link register save eliminated.
 198:Middlewares/ST/STM32_WPAN/utilities/stm_list.c ****   uint32_t primask_bit;
 925              		.loc 1 198 3 view .LVU254
 199:Middlewares/ST/STM32_WPAN/utilities/stm_list.c **** 
 200:Middlewares/ST/STM32_WPAN/utilities/stm_list.c ****   primask_bit = __get_PRIMASK();  /**< backup PRIMASK bit */
 926              		.loc 1 200 3 view .LVU255
 927              	.LBB128:
 928              	.LBI128:
 449:Drivers/CMSIS/Include/cmsis_gcc.h **** {
 929              		.loc 2 449 31 view .LVU256
 930              	.LBB129:
 451:Drivers/CMSIS/Include/cmsis_gcc.h **** 
 931              		.loc 2 451 3 view .LVU257
 453:Drivers/CMSIS/Include/cmsis_gcc.h ****   return(result);
 932              		.loc 2 453 3 view .LVU258
 933              		.syntax unified
 934              	@ 453 "Drivers/CMSIS/Include/cmsis_gcc.h" 1
 935 0000 EFF31083 		MRS r3, primask
 936              	@ 0 "" 2
 937              	.LVL52:
 454:Drivers/CMSIS/Include/cmsis_gcc.h **** }
 938              		.loc 2 454 3 view .LVU259
 454:Drivers/CMSIS/Include/cmsis_gcc.h **** }
 939              		.loc 2 454 3 is_stmt 0 view .LVU260
 940              		.thumb
 941              		.syntax unified
 942              	.LBE129:
 943              	.LBE128:
 201:Middlewares/ST/STM32_WPAN/utilities/stm_list.c ****   __disable_irq();                  /**< Disable all interrupts by setting PRIMASK bit on Cortex*/
 944              		.loc 1 201 3 is_stmt 1 view .LVU261
 945              	.LBB130:
 946              	.LBI130:
 207:Drivers/CMSIS/Include/cmsis_gcc.h **** {
 947              		.loc 2 207 27 view .LVU262
 948              	.LBB131:
 209:Drivers/CMSIS/Include/cmsis_gcc.h **** }
 949              		.loc 2 209 3 view .LVU263
 950              		.syntax unified
 951              	@ 209 "Drivers/CMSIS/Include/cmsis_gcc.h" 1
 952 0004 72B6     		cpsid i
 953              	@ 0 "" 2
 954              		.thumb
 955              		.syntax unified
 956              	.LBE131:
 957              	.LBE130:
 202:Middlewares/ST/STM32_WPAN/utilities/stm_list.c **** 
 203:Middlewares/ST/STM32_WPAN/utilities/stm_list.c ****   *node = ref_node->prev;
 958              		.loc 1 203 3 view .LVU264
 959              		.loc 1 203 19 is_stmt 0 view .LVU265
 960 0006 4268     		ldr	r2, [r0, #4]	@ unaligned
 961              		.loc 1 203 9 view .LVU266
 962 0008 0A60     		str	r2, [r1]
 204:Middlewares/ST/STM32_WPAN/utilities/stm_list.c **** 
 205:Middlewares/ST/STM32_WPAN/utilities/stm_list.c ****   __set_PRIMASK(primask_bit);      /**< Restore PRIMASK bit*/
ARM GAS  C:\Users\843E~1\AppData\Local\Temp\ccqRcBAU.s 			page 31


 963              		.loc 1 205 3 is_stmt 1 view .LVU267
 964              	.LVL53:
 965              	.LBB132:
 966              	.LBI132:
 479:Drivers/CMSIS/Include/cmsis_gcc.h **** {
 967              		.loc 2 479 27 view .LVU268
 968              	.LBB133:
 969              		.loc 2 481 3 view .LVU269
 970              		.syntax unified
 971              	@ 481 "Drivers/CMSIS/Include/cmsis_gcc.h" 1
 972 000a 83F31088 		MSR primask, r3
 973              	@ 0 "" 2
 974              	.LVL54:
 975              		.loc 2 481 3 is_stmt 0 view .LVU270
 976              		.thumb
 977              		.syntax unified
 978              	.LBE133:
 979              	.LBE132:
 206:Middlewares/ST/STM32_WPAN/utilities/stm_list.c **** }
 980              		.loc 1 206 1 view .LVU271
 981 000e 7047     		bx	lr
 982              		.cfi_endproc
 983              	.LFE1272:
 985              		.text
 986              	.Letext0:
 987              		.file 3 "g:\\arm\\10 2021.10\\arm-none-eabi\\include\\machine\\_default_types.h"
 988              		.file 4 "g:\\arm\\10 2021.10\\arm-none-eabi\\include\\sys\\_stdint.h"
 989              		.file 5 "Middlewares/ST/STM32_WPAN/utilities/stm_list.h"
ARM GAS  C:\Users\843E~1\AppData\Local\Temp\ccqRcBAU.s 			page 32


DEFINED SYMBOLS
                            *ABS*:00000000 stm_list.c
C:\Users\843E~1\AppData\Local\Temp\ccqRcBAU.s:20     .text.LST_init_head:00000000 $t
C:\Users\843E~1\AppData\Local\Temp\ccqRcBAU.s:26     .text.LST_init_head:00000000 LST_init_head
C:\Users\843E~1\AppData\Local\Temp\ccqRcBAU.s:47     .text.LST_is_empty:00000000 $t
C:\Users\843E~1\AppData\Local\Temp\ccqRcBAU.s:53     .text.LST_is_empty:00000000 LST_is_empty
C:\Users\843E~1\AppData\Local\Temp\ccqRcBAU.s:136    .text.LST_insert_head:00000000 $t
C:\Users\843E~1\AppData\Local\Temp\ccqRcBAU.s:142    .text.LST_insert_head:00000000 LST_insert_head
C:\Users\843E~1\AppData\Local\Temp\ccqRcBAU.s:222    .text.LST_insert_tail:00000000 $t
C:\Users\843E~1\AppData\Local\Temp\ccqRcBAU.s:228    .text.LST_insert_tail:00000000 LST_insert_tail
C:\Users\843E~1\AppData\Local\Temp\ccqRcBAU.s:308    .text.LST_remove_node:00000000 $t
C:\Users\843E~1\AppData\Local\Temp\ccqRcBAU.s:314    .text.LST_remove_node:00000000 LST_remove_node
C:\Users\843E~1\AppData\Local\Temp\ccqRcBAU.s:392    .text.LST_remove_head:00000000 $t
C:\Users\843E~1\AppData\Local\Temp\ccqRcBAU.s:398    .text.LST_remove_head:00000000 LST_remove_head
C:\Users\843E~1\AppData\Local\Temp\ccqRcBAU.s:478    .text.LST_remove_tail:00000000 $t
C:\Users\843E~1\AppData\Local\Temp\ccqRcBAU.s:484    .text.LST_remove_tail:00000000 LST_remove_tail
C:\Users\843E~1\AppData\Local\Temp\ccqRcBAU.s:564    .text.LST_insert_node_after:00000000 $t
C:\Users\843E~1\AppData\Local\Temp\ccqRcBAU.s:570    .text.LST_insert_node_after:00000000 LST_insert_node_after
C:\Users\843E~1\AppData\Local\Temp\ccqRcBAU.s:650    .text.LST_insert_node_before:00000000 $t
C:\Users\843E~1\AppData\Local\Temp\ccqRcBAU.s:656    .text.LST_insert_node_before:00000000 LST_insert_node_before
C:\Users\843E~1\AppData\Local\Temp\ccqRcBAU.s:736    .text.LST_get_size:00000000 $t
C:\Users\843E~1\AppData\Local\Temp\ccqRcBAU.s:742    .text.LST_get_size:00000000 LST_get_size
C:\Users\843E~1\AppData\Local\Temp\ccqRcBAU.s:836    .text.LST_get_next_node:00000000 $t
C:\Users\843E~1\AppData\Local\Temp\ccqRcBAU.s:842    .text.LST_get_next_node:00000000 LST_get_next_node
C:\Users\843E~1\AppData\Local\Temp\ccqRcBAU.s:911    .text.LST_get_prev_node:00000000 $t
C:\Users\843E~1\AppData\Local\Temp\ccqRcBAU.s:917    .text.LST_get_prev_node:00000000 LST_get_prev_node

NO UNDEFINED SYMBOLS
